 
****************************************
Report : area
Design : ENCODER
Version: Q-2019.12-SP5-5
Date   : Wed Apr  1 15:08:10 2026
****************************************

Library(s) Used:

    um28nchllogl35hsl140f_ssgwc0p9v125c (File: /media/0/LogicLibraries/UMC/28nm/35hs/hsl/lvt/latest/liberty/logic_synth/um28nchllogl35hsl140f_ssgwc0p9v125c.db)

Number of ports:                          544
Number of nets:                          1340
Number of cells:                         1084
Number of combinational cells:           1084
Number of sequential cells:                 0
Number of macros/black boxes:               0
Number of buf/inv:                         10
Number of references:                      13

Combinational area:               1632.791963
Buf/Inv area:                        3.360000
Noncombinational area:               0.000000
Macro/Black Box area:                0.000000
Net Interconnect area:      undefined  (Wire load has zero net area)

Total cell area:                  1632.791963
Total area:                 undefined

The above information was reported from the logical library. The following are from the physical library:

Hierarchical area distribution
------------------------------

                                  Global cell area          Local cell area
                                  ------------------  ---------------------------- 
Hierarchical cell                 Absolute   Percent  Combi-     Noncombi-  Black-
                                  Total      Total    national   national   boxes   Design
--------------------------------  ---------  -------  ---------  ---------  ------  ---------
ENCODER                           1632.7920    100.0  1632.7920     0.0000  0.0000  ENCODER
--------------------------------  ---------  -------  ---------  ---------  ------  ---------
Total                                                 1632.7920     0.0000  0.0000

1
