 
****************************************
Report : timing
        -path full
        -delay max
        -nworst 10
        -max_paths 10
Design : ENCODER
Version: Q-2019.12-SP5-5
Date   : Wed Apr  1 15:08:10 2026
****************************************

Operating Conditions: SSGWC0P9V125C   Library: um28nchllogl35hsl140f_ssgwc0p9v125c
Wire Load Model Mode: enclosed

  Startpoint: data_in[47]
              (input port clocked by vclk)
  Endpoint: codeword_out[24]
            (output port clocked by vclk)
  Path Group: vclk
  Path Type: max

  Des/Clust/Port     Wire Load Model       Library
  ------------------------------------------------
  ENCODER            ZeroWLM               um28nchllogl35hsl140f_ssgwc0p9v125c

  Point                                    Incr       Path
  -----------------------------------------------------------
  clock vclk (rise edge)                   0.00       0.00
  clock network delay (ideal)              0.00       0.00
  input external delay                     0.00       0.00 f
  data_in[47] (in)                         0.00       0.00 f
  U1721/X (STQ_EO3_0P5)                    0.10       0.10 f
  U1722/X (STQ_EO3_0P5)                    0.08       0.18 f
  U1723/X (STQ_EO3_2)                      0.06       0.24 f
  U1363/X (STQ_EO3_1)                      0.04       0.28 r
  U1743/X (STQ_EO3_0P5)                    0.03       0.31 f
  U1744/X (STQ_EO3_1)                      0.06       0.37 f
  codeword_out[24] (out)                   0.00       0.37 f
  data arrival time                                   0.37

  clock vclk (rise edge)                   0.38       0.38
  clock network delay (ideal)              0.00       0.38
  output external delay                    0.00       0.38
  data required time                                  0.38
  -----------------------------------------------------------
  data required time                                  0.38
  data arrival time                                  -0.37
  -----------------------------------------------------------
  slack (MET)                                         0.00


  Startpoint: data_in[47]
              (input port clocked by vclk)
  Endpoint: codeword_out[24]
            (output port clocked by vclk)
  Path Group: vclk
  Path Type: max

  Des/Clust/Port     Wire Load Model       Library
  ------------------------------------------------
  ENCODER            ZeroWLM               um28nchllogl35hsl140f_ssgwc0p9v125c

  Point                                    Incr       Path
  -----------------------------------------------------------
  clock vclk (rise edge)                   0.00       0.00
  clock network delay (ideal)              0.00       0.00
  input external delay                     0.00       0.00 f
  data_in[47] (in)                         0.00       0.00 f
  U1721/X (STQ_EO3_0P5)                    0.10       0.10 f
  U1722/X (STQ_EO3_0P5)                    0.08       0.18 f
  U1723/X (STQ_EO3_2)                      0.06       0.24 f
  U1363/X (STQ_EO3_1)                      0.04       0.28 r
  U1743/X (STQ_EO3_0P5)                    0.03       0.31 f
  U1744/X (STQ_EO3_1)                      0.06       0.37 f
  codeword_out[24] (out)                   0.00       0.37 f
  data arrival time                                   0.37

  clock vclk (rise edge)                   0.38       0.38
  clock network delay (ideal)              0.00       0.38
  output external delay                    0.00       0.38
  data required time                                  0.38
  -----------------------------------------------------------
  data required time                                  0.38
  data arrival time                                  -0.37
  -----------------------------------------------------------
  slack (MET)                                         0.00


  Startpoint: data_in[47]
              (input port clocked by vclk)
  Endpoint: codeword_out[24]
            (output port clocked by vclk)
  Path Group: vclk
  Path Type: max

  Des/Clust/Port     Wire Load Model       Library
  ------------------------------------------------
  ENCODER            ZeroWLM               um28nchllogl35hsl140f_ssgwc0p9v125c

  Point                                    Incr       Path
  -----------------------------------------------------------
  clock vclk (rise edge)                   0.00       0.00
  clock network delay (ideal)              0.00       0.00
  input external delay                     0.00       0.00 f
  data_in[47] (in)                         0.00       0.00 f
  U1721/X (STQ_EO3_0P5)                    0.10       0.10 f
  U1722/X (STQ_EO3_0P5)                    0.08       0.18 f
  U1723/X (STQ_EO3_2)                      0.06       0.24 f
  U1363/X (STQ_EO3_1)                      0.04       0.28 r
  U1743/X (STQ_EO3_0P5)                    0.03       0.31 f
  U1744/X (STQ_EO3_1)                      0.06       0.37 f
  codeword_out[24] (out)                   0.00       0.37 f
  data arrival time                                   0.37

  clock vclk (rise edge)                   0.38       0.38
  clock network delay (ideal)              0.00       0.38
  output external delay                    0.00       0.38
  data required time                                  0.38
  -----------------------------------------------------------
  data required time                                  0.38
  data arrival time                                  -0.37
  -----------------------------------------------------------
  slack (MET)                                         0.00


  Startpoint: data_in[47]
              (input port clocked by vclk)
  Endpoint: codeword_out[24]
            (output port clocked by vclk)
  Path Group: vclk
  Path Type: max

  Des/Clust/Port     Wire Load Model       Library
  ------------------------------------------------
  ENCODER            ZeroWLM               um28nchllogl35hsl140f_ssgwc0p9v125c

  Point                                    Incr       Path
  -----------------------------------------------------------
  clock vclk (rise edge)                   0.00       0.00
  clock network delay (ideal)              0.00       0.00
  input external delay                     0.00       0.00 f
  data_in[47] (in)                         0.00       0.00 f
  U1721/X (STQ_EO3_0P5)                    0.10       0.10 f
  U1722/X (STQ_EO3_0P5)                    0.08       0.18 f
  U1723/X (STQ_EO3_2)                      0.06       0.24 f
  U1363/X (STQ_EO3_1)                      0.04       0.28 r
  U1743/X (STQ_EO3_0P5)                    0.03       0.31 f
  U1744/X (STQ_EO3_1)                      0.06       0.37 f
  codeword_out[24] (out)                   0.00       0.37 f
  data arrival time                                   0.37

  clock vclk (rise edge)                   0.38       0.38
  clock network delay (ideal)              0.00       0.38
  output external delay                    0.00       0.38
  data required time                                  0.38
  -----------------------------------------------------------
  data required time                                  0.38
  data arrival time                                  -0.37
  -----------------------------------------------------------
  slack (MET)                                         0.00


  Startpoint: data_in[47]
              (input port clocked by vclk)
  Endpoint: codeword_out[24]
            (output port clocked by vclk)
  Path Group: vclk
  Path Type: max

  Des/Clust/Port     Wire Load Model       Library
  ------------------------------------------------
  ENCODER            ZeroWLM               um28nchllogl35hsl140f_ssgwc0p9v125c

  Point                                    Incr       Path
  -----------------------------------------------------------
  clock vclk (rise edge)                   0.00       0.00
  clock network delay (ideal)              0.00       0.00
  input external delay                     0.00       0.00 f
  data_in[47] (in)                         0.00       0.00 f
  U1721/X (STQ_EO3_0P5)                    0.10       0.10 f
  U1722/X (STQ_EO3_0P5)                    0.08       0.18 f
  U1723/X (STQ_EO3_2)                      0.06       0.24 f
  U1363/X (STQ_EO3_1)                      0.04       0.28 r
  U1743/X (STQ_EO3_0P5)                    0.03       0.31 f
  U1744/X (STQ_EO3_1)                      0.06       0.37 f
  codeword_out[24] (out)                   0.00       0.37 f
  data arrival time                                   0.37

  clock vclk (rise edge)                   0.38       0.38
  clock network delay (ideal)              0.00       0.38
  output external delay                    0.00       0.38
  data required time                                  0.38
  -----------------------------------------------------------
  data required time                                  0.38
  data arrival time                                  -0.37
  -----------------------------------------------------------
  slack (MET)                                         0.00


  Startpoint: data_in[47]
              (input port clocked by vclk)
  Endpoint: codeword_out[24]
            (output port clocked by vclk)
  Path Group: vclk
  Path Type: max

  Des/Clust/Port     Wire Load Model       Library
  ------------------------------------------------
  ENCODER            ZeroWLM               um28nchllogl35hsl140f_ssgwc0p9v125c

  Point                                    Incr       Path
  -----------------------------------------------------------
  clock vclk (rise edge)                   0.00       0.00
  clock network delay (ideal)              0.00       0.00
  input external delay                     0.00       0.00 f
  data_in[47] (in)                         0.00       0.00 f
  U1721/X (STQ_EO3_0P5)                    0.10       0.10 f
  U1722/X (STQ_EO3_0P5)                    0.08       0.18 f
  U1723/X (STQ_EO3_2)                      0.06       0.24 f
  U1363/X (STQ_EO3_1)                      0.04       0.28 r
  U1743/X (STQ_EO3_0P5)                    0.03       0.31 f
  U1744/X (STQ_EO3_1)                      0.06       0.37 f
  codeword_out[24] (out)                   0.00       0.37 f
  data arrival time                                   0.37

  clock vclk (rise edge)                   0.38       0.38
  clock network delay (ideal)              0.00       0.38
  output external delay                    0.00       0.38
  data required time                                  0.38
  -----------------------------------------------------------
  data required time                                  0.38
  data arrival time                                  -0.37
  -----------------------------------------------------------
  slack (MET)                                         0.00


  Startpoint: data_in[35]
              (input port clocked by vclk)
  Endpoint: codeword_out[2]
            (output port clocked by vclk)
  Path Group: vclk
  Path Type: max

  Des/Clust/Port     Wire Load Model       Library
  ------------------------------------------------
  ENCODER            ZeroWLM               um28nchllogl35hsl140f_ssgwc0p9v125c

  Point                                    Incr       Path
  -----------------------------------------------------------
  clock vclk (rise edge)                   0.00       0.00
  clock network delay (ideal)              0.00       0.00
  input external delay                     0.00       0.00 f
  data_in[35] (in)                         0.00       0.00 f
  U1790/X (STQ_EO3_0P5)                    0.10       0.10 f
  U1793/X (STQ_EO3_2)                      0.06       0.17 r
  U1800/X (STQ_EO3_2)                      0.03       0.20 f
  U1801/X (STQ_EO3_0P5)                    0.08       0.27 f
  U1655/X (STQ_EO3_1)                      0.07       0.34 f
  U1822/X (STQ_EO2_S_0P5)                  0.03       0.37 r
  codeword_out[2] (out)                    0.00       0.37 r
  data arrival time                                   0.37

  clock vclk (rise edge)                   0.38       0.38
  clock network delay (ideal)              0.00       0.38
  output external delay                    0.00       0.38
  data required time                                  0.38
  -----------------------------------------------------------
  data required time                                  0.38
  data arrival time                                  -0.37
  -----------------------------------------------------------
  slack (MET)                                         0.00


  Startpoint: data_in[35]
              (input port clocked by vclk)
  Endpoint: codeword_out[2]
            (output port clocked by vclk)
  Path Group: vclk
  Path Type: max

  Des/Clust/Port     Wire Load Model       Library
  ------------------------------------------------
  ENCODER            ZeroWLM               um28nchllogl35hsl140f_ssgwc0p9v125c

  Point                                    Incr       Path
  -----------------------------------------------------------
  clock vclk (rise edge)                   0.00       0.00
  clock network delay (ideal)              0.00       0.00
  input external delay                     0.00       0.00 f
  data_in[35] (in)                         0.00       0.00 f
  U1790/X (STQ_EO3_0P5)                    0.10       0.10 f
  U1793/X (STQ_EO3_2)                      0.06       0.17 r
  U1800/X (STQ_EO3_2)                      0.03       0.20 f
  U1801/X (STQ_EO3_0P5)                    0.08       0.27 f
  U1655/X (STQ_EO3_1)                      0.07       0.34 f
  U1822/X (STQ_EO2_S_0P5)                  0.03       0.37 r
  codeword_out[2] (out)                    0.00       0.37 r
  data arrival time                                   0.37

  clock vclk (rise edge)                   0.38       0.38
  clock network delay (ideal)              0.00       0.38
  output external delay                    0.00       0.38
  data required time                                  0.38
  -----------------------------------------------------------
  data required time                                  0.38
  data arrival time                                  -0.37
  -----------------------------------------------------------
  slack (MET)                                         0.00


  Startpoint: data_in[47]
              (input port clocked by vclk)
  Endpoint: codeword_out[24]
            (output port clocked by vclk)
  Path Group: vclk
  Path Type: max

  Des/Clust/Port     Wire Load Model       Library
  ------------------------------------------------
  ENCODER            ZeroWLM               um28nchllogl35hsl140f_ssgwc0p9v125c

  Point                                    Incr       Path
  -----------------------------------------------------------
  clock vclk (rise edge)                   0.00       0.00
  clock network delay (ideal)              0.00       0.00
  input external delay                     0.00       0.00 f
  data_in[47] (in)                         0.00       0.00 f
  U1721/X (STQ_EO3_0P5)                    0.10       0.10 f
  U1722/X (STQ_EO3_0P5)                    0.08       0.18 f
  U1723/X (STQ_EO3_2)                      0.06       0.24 f
  U1363/X (STQ_EO3_1)                      0.04       0.28 r
  U1743/X (STQ_EO3_0P5)                    0.03       0.31 f
  U1744/X (STQ_EO3_1)                      0.06       0.37 f
  codeword_out[24] (out)                   0.00       0.37 f
  data arrival time                                   0.37

  clock vclk (rise edge)                   0.38       0.38
  clock network delay (ideal)              0.00       0.38
  output external delay                    0.00       0.38
  data required time                                  0.38
  -----------------------------------------------------------
  data required time                                  0.38
  data arrival time                                  -0.37
  -----------------------------------------------------------
  slack (MET)                                         0.00


  Startpoint: data_in[47]
              (input port clocked by vclk)
  Endpoint: codeword_out[24]
            (output port clocked by vclk)
  Path Group: vclk
  Path Type: max

  Des/Clust/Port     Wire Load Model       Library
  ------------------------------------------------
  ENCODER            ZeroWLM               um28nchllogl35hsl140f_ssgwc0p9v125c

  Point                                    Incr       Path
  -----------------------------------------------------------
  clock vclk (rise edge)                   0.00       0.00
  clock network delay (ideal)              0.00       0.00
  input external delay                     0.00       0.00 f
  data_in[47] (in)                         0.00       0.00 f
  U1721/X (STQ_EO3_0P5)                    0.10       0.10 f
  U1722/X (STQ_EO3_0P5)                    0.08       0.18 f
  U1723/X (STQ_EO3_2)                      0.06       0.24 f
  U1363/X (STQ_EO3_1)                      0.04       0.28 r
  U1743/X (STQ_EO3_0P5)                    0.03       0.31 f
  U1744/X (STQ_EO3_1)                      0.06       0.37 f
  codeword_out[24] (out)                   0.00       0.37 f
  data arrival time                                   0.37

  clock vclk (rise edge)                   0.38       0.38
  clock network delay (ideal)              0.00       0.38
  output external delay                    0.00       0.38
  data required time                                  0.38
  -----------------------------------------------------------
  data required time                                  0.38
  data arrival time                                  -0.37
  -----------------------------------------------------------
  slack (MET)                                         0.00


1
