
                           Design Compiler Graphical 
                                 DC Ultra (TM)
                                  DFTMAX (TM)
                              Power Compiler (TM)
                                 DesignWare (R)
                                 DC Expert (TM)
                               Design Vision (TM)
                               HDL Compiler (TM)
                               VHDL Compiler (TM)
                                  DFT Compiler
                               Design Compiler(R)

              Version Q-2019.12-SP5-5 for linux64 - Mar 21, 2021 

                    Copyright (c) 1988 - 2021 Synopsys, Inc.
   This software and the associated documentation are proprietary to Synopsys,
 Inc. This software may only be used in accordance with the terms and conditions
 of a written license agreement with Synopsys, Inc. All other use, reproduction,
            or distribution of this software is strictly prohibited.
Initializing...
Initializing gui preferences from file  /home/99june18/.synopsys_dv_prefs.tcl
# ---------------------------------------
# DESIGN PROFILE
# ---------------------------------------
set topmodule_name      DECODER
DECODER
set clk_port_name       clk
clk
set clk_freq            1600
1600
# ---------------------------------------
# Read Libraries
# ---------------------------------------
#set LIBLIST_PATH        $env(LIBLIST_PATH)
#source $LIBLIST_PATH
set link_library   [list /media/0/LogicLibraries/UMC/28nm/35hs/hsl/lvt/latest/liberty/logic_synth/um28nchllogl35hsl140f_ssgwc0p9v125c.db]
/media/0/LogicLibraries/UMC/28nm/35hs/hsl/lvt/latest/liberty/logic_synth/um28nchllogl35hsl140f_ssgwc0p9v125c.db
set target_library [list /media/0/LogicLibraries/UMC/28nm/35hs/hsl/lvt/latest/liberty/logic_synth/um28nchllogl35hsl140f_ssgwc0p9v125c.db]
/media/0/LogicLibraries/UMC/28nm/35hs/hsl/lvt/latest/liberty/logic_synth/um28nchllogl35hsl140f_ssgwc0p9v125c.db
# ---------------------------------------
# Read Source Codes
# ---------------------------------------
set RTL_PATH            $env(RTL_PATH)
/home/99june18/Cerberus/Hardware_overhead/1.DUO/Decoder/syn/..//rtl/
read_file $RTL_PATH -autoread -recursive -format sverilog -top $topmodule_name
== READ_FILE autoread for top design 'DECODER' ==

Starting READ_FILE autoread mode...
Information: Adding '/home/99june18/Cerberus/Hardware_overhead/1.DUO/Decoder/rtl/'.  (AUTOREAD-100)
Warning: Adding missing directory to search_path - '/home/99june18/Cerberus/Hardware_overhead/1.DUO/Decoder/rtl/'. (AUTOREAD-105)
Information: Adding '/home/99june18/Cerberus/Hardware_overhead/1.DUO/Decoder/rtl/GFDIV.sv'.  (AUTOREAD-100)
Information: Adding '/home/99june18/Cerberus/Hardware_overhead/1.DUO/Decoder/rtl/GFMULT.sv'.  (AUTOREAD-100)
Information: Adding '/home/99june18/Cerberus/Hardware_overhead/1.DUO/Decoder/rtl/CHIEN.sv'.  (AUTOREAD-100)
Information: Adding '/home/99june18/Cerberus/Hardware_overhead/1.DUO/Decoder/rtl/SYNDROME_GENERATOR.sv'.  (AUTOREAD-100)
Information: Adding '/home/99june18/Cerberus/Hardware_overhead/1.DUO/Decoder/rtl/FORNEY.sv'.  (AUTOREAD-100)
Information: Adding '/home/99june18/Cerberus/Hardware_overhead/1.DUO/Decoder/rtl/RIBM.sv'.  (AUTOREAD-100)
Information: Adding '/home/99june18/Cerberus/Hardware_overhead/1.DUO/Decoder/rtl/GFEXP.sv'.  (AUTOREAD-100)
Information: Adding '/home/99june18/Cerberus/Hardware_overhead/1.DUO/Decoder/rtl/DECODER.sv'.  (AUTOREAD-100)
Information: Source filelist.f ignored by autoread due to filtering.  (AUTOREAD-102)
Information: Scanning file { GFDIV.sv }. (AUTOREAD-303)
Information: Scanning file { GFMULT.sv }. (AUTOREAD-303)
Information: Scanning file { CHIEN.sv }. (AUTOREAD-303)
Information: Scanning file { SYNDROME_GENERATOR.sv }. (AUTOREAD-303)
Information: Scanning file { FORNEY.sv }. (AUTOREAD-303)
Information: Scanning file { RIBM.sv }. (AUTOREAD-303)
Information: Scanning file { GFEXP.sv }. (AUTOREAD-303)
Information: Scanning file { DECODER.sv }. (AUTOREAD-303)
Compiling source file /home/99june18/Cerberus/Hardware_overhead/1.DUO/Decoder/rtl/GFMULT.sv
Presto compilation completed successfully.
Compiling source file /home/99june18/Cerberus/Hardware_overhead/1.DUO/Decoder/rtl/SYNDROME_GENERATOR.sv
Presto compilation completed successfully.
Compiling source file /home/99june18/Cerberus/Hardware_overhead/1.DUO/Decoder/rtl/RIBM.sv
Presto compilation completed successfully.
Compiling source file /home/99june18/Cerberus/Hardware_overhead/1.DUO/Decoder/rtl/CHIEN.sv
Presto compilation completed successfully.
Compiling source file /home/99june18/Cerberus/Hardware_overhead/1.DUO/Decoder/rtl/GFDIV.sv
Presto compilation completed successfully.
Compiling source file /home/99june18/Cerberus/Hardware_overhead/1.DUO/Decoder/rtl/FORNEY.sv
Presto compilation completed successfully.
Compiling source file /home/99june18/Cerberus/Hardware_overhead/1.DUO/Decoder/rtl/DECODER.sv
Presto compilation completed successfully.
Elaborating top design DECODER
Loading db file '/media/0/LogicLibraries/UMC/28nm/35hs/hsl/lvt/latest/liberty/logic_synth/um28nchllogl35hsl140f_ssgwc0p9v125c.db'
Loading db file '/usr/synopsys/syn/Q-2019.12-SP5-5/libraries/syn/gtech.db'
Loading db file '/usr/synopsys/syn/Q-2019.12-SP5-5/libraries/syn/standard.sldb'
  Loading link library 'um28nchllogl35hsl140f_ssgwc0p9v125c'
  Loading link library 'gtech'
Running PRESTO HDLC
Presto compilation completed successfully. (DECODER)
Elaborated 1 design.
Current design is now 'DECODER'.
Information: Building the design 'SYNDROME_GENERATOR'. (HDL-193)
Presto compilation completed successfully. (SYNDROME_GENERATOR)
Information: Building the design 'RIBM'. (HDL-193)
Presto compilation completed successfully. (RIBM)
Information: Building the design 'CHIEN'. (HDL-193)
Presto compilation completed successfully. (CHIEN)
Information: Building the design 'FORNEY'. (HDL-193)
Presto compilation completed successfully. (FORNEY)
Information: Building the design 'GFMULT'. (HDL-193)
Presto compilation completed successfully. (GFMULT)
Information: Building the design 'GFDIV'. (HDL-193)

Statistics for case statements in always block at line 16 in file
	'/home/99june18/Cerberus/Hardware_overhead/1.DUO/Decoder/rtl/GFDIV.sv'
===============================================
|           Line           |  full/ parallel  |
===============================================
|            17            |    auto/auto     |
===============================================
Presto compilation completed successfully. (GFDIV)
Autoread command completed successfully.
# ---------------------------------------
# 1. Environments Setting
# ---------------------------------------
link

  Linking design 'DECODER'
  Using the following designs and libraries:
  --------------------------------------------------------------------------
  um28nchllogl35hsl140f_ssgwc0p9v125c (library) /media/0/LogicLibraries/UMC/28nm/35hs/hsl/lvt/latest/liberty/logic_synth/um28nchllogl35hsl140f_ssgwc0p9v125c.db

1
uniquify
Information: Uniquified 652 instances of design 'GFMULT'. (OPT-1056)
Information: Uniquified 38 instances of design 'GFDIV'. (OPT-1056)
1
# ---------------------------------------
# 2. Constraints Setting
# ---------------------------------------
# Clock
# Reduce clock period to model wire delay (60% of original period)
set delay_percentage 0.6
0.6
set clk_period [expr 1000 / double($clk_freq)]
0.625
set clk_period [expr $clk_period * $delay_percentage]
0.375
if {[sizeof_collection [get_ports $clk_port_name]] > 0} {
  # Create real clock if clock port is found
  set clk_name $clk_port_name
  create_clock -period $clk_period -name $clk_name [get_port {clk}]
  # If real clock, set infinite drive strength
  set_drive 0 $clk_name
} elseif {[sizeof_collection [get_ports $clk_port_name]] == 0} {
  # Create virtual clock if clock port is not found
  set clk_name vclk
  create_clock -period $clk_period -name $clk_name
}
Warning: Can't find port 'clk' in design 'DECODER'. (UID-95)
Warning: Can't find port 'clk' in design 'DECODER'. (UID-95)
Warning: Creating virtual clock named 'vclk' with no sources. (UID-348)
1
# Apply default timing constraints for modules
set_input_delay  [expr 2/3 * $clk_period] [all_inputs] -clock $clk_name
1
set_output_delay [expr 2/3 * $clk_period] [all_outputs] -clock $clk_name
1
# Transition time of a slope that drives the port,
# such that a higher transition value means longer delays
# This prevents the hold time violations that we don't have to care about
set_input_transition 0.1 [all_inputs]
1
# Area
# If max_area is set 0, DesignCompiler will minimize the design as small as possible
set_max_area 0 
1
# ---------------------------------------
# 3. Compilation
# ---------------------------------------
compile_ultra
Loading db file '/usr/synopsys/syn/Q-2019.12-SP5-5/libraries/syn/dw_foundation.sldb'
Warning: DesignWare synthetic library dw_foundation.sldb is added to the synthetic_library in the current command. (UISN-40)
Information: Performing power optimization. (PWR-850)
Analyzing: "/media/0/LogicLibraries/UMC/28nm/35hs/hsl/lvt/latest/liberty/logic_synth/um28nchllogl35hsl140f_ssgwc0p9v125c.db"
Library analysis succeeded.
Information: Evaluating DesignWare library utilization. (UISN-27)

============================================================================
| DesignWare Building Block Library  |         Version         | Available |
============================================================================
| Basic DW Building Blocks           | Q-2019.12-DWBB_201912.5 |     *     |
| Licensed DW Building Blocks        | Q-2019.12-DWBB_201912.5 |     *     |
============================================================================

Information: Sequential output inversion is enabled.  SVF file must be used for formal verification. (OPT-1208)

Information: There are 5280 potential problems in your design. Please run 'check_design' for more information. (LINT-99)

  Simplifying Design 'DECODER'
Information: Removing unused design 'GFMULT_5'. (OPT-1055)
Information: Removing unused design 'GFMULT_4'. (OPT-1055)
Information: Removing unused design 'GFMULT_3'. (OPT-1055)
Information: Removing unused design 'GFMULT_2'. (OPT-1055)
Information: Removing unused design 'GFMULT_1'. (OPT-1055)
Information: Removing unused design 'GFMULT_0'. (OPT-1055)
Information: Removing unused design 'GFMULT_38'. (OPT-1055)
Information: Removing unused design 'GFMULT_40'. (OPT-1055)
Information: Removing unused design 'GFMULT_41'. (OPT-1055)
Information: Removing unused design 'GFMULT_42'. (OPT-1055)
Information: Removing unused design 'GFMULT_44'. (OPT-1055)
Information: Removing unused design 'GFMULT_45'. (OPT-1055)
Information: Removing unused design 'GFMULT_46'. (OPT-1055)
Information: Removing unused design 'GFMULT_48'. (OPT-1055)
Information: Removing unused design 'GFMULT_49'. (OPT-1055)
Information: Removing unused design 'GFMULT_50'. (OPT-1055)
Information: Removing unused design 'GFMULT_52'. (OPT-1055)
Information: Removing unused design 'GFMULT_53'. (OPT-1055)
Information: Removing unused design 'GFMULT_54'. (OPT-1055)
Information: Removing unused design 'GFMULT_56'. (OPT-1055)
Information: Removing unused design 'GFMULT_57'. (OPT-1055)
Information: Removing unused design 'GFMULT_58'. (OPT-1055)
Information: Removing unused design 'GFMULT_60'. (OPT-1055)
Information: Removing unused design 'GFMULT_61'. (OPT-1055)
Information: Removing unused design 'GFMULT_190'. (OPT-1055)
Information: Removing unused design 'GFMULT_191'. (OPT-1055)
Information: Removing unused design 'GFMULT_192'. (OPT-1055)
Information: Removing unused design 'GFMULT_193'. (OPT-1055)
Information: Removing unused design 'GFMULT_194'. (OPT-1055)
Information: Removing unused design 'GFMULT_195'. (OPT-1055)
Information: Removing unused design 'GFMULT_196'. (OPT-1055)
Information: Removing unused design 'GFMULT_197'. (OPT-1055)
Information: Removing unused design 'GFMULT_198'. (OPT-1055)
Information: Removing unused design 'GFMULT_199'. (OPT-1055)
Information: Removing unused design 'GFMULT_200'. (OPT-1055)
Information: Removing unused design 'GFMULT_201'. (OPT-1055)
Information: Removing unused design 'GFMULT_202'. (OPT-1055)
Information: Removing unused design 'GFMULT_203'. (OPT-1055)
Information: Removing unused design 'GFMULT_204'. (OPT-1055)
Information: Removing unused design 'GFMULT_205'. (OPT-1055)
Information: Removing unused design 'GFMULT_206'. (OPT-1055)
Information: Removing unused design 'GFMULT_207'. (OPT-1055)
Information: Removing unused design 'GFMULT_304'. (OPT-1055)
Information: Removing unused design 'GFMULT_305'. (OPT-1055)
Information: Removing unused design 'GFMULT_306'. (OPT-1055)
Information: Removing unused design 'GFMULT_307'. (OPT-1055)
Information: Removing unused design 'GFMULT_308'. (OPT-1055)
Information: Removing unused design 'GFMULT_309'. (OPT-1055)
Information: Removing unused design 'GFMULT_324'. (OPT-1055)
Information: Removing unused design 'GFMULT_325'. (OPT-1055)
Information: Removing unused design 'GFMULT_326'. (OPT-1055)
Information: Removing unused design 'GFMULT_327'. (OPT-1055)
Information: Removing unused design 'GFMULT_344'. (OPT-1055)
Information: Removing unused design 'GFMULT_345'. (OPT-1055)

Loaded alib file './alib-52/um28nchllogl35hsl140f_ssgwc0p9v125c.db.alib'
  Building model 'DW01_NAND2'
Information: Ungrouping hierarchy syndrome_generator/gmult_00 before Pass 1 (OPT-776)
Information: Ungrouping hierarchy forney/FORNEY_GEN[0].gdiv_i before Pass 1 (OPT-776)
Information: Ungrouping hierarchy forney/FORNEY_GEN[37].gmult_l3 before Pass 1 (OPT-776)
Information: Ungrouping hierarchy forney/FORNEY_GEN[36].gmult_l3 before Pass 1 (OPT-776)
Information: Ungrouping hierarchy forney/FORNEY_GEN[35].gmult_l3 before Pass 1 (OPT-776)
Information: Ungrouping hierarchy forney/FORNEY_GEN[34].gmult_l3 before Pass 1 (OPT-776)
Information: Ungrouping hierarchy forney/FORNEY_GEN[33].gmult_l3 before Pass 1 (OPT-776)
Information: Ungrouping hierarchy forney/FORNEY_GEN[32].gmult_l3 before Pass 1 (OPT-776)
Information: Ungrouping hierarchy forney/FORNEY_GEN[31].gmult_out before Pass 1 (OPT-776)
Information: Ungrouping hierarchy forney/FORNEY_GEN[31].gmult_l3 before Pass 1 (OPT-776)
Information: Ungrouping hierarchy forney/FORNEY_GEN[31].gmult_w2 before Pass 1 (OPT-776)
Information: Ungrouping hierarchy forney/FORNEY_GEN[31].gmult_w1 before Pass 1 (OPT-776)
Information: Ungrouping hierarchy forney/FORNEY_GEN[30].gmult_out before Pass 1 (OPT-776)
Information: Ungrouping hierarchy forney/FORNEY_GEN[30].gmult_l3 before Pass 1 (OPT-776)
Information: Ungrouping hierarchy forney/FORNEY_GEN[30].gmult_w2 before Pass 1 (OPT-776)
Information: Ungrouping hierarchy forney/FORNEY_GEN[30].gmult_w1 before Pass 1 (OPT-776)
Information: Ungrouping hierarchy forney/FORNEY_GEN[29].gmult_out before Pass 1 (OPT-776)
Information: Ungrouping hierarchy forney/FORNEY_GEN[29].gmult_l3 before Pass 1 (OPT-776)
Information: Ungrouping hierarchy forney/FORNEY_GEN[29].gmult_w2 before Pass 1 (OPT-776)
Information: Ungrouping hierarchy forney/FORNEY_GEN[29].gmult_w1 before Pass 1 (OPT-776)
Information: Ungrouping hierarchy forney/FORNEY_GEN[28].gmult_out before Pass 1 (OPT-776)
Information: Ungrouping hierarchy forney/FORNEY_GEN[28].gmult_l3 before Pass 1 (OPT-776)
Information: Ungrouping hierarchy forney/FORNEY_GEN[28].gmult_w2 before Pass 1 (OPT-776)
Information: Ungrouping hierarchy forney/FORNEY_GEN[28].gmult_w1 before Pass 1 (OPT-776)
Information: Ungrouping hierarchy forney/FORNEY_GEN[27].gmult_out before Pass 1 (OPT-776)
Information: Ungrouping hierarchy forney/FORNEY_GEN[27].gmult_l3 before Pass 1 (OPT-776)
Information: Ungrouping hierarchy forney/FORNEY_GEN[27].gmult_w2 before Pass 1 (OPT-776)
Information: Ungrouping hierarchy forney/FORNEY_GEN[27].gmult_w1 before Pass 1 (OPT-776)
Information: Ungrouping hierarchy forney/FORNEY_GEN[26].gmult_out before Pass 1 (OPT-776)
Information: Ungrouping hierarchy forney/FORNEY_GEN[26].gmult_l3 before Pass 1 (OPT-776)
Information: Ungrouping hierarchy forney/FORNEY_GEN[26].gmult_w2 before Pass 1 (OPT-776)
Information: Ungrouping hierarchy forney/FORNEY_GEN[26].gmult_w1 before Pass 1 (OPT-776)
Information: Ungrouping hierarchy forney/FORNEY_GEN[25].gmult_out before Pass 1 (OPT-776)
Information: Ungrouping hierarchy forney/FORNEY_GEN[25].gmult_l3 before Pass 1 (OPT-776)
Information: Ungrouping hierarchy forney/FORNEY_GEN[25].gmult_w2 before Pass 1 (OPT-776)
Information: Ungrouping hierarchy forney/FORNEY_GEN[25].gmult_w1 before Pass 1 (OPT-776)
Information: Ungrouping hierarchy forney/FORNEY_GEN[24].gmult_out before Pass 1 (OPT-776)
Information: Ungrouping hierarchy forney/FORNEY_GEN[24].gmult_l3 before Pass 1 (OPT-776)
Information: Ungrouping hierarchy forney/FORNEY_GEN[24].gmult_w2 before Pass 1 (OPT-776)
Information: Ungrouping hierarchy forney/FORNEY_GEN[24].gmult_w1 before Pass 1 (OPT-776)
Information: Ungrouping hierarchy forney/FORNEY_GEN[23].gmult_out before Pass 1 (OPT-776)
Information: Ungrouping hierarchy forney/FORNEY_GEN[23].gmult_l3 before Pass 1 (OPT-776)
Information: Ungrouping hierarchy forney/FORNEY_GEN[23].gmult_w2 before Pass 1 (OPT-776)
Information: Ungrouping hierarchy forney/FORNEY_GEN[23].gmult_w1 before Pass 1 (OPT-776)
Information: Ungrouping hierarchy forney/FORNEY_GEN[22].gmult_out before Pass 1 (OPT-776)
Information: Ungrouping hierarchy forney/FORNEY_GEN[22].gmult_l3 before Pass 1 (OPT-776)
Information: Ungrouping hierarchy forney/FORNEY_GEN[22].gmult_w2 before Pass 1 (OPT-776)
Information: Ungrouping hierarchy forney/FORNEY_GEN[22].gmult_w1 before Pass 1 (OPT-776)
Information: Ungrouping hierarchy forney/FORNEY_GEN[21].gmult_out before Pass 1 (OPT-776)
Information: Ungrouping hierarchy forney/FORNEY_GEN[21].gmult_l3 before Pass 1 (OPT-776)
Information: Ungrouping hierarchy forney/FORNEY_GEN[21].gmult_w2 before Pass 1 (OPT-776)
Information: Ungrouping hierarchy forney/FORNEY_GEN[21].gmult_w1 before Pass 1 (OPT-776)
Information: Ungrouping hierarchy forney/FORNEY_GEN[20].gmult_out before Pass 1 (OPT-776)
Information: Ungrouping hierarchy forney/FORNEY_GEN[20].gmult_l3 before Pass 1 (OPT-776)
Information: Ungrouping hierarchy forney/FORNEY_GEN[20].gmult_w2 before Pass 1 (OPT-776)
Information: Ungrouping hierarchy forney/FORNEY_GEN[20].gmult_w1 before Pass 1 (OPT-776)
Information: Ungrouping hierarchy forney/FORNEY_GEN[19].gmult_out before Pass 1 (OPT-776)
Information: Ungrouping hierarchy forney/FORNEY_GEN[19].gmult_l3 before Pass 1 (OPT-776)
Information: Ungrouping hierarchy forney/FORNEY_GEN[19].gmult_w2 before Pass 1 (OPT-776)
Information: Ungrouping hierarchy forney/FORNEY_GEN[19].gmult_w1 before Pass 1 (OPT-776)
Information: Ungrouping hierarchy forney/FORNEY_GEN[18].gmult_out before Pass 1 (OPT-776)
Information: Ungrouping hierarchy forney/FORNEY_GEN[18].gmult_l3 before Pass 1 (OPT-776)
Information: Ungrouping hierarchy forney/FORNEY_GEN[18].gmult_w2 before Pass 1 (OPT-776)
Information: Ungrouping hierarchy forney/FORNEY_GEN[18].gmult_w1 before Pass 1 (OPT-776)
Information: Ungrouping hierarchy forney/FORNEY_GEN[17].gmult_out before Pass 1 (OPT-776)
Information: Ungrouping hierarchy forney/FORNEY_GEN[17].gmult_l3 before Pass 1 (OPT-776)
Information: Ungrouping hierarchy forney/FORNEY_GEN[17].gmult_w2 before Pass 1 (OPT-776)
Information: Ungrouping hierarchy forney/FORNEY_GEN[17].gmult_w1 before Pass 1 (OPT-776)
Information: Ungrouping hierarchy forney/FORNEY_GEN[16].gmult_out before Pass 1 (OPT-776)
Information: Ungrouping hierarchy forney/FORNEY_GEN[16].gmult_l3 before Pass 1 (OPT-776)
Information: Ungrouping hierarchy forney/FORNEY_GEN[16].gmult_w2 before Pass 1 (OPT-776)
Information: Ungrouping hierarchy forney/FORNEY_GEN[16].gmult_w1 before Pass 1 (OPT-776)
Information: Ungrouping hierarchy forney/FORNEY_GEN[15].gmult_out before Pass 1 (OPT-776)
Information: Ungrouping hierarchy forney/FORNEY_GEN[15].gmult_l3 before Pass 1 (OPT-776)
Information: Ungrouping hierarchy forney/FORNEY_GEN[15].gmult_w2 before Pass 1 (OPT-776)
Information: Ungrouping hierarchy forney/FORNEY_GEN[15].gmult_w1 before Pass 1 (OPT-776)
Information: Ungrouping hierarchy forney/FORNEY_GEN[14].gmult_out before Pass 1 (OPT-776)
Information: Ungrouping hierarchy forney/FORNEY_GEN[14].gmult_l3 before Pass 1 (OPT-776)
Information: Ungrouping hierarchy forney/FORNEY_GEN[14].gmult_w2 before Pass 1 (OPT-776)
Information: Ungrouping hierarchy forney/FORNEY_GEN[14].gmult_w1 before Pass 1 (OPT-776)
Information: Ungrouping hierarchy forney/FORNEY_GEN[13].gmult_out before Pass 1 (OPT-776)
Information: Ungrouping hierarchy forney/FORNEY_GEN[13].gmult_l3 before Pass 1 (OPT-776)
Information: Ungrouping hierarchy forney/FORNEY_GEN[13].gmult_w2 before Pass 1 (OPT-776)
Information: Ungrouping hierarchy forney/FORNEY_GEN[13].gmult_w1 before Pass 1 (OPT-776)
Information: Ungrouping hierarchy forney/FORNEY_GEN[12].gmult_out before Pass 1 (OPT-776)
Information: Ungrouping hierarchy forney/FORNEY_GEN[12].gmult_l3 before Pass 1 (OPT-776)
Information: Ungrouping hierarchy forney/FORNEY_GEN[12].gmult_w2 before Pass 1 (OPT-776)
Information: Ungrouping hierarchy forney/FORNEY_GEN[12].gmult_w1 before Pass 1 (OPT-776)
Information: Ungrouping hierarchy forney/FORNEY_GEN[11].gmult_out before Pass 1 (OPT-776)
Information: Ungrouping hierarchy forney/FORNEY_GEN[11].gmult_l3 before Pass 1 (OPT-776)
Information: Ungrouping hierarchy forney/FORNEY_GEN[11].gmult_w2 before Pass 1 (OPT-776)
Information: Ungrouping hierarchy forney/FORNEY_GEN[11].gmult_w1 before Pass 1 (OPT-776)
Information: Ungrouping hierarchy forney/FORNEY_GEN[10].gmult_out before Pass 1 (OPT-776)
Information: Ungrouping hierarchy forney/FORNEY_GEN[10].gmult_l3 before Pass 1 (OPT-776)
Information: Ungrouping hierarchy forney/FORNEY_GEN[10].gmult_w2 before Pass 1 (OPT-776)
Information: Ungrouping hierarchy forney/FORNEY_GEN[10].gmult_w1 before Pass 1 (OPT-776)
Information: Ungrouping hierarchy forney/FORNEY_GEN[9].gmult_out before Pass 1 (OPT-776)
Information: Ungrouping hierarchy forney/FORNEY_GEN[9].gmult_l3 before Pass 1 (OPT-776)
Information: Ungrouping hierarchy forney/FORNEY_GEN[9].gmult_w2 before Pass 1 (OPT-776)
Information: Ungrouping hierarchy forney/FORNEY_GEN[9].gmult_w1 before Pass 1 (OPT-776)
Information: Ungrouping hierarchy forney/FORNEY_GEN[8].gmult_out before Pass 1 (OPT-776)
Information: Ungrouping hierarchy forney/FORNEY_GEN[8].gmult_l3 before Pass 1 (OPT-776)
Information: Ungrouping hierarchy forney/FORNEY_GEN[8].gmult_w2 before Pass 1 (OPT-776)
Information: Ungrouping hierarchy forney/FORNEY_GEN[8].gmult_w1 before Pass 1 (OPT-776)
Information: Ungrouping hierarchy forney/FORNEY_GEN[7].gmult_out before Pass 1 (OPT-776)
Information: Ungrouping hierarchy forney/FORNEY_GEN[7].gmult_l3 before Pass 1 (OPT-776)
Information: Ungrouping hierarchy forney/FORNEY_GEN[7].gmult_w2 before Pass 1 (OPT-776)
Information: Ungrouping hierarchy forney/FORNEY_GEN[7].gmult_w1 before Pass 1 (OPT-776)
Information: Ungrouping hierarchy forney/FORNEY_GEN[6].gmult_out before Pass 1 (OPT-776)
Information: Ungrouping hierarchy forney/FORNEY_GEN[6].gmult_l3 before Pass 1 (OPT-776)
Information: Ungrouping hierarchy forney/FORNEY_GEN[6].gmult_w2 before Pass 1 (OPT-776)
Information: Ungrouping hierarchy forney/FORNEY_GEN[6].gmult_w1 before Pass 1 (OPT-776)
Information: Ungrouping hierarchy forney/FORNEY_GEN[5].gmult_out before Pass 1 (OPT-776)
Information: Ungrouping hierarchy forney/FORNEY_GEN[5].gmult_l3 before Pass 1 (OPT-776)
Information: Ungrouping hierarchy forney/FORNEY_GEN[5].gmult_w2 before Pass 1 (OPT-776)
Information: Ungrouping hierarchy forney/FORNEY_GEN[5].gmult_w1 before Pass 1 (OPT-776)
Information: Ungrouping hierarchy forney/FORNEY_GEN[4].gmult_out before Pass 1 (OPT-776)
Information: Ungrouping hierarchy forney/FORNEY_GEN[4].gmult_l3 before Pass 1 (OPT-776)
Information: Ungrouping hierarchy forney/FORNEY_GEN[4].gmult_w2 before Pass 1 (OPT-776)
Information: Ungrouping hierarchy forney/FORNEY_GEN[4].gmult_w1 before Pass 1 (OPT-776)
Information: Ungrouping hierarchy forney/FORNEY_GEN[3].gmult_out before Pass 1 (OPT-776)
Information: Ungrouping hierarchy forney/FORNEY_GEN[3].gmult_l3 before Pass 1 (OPT-776)
Information: Ungrouping hierarchy forney/FORNEY_GEN[3].gmult_w2 before Pass 1 (OPT-776)
Information: Ungrouping hierarchy forney/FORNEY_GEN[3].gmult_w1 before Pass 1 (OPT-776)
Information: Ungrouping hierarchy forney/FORNEY_GEN[2].gmult_out before Pass 1 (OPT-776)
Information: Ungrouping hierarchy forney/FORNEY_GEN[2].gmult_l3 before Pass 1 (OPT-776)
Information: Ungrouping hierarchy forney/FORNEY_GEN[2].gmult_w2 before Pass 1 (OPT-776)
Information: Ungrouping hierarchy forney/FORNEY_GEN[2].gmult_w1 before Pass 1 (OPT-776)
Information: Ungrouping hierarchy forney/FORNEY_GEN[1].gmult_out before Pass 1 (OPT-776)
Information: Ungrouping hierarchy forney/FORNEY_GEN[1].gmult_l3 before Pass 1 (OPT-776)
Information: Ungrouping hierarchy forney/FORNEY_GEN[1].gmult_w2 before Pass 1 (OPT-776)
Information: Ungrouping hierarchy forney/FORNEY_GEN[1].gmult_w1 before Pass 1 (OPT-776)
Information: Ungrouping hierarchy forney/FORNEY_GEN[0].gmult_out before Pass 1 (OPT-776)
Information: Ungrouping hierarchy forney/FORNEY_GEN[0].gmult_l3 before Pass 1 (OPT-776)
Information: Ungrouping hierarchy forney/FORNEY_GEN[0].gmult_w2 before Pass 1 (OPT-776)
Information: Ungrouping hierarchy forney/FORNEY_GEN[0].gmult_w1 before Pass 1 (OPT-776)
Information: Ungrouping hierarchy chien/CHIEN_GEN[31].gmult_l3 before Pass 1 (OPT-776)
Information: Ungrouping hierarchy chien/CHIEN_GEN[31].gmult_l2 before Pass 1 (OPT-776)
Information: Ungrouping hierarchy chien/CHIEN_GEN[31].gmult_l1 before Pass 1 (OPT-776)
Information: Ungrouping hierarchy chien/CHIEN_GEN[30].gmult_l3 before Pass 1 (OPT-776)
Information: Ungrouping hierarchy chien/CHIEN_GEN[30].gmult_l2 before Pass 1 (OPT-776)
Information: Ungrouping hierarchy chien/CHIEN_GEN[30].gmult_l1 before Pass 1 (OPT-776)
Information: Ungrouping hierarchy chien/CHIEN_GEN[29].gmult_l3 before Pass 1 (OPT-776)
Information: Ungrouping hierarchy chien/CHIEN_GEN[29].gmult_l2 before Pass 1 (OPT-776)
Information: Ungrouping hierarchy chien/CHIEN_GEN[29].gmult_l1 before Pass 1 (OPT-776)
Information: Ungrouping hierarchy chien/CHIEN_GEN[28].gmult_l3 before Pass 1 (OPT-776)
Information: Ungrouping hierarchy chien/CHIEN_GEN[28].gmult_l2 before Pass 1 (OPT-776)
Information: Ungrouping hierarchy chien/CHIEN_GEN[28].gmult_l1 before Pass 1 (OPT-776)
Information: Ungrouping hierarchy chien/CHIEN_GEN[27].gmult_l3 before Pass 1 (OPT-776)
Information: Ungrouping hierarchy chien/CHIEN_GEN[27].gmult_l2 before Pass 1 (OPT-776)
Information: Ungrouping hierarchy chien/CHIEN_GEN[27].gmult_l1 before Pass 1 (OPT-776)
Information: Ungrouping hierarchy chien/CHIEN_GEN[26].gmult_l3 before Pass 1 (OPT-776)
Information: Ungrouping hierarchy chien/CHIEN_GEN[26].gmult_l2 before Pass 1 (OPT-776)
Information: Ungrouping hierarchy chien/CHIEN_GEN[26].gmult_l1 before Pass 1 (OPT-776)
Information: Ungrouping hierarchy chien/CHIEN_GEN[25].gmult_l3 before Pass 1 (OPT-776)
Information: Ungrouping hierarchy chien/CHIEN_GEN[25].gmult_l2 before Pass 1 (OPT-776)
Information: Ungrouping hierarchy chien/CHIEN_GEN[25].gmult_l1 before Pass 1 (OPT-776)
Information: Ungrouping hierarchy chien/CHIEN_GEN[24].gmult_l3 before Pass 1 (OPT-776)
Information: Ungrouping hierarchy chien/CHIEN_GEN[24].gmult_l2 before Pass 1 (OPT-776)
Information: Ungrouping hierarchy chien/CHIEN_GEN[24].gmult_l1 before Pass 1 (OPT-776)
Information: Ungrouping hierarchy chien/CHIEN_GEN[23].gmult_l3 before Pass 1 (OPT-776)
Information: Ungrouping hierarchy chien/CHIEN_GEN[23].gmult_l2 before Pass 1 (OPT-776)
Information: Ungrouping hierarchy chien/CHIEN_GEN[23].gmult_l1 before Pass 1 (OPT-776)
Information: Ungrouping hierarchy chien/CHIEN_GEN[22].gmult_l3 before Pass 1 (OPT-776)
Information: Ungrouping hierarchy chien/CHIEN_GEN[22].gmult_l2 before Pass 1 (OPT-776)
Information: Ungrouping hierarchy chien/CHIEN_GEN[22].gmult_l1 before Pass 1 (OPT-776)
Information: Ungrouping hierarchy chien/CHIEN_GEN[21].gmult_l3 before Pass 1 (OPT-776)
Information: Ungrouping hierarchy chien/CHIEN_GEN[21].gmult_l2 before Pass 1 (OPT-776)
Information: Ungrouping hierarchy chien/CHIEN_GEN[21].gmult_l1 before Pass 1 (OPT-776)
Information: Ungrouping hierarchy chien/CHIEN_GEN[20].gmult_l3 before Pass 1 (OPT-776)
Information: Ungrouping hierarchy chien/CHIEN_GEN[20].gmult_l2 before Pass 1 (OPT-776)
Information: Ungrouping hierarchy chien/CHIEN_GEN[20].gmult_l1 before Pass 1 (OPT-776)
Information: Ungrouping hierarchy chien/CHIEN_GEN[19].gmult_l3 before Pass 1 (OPT-776)
Information: Ungrouping hierarchy chien/CHIEN_GEN[19].gmult_l2 before Pass 1 (OPT-776)
Information: Ungrouping hierarchy chien/CHIEN_GEN[19].gmult_l1 before Pass 1 (OPT-776)
Information: Ungrouping hierarchy chien/CHIEN_GEN[18].gmult_l3 before Pass 1 (OPT-776)
Information: Ungrouping hierarchy chien/CHIEN_GEN[18].gmult_l2 before Pass 1 (OPT-776)
Information: Ungrouping hierarchy chien/CHIEN_GEN[18].gmult_l1 before Pass 1 (OPT-776)
Information: Ungrouping hierarchy chien/CHIEN_GEN[17].gmult_l3 before Pass 1 (OPT-776)
Information: Ungrouping hierarchy chien/CHIEN_GEN[17].gmult_l2 before Pass 1 (OPT-776)
Information: Ungrouping hierarchy chien/CHIEN_GEN[17].gmult_l1 before Pass 1 (OPT-776)
Information: Ungrouping hierarchy chien/CHIEN_GEN[16].gmult_l3 before Pass 1 (OPT-776)
Information: Ungrouping hierarchy chien/CHIEN_GEN[16].gmult_l2 before Pass 1 (OPT-776)
Information: Ungrouping hierarchy chien/CHIEN_GEN[16].gmult_l1 before Pass 1 (OPT-776)
Information: Ungrouping hierarchy chien/CHIEN_GEN[15].gmult_l3 before Pass 1 (OPT-776)
Information: Ungrouping hierarchy chien/CHIEN_GEN[15].gmult_l2 before Pass 1 (OPT-776)
Information: Ungrouping hierarchy chien/CHIEN_GEN[15].gmult_l1 before Pass 1 (OPT-776)
Information: Ungrouping hierarchy chien/CHIEN_GEN[14].gmult_l3 before Pass 1 (OPT-776)
Information: Ungrouping hierarchy chien/CHIEN_GEN[14].gmult_l2 before Pass 1 (OPT-776)
Information: Ungrouping hierarchy chien/CHIEN_GEN[14].gmult_l1 before Pass 1 (OPT-776)
Information: Ungrouping hierarchy chien/CHIEN_GEN[13].gmult_l3 before Pass 1 (OPT-776)
Information: Ungrouping hierarchy chien/CHIEN_GEN[13].gmult_l2 before Pass 1 (OPT-776)
Information: Ungrouping hierarchy chien/CHIEN_GEN[13].gmult_l1 before Pass 1 (OPT-776)
Information: Ungrouping hierarchy chien/CHIEN_GEN[12].gmult_l3 before Pass 1 (OPT-776)
Information: Ungrouping hierarchy chien/CHIEN_GEN[12].gmult_l2 before Pass 1 (OPT-776)
Information: Ungrouping hierarchy chien/CHIEN_GEN[12].gmult_l1 before Pass 1 (OPT-776)
Information: Ungrouping hierarchy chien/CHIEN_GEN[11].gmult_l3 before Pass 1 (OPT-776)
Information: Ungrouping hierarchy chien/CHIEN_GEN[11].gmult_l2 before Pass 1 (OPT-776)
Information: Ungrouping hierarchy chien/CHIEN_GEN[11].gmult_l1 before Pass 1 (OPT-776)
Information: Ungrouping hierarchy chien/CHIEN_GEN[10].gmult_l3 before Pass 1 (OPT-776)
Information: Ungrouping hierarchy chien/CHIEN_GEN[10].gmult_l2 before Pass 1 (OPT-776)
Information: Ungrouping hierarchy chien/CHIEN_GEN[10].gmult_l1 before Pass 1 (OPT-776)
Information: Ungrouping hierarchy chien/CHIEN_GEN[9].gmult_l3 before Pass 1 (OPT-776)
Information: Ungrouping hierarchy chien/CHIEN_GEN[9].gmult_l2 before Pass 1 (OPT-776)
Information: Ungrouping hierarchy chien/CHIEN_GEN[9].gmult_l1 before Pass 1 (OPT-776)
Information: Ungrouping hierarchy chien/CHIEN_GEN[8].gmult_l3 before Pass 1 (OPT-776)
Information: Ungrouping hierarchy chien/CHIEN_GEN[8].gmult_l2 before Pass 1 (OPT-776)
Information: Ungrouping hierarchy chien/CHIEN_GEN[8].gmult_l1 before Pass 1 (OPT-776)
Information: Ungrouping hierarchy chien/CHIEN_GEN[7].gmult_l3 before Pass 1 (OPT-776)
Information: Ungrouping hierarchy chien/CHIEN_GEN[7].gmult_l2 before Pass 1 (OPT-776)
Information: Ungrouping hierarchy chien/CHIEN_GEN[7].gmult_l1 before Pass 1 (OPT-776)
Information: Ungrouping hierarchy chien/CHIEN_GEN[6].gmult_l3 before Pass 1 (OPT-776)
Information: Ungrouping hierarchy chien/CHIEN_GEN[6].gmult_l2 before Pass 1 (OPT-776)
Information: Ungrouping hierarchy chien/CHIEN_GEN[6].gmult_l1 before Pass 1 (OPT-776)
Information: Ungrouping hierarchy chien/CHIEN_GEN[5].gmult_l3 before Pass 1 (OPT-776)
Information: Ungrouping hierarchy chien/CHIEN_GEN[5].gmult_l2 before Pass 1 (OPT-776)
Information: Ungrouping hierarchy chien/CHIEN_GEN[5].gmult_l1 before Pass 1 (OPT-776)
Information: Ungrouping hierarchy chien/CHIEN_GEN[4].gmult_l3 before Pass 1 (OPT-776)
Information: Ungrouping hierarchy chien/CHIEN_GEN[4].gmult_l2 before Pass 1 (OPT-776)
Information: Ungrouping hierarchy chien/CHIEN_GEN[4].gmult_l1 before Pass 1 (OPT-776)
Information: Ungrouping hierarchy chien/CHIEN_GEN[3].gmult_l3 before Pass 1 (OPT-776)
Information: Ungrouping hierarchy chien/CHIEN_GEN[3].gmult_l2 before Pass 1 (OPT-776)
Information: Ungrouping hierarchy chien/CHIEN_GEN[3].gmult_l1 before Pass 1 (OPT-776)
Information: Ungrouping hierarchy chien/CHIEN_GEN[2].gmult_l3 before Pass 1 (OPT-776)
Information: Ungrouping hierarchy chien/CHIEN_GEN[2].gmult_l2 before Pass 1 (OPT-776)
Information: Ungrouping hierarchy chien/CHIEN_GEN[2].gmult_l1 before Pass 1 (OPT-776)
Information: Ungrouping hierarchy chien/CHIEN_GEN[1].gmult_l3 before Pass 1 (OPT-776)
Information: Ungrouping hierarchy chien/CHIEN_GEN[1].gmult_l2 before Pass 1 (OPT-776)
Information: Ungrouping hierarchy chien/CHIEN_GEN[1].gmult_l1 before Pass 1 (OPT-776)
Information: Ungrouping hierarchy chien/CHIEN_GEN[0].gmult_l3 before Pass 1 (OPT-776)
Information: Ungrouping hierarchy chien/CHIEN_GEN[0].gmult_l2 before Pass 1 (OPT-776)
Information: Ungrouping hierarchy chien/CHIEN_GEN[0].gmult_l1 before Pass 1 (OPT-776)
Information: Ungrouping hierarchy ribm/RIBM_STAGE_5[6].mul_t before Pass 1 (OPT-776)
Information: Ungrouping hierarchy ribm/RIBM_STAGE_5[6].mul_g before Pass 1 (OPT-776)
Information: Ungrouping hierarchy ribm/RIBM_STAGE_5[5].mul_t before Pass 1 (OPT-776)
Information: Ungrouping hierarchy ribm/RIBM_STAGE_5[5].mul_g before Pass 1 (OPT-776)
Information: Ungrouping hierarchy ribm/RIBM_STAGE_5[4].mul_t before Pass 1 (OPT-776)
Information: Ungrouping hierarchy ribm/RIBM_STAGE_5[4].mul_g before Pass 1 (OPT-776)
Information: Ungrouping hierarchy ribm/RIBM_STAGE_5[3].mul_t before Pass 1 (OPT-776)
Information: Ungrouping hierarchy ribm/RIBM_STAGE_5[3].mul_g before Pass 1 (OPT-776)
Information: Ungrouping hierarchy ribm/RIBM_STAGE_5[2].mul_t before Pass 1 (OPT-776)
Information: Ungrouping hierarchy ribm/RIBM_STAGE_5[2].mul_g before Pass 1 (OPT-776)
Information: Ungrouping hierarchy ribm/RIBM_STAGE_5[1].mul_t before Pass 1 (OPT-776)
Information: Ungrouping hierarchy ribm/RIBM_STAGE_5[1].mul_g before Pass 1 (OPT-776)
Information: Ungrouping hierarchy ribm/RIBM_STAGE_5[0].mul_t before Pass 1 (OPT-776)
Information: Ungrouping hierarchy ribm/RIBM_STAGE_5[0].mul_g before Pass 1 (OPT-776)
Information: Ungrouping hierarchy ribm/RIBM_STAGE_4[7].mul_t before Pass 1 (OPT-776)
Information: Ungrouping hierarchy ribm/RIBM_STAGE_4[7].mul_g before Pass 1 (OPT-776)
Information: Ungrouping hierarchy ribm/RIBM_STAGE_4[6].mul_t before Pass 1 (OPT-776)
Information: Ungrouping hierarchy ribm/RIBM_STAGE_4[6].mul_g before Pass 1 (OPT-776)
Information: Ungrouping hierarchy ribm/RIBM_STAGE_4[5].mul_t before Pass 1 (OPT-776)
Information: Ungrouping hierarchy ribm/RIBM_STAGE_4[5].mul_g before Pass 1 (OPT-776)
Information: Ungrouping hierarchy ribm/RIBM_STAGE_4[4].mul_t before Pass 1 (OPT-776)
Information: Ungrouping hierarchy ribm/RIBM_STAGE_4[4].mul_g before Pass 1 (OPT-776)
Information: Ungrouping hierarchy ribm/RIBM_STAGE_4[3].mul_t before Pass 1 (OPT-776)
Information: Ungrouping hierarchy ribm/RIBM_STAGE_4[3].mul_g before Pass 1 (OPT-776)
Information: Ungrouping hierarchy ribm/RIBM_STAGE_4[2].mul_t before Pass 1 (OPT-776)
Information: Ungrouping hierarchy ribm/RIBM_STAGE_4[2].mul_g before Pass 1 (OPT-776)
Information: Ungrouping hierarchy ribm/RIBM_STAGE_4[1].mul_t before Pass 1 (OPT-776)
Information: Ungrouping hierarchy ribm/RIBM_STAGE_4[1].mul_g before Pass 1 (OPT-776)
Information: Ungrouping hierarchy ribm/RIBM_STAGE_4[0].mul_t before Pass 1 (OPT-776)
Information: Ungrouping hierarchy ribm/RIBM_STAGE_4[0].mul_g before Pass 1 (OPT-776)
Information: Ungrouping hierarchy ribm/RIBM_STAGE_3[8].mul_t before Pass 1 (OPT-776)
Information: Ungrouping hierarchy ribm/RIBM_STAGE_3[8].mul_g before Pass 1 (OPT-776)
Information: Ungrouping hierarchy ribm/RIBM_STAGE_3[7].mul_t before Pass 1 (OPT-776)
Information: Ungrouping hierarchy ribm/RIBM_STAGE_3[7].mul_g before Pass 1 (OPT-776)
Information: Ungrouping hierarchy ribm/RIBM_STAGE_3[6].mul_t before Pass 1 (OPT-776)
Information: Ungrouping hierarchy ribm/RIBM_STAGE_3[6].mul_g before Pass 1 (OPT-776)
Information: Ungrouping hierarchy ribm/RIBM_STAGE_3[5].mul_t before Pass 1 (OPT-776)
Information: Ungrouping hierarchy ribm/RIBM_STAGE_3[5].mul_g before Pass 1 (OPT-776)
Information: Ungrouping hierarchy ribm/RIBM_STAGE_3[4].mul_t before Pass 1 (OPT-776)
Information: Ungrouping hierarchy ribm/RIBM_STAGE_3[4].mul_g before Pass 1 (OPT-776)
Information: Ungrouping hierarchy ribm/RIBM_STAGE_3[3].mul_t before Pass 1 (OPT-776)
Information: Ungrouping hierarchy ribm/RIBM_STAGE_3[3].mul_g before Pass 1 (OPT-776)
Information: Ungrouping hierarchy ribm/RIBM_STAGE_3[2].mul_t before Pass 1 (OPT-776)
Information: Ungrouping hierarchy ribm/RIBM_STAGE_3[2].mul_g before Pass 1 (OPT-776)
Information: Ungrouping hierarchy ribm/RIBM_STAGE_3[1].mul_t before Pass 1 (OPT-776)
Information: Ungrouping hierarchy ribm/RIBM_STAGE_3[1].mul_g before Pass 1 (OPT-776)
Information: Ungrouping hierarchy ribm/RIBM_STAGE_3[0].mul_t before Pass 1 (OPT-776)
Information: Ungrouping hierarchy ribm/RIBM_STAGE_3[0].mul_g before Pass 1 (OPT-776)
Information: Ungrouping hierarchy ribm/RIBM_STAGE_2[9].mul_t before Pass 1 (OPT-776)
Information: Ungrouping hierarchy ribm/RIBM_STAGE_2[9].mul_g before Pass 1 (OPT-776)
Information: Ungrouping hierarchy ribm/RIBM_STAGE_2[8].mul_t before Pass 1 (OPT-776)
Information: Ungrouping hierarchy ribm/RIBM_STAGE_2[8].mul_g before Pass 1 (OPT-776)
Information: Ungrouping hierarchy ribm/RIBM_STAGE_2[7].mul_t before Pass 1 (OPT-776)
Information: Ungrouping hierarchy ribm/RIBM_STAGE_2[7].mul_g before Pass 1 (OPT-776)
Information: Ungrouping hierarchy ribm/RIBM_STAGE_2[6].mul_t before Pass 1 (OPT-776)
Information: Ungrouping hierarchy ribm/RIBM_STAGE_2[6].mul_g before Pass 1 (OPT-776)
Information: Ungrouping hierarchy ribm/RIBM_STAGE_2[5].mul_t before Pass 1 (OPT-776)
Information: Ungrouping hierarchy ribm/RIBM_STAGE_2[5].mul_g before Pass 1 (OPT-776)
Information: Ungrouping hierarchy ribm/RIBM_STAGE_2[4].mul_t before Pass 1 (OPT-776)
Information: Ungrouping hierarchy ribm/RIBM_STAGE_2[4].mul_g before Pass 1 (OPT-776)
Information: Ungrouping hierarchy ribm/RIBM_STAGE_2[3].mul_t before Pass 1 (OPT-776)
Information: Ungrouping hierarchy ribm/RIBM_STAGE_2[3].mul_g before Pass 1 (OPT-776)
Information: Ungrouping hierarchy ribm/RIBM_STAGE_2[2].mul_t before Pass 1 (OPT-776)
Information: Ungrouping hierarchy ribm/RIBM_STAGE_2[2].mul_g before Pass 1 (OPT-776)
Information: Ungrouping hierarchy ribm/RIBM_STAGE_2[1].mul_t before Pass 1 (OPT-776)
Information: Ungrouping hierarchy ribm/RIBM_STAGE_2[1].mul_g before Pass 1 (OPT-776)
Information: Ungrouping hierarchy ribm/RIBM_STAGE_2[0].mul_t before Pass 1 (OPT-776)
Information: Ungrouping hierarchy ribm/RIBM_STAGE_2[0].mul_g before Pass 1 (OPT-776)
Information: Ungrouping hierarchy ribm/RIBM_STAGE_1[9].mul_t before Pass 1 (OPT-776)
Information: Ungrouping hierarchy ribm/RIBM_STAGE_1[9].mul_g before Pass 1 (OPT-776)
Information: Ungrouping hierarchy ribm/RIBM_STAGE_1[8].mul_t before Pass 1 (OPT-776)
Information: Ungrouping hierarchy ribm/RIBM_STAGE_1[8].mul_g before Pass 1 (OPT-776)
Information: Ungrouping hierarchy ribm/RIBM_STAGE_1[7].mul_t before Pass 1 (OPT-776)
Information: Ungrouping hierarchy ribm/RIBM_STAGE_1[7].mul_g before Pass 1 (OPT-776)
Information: Ungrouping hierarchy ribm/RIBM_STAGE_1[6].mul_t before Pass 1 (OPT-776)
Information: Ungrouping hierarchy ribm/RIBM_STAGE_1[6].mul_g before Pass 1 (OPT-776)
Information: Ungrouping hierarchy ribm/RIBM_STAGE_1[5].mul_t before Pass 1 (OPT-776)
Information: Ungrouping hierarchy ribm/RIBM_STAGE_1[5].mul_g before Pass 1 (OPT-776)
Information: Ungrouping hierarchy ribm/RIBM_STAGE_1[4].mul_t before Pass 1 (OPT-776)
Information: Ungrouping hierarchy ribm/RIBM_STAGE_1[4].mul_g before Pass 1 (OPT-776)
Information: Ungrouping hierarchy ribm/RIBM_STAGE_1[3].mul_t before Pass 1 (OPT-776)
Information: Ungrouping hierarchy ribm/RIBM_STAGE_1[3].mul_g before Pass 1 (OPT-776)
Information: Ungrouping hierarchy ribm/RIBM_STAGE_1[2].mul_t before Pass 1 (OPT-776)
Information: Ungrouping hierarchy ribm/RIBM_STAGE_1[2].mul_g before Pass 1 (OPT-776)
Information: Ungrouping hierarchy ribm/RIBM_STAGE_1[1].mul_t before Pass 1 (OPT-776)
Information: Ungrouping hierarchy ribm/RIBM_STAGE_1[1].mul_g before Pass 1 (OPT-776)
Information: Ungrouping hierarchy ribm/RIBM_STAGE_1[0].mul_t before Pass 1 (OPT-776)
Information: Ungrouping hierarchy ribm/RIBM_STAGE_1[0].mul_g before Pass 1 (OPT-776)
Information: Ungrouping hierarchy ribm/RIBM_STAGE_0[9].mul_t before Pass 1 (OPT-776)
Information: Ungrouping hierarchy ribm/RIBM_STAGE_0[9].mul_g before Pass 1 (OPT-776)
Information: Ungrouping hierarchy ribm/RIBM_STAGE_0[8].mul_t before Pass 1 (OPT-776)
Information: Ungrouping hierarchy ribm/RIBM_STAGE_0[8].mul_g before Pass 1 (OPT-776)
Information: Ungrouping hierarchy ribm/RIBM_STAGE_0[7].mul_t before Pass 1 (OPT-776)
Information: Ungrouping hierarchy ribm/RIBM_STAGE_0[7].mul_g before Pass 1 (OPT-776)
Information: Ungrouping hierarchy ribm/RIBM_STAGE_0[6].mul_t before Pass 1 (OPT-776)
Information: Ungrouping hierarchy ribm/RIBM_STAGE_0[6].mul_g before Pass 1 (OPT-776)
Information: Ungrouping hierarchy ribm/RIBM_STAGE_0[5].mul_t before Pass 1 (OPT-776)
Information: Ungrouping hierarchy ribm/RIBM_STAGE_0[5].mul_g before Pass 1 (OPT-776)
Information: Ungrouping hierarchy ribm/RIBM_STAGE_0[4].mul_t before Pass 1 (OPT-776)
Information: Ungrouping hierarchy ribm/RIBM_STAGE_0[4].mul_g before Pass 1 (OPT-776)
Information: Ungrouping hierarchy ribm/RIBM_STAGE_0[3].mul_t before Pass 1 (OPT-776)
Information: Ungrouping hierarchy ribm/RIBM_STAGE_0[3].mul_g before Pass 1 (OPT-776)
Information: Ungrouping hierarchy ribm/RIBM_STAGE_0[2].mul_t before Pass 1 (OPT-776)
Information: Ungrouping hierarchy ribm/RIBM_STAGE_0[2].mul_g before Pass 1 (OPT-776)
Information: Ungrouping hierarchy ribm/RIBM_STAGE_0[1].mul_t before Pass 1 (OPT-776)
Information: Ungrouping hierarchy ribm/RIBM_STAGE_0[1].mul_g before Pass 1 (OPT-776)
Information: Ungrouping hierarchy ribm/RIBM_STAGE_0[0].mul_t before Pass 1 (OPT-776)
Information: Ungrouping hierarchy ribm/RIBM_STAGE_0[0].mul_g before Pass 1 (OPT-776)
Information: Ungrouping hierarchy syndrome_generator/gmult_227 before Pass 1 (OPT-776)
Information: Ungrouping hierarchy syndrome_generator/gmult_226 before Pass 1 (OPT-776)
Information: Ungrouping hierarchy syndrome_generator/gmult_225 before Pass 1 (OPT-776)
Information: Ungrouping hierarchy syndrome_generator/gmult_224 before Pass 1 (OPT-776)
Information: Ungrouping hierarchy syndrome_generator/gmult_223 before Pass 1 (OPT-776)
Information: Ungrouping hierarchy syndrome_generator/gmult_222 before Pass 1 (OPT-776)
Information: Ungrouping hierarchy syndrome_generator/gmult_221 before Pass 1 (OPT-776)
Information: Ungrouping hierarchy syndrome_generator/gmult_220 before Pass 1 (OPT-776)
Information: Ungrouping hierarchy syndrome_generator/gmult_219 before Pass 1 (OPT-776)
Information: Ungrouping hierarchy syndrome_generator/gmult_218 before Pass 1 (OPT-776)
Information: Ungrouping hierarchy syndrome_generator/gmult_217 before Pass 1 (OPT-776)
Information: Ungrouping hierarchy syndrome_generator/gmult_216 before Pass 1 (OPT-776)
Information: Ungrouping hierarchy syndrome_generator/gmult_215 before Pass 1 (OPT-776)
Information: Ungrouping hierarchy syndrome_generator/gmult_214 before Pass 1 (OPT-776)
Information: Ungrouping hierarchy syndrome_generator/gmult_213 before Pass 1 (OPT-776)
Information: Ungrouping hierarchy syndrome_generator/gmult_212 before Pass 1 (OPT-776)
Information: Ungrouping hierarchy syndrome_generator/gmult_211 before Pass 1 (OPT-776)
Information: Ungrouping hierarchy syndrome_generator/gmult_210 before Pass 1 (OPT-776)
Information: Ungrouping hierarchy syndrome_generator/gmult_209 before Pass 1 (OPT-776)
Information: Ungrouping hierarchy syndrome_generator/gmult_208 before Pass 1 (OPT-776)
Information: Ungrouping hierarchy syndrome_generator/gmult_207 before Pass 1 (OPT-776)
Information: Ungrouping hierarchy syndrome_generator/gmult_206 before Pass 1 (OPT-776)
Information: Ungrouping hierarchy syndrome_generator/gmult_205 before Pass 1 (OPT-776)
Information: Ungrouping hierarchy syndrome_generator/gmult_204 before Pass 1 (OPT-776)
Information: Ungrouping hierarchy syndrome_generator/gmult_203 before Pass 1 (OPT-776)
Information: Ungrouping hierarchy syndrome_generator/gmult_202 before Pass 1 (OPT-776)
Information: Ungrouping hierarchy syndrome_generator/gmult_201 before Pass 1 (OPT-776)
Information: Ungrouping hierarchy syndrome_generator/gmult_200 before Pass 1 (OPT-776)
Information: Ungrouping hierarchy syndrome_generator/gmult_199 before Pass 1 (OPT-776)
Information: Ungrouping hierarchy syndrome_generator/gmult_198 before Pass 1 (OPT-776)
Information: Ungrouping hierarchy syndrome_generator/gmult_197 before Pass 1 (OPT-776)
Information: Ungrouping hierarchy syndrome_generator/gmult_196 before Pass 1 (OPT-776)
Information: Ungrouping hierarchy syndrome_generator/gmult_195 before Pass 1 (OPT-776)
Information: Ungrouping hierarchy syndrome_generator/gmult_194 before Pass 1 (OPT-776)
Information: Ungrouping hierarchy syndrome_generator/gmult_193 before Pass 1 (OPT-776)
Information: Ungrouping hierarchy syndrome_generator/gmult_192 before Pass 1 (OPT-776)
Information: Ungrouping hierarchy syndrome_generator/gmult_191 before Pass 1 (OPT-776)
Information: Ungrouping hierarchy syndrome_generator/gmult_190 before Pass 1 (OPT-776)
Information: Ungrouping hierarchy syndrome_generator/gmult_189 before Pass 1 (OPT-776)
Information: Ungrouping hierarchy syndrome_generator/gmult_188 before Pass 1 (OPT-776)
Information: Ungrouping hierarchy syndrome_generator/gmult_187 before Pass 1 (OPT-776)
Information: Ungrouping hierarchy syndrome_generator/gmult_186 before Pass 1 (OPT-776)
Information: Ungrouping hierarchy syndrome_generator/gmult_185 before Pass 1 (OPT-776)
Information: Ungrouping hierarchy syndrome_generator/gmult_184 before Pass 1 (OPT-776)
Information: Ungrouping hierarchy syndrome_generator/gmult_183 before Pass 1 (OPT-776)
Information: Ungrouping hierarchy syndrome_generator/gmult_182 before Pass 1 (OPT-776)
Information: Ungrouping hierarchy syndrome_generator/gmult_181 before Pass 1 (OPT-776)
Information: Ungrouping hierarchy syndrome_generator/gmult_180 before Pass 1 (OPT-776)
Information: Ungrouping hierarchy syndrome_generator/gmult_179 before Pass 1 (OPT-776)
Information: Ungrouping hierarchy syndrome_generator/gmult_178 before Pass 1 (OPT-776)
Information: Ungrouping hierarchy syndrome_generator/gmult_177 before Pass 1 (OPT-776)
Information: Ungrouping hierarchy syndrome_generator/gmult_176 before Pass 1 (OPT-776)
Information: Ungrouping hierarchy syndrome_generator/gmult_175 before Pass 1 (OPT-776)
Information: Ungrouping hierarchy syndrome_generator/gmult_174 before Pass 1 (OPT-776)
Information: Ungrouping hierarchy syndrome_generator/gmult_173 before Pass 1 (OPT-776)
Information: Ungrouping hierarchy syndrome_generator/gmult_172 before Pass 1 (OPT-776)
Information: Ungrouping hierarchy syndrome_generator/gmult_171 before Pass 1 (OPT-776)
Information: Ungrouping hierarchy syndrome_generator/gmult_170 before Pass 1 (OPT-776)
Information: Ungrouping hierarchy syndrome_generator/gmult_169 before Pass 1 (OPT-776)
Information: Ungrouping hierarchy syndrome_generator/gmult_168 before Pass 1 (OPT-776)
Information: Ungrouping hierarchy syndrome_generator/gmult_167 before Pass 1 (OPT-776)
Information: Ungrouping hierarchy syndrome_generator/gmult_166 before Pass 1 (OPT-776)
Information: Ungrouping hierarchy syndrome_generator/gmult_165 before Pass 1 (OPT-776)
Information: Ungrouping hierarchy syndrome_generator/gmult_164 before Pass 1 (OPT-776)
Information: Ungrouping hierarchy syndrome_generator/gmult_163 before Pass 1 (OPT-776)
Information: Ungrouping hierarchy syndrome_generator/gmult_162 before Pass 1 (OPT-776)
Information: Ungrouping hierarchy syndrome_generator/gmult_161 before Pass 1 (OPT-776)
Information: Ungrouping hierarchy syndrome_generator/gmult_160 before Pass 1 (OPT-776)
Information: Ungrouping hierarchy syndrome_generator/gmult_159 before Pass 1 (OPT-776)
Information: Ungrouping hierarchy syndrome_generator/gmult_158 before Pass 1 (OPT-776)
Information: Ungrouping hierarchy syndrome_generator/gmult_157 before Pass 1 (OPT-776)
Information: Ungrouping hierarchy syndrome_generator/gmult_156 before Pass 1 (OPT-776)
Information: Ungrouping hierarchy syndrome_generator/gmult_155 before Pass 1 (OPT-776)
Information: Ungrouping hierarchy syndrome_generator/gmult_154 before Pass 1 (OPT-776)
Information: Ungrouping hierarchy syndrome_generator/gmult_153 before Pass 1 (OPT-776)
Information: Ungrouping hierarchy syndrome_generator/gmult_152 before Pass 1 (OPT-776)
Information: Ungrouping hierarchy syndrome_generator/gmult_151 before Pass 1 (OPT-776)
Information: Ungrouping hierarchy syndrome_generator/gmult_150 before Pass 1 (OPT-776)
Information: Ungrouping hierarchy syndrome_generator/gmult_149 before Pass 1 (OPT-776)
Information: Ungrouping hierarchy syndrome_generator/gmult_148 before Pass 1 (OPT-776)
Information: Ungrouping hierarchy syndrome_generator/gmult_147 before Pass 1 (OPT-776)
Information: Ungrouping hierarchy syndrome_generator/gmult_146 before Pass 1 (OPT-776)
Information: Ungrouping hierarchy syndrome_generator/gmult_145 before Pass 1 (OPT-776)
Information: Ungrouping hierarchy syndrome_generator/gmult_144 before Pass 1 (OPT-776)
Information: Ungrouping hierarchy syndrome_generator/gmult_143 before Pass 1 (OPT-776)
Information: Ungrouping hierarchy syndrome_generator/gmult_142 before Pass 1 (OPT-776)
Information: Ungrouping hierarchy syndrome_generator/gmult_141 before Pass 1 (OPT-776)
Information: Ungrouping hierarchy syndrome_generator/gmult_140 before Pass 1 (OPT-776)
Information: Ungrouping hierarchy syndrome_generator/gmult_139 before Pass 1 (OPT-776)
Information: Ungrouping hierarchy syndrome_generator/gmult_138 before Pass 1 (OPT-776)
Information: Ungrouping hierarchy syndrome_generator/gmult_137 before Pass 1 (OPT-776)
Information: Ungrouping hierarchy syndrome_generator/gmult_136 before Pass 1 (OPT-776)
Information: Ungrouping hierarchy syndrome_generator/gmult_135 before Pass 1 (OPT-776)
Information: Ungrouping hierarchy syndrome_generator/gmult_134 before Pass 1 (OPT-776)
Information: Ungrouping hierarchy syndrome_generator/gmult_133 before Pass 1 (OPT-776)
Information: Ungrouping hierarchy syndrome_generator/gmult_132 before Pass 1 (OPT-776)
Information: Ungrouping hierarchy syndrome_generator/gmult_131 before Pass 1 (OPT-776)
Information: Ungrouping hierarchy syndrome_generator/gmult_130 before Pass 1 (OPT-776)
Information: Ungrouping hierarchy syndrome_generator/gmult_129 before Pass 1 (OPT-776)
Information: Ungrouping hierarchy syndrome_generator/gmult_128 before Pass 1 (OPT-776)
Information: Ungrouping hierarchy syndrome_generator/gmult_127 before Pass 1 (OPT-776)
Information: Ungrouping hierarchy syndrome_generator/gmult_126 before Pass 1 (OPT-776)
Information: Ungrouping hierarchy syndrome_generator/gmult_125 before Pass 1 (OPT-776)
Information: Ungrouping hierarchy syndrome_generator/gmult_124 before Pass 1 (OPT-776)
Information: Ungrouping hierarchy syndrome_generator/gmult_123 before Pass 1 (OPT-776)
Information: Ungrouping hierarchy syndrome_generator/gmult_122 before Pass 1 (OPT-776)
Information: Ungrouping hierarchy syndrome_generator/gmult_121 before Pass 1 (OPT-776)
Information: Ungrouping hierarchy syndrome_generator/gmult_120 before Pass 1 (OPT-776)
Information: Ungrouping hierarchy syndrome_generator/gmult_119 before Pass 1 (OPT-776)
Information: Ungrouping hierarchy syndrome_generator/gmult_118 before Pass 1 (OPT-776)
Information: Ungrouping hierarchy syndrome_generator/gmult_117 before Pass 1 (OPT-776)
Information: Ungrouping hierarchy syndrome_generator/gmult_116 before Pass 1 (OPT-776)
Information: Ungrouping hierarchy syndrome_generator/gmult_115 before Pass 1 (OPT-776)
Information: Ungrouping hierarchy syndrome_generator/gmult_114 before Pass 1 (OPT-776)
Information: Ungrouping hierarchy syndrome_generator/gmult_113 before Pass 1 (OPT-776)
Information: Ungrouping hierarchy syndrome_generator/gmult_112 before Pass 1 (OPT-776)
Information: Ungrouping hierarchy syndrome_generator/gmult_111 before Pass 1 (OPT-776)
Information: Ungrouping hierarchy syndrome_generator/gmult_110 before Pass 1 (OPT-776)
Information: Ungrouping hierarchy syndrome_generator/gmult_109 before Pass 1 (OPT-776)
Information: Ungrouping hierarchy syndrome_generator/gmult_108 before Pass 1 (OPT-776)
Information: Ungrouping hierarchy syndrome_generator/gmult_107 before Pass 1 (OPT-776)
Information: Ungrouping hierarchy syndrome_generator/gmult_106 before Pass 1 (OPT-776)
Information: Ungrouping hierarchy syndrome_generator/gmult_105 before Pass 1 (OPT-776)
Information: Ungrouping hierarchy syndrome_generator/gmult_104 before Pass 1 (OPT-776)
Information: Ungrouping hierarchy syndrome_generator/gmult_103 before Pass 1 (OPT-776)
Information: Ungrouping hierarchy syndrome_generator/gmult_102 before Pass 1 (OPT-776)
Information: Ungrouping hierarchy syndrome_generator/gmult_101 before Pass 1 (OPT-776)
Information: Ungrouping hierarchy syndrome_generator/gmult_100 before Pass 1 (OPT-776)
Information: Ungrouping hierarchy syndrome_generator/gmult_99 before Pass 1 (OPT-776)
Information: Ungrouping hierarchy syndrome_generator/gmult_98 before Pass 1 (OPT-776)
Information: Ungrouping hierarchy syndrome_generator/gmult_97 before Pass 1 (OPT-776)
Information: Ungrouping hierarchy syndrome_generator/gmult_96 before Pass 1 (OPT-776)
Information: Ungrouping hierarchy syndrome_generator/gmult_95 before Pass 1 (OPT-776)
Information: Ungrouping hierarchy syndrome_generator/gmult_94 before Pass 1 (OPT-776)
Information: Ungrouping hierarchy syndrome_generator/gmult_93 before Pass 1 (OPT-776)
Information: Ungrouping hierarchy syndrome_generator/gmult_92 before Pass 1 (OPT-776)
Information: Ungrouping hierarchy syndrome_generator/gmult_91 before Pass 1 (OPT-776)
Information: Ungrouping hierarchy syndrome_generator/gmult_90 before Pass 1 (OPT-776)
Information: Ungrouping hierarchy syndrome_generator/gmult_89 before Pass 1 (OPT-776)
Information: Ungrouping hierarchy syndrome_generator/gmult_88 before Pass 1 (OPT-776)
Information: Ungrouping hierarchy syndrome_generator/gmult_87 before Pass 1 (OPT-776)
Information: Ungrouping hierarchy syndrome_generator/gmult_86 before Pass 1 (OPT-776)
Information: Ungrouping hierarchy syndrome_generator/gmult_85 before Pass 1 (OPT-776)
Information: Ungrouping hierarchy syndrome_generator/gmult_84 before Pass 1 (OPT-776)
Information: Ungrouping hierarchy syndrome_generator/gmult_83 before Pass 1 (OPT-776)
Information: Ungrouping hierarchy syndrome_generator/gmult_82 before Pass 1 (OPT-776)
Information: Ungrouping hierarchy syndrome_generator/gmult_81 before Pass 1 (OPT-776)
Information: Ungrouping hierarchy syndrome_generator/gmult_80 before Pass 1 (OPT-776)
Information: Ungrouping hierarchy syndrome_generator/gmult_79 before Pass 1 (OPT-776)
Information: Ungrouping hierarchy syndrome_generator/gmult_78 before Pass 1 (OPT-776)
Information: Ungrouping hierarchy syndrome_generator/gmult_77 before Pass 1 (OPT-776)
Information: Ungrouping hierarchy syndrome_generator/gmult_76 before Pass 1 (OPT-776)
Information: Ungrouping hierarchy syndrome_generator/gmult_75 before Pass 1 (OPT-776)
Information: Ungrouping hierarchy syndrome_generator/gmult_74 before Pass 1 (OPT-776)
Information: Ungrouping hierarchy syndrome_generator/gmult_73 before Pass 1 (OPT-776)
Information: Ungrouping hierarchy syndrome_generator/gmult_72 before Pass 1 (OPT-776)
Information: Ungrouping hierarchy syndrome_generator/gmult_71 before Pass 1 (OPT-776)
Information: Ungrouping hierarchy syndrome_generator/gmult_70 before Pass 1 (OPT-776)
Information: Ungrouping hierarchy syndrome_generator/gmult_69 before Pass 1 (OPT-776)
Information: Ungrouping hierarchy syndrome_generator/gmult_68 before Pass 1 (OPT-776)
Information: Ungrouping hierarchy syndrome_generator/gmult_67 before Pass 1 (OPT-776)
Information: Ungrouping hierarchy syndrome_generator/gmult_66 before Pass 1 (OPT-776)
Information: Ungrouping hierarchy syndrome_generator/gmult_65 before Pass 1 (OPT-776)
Information: Ungrouping hierarchy syndrome_generator/gmult_64 before Pass 1 (OPT-776)
Information: Ungrouping hierarchy syndrome_generator/gmult_63 before Pass 1 (OPT-776)
Information: Ungrouping hierarchy syndrome_generator/gmult_62 before Pass 1 (OPT-776)
Information: Ungrouping hierarchy syndrome_generator/gmult_61 before Pass 1 (OPT-776)
Information: Ungrouping hierarchy syndrome_generator/gmult_60 before Pass 1 (OPT-776)
Information: Ungrouping hierarchy syndrome_generator/gmult_59 before Pass 1 (OPT-776)
Information: Ungrouping hierarchy syndrome_generator/gmult_58 before Pass 1 (OPT-776)
Information: Ungrouping hierarchy syndrome_generator/gmult_57 before Pass 1 (OPT-776)
Information: Ungrouping hierarchy syndrome_generator/gmult_56 before Pass 1 (OPT-776)
Information: Ungrouping hierarchy syndrome_generator/gmult_55 before Pass 1 (OPT-776)
Information: Ungrouping hierarchy syndrome_generator/gmult_54 before Pass 1 (OPT-776)
Information: Ungrouping hierarchy syndrome_generator/gmult_53 before Pass 1 (OPT-776)
Information: Ungrouping hierarchy syndrome_generator/gmult_52 before Pass 1 (OPT-776)
Information: Ungrouping hierarchy syndrome_generator/gmult_51 before Pass 1 (OPT-776)
Information: Ungrouping hierarchy syndrome_generator/gmult_50 before Pass 1 (OPT-776)
Information: Ungrouping hierarchy syndrome_generator/gmult_49 before Pass 1 (OPT-776)
Information: Ungrouping hierarchy syndrome_generator/gmult_48 before Pass 1 (OPT-776)
Information: Ungrouping hierarchy syndrome_generator/gmult_47 before Pass 1 (OPT-776)
Information: Ungrouping hierarchy syndrome_generator/gmult_46 before Pass 1 (OPT-776)
Information: Ungrouping hierarchy syndrome_generator/gmult_45 before Pass 1 (OPT-776)
Information: Ungrouping hierarchy syndrome_generator/gmult_44 before Pass 1 (OPT-776)
Information: Ungrouping hierarchy syndrome_generator/gmult_43 before Pass 1 (OPT-776)
Information: Ungrouping hierarchy syndrome_generator/gmult_42 before Pass 1 (OPT-776)
Information: Ungrouping hierarchy syndrome_generator/gmult_41 before Pass 1 (OPT-776)
Information: Ungrouping hierarchy syndrome_generator/gmult_40 before Pass 1 (OPT-776)
Information: Ungrouping hierarchy syndrome_generator/gmult_39 before Pass 1 (OPT-776)
Information: Ungrouping hierarchy syndrome_generator/gmult_38 before Pass 1 (OPT-776)
Information: Ungrouping hierarchy syndrome_generator/gmult_37 before Pass 1 (OPT-776)
Information: Ungrouping hierarchy syndrome_generator/gmult_36 before Pass 1 (OPT-776)
Information: Ungrouping hierarchy syndrome_generator/gmult_35 before Pass 1 (OPT-776)
Information: Ungrouping hierarchy syndrome_generator/gmult_34 before Pass 1 (OPT-776)
Information: Ungrouping hierarchy syndrome_generator/gmult_33 before Pass 1 (OPT-776)
Information: Ungrouping hierarchy syndrome_generator/gmult_32 before Pass 1 (OPT-776)
Information: Ungrouping hierarchy syndrome_generator/gmult_31 before Pass 1 (OPT-776)
Information: Ungrouping hierarchy syndrome_generator/gmult_30 before Pass 1 (OPT-776)
Information: Ungrouping hierarchy syndrome_generator/gmult_29 before Pass 1 (OPT-776)
Information: Ungrouping hierarchy syndrome_generator/gmult_28 before Pass 1 (OPT-776)
Information: Ungrouping hierarchy syndrome_generator/gmult_27 before Pass 1 (OPT-776)
Information: Ungrouping hierarchy syndrome_generator/gmult_26 before Pass 1 (OPT-776)
Information: Ungrouping hierarchy syndrome_generator/gmult_25 before Pass 1 (OPT-776)
Information: Ungrouping hierarchy syndrome_generator/gmult_24 before Pass 1 (OPT-776)
Information: Ungrouping hierarchy syndrome_generator/gmult_23 before Pass 1 (OPT-776)
Information: Ungrouping hierarchy syndrome_generator/gmult_22 before Pass 1 (OPT-776)
Information: Ungrouping hierarchy syndrome_generator/gmult_21 before Pass 1 (OPT-776)
Information: Ungrouping hierarchy syndrome_generator/gmult_20 before Pass 1 (OPT-776)
Information: Ungrouping hierarchy syndrome_generator/gmult_19 before Pass 1 (OPT-776)
Information: Ungrouping hierarchy syndrome_generator/gmult_18 before Pass 1 (OPT-776)
Information: Ungrouping hierarchy syndrome_generator/gmult_17 before Pass 1 (OPT-776)
Information: Ungrouping hierarchy syndrome_generator/gmult_16 before Pass 1 (OPT-776)
Information: Ungrouping hierarchy syndrome_generator/gmult_15 before Pass 1 (OPT-776)
Information: Ungrouping hierarchy syndrome_generator/gmult_14 before Pass 1 (OPT-776)
Information: Ungrouping hierarchy syndrome_generator/gmult_13 before Pass 1 (OPT-776)
Information: Ungrouping hierarchy syndrome_generator/gmult_12 before Pass 1 (OPT-776)
Information: Ungrouping hierarchy syndrome_generator/gmult_11 before Pass 1 (OPT-776)
Information: Ungrouping hierarchy syndrome_generator/gmult_10 before Pass 1 (OPT-776)
Information: Ungrouping hierarchy syndrome_generator/gmult_09 before Pass 1 (OPT-776)
Information: Ungrouping hierarchy syndrome_generator/gmult_08 before Pass 1 (OPT-776)
Information: Ungrouping hierarchy syndrome_generator/gmult_07 before Pass 1 (OPT-776)
Information: Ungrouping hierarchy syndrome_generator/gmult_06 before Pass 1 (OPT-776)
Information: Ungrouping hierarchy syndrome_generator/gmult_05 before Pass 1 (OPT-776)
Information: Ungrouping hierarchy syndrome_generator/gmult_04 before Pass 1 (OPT-776)
Information: Ungrouping hierarchy syndrome_generator/gmult_03 before Pass 1 (OPT-776)
Information: Ungrouping hierarchy syndrome_generator/gmult_02 before Pass 1 (OPT-776)
Information: Ungrouping hierarchy syndrome_generator/gmult_01 before Pass 1 (OPT-776)
Information: Ungrouping hierarchy forney/FORNEY_GEN[37].gdiv_i before Pass 1 (OPT-776)
Information: Ungrouping hierarchy forney/FORNEY_GEN[36].gdiv_i before Pass 1 (OPT-776)
Information: Ungrouping hierarchy forney/FORNEY_GEN[35].gdiv_i before Pass 1 (OPT-776)
Information: Ungrouping hierarchy forney/FORNEY_GEN[34].gdiv_i before Pass 1 (OPT-776)
Information: Ungrouping hierarchy forney/FORNEY_GEN[33].gdiv_i before Pass 1 (OPT-776)
Information: Ungrouping hierarchy forney/FORNEY_GEN[32].gdiv_i before Pass 1 (OPT-776)
Information: Ungrouping hierarchy forney/FORNEY_GEN[31].gdiv_i before Pass 1 (OPT-776)
Information: Ungrouping hierarchy forney/FORNEY_GEN[30].gdiv_i before Pass 1 (OPT-776)
Information: Ungrouping hierarchy forney/FORNEY_GEN[29].gdiv_i before Pass 1 (OPT-776)
Information: Ungrouping hierarchy forney/FORNEY_GEN[28].gdiv_i before Pass 1 (OPT-776)
Information: Ungrouping hierarchy forney/FORNEY_GEN[27].gdiv_i before Pass 1 (OPT-776)
Information: Ungrouping hierarchy forney/FORNEY_GEN[26].gdiv_i before Pass 1 (OPT-776)
Information: Ungrouping hierarchy forney/FORNEY_GEN[25].gdiv_i before Pass 1 (OPT-776)
Information: Ungrouping hierarchy forney/FORNEY_GEN[24].gdiv_i before Pass 1 (OPT-776)
Information: Ungrouping hierarchy forney/FORNEY_GEN[23].gdiv_i before Pass 1 (OPT-776)
Information: Ungrouping hierarchy forney/FORNEY_GEN[22].gdiv_i before Pass 1 (OPT-776)
Information: Ungrouping hierarchy forney/FORNEY_GEN[21].gdiv_i before Pass 1 (OPT-776)
Information: Ungrouping hierarchy forney/FORNEY_GEN[20].gdiv_i before Pass 1 (OPT-776)
Information: Ungrouping hierarchy forney/FORNEY_GEN[19].gdiv_i before Pass 1 (OPT-776)
Information: Ungrouping hierarchy forney/FORNEY_GEN[18].gdiv_i before Pass 1 (OPT-776)
Information: Ungrouping hierarchy forney/FORNEY_GEN[17].gdiv_i before Pass 1 (OPT-776)
Information: Ungrouping hierarchy forney/FORNEY_GEN[16].gdiv_i before Pass 1 (OPT-776)
Information: Ungrouping hierarchy forney/FORNEY_GEN[15].gdiv_i before Pass 1 (OPT-776)
Information: Ungrouping hierarchy forney/FORNEY_GEN[14].gdiv_i before Pass 1 (OPT-776)
Information: Ungrouping hierarchy forney/FORNEY_GEN[13].gdiv_i before Pass 1 (OPT-776)
Information: Ungrouping hierarchy forney/FORNEY_GEN[12].gdiv_i before Pass 1 (OPT-776)
Information: Ungrouping hierarchy forney/FORNEY_GEN[11].gdiv_i before Pass 1 (OPT-776)
Information: Ungrouping hierarchy forney/FORNEY_GEN[10].gdiv_i before Pass 1 (OPT-776)
Information: Ungrouping hierarchy forney/FORNEY_GEN[9].gdiv_i before Pass 1 (OPT-776)
Information: Ungrouping hierarchy forney/FORNEY_GEN[8].gdiv_i before Pass 1 (OPT-776)
Information: Ungrouping hierarchy forney/FORNEY_GEN[7].gdiv_i before Pass 1 (OPT-776)
Information: Ungrouping hierarchy forney/FORNEY_GEN[6].gdiv_i before Pass 1 (OPT-776)
Information: Ungrouping hierarchy forney/FORNEY_GEN[5].gdiv_i before Pass 1 (OPT-776)
Information: Ungrouping hierarchy forney/FORNEY_GEN[4].gdiv_i before Pass 1 (OPT-776)
Information: Ungrouping hierarchy forney/FORNEY_GEN[3].gdiv_i before Pass 1 (OPT-776)
Information: Ungrouping hierarchy forney/FORNEY_GEN[2].gdiv_i before Pass 1 (OPT-776)
Information: Ungrouping hierarchy forney/FORNEY_GEN[1].gdiv_i before Pass 1 (OPT-776)
Information: Ungrouping hierarchy forney/FORNEY_GEN[31].gdiv_i/gfmult before Pass 1 (OPT-776)
Information: Ungrouping hierarchy forney/FORNEY_GEN[30].gdiv_i/gfmult before Pass 1 (OPT-776)
Information: Ungrouping hierarchy forney/FORNEY_GEN[29].gdiv_i/gfmult before Pass 1 (OPT-776)
Information: Ungrouping hierarchy forney/FORNEY_GEN[28].gdiv_i/gfmult before Pass 1 (OPT-776)
Information: Ungrouping hierarchy forney/FORNEY_GEN[27].gdiv_i/gfmult before Pass 1 (OPT-776)
Information: Ungrouping hierarchy forney/FORNEY_GEN[26].gdiv_i/gfmult before Pass 1 (OPT-776)
Information: Ungrouping hierarchy forney/FORNEY_GEN[25].gdiv_i/gfmult before Pass 1 (OPT-776)
Information: Ungrouping hierarchy forney/FORNEY_GEN[24].gdiv_i/gfmult before Pass 1 (OPT-776)
Information: Ungrouping hierarchy forney/FORNEY_GEN[23].gdiv_i/gfmult before Pass 1 (OPT-776)
Information: Ungrouping hierarchy forney/FORNEY_GEN[22].gdiv_i/gfmult before Pass 1 (OPT-776)
Information: Ungrouping hierarchy forney/FORNEY_GEN[21].gdiv_i/gfmult before Pass 1 (OPT-776)
Information: Ungrouping hierarchy forney/FORNEY_GEN[20].gdiv_i/gfmult before Pass 1 (OPT-776)
Information: Ungrouping hierarchy forney/FORNEY_GEN[19].gdiv_i/gfmult before Pass 1 (OPT-776)
Information: Ungrouping hierarchy forney/FORNEY_GEN[18].gdiv_i/gfmult before Pass 1 (OPT-776)
Information: Ungrouping hierarchy forney/FORNEY_GEN[17].gdiv_i/gfmult before Pass 1 (OPT-776)
Information: Ungrouping hierarchy forney/FORNEY_GEN[16].gdiv_i/gfmult before Pass 1 (OPT-776)
Information: Ungrouping hierarchy forney/FORNEY_GEN[15].gdiv_i/gfmult before Pass 1 (OPT-776)
Information: Ungrouping hierarchy forney/FORNEY_GEN[14].gdiv_i/gfmult before Pass 1 (OPT-776)
Information: Ungrouping hierarchy forney/FORNEY_GEN[13].gdiv_i/gfmult before Pass 1 (OPT-776)
Information: Ungrouping hierarchy forney/FORNEY_GEN[12].gdiv_i/gfmult before Pass 1 (OPT-776)
Information: Ungrouping hierarchy forney/FORNEY_GEN[11].gdiv_i/gfmult before Pass 1 (OPT-776)
Information: Ungrouping hierarchy forney/FORNEY_GEN[10].gdiv_i/gfmult before Pass 1 (OPT-776)
Information: Ungrouping hierarchy forney/FORNEY_GEN[9].gdiv_i/gfmult before Pass 1 (OPT-776)
Information: Ungrouping hierarchy forney/FORNEY_GEN[8].gdiv_i/gfmult before Pass 1 (OPT-776)
Information: Ungrouping hierarchy forney/FORNEY_GEN[7].gdiv_i/gfmult before Pass 1 (OPT-776)
Information: Ungrouping hierarchy forney/FORNEY_GEN[6].gdiv_i/gfmult before Pass 1 (OPT-776)
Information: Ungrouping hierarchy forney/FORNEY_GEN[5].gdiv_i/gfmult before Pass 1 (OPT-776)
Information: Ungrouping hierarchy forney/FORNEY_GEN[4].gdiv_i/gfmult before Pass 1 (OPT-776)
Information: Ungrouping hierarchy forney/FORNEY_GEN[3].gdiv_i/gfmult before Pass 1 (OPT-776)
Information: Ungrouping hierarchy forney/FORNEY_GEN[2].gdiv_i/gfmult before Pass 1 (OPT-776)
Information: Ungrouping hierarchy forney/FORNEY_GEN[1].gdiv_i/gfmult before Pass 1 (OPT-776)
Information: Ungrouping hierarchy forney/FORNEY_GEN[0].gdiv_i/gfmult before Pass 1 (OPT-776)
Information: Ungrouping 636 of 641 hierarchies before Pass 1 (OPT-775)
Information: State dependent leakage is now switched from on to off.

  Beginning Pass 1 Mapping
  ------------------------
  Processing 'FORNEY'
  Processing 'SYNDROME_GENERATOR'
  Processing 'RIBM'
Information: Added key list 'DesignWare' to design 'RIBM'. (DDB-72)
 Implement Synthetic for 'RIBM'.
  Processing 'CHIEN'
  Processing 'DECODER'

  Updating timing information
Information: Updating design information... (UID-85)
Information: The library cell 'STQ_TIE1_1' in the library 'um28nchllogl35hsl140f_ssgwc0p9v125c' is not characterized for internal power. (PWR-536)
Information: The library cell 'STQ_TIE0_1' in the library 'um28nchllogl35hsl140f_ssgwc0p9v125c' is not characterized for internal power. (PWR-536)
Information: The target library(s) contains cell(s), other than black boxes, that are not characterized for internal power. (PWR-24)

Threshold voltage group cell usage:
>> LVT35 100.00%

  Beginning Mapping Optimizations  (Ultra High effort)
  -------------------------------
Information: Ungrouping hierarchy syndrome_generator 'SYNDROME_GENERATOR' #insts = 1837. (OPT-777)
Information: Ungrouping hierarchy chien 'CHIEN' #insts = 1072. (OPT-777)
Information: Ungrouping hierarchy forney 'FORNEY' #insts = 17828. (OPT-777)
  Mapping Optimization (Phase 1)
  Mapping Optimization (Phase 2)
  Mapping Optimization (Phase 3)
  Mapping Optimization (Phase 4)
  Mapping Optimization (Phase 5)
  Mapping Optimization (Phase 6)
  Mapping Optimization (Phase 7)
  Mapping Optimization (Phase 8)
  Mapping Optimization (Phase 9)
  Mapping Optimization (Phase 10)
  Mapping Optimization (Phase 11)
  Mapping Optimization (Phase 12)

                                  TOTAL                                                
   ELAPSED            WORST NEG   SETUP    DESIGN                              LEAKAGE 
    TIME      AREA      SLACK     COST    RULE COST         ENDPOINT            POWER  
  --------- --------- --------- --------- --------- ------------------------- ---------
    0:15:56   88359.3      1.96     494.0       0.0                           11726682.0000
    0:15:59   87907.7      2.09     517.3       0.0                           11659394.0000

Threshold voltage group cell usage:
>> LVT35 100.00%

  Beginning Constant Register Removal
  -----------------------------------
    0:16:00   87989.3      2.06     509.7       0.0                           11682824.0000
    0:16:02   87923.6      2.18     540.5       0.0                           11671800.0000

Threshold voltage group cell usage:
>> LVT35 100.00%

  Beginning Global Optimizations
  ------------------------------
  Numerical Synthesis (Phase 1)
  Numerical Synthesis (Phase 2)
  Global Optimization (Phase 1)
  Global Optimization (Phase 2)
  Global Optimization (Phase 3)
  Global Optimization (Phase 4)
  Global Optimization (Phase 5)
  Global Optimization (Phase 6)
  Global Optimization (Phase 7)
  Global Optimization (Phase 8)
  Global Optimization (Phase 9)
  Global Optimization (Phase 10)
  Global Optimization (Phase 11)
  Global Optimization (Phase 12)
  Global Optimization (Phase 13)
  Global Optimization (Phase 14)
  Global Optimization (Phase 15)
  Global Optimization (Phase 16)
  Global Optimization (Phase 17)
  Global Optimization (Phase 18)
  Global Optimization (Phase 19)
  Global Optimization (Phase 20)
  Global Optimization (Phase 21)
  Global Optimization (Phase 22)
  Global Optimization (Phase 23)
  Global Optimization (Phase 24)
  Global Optimization (Phase 25)
  Global Optimization (Phase 26)
  Global Optimization (Phase 27)
  Global Optimization (Phase 28)
  Global Optimization (Phase 29)
  Global Optimization (Phase 30)

Threshold voltage group cell usage:
>> LVT35 100.00%

  Beginning Isolate Ports
  -----------------------

Threshold voltage group cell usage:
>> LVT35 100.00%

  Beginning Delay Optimization
  ----------------------------
    0:16:24   32481.3      2.35     574.7       0.0                           2768536.0000
    0:17:09   35224.9      1.85     468.8       2.0                           3329881.7500
    0:17:09   35224.9      1.85     468.8       2.0                           3329881.7500
    0:17:09   35224.9      1.85     468.8       2.0                           3329881.7500

Threshold voltage group cell usage:
>> LVT35 100.00%
    0:17:40   35224.9      1.85     468.8       2.0                           3329881.7500
    0:17:43   35201.4      1.87     470.1       2.0                           3326256.0000

  Beginning WLM Backend Optimization
  --------------------------------------
    0:18:16   35113.0      1.87     469.8       2.0                           3311025.2500
    0:18:18   35074.4      1.86     470.0       2.0                           3304734.0000
    0:18:18   35065.0      1.86     470.0       2.0                           3303263.5000
    0:18:37   35531.7      1.83     462.6       2.0                           3408896.0000
    0:18:43   35754.4      1.83     460.2       2.0                           3455662.0000
    0:18:49   35823.8      1.83     459.0       2.0                           3471805.5000
    0:18:54   35898.1      1.82     457.4       2.0                           3487417.7500
    0:18:57   35905.5      1.82     457.2       2.0                           3489304.0000
    0:18:57   35905.5      1.82     457.2       2.0                           3489304.0000
    0:18:58   35905.5      1.82     457.2       2.0                           3489304.0000
    0:18:58   35905.5      1.82     457.2       2.0                           3489304.0000
    0:19:37   37707.4      1.81     456.8       2.0                           3807934.7500
    0:19:37   37707.4      1.81     456.8       2.0                           3807934.7500
    0:20:04   39453.0      1.74     441.7       2.0                           4154785.5000
    0:20:04   39453.0      1.74     441.7       2.0                           4154785.5000
    0:21:22   41442.4      1.74     441.2       0.0                           4485435.5000
    0:21:23   41442.4      1.74     441.2       0.0                           4485435.5000
    0:23:09   44760.7      1.63     413.5       0.0                           5133639.5000
    0:23:09   44760.7      1.63     413.5       0.0                           5133639.5000
    0:25:07   46384.3      1.65     418.1       0.0                           5365662.0000
    0:25:07   46384.3      1.65     418.1       0.0                           5365662.0000
    0:26:23   48102.1      1.60     406.8       0.0                           5691693.5000
    0:26:23   48102.1      1.60     406.8       0.0                           5691693.5000
    0:28:21   49462.4      1.63     412.1       0.0                           5873149.0000
    0:28:21   49462.4      1.63     412.1       0.0                           5873149.0000
    0:29:25   50536.9      1.59     402.9       0.0                           6070818.5000
    0:29:25   50536.9      1.59     402.9       0.0                           6070818.5000
    0:31:09   51559.4      1.59     404.6       0.0                           6204730.5000


  Beginning Design Rule Fixing  (min_capacitance)
  ----------------------------

                                  TOTAL                                                
   ELAPSED            WORST NEG   SETUP    DESIGN                              LEAKAGE 
    TIME      AREA      SLACK     COST    RULE COST         ENDPOINT            POWER  
  --------- --------- --------- --------- --------- ------------------------- ---------
    0:31:09   51559.4      1.59     404.6       0.0                           6204730.5000
  Global Optimization (Phase 31)
  Global Optimization (Phase 32)
  Global Optimization (Phase 33)
    0:31:13   51587.9      1.59     404.1       0.0 decode_data[19][1]        6210485.5000
    0:31:19   51583.6      1.59     403.6       0.0                           6210419.0000
    0:33:28   52989.4      1.60     406.0       0.0                           6403633.0000

Threshold voltage group cell usage:
>> LVT35 100.00%


  Beginning Leakage Power Optimization  (max_leakage_power 0)
  ------------------------------------

                                  TOTAL                                                
   ELAPSED            WORST NEG   SETUP    DESIGN                              LEAKAGE 
    TIME      AREA      SLACK     COST    RULE COST         ENDPOINT            POWER  
  --------- --------- --------- --------- --------- ------------------------- ---------
    0:33:28   52989.4      1.60     406.0       0.0                           6403633.0000
  Global Optimization (Phase 34)
  Global Optimization (Phase 35)
  Global Optimization (Phase 36)
  Global Optimization (Phase 37)
  Global Optimization (Phase 38)
  Global Optimization (Phase 39)
  Global Optimization (Phase 40)
  Global Optimization (Phase 41)
  Global Optimization (Phase 42)
  Global Optimization (Phase 43)
  Global Optimization (Phase 44)
  Global Optimization (Phase 45)
  Global Optimization (Phase 46)
  Global Optimization (Phase 47)
  Global Optimization (Phase 48)
  Global Optimization (Phase 49)
  Global Optimization (Phase 50)
  Global Optimization (Phase 51)
    0:34:17   46692.9      1.65     418.4       0.0 decode_data[30][2]        5385845.5000
    0:34:17   46692.9      1.65     418.4       0.0                           5385845.5000
    0:36:16   48274.5      1.65     419.4       0.0                           5615595.5000
    0:36:16   48274.5      1.65     419.4       0.0                           5615595.5000
    0:36:18   48274.5      1.65     419.4       0.0                           5615626.5000
    0:36:18   48274.5      1.65     419.4       0.0                           5615626.5000
    0:38:20   49850.8      1.65     418.1       0.0                           5855791.0000
    0:38:20   49850.8      1.65     418.1       0.0                           5855791.0000
    0:38:31   50405.5      1.63     414.4       0.0                           5957751.0000
    0:38:31   50405.5      1.63     414.4       0.0                           5957751.0000
    0:40:45   51900.1      1.64     415.8       0.0                           6185535.0000
    0:40:45   51900.1      1.64     415.8       0.0                           6185535.0000
    0:42:04   53332.9      1.58     401.1       0.0                           6467512.5000
    0:42:04   53332.9      1.58     401.1       0.0                           6467512.5000
    0:44:06   54343.1      1.59     404.1       0.0                           6604558.5000
    0:44:06   54343.1      1.59     404.1       0.0                           6604558.5000
    0:45:06   55298.2      1.57     398.6       0.0                           6789750.5000
    0:45:06   55298.2      1.57     398.6       0.0                           6789750.5000
    0:47:11   56246.7      1.58     401.4       0.0                           6913816.0000
    0:47:11   56246.7      1.58     401.4       0.0                           6913816.0000
    0:47:55   56790.9      1.56     398.1       0.0                           7012257.5000
    0:47:55   56790.9      1.56     398.1       0.0                           7012257.5000
    0:49:30   57610.1      1.58     400.5       0.0                           7115312.0000

                                  TOTAL                                                
   ELAPSED            WORST NEG   SETUP    DESIGN                              LEAKAGE 
    TIME      AREA      SLACK     COST    RULE COST         ENDPOINT            POWER  
  --------- --------- --------- --------- --------- ------------------------- ---------
    0:49:31   57610.1      1.58     400.5       0.0                           7115312.0000
    0:50:25   44467.4      1.57     399.6       0.0                           4769399.0000
    0:50:30   44506.7      1.57     398.6       0.0 decode_data[5][3]         4774087.0000
    0:50:34   44513.3      1.56     398.1       0.0 decode_data[26][4]        4774076.0000
    0:50:36   44512.1      1.56     398.1       0.0                           4775110.0000
    0:50:36   44501.9      1.56     398.1       0.0                           4773970.0000
    0:50:37   44488.1      1.56     398.1       0.0                           4772288.0000
    0:50:38   44479.8      1.56     398.1       0.0                           4771340.0000
    0:50:39   44458.5      1.56     398.0       0.0                           4768616.5000
    0:50:41   44441.7      1.56     398.0       5.0                           4766123.5000
    0:50:43   44415.2      1.56     398.0       5.0                           4761248.0000
    0:50:45   44387.8      1.56     398.0       5.0                           4756400.5000
    0:50:45   44387.8      1.56     398.0       5.0                           4756400.5000
    0:50:47   44387.8      1.56     398.0       5.0                           4756629.0000
    0:50:50   44333.9      1.56     398.0       5.0                           4749823.5000
    0:50:53   44262.8      1.56     398.0       5.0                           4739984.5000
    0:50:56   44188.2      1.56     397.9       0.0 decode_data[30][2]        4727405.0000
    0:50:58   44210.5      1.56     397.7       0.0 decode_data[28][2]        4733641.0000
    0:51:04   44282.6      1.56     397.3       0.0 decode_data[5][3]         4745606.5000
    0:51:06   44278.6      1.56     397.2       0.0 decode_data[27][5]        4744805.5000
    0:51:11   44320.2      1.56     396.9       0.0 decode_data[8][5]         4755567.0000
    0:51:15   44338.6      1.56     396.9       0.0                           4759177.5000
    0:52:00   45452.6      1.55     394.5       0.0                           4966390.0000
    0:52:00   45452.6      1.55     394.5       0.0                           4966390.0000
    0:52:03   45450.9      1.55     394.2       0.0                           4967045.5000
    0:52:06   45453.4      1.55     394.1       0.0                           4968405.5000
    0:52:10   45483.5      1.55     393.8       0.0                           4975490.0000
    0:52:11   45506.0      1.55     393.6       0.0                           4980668.5000
    0:52:11   45506.0      1.55     393.6       0.0                           4980668.5000
    0:52:17   45847.2      1.55     393.5       0.0                           5034798.0000
    0:52:55   43816.4      1.54     392.7       0.0                           4657784.5000
Loading db file '/media/0/LogicLibraries/UMC/28nm/35hs/hsl/lvt/latest/liberty/logic_synth/um28nchllogl35hsl140f_ssgwc0p9v125c.db'


Note: Symbol # after min delay cost means estimated hold TNS across all active scenarios 


  Optimization Complete
  ---------------------
Information: State dependent leakage is now switched from off to on.
Information: Propagating switching activity (low effort zero delay simulation). (PWR-6)
1
# ---------------------------------------
# 4. Design Reports
# ---------------------------------------
check_design  > $topmodule_name.check_design.rpt
report_constraint -all_violators -verbose -sig 10 > $topmodule_name.all_viol.rpt
report_design > $topmodule_name.design.rpt
report_area -physical -hierarchy > $topmodule_name.area.rpt
report_cell > $topmodule_name.cell.rpt
report_qor > $topmodule_name.qor.rpt
report_reference > $topmodule_name.reference.rpt
report_resources > $topmodule_name.resources.rpt
report_hierarchy -full > $topmodule_name.hierarchy.rpt
report_timing -nworst 10 -max_paths 10 > $topmodule_name.timing.rpt
report_power -analysis_effort high > $topmodule_name.power.rpt
report_threshold_voltage_group > $topmodule_name.vth.rpt
# Dump out the constraints in an SDC file
write_sdc $topmodule_name.constraints.sdc
1
# Dump out the synthesized database and gate-level-netlist
write -hierarchy -format ddc -output      $topmodule_name.ddc
Writing ddc file 'DECODER.ddc'.
1
write -hierarchy -format verilog -output  $topmodule_name.netlist.v
Writing verilog file '/home/99june18/Cerberus/Hardware_overhead/1.DUO/Decoder/syn/output/DECODER.netlist.v'.
1
exit

Memory usage for this session 808 Mbytes.
Memory usage for this session including child processes 933 Mbytes.
CPU usage for this session 3273 seconds ( 0.91 hours ).
Elapsed time for this session 3296 seconds ( 0.92 hours ).

Thank you...
