 
****************************************
Report : qor
Design : DECODER
Version: Q-2019.12-SP5-5
Date   : Wed Apr  1 13:49:40 2026
****************************************


  Timing Path Group 'vclk'
  -----------------------------------
  Levels of Logic:              63.00
  Critical Path Length:          1.92
  Critical Path Slack:          -1.54
  Critical Path Clk Period:      0.38
  Total Negative Slack:       -392.73
  No. of Violating Paths:      256.00
  Worst Hold Violation:          0.00
  Total Hold Violation:          0.00
  No. of Hold Violations:        0.00
  -----------------------------------


  Cell Count
  -----------------------------------
  Hierarchical Cell Count:          1
  Hierarchical Port Count:        104
  Leaf Cell Count:              39609
  Buf/Inv Cell Count:            7569
  Buf Cell Count:                 349
  Inv Cell Count:                7220
  CT Buf/Inv Cell Count:            0
  Combinational Cell Count:     39609
  Sequential Cell Count:            0
  Macro Count:                      0
  -----------------------------------


  Area
  -----------------------------------
  Combinational Area:    43816.415585
  Noncombinational Area:     0.000000
  Buf/Inv Area:           3540.263976
  Total Buffer Area:           409.92
  Total Inverter Area:        3130.34
  Macro/Black Box Area:      0.000000
  Net Area:                  0.000000
  -----------------------------------
  Cell Area:             43816.415585
  Design Area:           43816.415585


  Design Rules
  -----------------------------------
  Total Number of Nets:         39913
  Nets With Violations:             0
  Max Trans Violations:             0
  Max Cap Violations:               0
  -----------------------------------


  Hostname: SALserver01

  Compile CPU Statistics
  -----------------------------------------
  Resource Sharing:                  125.41
  Logic Optimization:                593.12
  Mapping Optimization:             1985.00
  -----------------------------------------
  Overall Compile Time:             3171.69
  Overall Compile Wall Clock Time:  3191.83

  --------------------------------------------------------------------

  Design  WNS: 1.54  TNS: 392.73  Number of Violating Paths: 256


  Design (Hold)  WNS: 0.00  TNS: 0.00  Number of Violating Paths: 0

  --------------------------------------------------------------------


1
