 
****************************************
Report : threshold voltage group
Design : DECODER
Version: Q-2019.12-SP5-5
Date   : Wed Apr  1 13:49:46 2026
****************************************

********************************************************************************
                        Threshold Voltage Group Report                         

Vth Group                All                Blackbox           Non-blackbox
Name                    cells                cells                cells
********************************************************************************
LVT35               39609 (100.00%)          0   (0.00%)      39609 (100.00%)   
********************************************************************************

Vth Group                All                Blackbox           Non-blackbox
Name                  cell area            cell area            cell area
********************************************************************************
LVT35            43816.42 (100.00%)       0.00   (0.00%)   43816.42 (100.00%)   
********************************************************************************
1
