 
****************************************
Report : reference
Design : DECODER
Version: Q-2019.12-SP5-5
Date   : Wed Apr  1 13:49:41 2026
****************************************

Attributes:
    b - black box (unknown)
   bo - allows boundary optimization
    d - dont_touch
   mo - map_only
    h - hierarchical
    n - noncombinational
    r - removable
    s - synthetic operator
    u - contains unmapped logic

Reference          Library       Unit Area   Count    Total Area   Attributes
-----------------------------------------------------------------------------
RIBM                          12283.151948       1  12283.151948  h
STQ_AN2_1          um28nchllogl35hsl140f_ssgwc0p9v125c
                                  0.672000      78     52.415999  
STQ_AN2_1P5        um28nchllogl35hsl140f_ssgwc0p9v125c
                                  0.840000      26     21.839999  
STQ_AN2_2          um28nchllogl35hsl140f_ssgwc0p9v125c
                                  0.840000      24     20.159999  
STQ_AN2_3          um28nchllogl35hsl140f_ssgwc0p9v125c
                                  1.344000      39     52.415999  
STQ_AN2_4          um28nchllogl35hsl140f_ssgwc0p9v125c
                                  1.512000       4      6.048000  
STQ_AN2_6          um28nchllogl35hsl140f_ssgwc0p9v125c
                                  2.184000       3      6.552000  
STQ_AN2_7          um28nchllogl35hsl140f_ssgwc0p9v125c
                                  2.688000       2      5.376000  
STQ_AN2_12         um28nchllogl35hsl140f_ssgwc0p9v125c
                                  4.200000       2      8.400000  
STQ_AN2_MG_3       um28nchllogl35hsl140f_ssgwc0p9v125c
                                  1.008000       2      2.016000  
STQ_AN2_S_0P5      um28nchllogl35hsl140f_ssgwc0p9v125c
                                  0.672000      14      9.408000  
STQ_AN2_S_1P5      um28nchllogl35hsl140f_ssgwc0p9v125c
                                  0.840000       2      1.680000  
STQ_AN2_S_2        um28nchllogl35hsl140f_ssgwc0p9v125c
                                  0.840000      12     10.080000  
STQ_AN2_S_4        um28nchllogl35hsl140f_ssgwc0p9v125c
                                  1.512000       8     12.096000  
STQ_AN3B_0P5       um28nchllogl35hsl140f_ssgwc0p9v125c
                                  0.840000       1      0.840000  
STQ_AN3B_1         um28nchllogl35hsl140f_ssgwc0p9v125c
                                  0.840000      63     52.919998  
STQ_AN3B_2         um28nchllogl35hsl140f_ssgwc0p9v125c
                                  1.176000      35     41.160000  
STQ_AN3B_3         um28nchllogl35hsl140f_ssgwc0p9v125c
                                  1.848000       9     16.632000  
STQ_AN3B_4         um28nchllogl35hsl140f_ssgwc0p9v125c
                                  2.184000       5     10.920000  
STQ_AN3_0P5        um28nchllogl35hsl140f_ssgwc0p9v125c
                                  0.840000       1      0.840000  
STQ_AN3_1          um28nchllogl35hsl140f_ssgwc0p9v125c
                                  0.840000       4      3.360000  
STQ_AN3_2          um28nchllogl35hsl140f_ssgwc0p9v125c
                                  1.008000       2      2.016000  
STQ_AN3_MM_1       um28nchllogl35hsl140f_ssgwc0p9v125c
                                  0.840000       2      1.680000  
STQ_AN3_MM_2       um28nchllogl35hsl140f_ssgwc0p9v125c
                                  1.008000       1      1.008000  
STQ_AN4B_0P5       um28nchllogl35hsl140f_ssgwc0p9v125c
                                  1.008000       1      1.008000  
STQ_AN4B_1         um28nchllogl35hsl140f_ssgwc0p9v125c
                                  1.008000      22     22.176000  
STQ_AN4B_2         um28nchllogl35hsl140f_ssgwc0p9v125c
                                  1.344000      22     29.568000  
STQ_AN4B_4         um28nchllogl35hsl140f_ssgwc0p9v125c
                                  2.520000       7     17.640000  
STQ_AN4_1          um28nchllogl35hsl140f_ssgwc0p9v125c
                                  1.008000       1      1.008000  
STQ_AN4_L_0P5      um28nchllogl35hsl140f_ssgwc0p9v125c
                                  1.008000       1      1.008000  
STQ_AN4_L_1        um28nchllogl35hsl140f_ssgwc0p9v125c
                                  1.008000       3      3.024000  
STQ_AN6_1          um28nchllogl35hsl140f_ssgwc0p9v125c
                                  1.680000       1      1.680000  
STQ_AO2BB2_0P5     um28nchllogl35hsl140f_ssgwc0p9v125c
                                  1.008000       1      1.008000  
STQ_AO2BB2_1       um28nchllogl35hsl140f_ssgwc0p9v125c
                                  1.008000       7      7.056000  
STQ_AO2BB2_2       um28nchllogl35hsl140f_ssgwc0p9v125c
                                  1.512000       1      1.512000  
STQ_AO2BB2_4       um28nchllogl35hsl140f_ssgwc0p9v125c
                                  2.856000       4     11.424000  
STQ_AO2BB2_DG_2    um28nchllogl35hsl140f_ssgwc0p9v125c
                                  1.512000       1      1.512000  
STQ_AO2BB2_V3_1    um28nchllogl35hsl140f_ssgwc0p9v125c
                                  1.008000       5      5.040000  
STQ_AO21B_1        um28nchllogl35hsl140f_ssgwc0p9v125c
                                  0.840000      29     24.359999  
STQ_AO21B_2        um28nchllogl35hsl140f_ssgwc0p9v125c
                                  1.176000      17     19.992000  
STQ_AO21B_3        um28nchllogl35hsl140f_ssgwc0p9v125c
                                  1.848000       4      7.392000  
STQ_AO21B_4        um28nchllogl35hsl140f_ssgwc0p9v125c
                                  2.184000       4      8.736000  
STQ_AO21_1         um28nchllogl35hsl140f_ssgwc0p9v125c
                                  0.840000       2      1.680000  
STQ_AO21_2         um28nchllogl35hsl140f_ssgwc0p9v125c
                                  1.008000       8      8.064000  
STQ_AO21_4         um28nchllogl35hsl140f_ssgwc0p9v125c
                                  1.848000       1      1.848000  
STQ_AO22_4         um28nchllogl35hsl140f_ssgwc0p9v125c
                                  2.352000       1      2.352000  
STQ_AO31_1         um28nchllogl35hsl140f_ssgwc0p9v125c
                                  1.008000       7      7.056000  
STQ_AO31_2         um28nchllogl35hsl140f_ssgwc0p9v125c
                                  1.176000       8      9.408000  
STQ_AO211_2        um28nchllogl35hsl140f_ssgwc0p9v125c
                                  1.176000       2      2.352000  
STQ_AOAI211_0P75   um28nchllogl35hsl140f_ssgwc0p9v125c
                                  0.840000      10      8.400000  
STQ_AOAI211_1      um28nchllogl35hsl140f_ssgwc0p9v125c
                                  0.840000       5      4.200000  
STQ_AOAI211_2      um28nchllogl35hsl140f_ssgwc0p9v125c
                                  1.512000       2      3.024000  
STQ_AOI21B_1       um28nchllogl35hsl140f_ssgwc0p9v125c
                                  0.840000      18     15.120000  
STQ_AOI21B_2       um28nchllogl35hsl140f_ssgwc0p9v125c
                                  1.344000      12     16.128000  
STQ_AOI21B_4       um28nchllogl35hsl140f_ssgwc0p9v125c
                                  2.520000       1      2.520000  
STQ_AOI21_0P75     um28nchllogl35hsl140f_ssgwc0p9v125c
                                  0.672000      76     51.071999  
STQ_AOI21_1        um28nchllogl35hsl140f_ssgwc0p9v125c
                                  0.672000      93     62.495999  
STQ_AOI21_1P5      um28nchllogl35hsl140f_ssgwc0p9v125c
                                  1.176000      22     25.872000  
STQ_AOI21_2        um28nchllogl35hsl140f_ssgwc0p9v125c
                                  1.176000      35     41.160000  
STQ_AOI21_4        um28nchllogl35hsl140f_ssgwc0p9v125c
                                  2.184000      11     24.024000  
STQ_AOI22_0P75     um28nchllogl35hsl140f_ssgwc0p9v125c
                                  0.840000      12     10.080000  
STQ_AOI22_1        um28nchllogl35hsl140f_ssgwc0p9v125c
                                  0.840000      18     15.120000  
STQ_AOI22_2        um28nchllogl35hsl140f_ssgwc0p9v125c
                                  1.512000      11     16.632000  
STQ_AOI22_3        um28nchllogl35hsl140f_ssgwc0p9v125c
                                  2.184000       8     17.472000  
STQ_AOI31_0P5      um28nchllogl35hsl140f_ssgwc0p9v125c
                                  0.840000      23     19.319999  
STQ_AOI31_1        um28nchllogl35hsl140f_ssgwc0p9v125c
                                  0.840000      69     57.959998  
STQ_AOI31_2        um28nchllogl35hsl140f_ssgwc0p9v125c
                                  1.512000      36     54.431999  
STQ_AOI31_4        um28nchllogl35hsl140f_ssgwc0p9v125c
                                  2.856000       1      2.856000  
STQ_AOI211_0P75    um28nchllogl35hsl140f_ssgwc0p9v125c
                                  0.840000      65     54.599998  
STQ_AOI211_1P5     um28nchllogl35hsl140f_ssgwc0p9v125c
                                  1.512000       1      1.512000  
STQ_AOI211_3       um28nchllogl35hsl140f_ssgwc0p9v125c
                                  2.184000       2      4.368000  
STQ_AOI211_G_1     um28nchllogl35hsl140f_ssgwc0p9v125c
                                  0.840000       7      5.880000  
STQ_AOI211_G_2     um28nchllogl35hsl140f_ssgwc0p9v125c
                                  1.512000       2      3.024000  
STQ_BUF_1          um28nchllogl35hsl140f_ssgwc0p9v125c
                                  0.504000      12      6.048000  
STQ_BUF_1P5        um28nchllogl35hsl140f_ssgwc0p9v125c
                                  0.672000       7      4.704000  
STQ_BUF_2          um28nchllogl35hsl140f_ssgwc0p9v125c
                                  0.672000      22     14.784000  
STQ_BUF_3          um28nchllogl35hsl140f_ssgwc0p9v125c
                                  1.008000      15     15.120000  
STQ_BUF_3P5        um28nchllogl35hsl140f_ssgwc0p9v125c
                                  1.176000       1      1.176000  
STQ_BUF_5          um28nchllogl35hsl140f_ssgwc0p9v125c
                                  1.512000      10     15.120000  
STQ_BUF_15         um28nchllogl35hsl140f_ssgwc0p9v125c
                                  4.032000       3     12.096000  
STQ_BUF_D_2        um28nchllogl35hsl140f_ssgwc0p9v125c
                                  0.672000       3      2.016000  
STQ_BUF_D_4        um28nchllogl35hsl140f_ssgwc0p9v125c
                                  1.008000       2      2.016000  
STQ_BUF_S_2P5      um28nchllogl35hsl140f_ssgwc0p9v125c
                                  0.840000       1      0.840000  
STQ_BUF_S_3        um28nchllogl35hsl140f_ssgwc0p9v125c
                                  1.008000      16     16.128000  
STQ_BUF_S_4        um28nchllogl35hsl140f_ssgwc0p9v125c
                                  1.176000      12     14.112000  
STQ_BUF_S_5        um28nchllogl35hsl140f_ssgwc0p9v125c
                                  1.344000       5      6.720000  
STQ_BUF_S_6        um28nchllogl35hsl140f_ssgwc0p9v125c
                                  1.680000       7     11.760000  
STQ_BUF_S_8        um28nchllogl35hsl140f_ssgwc0p9v125c
                                  2.184000      10     21.840000  
STQ_BUF_S_10       um28nchllogl35hsl140f_ssgwc0p9v125c
                                  2.688000       2      5.376000  
STQ_BUF_S_12       um28nchllogl35hsl140f_ssgwc0p9v125c
                                  3.192000      10     31.919999  
STQ_BUF_S_18       um28nchllogl35hsl140f_ssgwc0p9v125c
                                  4.536000       3     13.607999  
STQ_BUF_U_1        um28nchllogl35hsl140f_ssgwc0p9v125c
                                  0.504000      17      8.568000  
STQ_EN2_3          um28nchllogl35hsl140f_ssgwc0p9v125c
                                  3.024000       2      6.048000  
STQ_EN2_4          um28nchllogl35hsl140f_ssgwc0p9v125c
                                  3.024000     287    867.887980  
STQ_EN2_6          um28nchllogl35hsl140f_ssgwc0p9v125c
                                  4.536000      99    449.063978  
STQ_EN2_8          um28nchllogl35hsl140f_ssgwc0p9v125c
                                  5.880000     106    623.280012  
STQ_EN2_S_1        um28nchllogl35hsl140f_ssgwc0p9v125c
                                  1.512000     986   1490.831965  
STQ_EN2_S_2        um28nchllogl35hsl140f_ssgwc0p9v125c
                                  1.680000     822   1380.959957  
STQ_EN2_S_3        um28nchllogl35hsl140f_ssgwc0p9v125c
                                  3.024000       1      3.024000  
STQ_EN2_S_6        um28nchllogl35hsl140f_ssgwc0p9v125c
                                  4.200000      28    117.599995  
STQ_EN3_1          um28nchllogl35hsl140f_ssgwc0p9v125c
                                  2.184000     370    808.080006  
STQ_EN3_2          um28nchllogl35hsl140f_ssgwc0p9v125c
                                  2.688000      17     45.695999  
STQ_EN3_3          um28nchllogl35hsl140f_ssgwc0p9v125c
                                  4.032000     571   2302.272037  
STQ_EN3_6          um28nchllogl35hsl140f_ssgwc0p9v125c
                                  6.888000      25    172.200000  
STQ_EO2_1          um28nchllogl35hsl140f_ssgwc0p9v125c
                                  1.512000     388    586.655986  
STQ_EO2_2          um28nchllogl35hsl140f_ssgwc0p9v125c
                                  1.680000      78    131.039996  
STQ_EO2_3          um28nchllogl35hsl140f_ssgwc0p9v125c
                                  2.856000      44    125.663998  
STQ_EO2_4          um28nchllogl35hsl140f_ssgwc0p9v125c
                                  3.024000       8     24.191999  
STQ_EO2_6          um28nchllogl35hsl140f_ssgwc0p9v125c
                                  4.536000       8     36.287998  
STQ_EO2_S_0P5      um28nchllogl35hsl140f_ssgwc0p9v125c
                                  1.512000     606    916.271979  
STQ_EO2_S_2        um28nchllogl35hsl140f_ssgwc0p9v125c
                                  1.512000     370    559.439987  
STQ_EO2_S_3        um28nchllogl35hsl140f_ssgwc0p9v125c
                                  2.520000       3      7.560000  
STQ_EO2_S_4        um28nchllogl35hsl140f_ssgwc0p9v125c
                                  2.688000      34     91.391999  
STQ_EO2_S_6        um28nchllogl35hsl140f_ssgwc0p9v125c
                                  4.032000       4     16.128000  
STQ_EO2_S_8        um28nchllogl35hsl140f_ssgwc0p9v125c
                                  4.872000       7     34.104002  
STQ_EO3_0P5        um28nchllogl35hsl140f_ssgwc0p9v125c
                                  1.512000    1044   1578.527963  
STQ_EO3_1          um28nchllogl35hsl140f_ssgwc0p9v125c
                                  2.184000     147    321.048002  
STQ_EO3_2          um28nchllogl35hsl140f_ssgwc0p9v125c
                                  2.688000     302    811.775989  
STQ_EO3_3          um28nchllogl35hsl140f_ssgwc0p9v125c
                                  4.200000     188    789.599964  
STQ_EO3_6          um28nchllogl35hsl140f_ssgwc0p9v125c
                                  7.056000       2     14.112000  
STQ_INV_1P5        um28nchllogl35hsl140f_ssgwc0p9v125c
                                  0.504000     339    170.856003  
STQ_INV_2          um28nchllogl35hsl140f_ssgwc0p9v125c
                                  0.504000     720    362.880006  
STQ_INV_2P5        um28nchllogl35hsl140f_ssgwc0p9v125c
                                  0.672000      59     39.647999  
STQ_INV_3          um28nchllogl35hsl140f_ssgwc0p9v125c
                                  0.672000     139     93.407999  
STQ_INV_3P5        um28nchllogl35hsl140f_ssgwc0p9v125c
                                  0.840000      47     39.479999  
STQ_INV_4          um28nchllogl35hsl140f_ssgwc0p9v125c
                                  0.840000     134    112.559996  
STQ_INV_6          um28nchllogl35hsl140f_ssgwc0p9v125c
                                  1.176000      69     81.144000  
STQ_INV_6P5        um28nchllogl35hsl140f_ssgwc0p9v125c
                                  1.344000      20     26.880000  
STQ_INV_7P5        um28nchllogl35hsl140f_ssgwc0p9v125c
                                  1.512000      21     31.751999  
STQ_INV_11         um28nchllogl35hsl140f_ssgwc0p9v125c
                                  2.016000       2      4.032000  
STQ_INV_12         um28nchllogl35hsl140f_ssgwc0p9v125c
                                  2.184000       3      6.552000  
STQ_INV_15         um28nchllogl35hsl140f_ssgwc0p9v125c
                                  2.688000       2      5.376000  
STQ_INV_18         um28nchllogl35hsl140f_ssgwc0p9v125c
                                  3.192000       3      9.576000  
STQ_INV_S_0P65     um28nchllogl35hsl140f_ssgwc0p9v125c
                                  0.336000    2652    891.071988  
STQ_INV_S_1        um28nchllogl35hsl140f_ssgwc0p9v125c
                                  0.336000    1669    560.783992  
STQ_INV_S_1P25     um28nchllogl35hsl140f_ssgwc0p9v125c
                                  0.504000     136     68.544001  
STQ_INV_S_5        um28nchllogl35hsl140f_ssgwc0p9v125c
                                  1.008000      30     30.240000  
STQ_INV_S_9        um28nchllogl35hsl140f_ssgwc0p9v125c
                                  1.680000       5      8.400000  
STQ_INV_S_10       um28nchllogl35hsl140f_ssgwc0p9v125c
                                  1.848000       7     12.936000  
STQ_INV_S_24       um28nchllogl35hsl140f_ssgwc0p9v125c
                                  4.368000       1      4.368000  
STQ_MUX2_1         um28nchllogl35hsl140f_ssgwc0p9v125c
                                  1.176000       3      3.528000  
STQ_MUXI2_MG_0P75  um28nchllogl35hsl140f_ssgwc0p9v125c
                                  1.008000     180    181.440003  
STQ_MUXI2_MG_1     um28nchllogl35hsl140f_ssgwc0p9v125c
                                  1.176000       2      2.352000  
STQ_MUXI2_MG_1P5   um28nchllogl35hsl140f_ssgwc0p9v125c
                                  1.680000      40     67.199998  
STQ_MUXI2_MG_3     um28nchllogl35hsl140f_ssgwc0p9v125c
                                  2.688000       2      5.376000  
STQ_MUXI2_MG_4     um28nchllogl35hsl140f_ssgwc0p9v125c
                                  3.360000       1      3.360000  
STQ_MUXI2_S_1      um28nchllogl35hsl140f_ssgwc0p9v125c
                                  1.176000      10     11.760000  
STQ_MUXI2_S_2      um28nchllogl35hsl140f_ssgwc0p9v125c
                                  1.848000       2      3.696000  
STQ_ND2B_1         um28nchllogl35hsl140f_ssgwc0p9v125c
                                  0.672000     192    129.023998  
STQ_ND2B_2         um28nchllogl35hsl140f_ssgwc0p9v125c
                                  1.008000     214    215.712003  
STQ_ND2B_3         um28nchllogl35hsl140f_ssgwc0p9v125c
                                  1.512000      80    120.959997  
STQ_ND2B_4         um28nchllogl35hsl140f_ssgwc0p9v125c
                                  1.848000      20     36.960001  
STQ_ND2B_6         um28nchllogl35hsl140f_ssgwc0p9v125c
                                  2.688000       8     21.504000  
STQ_ND2B_8         um28nchllogl35hsl140f_ssgwc0p9v125c
                                  3.528000       2      7.056000  
STQ_ND2B_10        um28nchllogl35hsl140f_ssgwc0p9v125c
                                  4.368000       1      4.368000  
STQ_ND2B_MM_1      um28nchllogl35hsl140f_ssgwc0p9v125c
                                  0.672000      68     45.695999  
STQ_ND2B_MM_4      um28nchllogl35hsl140f_ssgwc0p9v125c
                                  1.680000       3      5.040000  
STQ_ND2B_V1DG_1    um28nchllogl35hsl140f_ssgwc0p9v125c
                                  0.672000      96     64.511999  
STQ_ND2B_V1DG_2    um28nchllogl35hsl140f_ssgwc0p9v125c
                                  1.008000     117    117.936002  
STQ_ND2B_V1DG_4    um28nchllogl35hsl140f_ssgwc0p9v125c
                                  1.680000      17     28.559999  
STQ_ND2B_V1DG_16   um28nchllogl35hsl140f_ssgwc0p9v125c
                                  6.216000       1      6.216000  
STQ_ND2_1P5        um28nchllogl35hsl140f_ssgwc0p9v125c
                                  0.840000     334    280.559991  
STQ_ND2_5          um28nchllogl35hsl140f_ssgwc0p9v125c
                                  1.848000      43     79.464002  
STQ_ND2_6          um28nchllogl35hsl140f_ssgwc0p9v125c
                                  2.184000       8     17.472000  
STQ_ND2_7          um28nchllogl35hsl140f_ssgwc0p9v125c
                                  2.520000      10     25.200000  
STQ_ND2_8          um28nchllogl35hsl140f_ssgwc0p9v125c
                                  2.856000       4     11.424000  
STQ_ND2_9          um28nchllogl35hsl140f_ssgwc0p9v125c
                                  3.192000       5     15.960000  
STQ_ND2_10         um28nchllogl35hsl140f_ssgwc0p9v125c
                                  3.528000       5     17.640001  
STQ_ND2_12         um28nchllogl35hsl140f_ssgwc0p9v125c
                                  4.200000       5     20.999999  
STQ_ND2_16         um28nchllogl35hsl140f_ssgwc0p9v125c
                                  5.544000       1      5.544000  
STQ_ND2_G_1        um28nchllogl35hsl140f_ssgwc0p9v125c
                                  0.504000    1617    814.968013  
STQ_ND2_G_2        um28nchllogl35hsl140f_ssgwc0p9v125c
                                  0.840000     709    595.559981  
STQ_ND2_G_3        um28nchllogl35hsl140f_ssgwc0p9v125c
                                  1.176000     248    291.648000  
STQ_ND2_G_4        um28nchllogl35hsl140f_ssgwc0p9v125c
                                  1.512000      63     95.255998  
STQ_ND2_S_0P8      um28nchllogl35hsl140f_ssgwc0p9v125c
                                  0.504000     889    448.056007  
STQ_ND2_S_1        um28nchllogl35hsl140f_ssgwc0p9v125c
                                  0.504000     701    353.304006  
STQ_ND2_S_1P5      um28nchllogl35hsl140f_ssgwc0p9v125c
                                  0.840000      36     30.239999  
STQ_ND2_S_2        um28nchllogl35hsl140f_ssgwc0p9v125c
                                  0.840000     211    177.239994  
STQ_ND2_S_3        um28nchllogl35hsl140f_ssgwc0p9v125c
                                  1.176000      31     36.456000  
STQ_ND2_S_5        um28nchllogl35hsl140f_ssgwc0p9v125c
                                  1.512000      87    131.543997  
STQ_ND2_S_6        um28nchllogl35hsl140f_ssgwc0p9v125c
                                  1.848000       5      9.240000  
STQ_ND2_S_7        um28nchllogl35hsl140f_ssgwc0p9v125c
                                  2.184000       4      8.736000  
STQ_ND2_S_10       um28nchllogl35hsl140f_ssgwc0p9v125c
                                  2.856000       2      5.712000  
STQ_ND3B_0P5       um28nchllogl35hsl140f_ssgwc0p9v125c
                                  0.840000       4      3.360000  
STQ_ND3B_1         um28nchllogl35hsl140f_ssgwc0p9v125c
                                  0.840000       5      4.200000  
STQ_ND3B_2         um28nchllogl35hsl140f_ssgwc0p9v125c
                                  1.344000      17     22.848000  
STQ_ND3B_4         um28nchllogl35hsl140f_ssgwc0p9v125c
                                  2.520000       2      5.040000  
STQ_ND3B_V1DG_1    um28nchllogl35hsl140f_ssgwc0p9v125c
                                  0.840000       2      1.680000  
STQ_ND3B_V1DG_2    um28nchllogl35hsl140f_ssgwc0p9v125c
                                  1.344000       9     12.096000  
STQ_ND3B_V1DG_4    um28nchllogl35hsl140f_ssgwc0p9v125c
                                  2.352000       1      2.352000  
STQ_ND3_0P5        um28nchllogl35hsl140f_ssgwc0p9v125c
                                  0.672000     376    252.671997  
STQ_ND3_1          um28nchllogl35hsl140f_ssgwc0p9v125c
                                  0.672000     477    320.543996  
STQ_ND3_2          um28nchllogl35hsl140f_ssgwc0p9v125c
                                  1.176000     325    382.200000  
STQ_ND3_3          um28nchllogl35hsl140f_ssgwc0p9v125c
                                  1.680000      13     21.839999  
STQ_ND3_4          um28nchllogl35hsl140f_ssgwc0p9v125c
                                  2.184000      20     43.680000  
STQ_ND3_5          um28nchllogl35hsl140f_ssgwc0p9v125c
                                  2.688000      25     67.199999  
STQ_ND3_6          um28nchllogl35hsl140f_ssgwc0p9v125c
                                  3.192000       8     25.535999  
STQ_ND4BB_2        um28nchllogl35hsl140f_ssgwc0p9v125c
                                  1.848000       1      1.848000  
STQ_ND4B_1         um28nchllogl35hsl140f_ssgwc0p9v125c
                                  1.008000      12     12.096000  
STQ_ND4B_2         um28nchllogl35hsl140f_ssgwc0p9v125c
                                  1.680000      13     21.839999  
STQ_ND4_0P5        um28nchllogl35hsl140f_ssgwc0p9v125c
                                  0.840000     242    203.279994  
STQ_ND4_1          um28nchllogl35hsl140f_ssgwc0p9v125c
                                  0.840000     168    141.119996  
STQ_ND4_1P5        um28nchllogl35hsl140f_ssgwc0p9v125c
                                  1.512000      35     52.919999  
STQ_ND4_2          um28nchllogl35hsl140f_ssgwc0p9v125c
                                  1.512000      29     43.847999  
STQ_ND4_4          um28nchllogl35hsl140f_ssgwc0p9v125c
                                  2.856000      13     37.127999  
STQ_ND4_MM_1       um28nchllogl35hsl140f_ssgwc0p9v125c
                                  0.840000     102     85.679997  
STQ_ND4_MM_1P5     um28nchllogl35hsl140f_ssgwc0p9v125c
                                  1.512000      33     49.895999  
STQ_ND4_MM_2       um28nchllogl35hsl140f_ssgwc0p9v125c
                                  1.512000       7     10.584000  
STQ_ND4_MM_4       um28nchllogl35hsl140f_ssgwc0p9v125c
                                  2.520000      36     90.719999  
STQ_ND4_MM_8       um28nchllogl35hsl140f_ssgwc0p9v125c
                                  4.536000      57    258.551987  
STQ_NR2B_1         um28nchllogl35hsl140f_ssgwc0p9v125c
                                  0.672000     218    146.495998  
STQ_NR2B_1P5       um28nchllogl35hsl140f_ssgwc0p9v125c
                                  1.008000      80     80.640001  
STQ_NR2B_2         um28nchllogl35hsl140f_ssgwc0p9v125c
                                  1.008000     135    136.080002  
STQ_NR2B_3         um28nchllogl35hsl140f_ssgwc0p9v125c
                                  1.512000      53     80.135998  
STQ_NR2B_4         um28nchllogl35hsl140f_ssgwc0p9v125c
                                  1.848000      24     44.352001  
STQ_NR2B_6         um28nchllogl35hsl140f_ssgwc0p9v125c
                                  2.688000      13     34.944000  
STQ_NR2B_8         um28nchllogl35hsl140f_ssgwc0p9v125c
                                  3.528000       4     14.112000  
STQ_NR2B_16        um28nchllogl35hsl140f_ssgwc0p9v125c
                                  6.552000       1      6.552000  
STQ_NR2B_V1DG_1    um28nchllogl35hsl140f_ssgwc0p9v125c
                                  0.672000      30     20.160000  
STQ_NR2B_V1DG_2    um28nchllogl35hsl140f_ssgwc0p9v125c
                                  1.008000      23     23.184000  
STQ_NR2B_V1DG_3    um28nchllogl35hsl140f_ssgwc0p9v125c
                                  1.344000       6      8.064000  
STQ_NR2B_V1DG_4    um28nchllogl35hsl140f_ssgwc0p9v125c
                                  1.680000       6     10.080000  
STQ_NR2_1          um28nchllogl35hsl140f_ssgwc0p9v125c
                                  0.504000    1117    562.968009  
STQ_NR2_1P5        um28nchllogl35hsl140f_ssgwc0p9v125c
                                  0.840000     291    244.439992  
STQ_NR2_2          um28nchllogl35hsl140f_ssgwc0p9v125c
                                  0.840000     603    506.519984  
STQ_NR2_3          um28nchllogl35hsl140f_ssgwc0p9v125c
                                  1.176000     151    177.576000  
STQ_NR2_6          um28nchllogl35hsl140f_ssgwc0p9v125c
                                  2.184000      15     32.760000  
STQ_NR2_8          um28nchllogl35hsl140f_ssgwc0p9v125c
                                  2.856000       6     17.136000  
STQ_NR2_G_0P5      um28nchllogl35hsl140f_ssgwc0p9v125c
                                  0.504000     611    307.944005  
STQ_NR2_G_0P8      um28nchllogl35hsl140f_ssgwc0p9v125c
                                  0.504000     782    394.128006  
STQ_NR2_G_2P5      um28nchllogl35hsl140f_ssgwc0p9v125c
                                  1.176000      30     35.280000  
STQ_NR2_G_3P5      um28nchllogl35hsl140f_ssgwc0p9v125c
                                  1.512000      22     33.263999  
STQ_NR2_G_4        um28nchllogl35hsl140f_ssgwc0p9v125c
                                  1.512000      84    127.007997  
STQ_NR2_G_5        um28nchllogl35hsl140f_ssgwc0p9v125c
                                  1.848000      30     55.440001  
STQ_NR2_G_6        um28nchllogl35hsl140f_ssgwc0p9v125c
                                  2.184000       6     13.104000  
STQ_NR2_G_12       um28nchllogl35hsl140f_ssgwc0p9v125c
                                  4.200000      12     50.399998  
STQ_NR2_G_16       um28nchllogl35hsl140f_ssgwc0p9v125c
                                  5.544000       1      5.544000  
STQ_NR2_S_1P5      um28nchllogl35hsl140f_ssgwc0p9v125c
                                  0.840000      16     13.440000  
STQ_NR3B_MG_0P75   um28nchllogl35hsl140f_ssgwc0p9v125c
                                  0.840000       4      3.360000  
STQ_NR3B_MG_1      um28nchllogl35hsl140f_ssgwc0p9v125c
                                  0.840000      32     26.879999  
STQ_NR3B_MG_2      um28nchllogl35hsl140f_ssgwc0p9v125c
                                  1.344000      19     25.536000  
STQ_NR3_G_0P8      um28nchllogl35hsl140f_ssgwc0p9v125c
                                  0.672000     127     85.343999  
STQ_NR3_G_0P65     um28nchllogl35hsl140f_ssgwc0p9v125c
                                  0.672000     288    193.535997  
STQ_NR3_G_1        um28nchllogl35hsl140f_ssgwc0p9v125c
                                  0.672000     362    243.263997  
STQ_NR3_G_1P5      um28nchllogl35hsl140f_ssgwc0p9v125c
                                  1.176000      42     49.392000  
STQ_NR3_G_2        um28nchllogl35hsl140f_ssgwc0p9v125c
                                  1.176000     160    188.160000  
STQ_NR3_G_3        um28nchllogl35hsl140f_ssgwc0p9v125c
                                  1.680000       5      8.400000  
STQ_NR3_G_4        um28nchllogl35hsl140f_ssgwc0p9v125c
                                  2.184000      34     74.256001  
STQ_NR3_G_5        um28nchllogl35hsl140f_ssgwc0p9v125c
                                  2.688000       2      5.376000  
STQ_NR3_G_8        um28nchllogl35hsl140f_ssgwc0p9v125c
                                  4.200000       4     16.799999  
STQ_NR4BB_0P75     um28nchllogl35hsl140f_ssgwc0p9v125c
                                  1.176000       2      2.352000  
STQ_NR4BB_2        um28nchllogl35hsl140f_ssgwc0p9v125c
                                  1.848000       4      7.392000  
STQ_NR4B_1         um28nchllogl35hsl140f_ssgwc0p9v125c
                                  1.008000       9      9.072000  
STQ_NR4B_2         um28nchllogl35hsl140f_ssgwc0p9v125c
                                  1.680000       6     10.080000  
STQ_NR4B_4         um28nchllogl35hsl140f_ssgwc0p9v125c
                                  3.192000       1      3.192000  
STQ_NR4_0P5        um28nchllogl35hsl140f_ssgwc0p9v125c
                                  0.840000      93     78.119998  
STQ_NR4_1          um28nchllogl35hsl140f_ssgwc0p9v125c
                                  0.840000     465    390.599988  
STQ_NR4_2          um28nchllogl35hsl140f_ssgwc0p9v125c
                                  1.512000      92    139.103997  
STQ_NR4_4          um28nchllogl35hsl140f_ssgwc0p9v125c
                                  2.856000       8     22.848000  
STQ_NR4_8          um28nchllogl35hsl140f_ssgwc0p9v125c
                                  5.208000       1      5.208000  
STQ_OA2BB2_1       um28nchllogl35hsl140f_ssgwc0p9v125c
                                  1.008000       4      4.032000  
STQ_OA2BB2_2       um28nchllogl35hsl140f_ssgwc0p9v125c
                                  1.512000       2      3.024000  
STQ_OA21B_0P5      um28nchllogl35hsl140f_ssgwc0p9v125c
                                  0.840000       6      5.040000  
STQ_OA21B_1        um28nchllogl35hsl140f_ssgwc0p9v125c
                                  0.840000      14     11.760000  
STQ_OA21B_2        um28nchllogl35hsl140f_ssgwc0p9v125c
                                  1.176000      16     18.816000  
STQ_OA21B_4        um28nchllogl35hsl140f_ssgwc0p9v125c
                                  2.184000       2      4.368000  
STQ_OA21_1         um28nchllogl35hsl140f_ssgwc0p9v125c
                                  0.840000       5      4.200000  
STQ_OA21_2         um28nchllogl35hsl140f_ssgwc0p9v125c
                                  1.008000       8      8.064000  
STQ_OA22_2         um28nchllogl35hsl140f_ssgwc0p9v125c
                                  1.344000       1      1.344000  
STQ_OA22_DG_2      um28nchllogl35hsl140f_ssgwc0p9v125c
                                  1.176000       1      1.176000  
STQ_OA31_1         um28nchllogl35hsl140f_ssgwc0p9v125c
                                  1.008000       3      3.024000  
STQ_OA31_2         um28nchllogl35hsl140f_ssgwc0p9v125c
                                  1.176000       8      9.408000  
STQ_OAI21B_1       um28nchllogl35hsl140f_ssgwc0p9v125c
                                  0.840000       4      3.360000  
STQ_OAI21_0P5      um28nchllogl35hsl140f_ssgwc0p9v125c
                                  0.672000      57     38.303999  
STQ_OAI21_0P75     um28nchllogl35hsl140f_ssgwc0p9v125c
                                  0.672000      21     14.112000  
STQ_OAI21_1        um28nchllogl35hsl140f_ssgwc0p9v125c
                                  0.672000     135     90.719999  
STQ_OAI21_1P5      um28nchllogl35hsl140f_ssgwc0p9v125c
                                  1.176000      52     61.152000  
STQ_OAI21_2        um28nchllogl35hsl140f_ssgwc0p9v125c
                                  1.176000      73     85.848000  
STQ_OAI21_3        um28nchllogl35hsl140f_ssgwc0p9v125c
                                  1.680000      25     41.999999  
STQ_OAI21_4        um28nchllogl35hsl140f_ssgwc0p9v125c
                                  2.184000       2      4.368000  
STQ_OAI21_8        um28nchllogl35hsl140f_ssgwc0p9v125c
                                  4.200000       1      4.200000  
STQ_OAI22_0P5      um28nchllogl35hsl140f_ssgwc0p9v125c
                                  0.840000      15     12.600000  
STQ_OAI22_0P75     um28nchllogl35hsl140f_ssgwc0p9v125c
                                  0.840000       4      3.360000  
STQ_OAI22_2        um28nchllogl35hsl140f_ssgwc0p9v125c
                                  1.512000       5      7.560000  
STQ_OAI22_3        um28nchllogl35hsl140f_ssgwc0p9v125c
                                  2.184000       5     10.920000  
STQ_OAI22_5        um28nchllogl35hsl140f_ssgwc0p9v125c
                                  3.528000       1      3.528000  
STQ_OAI22_V3S_1    um28nchllogl35hsl140f_ssgwc0p9v125c
                                  0.840000      10      8.400000  
STQ_OAI31_G_0P5    um28nchllogl35hsl140f_ssgwc0p9v125c
                                  0.840000      11      9.240000  
STQ_OAI31_G_0P75   um28nchllogl35hsl140f_ssgwc0p9v125c
                                  0.840000      13     10.920000  
STQ_OAI31_G_1      um28nchllogl35hsl140f_ssgwc0p9v125c
                                  0.840000      67     56.279998  
STQ_OAI31_G_2      um28nchllogl35hsl140f_ssgwc0p9v125c
                                  1.512000      88    133.055997  
STQ_OAI31_G_3      um28nchllogl35hsl140f_ssgwc0p9v125c
                                  2.184000       3      6.552000  
STQ_OAI31_G_4      um28nchllogl35hsl140f_ssgwc0p9v125c
                                  2.856000       1      2.856000  
STQ_OAI211_0P5     um28nchllogl35hsl140f_ssgwc0p9v125c
                                  0.840000      45     37.799999  
STQ_OAI211_1       um28nchllogl35hsl140f_ssgwc0p9v125c
                                  0.840000      23     19.319999  
STQ_OAI211_1P5     um28nchllogl35hsl140f_ssgwc0p9v125c
                                  1.512000       3      4.536000  
STQ_OAI211_2       um28nchllogl35hsl140f_ssgwc0p9v125c
                                  1.512000       1      1.512000  
STQ_OAI211_3       um28nchllogl35hsl140f_ssgwc0p9v125c
                                  2.184000       1      2.184000  
STQ_OAI211_4       um28nchllogl35hsl140f_ssgwc0p9v125c
                                  2.856000       5     14.280000  
STQ_OAOI211_0P5    um28nchllogl35hsl140f_ssgwc0p9v125c
                                  0.840000      21     17.639999  
STQ_OAOI211_1      um28nchllogl35hsl140f_ssgwc0p9v125c
                                  0.840000      25     20.999999  
STQ_OAOI211_2      um28nchllogl35hsl140f_ssgwc0p9v125c
                                  1.512000      17     25.703999  
STQ_OAOI211_4      um28nchllogl35hsl140f_ssgwc0p9v125c
                                  2.856000       3      8.568000  
STQ_OAOI211_V2_1   um28nchllogl35hsl140f_ssgwc0p9v125c
                                  0.840000       6      5.040000  
STQ_OAOI211_V2_2   um28nchllogl35hsl140f_ssgwc0p9v125c
                                  1.512000       2      3.024000  
STQ_OR2_1          um28nchllogl35hsl140f_ssgwc0p9v125c
                                  0.672000     100     67.199999  
STQ_OR2_2          um28nchllogl35hsl140f_ssgwc0p9v125c
                                  0.840000     230    193.199994  
STQ_OR2_2P5        um28nchllogl35hsl140f_ssgwc0p9v125c
                                  1.344000      13     17.472000  
STQ_OR2_3          um28nchllogl35hsl140f_ssgwc0p9v125c
                                  1.344000      43     57.791999  
STQ_OR2_4          um28nchllogl35hsl140f_ssgwc0p9v125c
                                  1.512000      21     31.751999  
STQ_OR2_5          um28nchllogl35hsl140f_ssgwc0p9v125c
                                  2.016000       3      6.048000  
STQ_OR2_7          um28nchllogl35hsl140f_ssgwc0p9v125c
                                  2.688000       5     13.440000  
STQ_OR2_12         um28nchllogl35hsl140f_ssgwc0p9v125c
                                  4.200000       1      4.200000  
STQ_OR3B_0P5       um28nchllogl35hsl140f_ssgwc0p9v125c
                                  0.840000       8      6.720000  
STQ_OR3B_1         um28nchllogl35hsl140f_ssgwc0p9v125c
                                  0.840000     114     95.759997  
STQ_OR3B_2         um28nchllogl35hsl140f_ssgwc0p9v125c
                                  1.176000     111    130.536000  
STQ_OR3B_4         um28nchllogl35hsl140f_ssgwc0p9v125c
                                  2.184000      27     58.968000  
STQ_OR3B_8         um28nchllogl35hsl140f_ssgwc0p9v125c
                                  4.200000       1      4.200000  
STQ_OR3_1          um28nchllogl35hsl140f_ssgwc0p9v125c
                                  0.840000       9      7.560000  
STQ_OR3_2          um28nchllogl35hsl140f_ssgwc0p9v125c
                                  1.008000       1      1.008000  
STQ_OR3_3          um28nchllogl35hsl140f_ssgwc0p9v125c
                                  1.680000       2      3.360000  
STQ_OR3_8          um28nchllogl35hsl140f_ssgwc0p9v125c
                                  3.528000       1      3.528000  
STQ_OR3_L_1        um28nchllogl35hsl140f_ssgwc0p9v125c
                                  0.840000      82     68.879998  
STQ_OR3_L_1P5      um28nchllogl35hsl140f_ssgwc0p9v125c
                                  1.008000       2      2.016000  
STQ_OR4B_1         um28nchllogl35hsl140f_ssgwc0p9v125c
                                  1.008000      78     78.624001  
STQ_OR4B_2         um28nchllogl35hsl140f_ssgwc0p9v125c
                                  1.344000      57     76.607999  
STQ_OR4B_4         um28nchllogl35hsl140f_ssgwc0p9v125c
                                  2.520000      20     50.400000  
STQ_OR4_1          um28nchllogl35hsl140f_ssgwc0p9v125c
                                  1.344000      15     20.160000  
STQ_OR4_2          um28nchllogl35hsl140f_ssgwc0p9v125c
                                  1.512000      19     28.727999  
STQ_OR4_4          um28nchllogl35hsl140f_ssgwc0p9v125c
                                  2.856000      11     31.415999  
-----------------------------------------------------------------------------
Total 330 references                                43816.415585
1
