 
****************************************
Report : timing
        -path full
        -delay max
        -nworst 10
        -max_paths 10
Design : DECODER
Version: Q-2019.12-SP5-5
Date   : Wed Apr  1 13:49:41 2026
****************************************

Operating Conditions: SSGWC0P9V125C   Library: um28nchllogl35hsl140f_ssgwc0p9v125c
Wire Load Model Mode: enclosed

  Startpoint: data[25][6]
              (input port clocked by vclk)
  Endpoint: decode_data[27][5]
            (output port clocked by vclk)
  Path Group: vclk
  Path Type: max

  Des/Clust/Port     Wire Load Model       Library
  ------------------------------------------------
  DECODER            ZeroWLM               um28nchllogl35hsl140f_ssgwc0p9v125c
  RIBM               ZeroWLM               um28nchllogl35hsl140f_ssgwc0p9v125c

  Point                                    Incr       Path
  -----------------------------------------------------------
  clock vclk (rise edge)                   0.00       0.00
  clock network delay (ideal)              0.00       0.00
  input external delay                     0.00       0.00 f
  data[25][6] (in)                         0.00       0.00 f
  U21667/X (STQ_EO2_6)                     0.05       0.05 r
  U21744/X (STQ_EN2_S_2)                   0.04       0.09 f
  U25492/X (STQ_EO3_3)                     0.03       0.12 r
  U25534/X (STQ_EO3_3)                     0.03       0.14 f
  U25407/X (STQ_EO3_3)                     0.06       0.20 f
  U5712/X (STQ_EN3_3)                      0.06       0.26 r
  ribm/syndrome[0][2] (RIBM)               0.00       0.26 r
  ribm/U6921/X (STQ_EN2_6)                 0.04       0.30 f
  ribm/U7093/X (STQ_EN3_6)                 0.06       0.36 r
  ribm/U1148/X (STQ_ND2_G_2)               0.02       0.38 f
  ribm/U7565/X (STQ_EN3_3)                 0.02       0.41 f
  ribm/U7558/X (STQ_EN3_3)                 0.06       0.46 f
  ribm/U1304/X (STQ_INV_6P5)               0.01       0.48 r
  ribm/U1496/X (STQ_ND2_S_6)               0.01       0.48 f
  ribm/U7859/X (STQ_EN3_3)                 0.05       0.54 f
  ribm/U7643/X (STQ_EN3_3)                 0.06       0.59 r
  ribm/U966/X (STQ_INV_6P5)                0.01       0.61 f
  ribm/U7131/X (STQ_INV_7P5)               0.01       0.61 r
  ribm/U1494/X (STQ_EN2_8)                 0.04       0.65 f
  ribm/U789/X (STQ_NR2_1)                  0.02       0.67 r
  ribm/U4189/X (STQ_EO2_2)                 0.04       0.71 f
  ribm/U7283/X (STQ_EN3_3)                 0.02       0.73 f
  ribm/U7281/X (STQ_EO3_3)                 0.03       0.76 r
  ribm/U7278/X (STQ_EN3_3)                 0.03       0.80 f
  ribm/U2710/X (STQ_INV_S_1)               0.02       0.81 r
  ribm/U8294/X (STQ_NR2_1)                 0.01       0.83 f
  ribm/U8293/X (STQ_EN3_3)                 0.05       0.88 f
  ribm/U7652/X (STQ_EN3_3)                 0.05       0.93 f
  ribm/U7200/X (STQ_EN3_6)                 0.06       1.00 r
  ribm/U7052/X (STQ_EN2_6)                 0.04       1.03 f
  ribm/U1831/X (STQ_EN2_4)                 0.03       1.06 r
  ribm/U1817/X (STQ_ND2_S_5)               0.01       1.07 f
  ribm/U7217/X (STQ_EN3_3)                 0.06       1.13 r
  ribm/U7409/X (STQ_EN3_6)                 0.04       1.17 f
  ribm/U264/X (STQ_INV_6)                  0.01       1.18 r
  ribm/U1275/X (STQ_EN2_S_6)               0.04       1.23 f
  ribm/U7546/X (STQ_NR2_S_1P5)             0.01       1.23 r
  ribm/U139/X (STQ_INV_S_0P65)             0.02       1.25 f
  ribm/U7425/X (STQ_EN3_3)                 0.05       1.31 r
  ribm/U8289/X (STQ_EN3_3)                 0.03       1.34 r
  ribm/U6985/X (STQ_EN3_6)                 0.05       1.38 f
  ribm/lambda[3][1] (RIBM)                 0.00       1.38 f
  U22021/X (STQ_EN2_S_2)                   0.05       1.43 r
  U4327/X (STQ_EN2_4)                      0.04       1.47 f
  U21884/X (STQ_EN3_3)                     0.03       1.50 r
  U3332/X (STQ_INV_4)                      0.01       1.51 f
  U2714/X (STQ_NR2_G_5)                    0.02       1.52 r
  U3330/X (STQ_ND2_5)                      0.02       1.54 f
  U2351/X (STQ_INV_6)                      0.01       1.55 r
  U2136/X (STQ_ND2B_2)                     0.03       1.58 f
  U3329/X (STQ_INV_4)                      0.01       1.59 r
  U6998/X (STQ_NR2_1P5)                    0.01       1.60 f
  U27738/X (STQ_ND3_2)                     0.01       1.61 r
  U3328/X (STQ_NR2_2)                      0.01       1.62 f
  U12808/X (STQ_ND2_G_1)                   0.01       1.63 r
  U13447/X (STQ_OAI31_G_2)                 0.02       1.65 f
  U4525/X (STQ_ND4_MM_8)                   0.03       1.68 r
  U19827/X (STQ_ND2_1P5)                   0.02       1.70 f
  U22478/X (STQ_EO2_2)                     0.04       1.74 r
  U21609/X (STQ_EN3_3)                     0.05       1.79 r
  U6157/X (STQ_EN2_6)                      0.03       1.82 f
  U24991/X (STQ_EO3_3)                     0.03       1.85 r
  U21619/X (STQ_EN2_S_2)                   0.03       1.88 f
  U25557/X (STQ_NR2_2)                     0.01       1.89 r
  U25556/X (STQ_EN2_S_2)                   0.03       1.92 f
  decode_data[27][5] (out)                 0.00       1.92 f
  data arrival time                                   1.92

  clock vclk (rise edge)                   0.38       0.38
  clock network delay (ideal)              0.00       0.38
  output external delay                    0.00       0.38
  data required time                                  0.38
  -----------------------------------------------------------
  data required time                                  0.38
  data arrival time                                  -1.92
  -----------------------------------------------------------
  slack (VIOLATED)                                   -1.54


  Startpoint: data[25][6]
              (input port clocked by vclk)
  Endpoint: decode_data[27][5]
            (output port clocked by vclk)
  Path Group: vclk
  Path Type: max

  Des/Clust/Port     Wire Load Model       Library
  ------------------------------------------------
  DECODER            ZeroWLM               um28nchllogl35hsl140f_ssgwc0p9v125c
  RIBM               ZeroWLM               um28nchllogl35hsl140f_ssgwc0p9v125c

  Point                                    Incr       Path
  -----------------------------------------------------------
  clock vclk (rise edge)                   0.00       0.00
  clock network delay (ideal)              0.00       0.00
  input external delay                     0.00       0.00 f
  data[25][6] (in)                         0.00       0.00 f
  U21667/X (STQ_EO2_6)                     0.05       0.05 r
  U21744/X (STQ_EN2_S_2)                   0.04       0.09 f
  U25492/X (STQ_EO3_3)                     0.03       0.12 r
  U25534/X (STQ_EO3_3)                     0.03       0.14 f
  U25407/X (STQ_EO3_3)                     0.06       0.20 f
  U5712/X (STQ_EN3_3)                      0.06       0.26 r
  ribm/syndrome[0][2] (RIBM)               0.00       0.26 r
  ribm/U6921/X (STQ_EN2_6)                 0.04       0.30 f
  ribm/U7093/X (STQ_EN3_6)                 0.06       0.36 r
  ribm/U1148/X (STQ_ND2_G_2)               0.02       0.38 f
  ribm/U7565/X (STQ_EN3_3)                 0.02       0.41 f
  ribm/U7558/X (STQ_EN3_3)                 0.06       0.46 f
  ribm/U1304/X (STQ_INV_6P5)               0.01       0.48 r
  ribm/U1496/X (STQ_ND2_S_6)               0.01       0.48 f
  ribm/U7859/X (STQ_EN3_3)                 0.05       0.54 f
  ribm/U7643/X (STQ_EN3_3)                 0.06       0.59 r
  ribm/U966/X (STQ_INV_6P5)                0.01       0.61 f
  ribm/U7131/X (STQ_INV_7P5)               0.01       0.61 r
  ribm/U1494/X (STQ_EN2_8)                 0.04       0.65 f
  ribm/U789/X (STQ_NR2_1)                  0.02       0.67 r
  ribm/U4189/X (STQ_EO2_2)                 0.04       0.71 f
  ribm/U7283/X (STQ_EN3_3)                 0.02       0.73 f
  ribm/U7281/X (STQ_EO3_3)                 0.03       0.76 r
  ribm/U7278/X (STQ_EN3_3)                 0.03       0.80 f
  ribm/U2710/X (STQ_INV_S_1)               0.02       0.81 r
  ribm/U8294/X (STQ_NR2_1)                 0.01       0.83 f
  ribm/U8293/X (STQ_EN3_3)                 0.05       0.88 f
  ribm/U7652/X (STQ_EN3_3)                 0.05       0.93 f
  ribm/U7200/X (STQ_EN3_6)                 0.06       1.00 r
  ribm/U7052/X (STQ_EN2_6)                 0.04       1.03 f
  ribm/U1831/X (STQ_EN2_4)                 0.03       1.06 r
  ribm/U1817/X (STQ_ND2_S_5)               0.01       1.07 f
  ribm/U7217/X (STQ_EN3_3)                 0.06       1.13 r
  ribm/U7409/X (STQ_EN3_6)                 0.04       1.17 f
  ribm/U264/X (STQ_INV_6)                  0.01       1.18 r
  ribm/U1275/X (STQ_EN2_S_6)               0.04       1.23 f
  ribm/U7546/X (STQ_NR2_S_1P5)             0.01       1.23 r
  ribm/U139/X (STQ_INV_S_0P65)             0.02       1.25 f
  ribm/U7425/X (STQ_EN3_3)                 0.05       1.31 r
  ribm/U8289/X (STQ_EN3_3)                 0.03       1.34 r
  ribm/U6985/X (STQ_EN3_6)                 0.05       1.38 f
  ribm/lambda[3][1] (RIBM)                 0.00       1.38 f
  U22021/X (STQ_EN2_S_2)                   0.05       1.43 r
  U4327/X (STQ_EN2_4)                      0.04       1.47 f
  U21884/X (STQ_EN3_3)                     0.03       1.50 r
  U3332/X (STQ_INV_4)                      0.01       1.51 f
  U2714/X (STQ_NR2_G_5)                    0.02       1.52 r
  U3330/X (STQ_ND2_5)                      0.02       1.54 f
  U2351/X (STQ_INV_6)                      0.01       1.55 r
  U2136/X (STQ_ND2B_2)                     0.03       1.58 f
  U3329/X (STQ_INV_4)                      0.01       1.59 r
  U6998/X (STQ_NR2_1P5)                    0.01       1.60 f
  U27738/X (STQ_ND3_2)                     0.01       1.61 r
  U3328/X (STQ_NR2_2)                      0.01       1.62 f
  U12808/X (STQ_ND2_G_1)                   0.01       1.63 r
  U13447/X (STQ_OAI31_G_2)                 0.02       1.65 f
  U4525/X (STQ_ND4_MM_8)                   0.03       1.68 r
  U19827/X (STQ_ND2_1P5)                   0.02       1.70 f
  U22478/X (STQ_EO2_2)                     0.04       1.74 r
  U21609/X (STQ_EN3_3)                     0.05       1.79 r
  U6157/X (STQ_EN2_6)                      0.03       1.82 f
  U24991/X (STQ_EO3_3)                     0.03       1.85 r
  U21619/X (STQ_EN2_S_2)                   0.03       1.88 f
  U25557/X (STQ_NR2_2)                     0.01       1.89 r
  U25556/X (STQ_EN2_S_2)                   0.03       1.92 f
  decode_data[27][5] (out)                 0.00       1.92 f
  data arrival time                                   1.92

  clock vclk (rise edge)                   0.38       0.38
  clock network delay (ideal)              0.00       0.38
  output external delay                    0.00       0.38
  data required time                                  0.38
  -----------------------------------------------------------
  data required time                                  0.38
  data arrival time                                  -1.92
  -----------------------------------------------------------
  slack (VIOLATED)                                   -1.54


  Startpoint: data[25][6]
              (input port clocked by vclk)
  Endpoint: decode_data[27][5]
            (output port clocked by vclk)
  Path Group: vclk
  Path Type: max

  Des/Clust/Port     Wire Load Model       Library
  ------------------------------------------------
  DECODER            ZeroWLM               um28nchllogl35hsl140f_ssgwc0p9v125c
  RIBM               ZeroWLM               um28nchllogl35hsl140f_ssgwc0p9v125c

  Point                                    Incr       Path
  -----------------------------------------------------------
  clock vclk (rise edge)                   0.00       0.00
  clock network delay (ideal)              0.00       0.00
  input external delay                     0.00       0.00 f
  data[25][6] (in)                         0.00       0.00 f
  U21667/X (STQ_EO2_6)                     0.05       0.05 r
  U21744/X (STQ_EN2_S_2)                   0.04       0.09 f
  U25492/X (STQ_EO3_3)                     0.03       0.12 r
  U25534/X (STQ_EO3_3)                     0.03       0.14 f
  U25407/X (STQ_EO3_3)                     0.06       0.20 f
  U5712/X (STQ_EN3_3)                      0.06       0.26 r
  ribm/syndrome[0][2] (RIBM)               0.00       0.26 r
  ribm/U6921/X (STQ_EN2_6)                 0.04       0.30 f
  ribm/U7093/X (STQ_EN3_6)                 0.06       0.36 r
  ribm/U1148/X (STQ_ND2_G_2)               0.02       0.38 f
  ribm/U7565/X (STQ_EN3_3)                 0.02       0.41 f
  ribm/U7558/X (STQ_EN3_3)                 0.06       0.46 f
  ribm/U1304/X (STQ_INV_6P5)               0.01       0.48 r
  ribm/U1496/X (STQ_ND2_S_6)               0.01       0.48 f
  ribm/U7859/X (STQ_EN3_3)                 0.05       0.54 f
  ribm/U7643/X (STQ_EN3_3)                 0.06       0.59 r
  ribm/U966/X (STQ_INV_6P5)                0.01       0.61 f
  ribm/U7131/X (STQ_INV_7P5)               0.01       0.61 r
  ribm/U1494/X (STQ_EN2_8)                 0.04       0.65 f
  ribm/U789/X (STQ_NR2_1)                  0.02       0.67 r
  ribm/U4189/X (STQ_EO2_2)                 0.04       0.71 f
  ribm/U7283/X (STQ_EN3_3)                 0.02       0.73 f
  ribm/U7281/X (STQ_EO3_3)                 0.03       0.76 r
  ribm/U7278/X (STQ_EN3_3)                 0.03       0.80 f
  ribm/U2710/X (STQ_INV_S_1)               0.02       0.81 r
  ribm/U8294/X (STQ_NR2_1)                 0.01       0.83 f
  ribm/U8293/X (STQ_EN3_3)                 0.05       0.88 f
  ribm/U7652/X (STQ_EN3_3)                 0.05       0.93 f
  ribm/U7200/X (STQ_EN3_6)                 0.06       1.00 r
  ribm/U7052/X (STQ_EN2_6)                 0.04       1.03 f
  ribm/U1831/X (STQ_EN2_4)                 0.03       1.06 r
  ribm/U1817/X (STQ_ND2_S_5)               0.01       1.07 f
  ribm/U7217/X (STQ_EN3_3)                 0.06       1.13 r
  ribm/U7409/X (STQ_EN3_6)                 0.04       1.17 f
  ribm/U264/X (STQ_INV_6)                  0.01       1.18 r
  ribm/U1275/X (STQ_EN2_S_6)               0.04       1.23 f
  ribm/U7546/X (STQ_NR2_S_1P5)             0.01       1.23 r
  ribm/U139/X (STQ_INV_S_0P65)             0.02       1.25 f
  ribm/U7425/X (STQ_EN3_3)                 0.05       1.31 r
  ribm/U8289/X (STQ_EN3_3)                 0.03       1.34 r
  ribm/U6985/X (STQ_EN3_6)                 0.05       1.38 f
  ribm/lambda[3][1] (RIBM)                 0.00       1.38 f
  U22021/X (STQ_EN2_S_2)                   0.05       1.43 r
  U4327/X (STQ_EN2_4)                      0.04       1.47 f
  U21884/X (STQ_EN3_3)                     0.03       1.50 r
  U3332/X (STQ_INV_4)                      0.01       1.51 f
  U2714/X (STQ_NR2_G_5)                    0.02       1.52 r
  U3330/X (STQ_ND2_5)                      0.02       1.54 f
  U2351/X (STQ_INV_6)                      0.01       1.55 r
  U2136/X (STQ_ND2B_2)                     0.03       1.58 f
  U3329/X (STQ_INV_4)                      0.01       1.59 r
  U6998/X (STQ_NR2_1P5)                    0.01       1.60 f
  U27738/X (STQ_ND3_2)                     0.01       1.61 r
  U3328/X (STQ_NR2_2)                      0.01       1.62 f
  U12808/X (STQ_ND2_G_1)                   0.01       1.63 r
  U13447/X (STQ_OAI31_G_2)                 0.02       1.65 f
  U4525/X (STQ_ND4_MM_8)                   0.03       1.68 r
  U19827/X (STQ_ND2_1P5)                   0.02       1.70 f
  U22478/X (STQ_EO2_2)                     0.04       1.74 r
  U21609/X (STQ_EN3_3)                     0.05       1.79 r
  U6157/X (STQ_EN2_6)                      0.03       1.82 f
  U24991/X (STQ_EO3_3)                     0.03       1.85 r
  U21619/X (STQ_EN2_S_2)                   0.03       1.88 f
  U25557/X (STQ_NR2_2)                     0.01       1.89 r
  U25556/X (STQ_EN2_S_2)                   0.03       1.92 f
  decode_data[27][5] (out)                 0.00       1.92 f
  data arrival time                                   1.92

  clock vclk (rise edge)                   0.38       0.38
  clock network delay (ideal)              0.00       0.38
  output external delay                    0.00       0.38
  data required time                                  0.38
  -----------------------------------------------------------
  data required time                                  0.38
  data arrival time                                  -1.92
  -----------------------------------------------------------
  slack (VIOLATED)                                   -1.54


  Startpoint: data[25][6]
              (input port clocked by vclk)
  Endpoint: decode_data[27][5]
            (output port clocked by vclk)
  Path Group: vclk
  Path Type: max

  Des/Clust/Port     Wire Load Model       Library
  ------------------------------------------------
  DECODER            ZeroWLM               um28nchllogl35hsl140f_ssgwc0p9v125c
  RIBM               ZeroWLM               um28nchllogl35hsl140f_ssgwc0p9v125c

  Point                                    Incr       Path
  -----------------------------------------------------------
  clock vclk (rise edge)                   0.00       0.00
  clock network delay (ideal)              0.00       0.00
  input external delay                     0.00       0.00 f
  data[25][6] (in)                         0.00       0.00 f
  U21667/X (STQ_EO2_6)                     0.05       0.05 r
  U21744/X (STQ_EN2_S_2)                   0.04       0.09 f
  U25492/X (STQ_EO3_3)                     0.03       0.12 r
  U25534/X (STQ_EO3_3)                     0.03       0.14 f
  U25407/X (STQ_EO3_3)                     0.06       0.20 f
  U5712/X (STQ_EN3_3)                      0.06       0.26 r
  ribm/syndrome[0][2] (RIBM)               0.00       0.26 r
  ribm/U6921/X (STQ_EN2_6)                 0.04       0.30 f
  ribm/U7093/X (STQ_EN3_6)                 0.06       0.36 r
  ribm/U1148/X (STQ_ND2_G_2)               0.02       0.38 f
  ribm/U7565/X (STQ_EN3_3)                 0.02       0.41 f
  ribm/U7558/X (STQ_EN3_3)                 0.06       0.46 f
  ribm/U1304/X (STQ_INV_6P5)               0.01       0.48 r
  ribm/U1496/X (STQ_ND2_S_6)               0.01       0.48 f
  ribm/U7859/X (STQ_EN3_3)                 0.05       0.54 f
  ribm/U7643/X (STQ_EN3_3)                 0.06       0.59 r
  ribm/U966/X (STQ_INV_6P5)                0.01       0.61 f
  ribm/U7131/X (STQ_INV_7P5)               0.01       0.61 r
  ribm/U1494/X (STQ_EN2_8)                 0.04       0.65 f
  ribm/U789/X (STQ_NR2_1)                  0.02       0.67 r
  ribm/U4189/X (STQ_EO2_2)                 0.04       0.71 f
  ribm/U7283/X (STQ_EN3_3)                 0.02       0.73 f
  ribm/U7281/X (STQ_EO3_3)                 0.03       0.76 r
  ribm/U7278/X (STQ_EN3_3)                 0.03       0.80 f
  ribm/U2710/X (STQ_INV_S_1)               0.02       0.81 r
  ribm/U8294/X (STQ_NR2_1)                 0.01       0.83 f
  ribm/U8293/X (STQ_EN3_3)                 0.05       0.88 f
  ribm/U7652/X (STQ_EN3_3)                 0.05       0.93 f
  ribm/U7200/X (STQ_EN3_6)                 0.06       1.00 r
  ribm/U7052/X (STQ_EN2_6)                 0.04       1.03 f
  ribm/U1831/X (STQ_EN2_4)                 0.03       1.06 r
  ribm/U1817/X (STQ_ND2_S_5)               0.01       1.07 f
  ribm/U7217/X (STQ_EN3_3)                 0.06       1.13 r
  ribm/U7409/X (STQ_EN3_6)                 0.04       1.17 f
  ribm/U264/X (STQ_INV_6)                  0.01       1.18 r
  ribm/U1275/X (STQ_EN2_S_6)               0.04       1.23 f
  ribm/U7546/X (STQ_NR2_S_1P5)             0.01       1.23 r
  ribm/U139/X (STQ_INV_S_0P65)             0.02       1.25 f
  ribm/U7425/X (STQ_EN3_3)                 0.05       1.31 r
  ribm/U8289/X (STQ_EN3_3)                 0.03       1.34 r
  ribm/U6985/X (STQ_EN3_6)                 0.05       1.38 f
  ribm/lambda[3][1] (RIBM)                 0.00       1.38 f
  U22021/X (STQ_EN2_S_2)                   0.05       1.43 r
  U4327/X (STQ_EN2_4)                      0.04       1.47 f
  U21884/X (STQ_EN3_3)                     0.03       1.50 r
  U3332/X (STQ_INV_4)                      0.01       1.51 f
  U2714/X (STQ_NR2_G_5)                    0.02       1.52 r
  U3330/X (STQ_ND2_5)                      0.02       1.54 f
  U2351/X (STQ_INV_6)                      0.01       1.55 r
  U2136/X (STQ_ND2B_2)                     0.03       1.58 f
  U3329/X (STQ_INV_4)                      0.01       1.59 r
  U6998/X (STQ_NR2_1P5)                    0.01       1.60 f
  U27738/X (STQ_ND3_2)                     0.01       1.61 r
  U3328/X (STQ_NR2_2)                      0.01       1.62 f
  U12808/X (STQ_ND2_G_1)                   0.01       1.63 r
  U13447/X (STQ_OAI31_G_2)                 0.02       1.65 f
  U4525/X (STQ_ND4_MM_8)                   0.03       1.68 r
  U19827/X (STQ_ND2_1P5)                   0.02       1.70 f
  U22478/X (STQ_EO2_2)                     0.04       1.74 r
  U21609/X (STQ_EN3_3)                     0.05       1.79 r
  U6157/X (STQ_EN2_6)                      0.03       1.82 f
  U24991/X (STQ_EO3_3)                     0.03       1.85 r
  U21619/X (STQ_EN2_S_2)                   0.03       1.88 f
  U25557/X (STQ_NR2_2)                     0.01       1.89 r
  U25556/X (STQ_EN2_S_2)                   0.03       1.92 f
  decode_data[27][5] (out)                 0.00       1.92 f
  data arrival time                                   1.92

  clock vclk (rise edge)                   0.38       0.38
  clock network delay (ideal)              0.00       0.38
  output external delay                    0.00       0.38
  data required time                                  0.38
  -----------------------------------------------------------
  data required time                                  0.38
  data arrival time                                  -1.92
  -----------------------------------------------------------
  slack (VIOLATED)                                   -1.54


  Startpoint: data[25][6]
              (input port clocked by vclk)
  Endpoint: decode_data[27][5]
            (output port clocked by vclk)
  Path Group: vclk
  Path Type: max

  Des/Clust/Port     Wire Load Model       Library
  ------------------------------------------------
  DECODER            ZeroWLM               um28nchllogl35hsl140f_ssgwc0p9v125c
  RIBM               ZeroWLM               um28nchllogl35hsl140f_ssgwc0p9v125c

  Point                                    Incr       Path
  -----------------------------------------------------------
  clock vclk (rise edge)                   0.00       0.00
  clock network delay (ideal)              0.00       0.00
  input external delay                     0.00       0.00 f
  data[25][6] (in)                         0.00       0.00 f
  U21667/X (STQ_EO2_6)                     0.05       0.05 r
  U21744/X (STQ_EN2_S_2)                   0.04       0.09 f
  U25492/X (STQ_EO3_3)                     0.03       0.12 r
  U25534/X (STQ_EO3_3)                     0.03       0.14 f
  U25407/X (STQ_EO3_3)                     0.06       0.20 f
  U5712/X (STQ_EN3_3)                      0.06       0.26 r
  ribm/syndrome[0][2] (RIBM)               0.00       0.26 r
  ribm/U6921/X (STQ_EN2_6)                 0.04       0.30 f
  ribm/U7093/X (STQ_EN3_6)                 0.06       0.36 r
  ribm/U1148/X (STQ_ND2_G_2)               0.02       0.38 f
  ribm/U7565/X (STQ_EN3_3)                 0.02       0.41 f
  ribm/U7558/X (STQ_EN3_3)                 0.06       0.46 f
  ribm/U1304/X (STQ_INV_6P5)               0.01       0.48 r
  ribm/U1496/X (STQ_ND2_S_6)               0.01       0.48 f
  ribm/U7859/X (STQ_EN3_3)                 0.05       0.54 f
  ribm/U7643/X (STQ_EN3_3)                 0.06       0.59 r
  ribm/U966/X (STQ_INV_6P5)                0.01       0.61 f
  ribm/U7131/X (STQ_INV_7P5)               0.01       0.61 r
  ribm/U1494/X (STQ_EN2_8)                 0.04       0.65 f
  ribm/U789/X (STQ_NR2_1)                  0.02       0.67 r
  ribm/U4189/X (STQ_EO2_2)                 0.04       0.71 f
  ribm/U7283/X (STQ_EN3_3)                 0.02       0.73 f
  ribm/U7281/X (STQ_EO3_3)                 0.03       0.76 r
  ribm/U7278/X (STQ_EN3_3)                 0.03       0.80 f
  ribm/U2710/X (STQ_INV_S_1)               0.02       0.81 r
  ribm/U8294/X (STQ_NR2_1)                 0.01       0.83 f
  ribm/U8293/X (STQ_EN3_3)                 0.05       0.88 f
  ribm/U7652/X (STQ_EN3_3)                 0.05       0.93 f
  ribm/U7200/X (STQ_EN3_6)                 0.06       1.00 r
  ribm/U7052/X (STQ_EN2_6)                 0.04       1.03 f
  ribm/U1831/X (STQ_EN2_4)                 0.03       1.06 r
  ribm/U1817/X (STQ_ND2_S_5)               0.01       1.07 f
  ribm/U7217/X (STQ_EN3_3)                 0.06       1.13 r
  ribm/U7409/X (STQ_EN3_6)                 0.04       1.17 f
  ribm/U264/X (STQ_INV_6)                  0.01       1.18 r
  ribm/U1275/X (STQ_EN2_S_6)               0.04       1.23 f
  ribm/U7546/X (STQ_NR2_S_1P5)             0.01       1.23 r
  ribm/U139/X (STQ_INV_S_0P65)             0.02       1.25 f
  ribm/U7425/X (STQ_EN3_3)                 0.05       1.31 r
  ribm/U8289/X (STQ_EN3_3)                 0.03       1.34 r
  ribm/U6985/X (STQ_EN3_6)                 0.05       1.38 f
  ribm/lambda[3][1] (RIBM)                 0.00       1.38 f
  U22021/X (STQ_EN2_S_2)                   0.05       1.43 r
  U4327/X (STQ_EN2_4)                      0.04       1.47 f
  U21884/X (STQ_EN3_3)                     0.03       1.50 r
  U3332/X (STQ_INV_4)                      0.01       1.51 f
  U2714/X (STQ_NR2_G_5)                    0.02       1.52 r
  U3330/X (STQ_ND2_5)                      0.02       1.54 f
  U2351/X (STQ_INV_6)                      0.01       1.55 r
  U2136/X (STQ_ND2B_2)                     0.03       1.58 f
  U3329/X (STQ_INV_4)                      0.01       1.59 r
  U6998/X (STQ_NR2_1P5)                    0.01       1.60 f
  U27738/X (STQ_ND3_2)                     0.01       1.61 r
  U3328/X (STQ_NR2_2)                      0.01       1.62 f
  U12808/X (STQ_ND2_G_1)                   0.01       1.63 r
  U13447/X (STQ_OAI31_G_2)                 0.02       1.65 f
  U4525/X (STQ_ND4_MM_8)                   0.03       1.68 r
  U19827/X (STQ_ND2_1P5)                   0.02       1.70 f
  U22478/X (STQ_EO2_2)                     0.04       1.74 r
  U21609/X (STQ_EN3_3)                     0.05       1.79 r
  U6157/X (STQ_EN2_6)                      0.03       1.82 f
  U24991/X (STQ_EO3_3)                     0.03       1.85 r
  U21619/X (STQ_EN2_S_2)                   0.03       1.88 f
  U25557/X (STQ_NR2_2)                     0.01       1.89 r
  U25556/X (STQ_EN2_S_2)                   0.03       1.92 f
  decode_data[27][5] (out)                 0.00       1.92 f
  data arrival time                                   1.92

  clock vclk (rise edge)                   0.38       0.38
  clock network delay (ideal)              0.00       0.38
  output external delay                    0.00       0.38
  data required time                                  0.38
  -----------------------------------------------------------
  data required time                                  0.38
  data arrival time                                  -1.92
  -----------------------------------------------------------
  slack (VIOLATED)                                   -1.54


  Startpoint: data[25][6]
              (input port clocked by vclk)
  Endpoint: decode_data[27][5]
            (output port clocked by vclk)
  Path Group: vclk
  Path Type: max

  Des/Clust/Port     Wire Load Model       Library
  ------------------------------------------------
  DECODER            ZeroWLM               um28nchllogl35hsl140f_ssgwc0p9v125c
  RIBM               ZeroWLM               um28nchllogl35hsl140f_ssgwc0p9v125c

  Point                                    Incr       Path
  -----------------------------------------------------------
  clock vclk (rise edge)                   0.00       0.00
  clock network delay (ideal)              0.00       0.00
  input external delay                     0.00       0.00 f
  data[25][6] (in)                         0.00       0.00 f
  U21667/X (STQ_EO2_6)                     0.05       0.05 r
  U21744/X (STQ_EN2_S_2)                   0.04       0.09 f
  U25492/X (STQ_EO3_3)                     0.03       0.12 r
  U25534/X (STQ_EO3_3)                     0.03       0.14 f
  U25407/X (STQ_EO3_3)                     0.06       0.20 f
  U5712/X (STQ_EN3_3)                      0.06       0.26 r
  ribm/syndrome[0][2] (RIBM)               0.00       0.26 r
  ribm/U6921/X (STQ_EN2_6)                 0.04       0.30 f
  ribm/U7093/X (STQ_EN3_6)                 0.06       0.36 r
  ribm/U1148/X (STQ_ND2_G_2)               0.02       0.38 f
  ribm/U7565/X (STQ_EN3_3)                 0.02       0.41 f
  ribm/U7558/X (STQ_EN3_3)                 0.06       0.46 f
  ribm/U1304/X (STQ_INV_6P5)               0.01       0.48 r
  ribm/U1496/X (STQ_ND2_S_6)               0.01       0.48 f
  ribm/U7859/X (STQ_EN3_3)                 0.05       0.54 f
  ribm/U7643/X (STQ_EN3_3)                 0.06       0.59 r
  ribm/U966/X (STQ_INV_6P5)                0.01       0.61 f
  ribm/U7131/X (STQ_INV_7P5)               0.01       0.61 r
  ribm/U1494/X (STQ_EN2_8)                 0.04       0.65 f
  ribm/U789/X (STQ_NR2_1)                  0.02       0.67 r
  ribm/U4189/X (STQ_EO2_2)                 0.04       0.71 f
  ribm/U7283/X (STQ_EN3_3)                 0.02       0.73 f
  ribm/U7281/X (STQ_EO3_3)                 0.03       0.76 r
  ribm/U7278/X (STQ_EN3_3)                 0.03       0.80 f
  ribm/U2710/X (STQ_INV_S_1)               0.02       0.81 r
  ribm/U8294/X (STQ_NR2_1)                 0.01       0.83 f
  ribm/U8293/X (STQ_EN3_3)                 0.05       0.88 f
  ribm/U7652/X (STQ_EN3_3)                 0.05       0.93 f
  ribm/U7200/X (STQ_EN3_6)                 0.06       1.00 r
  ribm/U7052/X (STQ_EN2_6)                 0.04       1.03 f
  ribm/U1831/X (STQ_EN2_4)                 0.03       1.06 r
  ribm/U1817/X (STQ_ND2_S_5)               0.01       1.07 f
  ribm/U7217/X (STQ_EN3_3)                 0.06       1.13 r
  ribm/U7409/X (STQ_EN3_6)                 0.04       1.17 f
  ribm/U264/X (STQ_INV_6)                  0.01       1.18 r
  ribm/U1275/X (STQ_EN2_S_6)               0.04       1.23 f
  ribm/U7546/X (STQ_NR2_S_1P5)             0.01       1.23 r
  ribm/U139/X (STQ_INV_S_0P65)             0.02       1.25 f
  ribm/U7425/X (STQ_EN3_3)                 0.05       1.31 r
  ribm/U8289/X (STQ_EN3_3)                 0.03       1.34 r
  ribm/U6985/X (STQ_EN3_6)                 0.05       1.38 f
  ribm/lambda[3][1] (RIBM)                 0.00       1.38 f
  U22021/X (STQ_EN2_S_2)                   0.05       1.43 r
  U4327/X (STQ_EN2_4)                      0.04       1.47 f
  U21884/X (STQ_EN3_3)                     0.03       1.50 r
  U3332/X (STQ_INV_4)                      0.01       1.51 f
  U2714/X (STQ_NR2_G_5)                    0.02       1.52 r
  U3330/X (STQ_ND2_5)                      0.02       1.54 f
  U2351/X (STQ_INV_6)                      0.01       1.55 r
  U2136/X (STQ_ND2B_2)                     0.03       1.58 f
  U3329/X (STQ_INV_4)                      0.01       1.59 r
  U6998/X (STQ_NR2_1P5)                    0.01       1.60 f
  U27738/X (STQ_ND3_2)                     0.01       1.61 r
  U3328/X (STQ_NR2_2)                      0.01       1.62 f
  U12808/X (STQ_ND2_G_1)                   0.01       1.63 r
  U13447/X (STQ_OAI31_G_2)                 0.02       1.65 f
  U4525/X (STQ_ND4_MM_8)                   0.03       1.68 r
  U19827/X (STQ_ND2_1P5)                   0.02       1.70 f
  U22478/X (STQ_EO2_2)                     0.04       1.74 r
  U21609/X (STQ_EN3_3)                     0.05       1.79 r
  U6157/X (STQ_EN2_6)                      0.03       1.82 f
  U24991/X (STQ_EO3_3)                     0.03       1.85 r
  U21619/X (STQ_EN2_S_2)                   0.03       1.88 f
  U25557/X (STQ_NR2_2)                     0.01       1.89 r
  U25556/X (STQ_EN2_S_2)                   0.03       1.92 f
  decode_data[27][5] (out)                 0.00       1.92 f
  data arrival time                                   1.92

  clock vclk (rise edge)                   0.38       0.38
  clock network delay (ideal)              0.00       0.38
  output external delay                    0.00       0.38
  data required time                                  0.38
  -----------------------------------------------------------
  data required time                                  0.38
  data arrival time                                  -1.92
  -----------------------------------------------------------
  slack (VIOLATED)                                   -1.54


  Startpoint: data[25][6]
              (input port clocked by vclk)
  Endpoint: decode_data[27][5]
            (output port clocked by vclk)
  Path Group: vclk
  Path Type: max

  Des/Clust/Port     Wire Load Model       Library
  ------------------------------------------------
  DECODER            ZeroWLM               um28nchllogl35hsl140f_ssgwc0p9v125c
  RIBM               ZeroWLM               um28nchllogl35hsl140f_ssgwc0p9v125c

  Point                                    Incr       Path
  -----------------------------------------------------------
  clock vclk (rise edge)                   0.00       0.00
  clock network delay (ideal)              0.00       0.00
  input external delay                     0.00       0.00 f
  data[25][6] (in)                         0.00       0.00 f
  U21667/X (STQ_EO2_6)                     0.05       0.05 r
  U21744/X (STQ_EN2_S_2)                   0.04       0.09 f
  U25492/X (STQ_EO3_3)                     0.03       0.12 r
  U25534/X (STQ_EO3_3)                     0.03       0.14 f
  U25407/X (STQ_EO3_3)                     0.06       0.20 f
  U5712/X (STQ_EN3_3)                      0.06       0.26 r
  ribm/syndrome[0][2] (RIBM)               0.00       0.26 r
  ribm/U6921/X (STQ_EN2_6)                 0.04       0.30 f
  ribm/U7093/X (STQ_EN3_6)                 0.06       0.36 r
  ribm/U1148/X (STQ_ND2_G_2)               0.02       0.38 f
  ribm/U7565/X (STQ_EN3_3)                 0.02       0.41 f
  ribm/U7558/X (STQ_EN3_3)                 0.06       0.46 f
  ribm/U1304/X (STQ_INV_6P5)               0.01       0.48 r
  ribm/U1496/X (STQ_ND2_S_6)               0.01       0.48 f
  ribm/U7859/X (STQ_EN3_3)                 0.05       0.54 f
  ribm/U7643/X (STQ_EN3_3)                 0.06       0.59 r
  ribm/U966/X (STQ_INV_6P5)                0.01       0.61 f
  ribm/U7131/X (STQ_INV_7P5)               0.01       0.61 r
  ribm/U1494/X (STQ_EN2_8)                 0.04       0.65 f
  ribm/U789/X (STQ_NR2_1)                  0.02       0.67 r
  ribm/U4189/X (STQ_EO2_2)                 0.04       0.71 f
  ribm/U7283/X (STQ_EN3_3)                 0.02       0.73 f
  ribm/U7281/X (STQ_EO3_3)                 0.03       0.76 r
  ribm/U7278/X (STQ_EN3_3)                 0.03       0.80 f
  ribm/U2710/X (STQ_INV_S_1)               0.02       0.81 r
  ribm/U8294/X (STQ_NR2_1)                 0.01       0.83 f
  ribm/U8293/X (STQ_EN3_3)                 0.05       0.88 f
  ribm/U7652/X (STQ_EN3_3)                 0.05       0.93 f
  ribm/U7200/X (STQ_EN3_6)                 0.06       1.00 r
  ribm/U7052/X (STQ_EN2_6)                 0.04       1.03 f
  ribm/U1831/X (STQ_EN2_4)                 0.03       1.06 r
  ribm/U1817/X (STQ_ND2_S_5)               0.01       1.07 f
  ribm/U7217/X (STQ_EN3_3)                 0.06       1.13 r
  ribm/U7409/X (STQ_EN3_6)                 0.04       1.17 f
  ribm/U264/X (STQ_INV_6)                  0.01       1.18 r
  ribm/U1275/X (STQ_EN2_S_6)               0.04       1.23 f
  ribm/U7546/X (STQ_NR2_S_1P5)             0.01       1.23 r
  ribm/U139/X (STQ_INV_S_0P65)             0.02       1.25 f
  ribm/U7425/X (STQ_EN3_3)                 0.05       1.31 r
  ribm/U8289/X (STQ_EN3_3)                 0.03       1.34 r
  ribm/U6985/X (STQ_EN3_6)                 0.05       1.38 f
  ribm/lambda[3][1] (RIBM)                 0.00       1.38 f
  U22021/X (STQ_EN2_S_2)                   0.05       1.43 r
  U4327/X (STQ_EN2_4)                      0.04       1.47 f
  U21884/X (STQ_EN3_3)                     0.03       1.50 r
  U3332/X (STQ_INV_4)                      0.01       1.51 f
  U2714/X (STQ_NR2_G_5)                    0.02       1.52 r
  U3330/X (STQ_ND2_5)                      0.02       1.54 f
  U2351/X (STQ_INV_6)                      0.01       1.55 r
  U2136/X (STQ_ND2B_2)                     0.03       1.58 f
  U3329/X (STQ_INV_4)                      0.01       1.59 r
  U6998/X (STQ_NR2_1P5)                    0.01       1.60 f
  U27738/X (STQ_ND3_2)                     0.01       1.61 r
  U3328/X (STQ_NR2_2)                      0.01       1.62 f
  U12808/X (STQ_ND2_G_1)                   0.01       1.63 r
  U13447/X (STQ_OAI31_G_2)                 0.02       1.65 f
  U4525/X (STQ_ND4_MM_8)                   0.03       1.68 r
  U19827/X (STQ_ND2_1P5)                   0.02       1.70 f
  U22478/X (STQ_EO2_2)                     0.04       1.74 r
  U21609/X (STQ_EN3_3)                     0.05       1.79 r
  U6157/X (STQ_EN2_6)                      0.03       1.82 f
  U24991/X (STQ_EO3_3)                     0.03       1.85 r
  U21619/X (STQ_EN2_S_2)                   0.03       1.88 f
  U25557/X (STQ_NR2_2)                     0.01       1.89 r
  U25556/X (STQ_EN2_S_2)                   0.03       1.92 f
  decode_data[27][5] (out)                 0.00       1.92 f
  data arrival time                                   1.92

  clock vclk (rise edge)                   0.38       0.38
  clock network delay (ideal)              0.00       0.38
  output external delay                    0.00       0.38
  data required time                                  0.38
  -----------------------------------------------------------
  data required time                                  0.38
  data arrival time                                  -1.92
  -----------------------------------------------------------
  slack (VIOLATED)                                   -1.54


  Startpoint: data[25][6]
              (input port clocked by vclk)
  Endpoint: decode_data[27][5]
            (output port clocked by vclk)
  Path Group: vclk
  Path Type: max

  Des/Clust/Port     Wire Load Model       Library
  ------------------------------------------------
  DECODER            ZeroWLM               um28nchllogl35hsl140f_ssgwc0p9v125c
  RIBM               ZeroWLM               um28nchllogl35hsl140f_ssgwc0p9v125c

  Point                                    Incr       Path
  -----------------------------------------------------------
  clock vclk (rise edge)                   0.00       0.00
  clock network delay (ideal)              0.00       0.00
  input external delay                     0.00       0.00 f
  data[25][6] (in)                         0.00       0.00 f
  U21667/X (STQ_EO2_6)                     0.05       0.05 r
  U21744/X (STQ_EN2_S_2)                   0.04       0.09 f
  U25492/X (STQ_EO3_3)                     0.03       0.12 r
  U25534/X (STQ_EO3_3)                     0.03       0.14 f
  U25407/X (STQ_EO3_3)                     0.06       0.20 f
  U5712/X (STQ_EN3_3)                      0.06       0.26 r
  ribm/syndrome[0][2] (RIBM)               0.00       0.26 r
  ribm/U6921/X (STQ_EN2_6)                 0.04       0.30 f
  ribm/U7093/X (STQ_EN3_6)                 0.06       0.36 r
  ribm/U1148/X (STQ_ND2_G_2)               0.02       0.38 f
  ribm/U7565/X (STQ_EN3_3)                 0.02       0.41 f
  ribm/U7558/X (STQ_EN3_3)                 0.06       0.46 f
  ribm/U1304/X (STQ_INV_6P5)               0.01       0.48 r
  ribm/U1496/X (STQ_ND2_S_6)               0.01       0.48 f
  ribm/U7859/X (STQ_EN3_3)                 0.05       0.54 f
  ribm/U7643/X (STQ_EN3_3)                 0.06       0.59 r
  ribm/U966/X (STQ_INV_6P5)                0.01       0.61 f
  ribm/U7131/X (STQ_INV_7P5)               0.01       0.61 r
  ribm/U1494/X (STQ_EN2_8)                 0.04       0.65 f
  ribm/U789/X (STQ_NR2_1)                  0.02       0.67 r
  ribm/U4189/X (STQ_EO2_2)                 0.04       0.71 f
  ribm/U7283/X (STQ_EN3_3)                 0.02       0.73 f
  ribm/U7281/X (STQ_EO3_3)                 0.03       0.76 r
  ribm/U7278/X (STQ_EN3_3)                 0.03       0.80 f
  ribm/U2710/X (STQ_INV_S_1)               0.02       0.81 r
  ribm/U8294/X (STQ_NR2_1)                 0.01       0.83 f
  ribm/U8293/X (STQ_EN3_3)                 0.05       0.88 f
  ribm/U7652/X (STQ_EN3_3)                 0.05       0.93 f
  ribm/U7200/X (STQ_EN3_6)                 0.06       1.00 r
  ribm/U7052/X (STQ_EN2_6)                 0.04       1.03 f
  ribm/U1831/X (STQ_EN2_4)                 0.03       1.06 r
  ribm/U1817/X (STQ_ND2_S_5)               0.01       1.07 f
  ribm/U7217/X (STQ_EN3_3)                 0.06       1.13 r
  ribm/U7409/X (STQ_EN3_6)                 0.04       1.17 f
  ribm/U264/X (STQ_INV_6)                  0.01       1.18 r
  ribm/U1275/X (STQ_EN2_S_6)               0.04       1.23 f
  ribm/U7546/X (STQ_NR2_S_1P5)             0.01       1.23 r
  ribm/U139/X (STQ_INV_S_0P65)             0.02       1.25 f
  ribm/U7425/X (STQ_EN3_3)                 0.05       1.31 r
  ribm/U8289/X (STQ_EN3_3)                 0.03       1.34 r
  ribm/U6985/X (STQ_EN3_6)                 0.05       1.38 f
  ribm/lambda[3][1] (RIBM)                 0.00       1.38 f
  U22021/X (STQ_EN2_S_2)                   0.05       1.43 r
  U4327/X (STQ_EN2_4)                      0.04       1.47 f
  U21884/X (STQ_EN3_3)                     0.03       1.50 r
  U3332/X (STQ_INV_4)                      0.01       1.51 f
  U2714/X (STQ_NR2_G_5)                    0.02       1.52 r
  U3330/X (STQ_ND2_5)                      0.02       1.54 f
  U2351/X (STQ_INV_6)                      0.01       1.55 r
  U2136/X (STQ_ND2B_2)                     0.03       1.58 f
  U3329/X (STQ_INV_4)                      0.01       1.59 r
  U6998/X (STQ_NR2_1P5)                    0.01       1.60 f
  U27738/X (STQ_ND3_2)                     0.01       1.61 r
  U3328/X (STQ_NR2_2)                      0.01       1.62 f
  U12808/X (STQ_ND2_G_1)                   0.01       1.63 r
  U13447/X (STQ_OAI31_G_2)                 0.02       1.65 f
  U4525/X (STQ_ND4_MM_8)                   0.03       1.68 r
  U19827/X (STQ_ND2_1P5)                   0.02       1.70 f
  U22478/X (STQ_EO2_2)                     0.04       1.74 r
  U21609/X (STQ_EN3_3)                     0.05       1.79 r
  U6157/X (STQ_EN2_6)                      0.03       1.82 f
  U24991/X (STQ_EO3_3)                     0.03       1.85 r
  U21619/X (STQ_EN2_S_2)                   0.03       1.88 f
  U25557/X (STQ_NR2_2)                     0.01       1.89 r
  U25556/X (STQ_EN2_S_2)                   0.03       1.92 f
  decode_data[27][5] (out)                 0.00       1.92 f
  data arrival time                                   1.92

  clock vclk (rise edge)                   0.38       0.38
  clock network delay (ideal)              0.00       0.38
  output external delay                    0.00       0.38
  data required time                                  0.38
  -----------------------------------------------------------
  data required time                                  0.38
  data arrival time                                  -1.92
  -----------------------------------------------------------
  slack (VIOLATED)                                   -1.54


  Startpoint: data[25][6]
              (input port clocked by vclk)
  Endpoint: decode_data[27][5]
            (output port clocked by vclk)
  Path Group: vclk
  Path Type: max

  Des/Clust/Port     Wire Load Model       Library
  ------------------------------------------------
  DECODER            ZeroWLM               um28nchllogl35hsl140f_ssgwc0p9v125c
  RIBM               ZeroWLM               um28nchllogl35hsl140f_ssgwc0p9v125c

  Point                                    Incr       Path
  -----------------------------------------------------------
  clock vclk (rise edge)                   0.00       0.00
  clock network delay (ideal)              0.00       0.00
  input external delay                     0.00       0.00 f
  data[25][6] (in)                         0.00       0.00 f
  U21667/X (STQ_EO2_6)                     0.05       0.05 r
  U21744/X (STQ_EN2_S_2)                   0.04       0.09 f
  U25492/X (STQ_EO3_3)                     0.03       0.12 r
  U25534/X (STQ_EO3_3)                     0.03       0.14 f
  U25407/X (STQ_EO3_3)                     0.06       0.20 f
  U5712/X (STQ_EN3_3)                      0.06       0.26 r
  ribm/syndrome[0][2] (RIBM)               0.00       0.26 r
  ribm/U6921/X (STQ_EN2_6)                 0.04       0.30 f
  ribm/U7093/X (STQ_EN3_6)                 0.06       0.36 r
  ribm/U1148/X (STQ_ND2_G_2)               0.02       0.38 f
  ribm/U7565/X (STQ_EN3_3)                 0.02       0.41 f
  ribm/U7558/X (STQ_EN3_3)                 0.06       0.46 f
  ribm/U1304/X (STQ_INV_6P5)               0.01       0.48 r
  ribm/U1370/X (STQ_ND2_S_3)               0.01       0.49 f
  ribm/U7038/X (STQ_EO3_3)                 0.06       0.54 f
  ribm/U7035/X (STQ_EN3_3)                 0.03       0.57 r
  ribm/U1663/X (STQ_EN3_3)                 0.03       0.60 f
  ribm/U941/X (STQ_INV_6)                  0.02       0.62 r
  ribm/U6928/X (STQ_EN2_6)                 0.03       0.65 f
  ribm/U6945/X (STQ_EN2_4)                 0.03       0.69 r
  ribm/U1255/X (STQ_ND2_S_5)               0.01       0.70 f
  ribm/U7482/X (STQ_EN3_3)                 0.06       0.75 r
  ribm/U7481/X (STQ_EN3_6)                 0.04       0.79 f
  ribm/U688/X (STQ_INV_6P5)                0.01       0.81 r
  ribm/U615/X (STQ_INV_6P5)                0.01       0.82 f
  ribm/U8110/X (STQ_ND2B_1)                0.02       0.84 f
  ribm/U6466/X (STQ_EO3_2)                 0.06       0.91 r
  ribm/U7411/X (STQ_EN3_3)                 0.03       0.94 f
  ribm/U4757/X (STQ_EN3_3)                 0.06       1.00 r
  ribm/U405/X (STQ_ND2_S_1)                0.02       1.01 f
  ribm/U2576/X (STQ_EN2_S_2)               0.04       1.05 r
  ribm/U7400/X (STQ_EO3_3)                 0.05       1.10 r
  ribm/U333/X (STQ_INV_S_1)                0.01       1.12 f
  ribm/U1392/X (STQ_EN3_3)                 0.06       1.18 r
  ribm/U6804/X (STQ_INV_7P5)               0.01       1.19 f
  ribm/U1274/X (STQ_EN2_4)                 0.03       1.23 r
  ribm/U6859/X (STQ_EN2_4)                 0.03       1.26 f
  ribm/U117/X (STQ_NR2_G_0P8)              0.02       1.28 r
  ribm/U8289/X (STQ_EN3_3)                 0.05       1.34 r
  ribm/U6985/X (STQ_EN3_6)                 0.05       1.38 f
  ribm/lambda[3][1] (RIBM)                 0.00       1.38 f
  U22021/X (STQ_EN2_S_2)                   0.05       1.43 r
  U4327/X (STQ_EN2_4)                      0.04       1.47 f
  U21884/X (STQ_EN3_3)                     0.03       1.50 r
  U3332/X (STQ_INV_4)                      0.01       1.51 f
  U2714/X (STQ_NR2_G_5)                    0.02       1.52 r
  U3330/X (STQ_ND2_5)                      0.02       1.54 f
  U2351/X (STQ_INV_6)                      0.01       1.55 r
  U2136/X (STQ_ND2B_2)                     0.03       1.58 f
  U3329/X (STQ_INV_4)                      0.01       1.59 r
  U6998/X (STQ_NR2_1P5)                    0.01       1.60 f
  U27738/X (STQ_ND3_2)                     0.01       1.61 r
  U3328/X (STQ_NR2_2)                      0.01       1.62 f
  U12808/X (STQ_ND2_G_1)                   0.01       1.63 r
  U13447/X (STQ_OAI31_G_2)                 0.02       1.65 f
  U4525/X (STQ_ND4_MM_8)                   0.03       1.68 r
  U19827/X (STQ_ND2_1P5)                   0.02       1.70 f
  U22478/X (STQ_EO2_2)                     0.04       1.74 r
  U21609/X (STQ_EN3_3)                     0.05       1.79 r
  U6157/X (STQ_EN2_6)                      0.03       1.82 f
  U24991/X (STQ_EO3_3)                     0.03       1.85 r
  U21619/X (STQ_EN2_S_2)                   0.03       1.88 f
  U25557/X (STQ_NR2_2)                     0.01       1.89 r
  U25556/X (STQ_EN2_S_2)                   0.03       1.92 f
  decode_data[27][5] (out)                 0.00       1.92 f
  data arrival time                                   1.92

  clock vclk (rise edge)                   0.38       0.38
  clock network delay (ideal)              0.00       0.38
  output external delay                    0.00       0.38
  data required time                                  0.38
  -----------------------------------------------------------
  data required time                                  0.38
  data arrival time                                  -1.92
  -----------------------------------------------------------
  slack (VIOLATED)                                   -1.54


  Startpoint: data[25][6]
              (input port clocked by vclk)
  Endpoint: decode_data[27][5]
            (output port clocked by vclk)
  Path Group: vclk
  Path Type: max

  Des/Clust/Port     Wire Load Model       Library
  ------------------------------------------------
  DECODER            ZeroWLM               um28nchllogl35hsl140f_ssgwc0p9v125c
  RIBM               ZeroWLM               um28nchllogl35hsl140f_ssgwc0p9v125c

  Point                                    Incr       Path
  -----------------------------------------------------------
  clock vclk (rise edge)                   0.00       0.00
  clock network delay (ideal)              0.00       0.00
  input external delay                     0.00       0.00 f
  data[25][6] (in)                         0.00       0.00 f
  U21667/X (STQ_EO2_6)                     0.05       0.05 r
  U21744/X (STQ_EN2_S_2)                   0.04       0.09 f
  U25492/X (STQ_EO3_3)                     0.03       0.12 r
  U25534/X (STQ_EO3_3)                     0.03       0.14 f
  U25407/X (STQ_EO3_3)                     0.06       0.20 f
  U5712/X (STQ_EN3_3)                      0.06       0.26 r
  ribm/syndrome[0][2] (RIBM)               0.00       0.26 r
  ribm/U6921/X (STQ_EN2_6)                 0.04       0.30 f
  ribm/U7093/X (STQ_EN3_6)                 0.06       0.36 r
  ribm/U1148/X (STQ_ND2_G_2)               0.02       0.38 f
  ribm/U7565/X (STQ_EN3_3)                 0.02       0.41 f
  ribm/U7558/X (STQ_EN3_3)                 0.06       0.46 f
  ribm/U1304/X (STQ_INV_6P5)               0.01       0.48 r
  ribm/U1370/X (STQ_ND2_S_3)               0.01       0.49 f
  ribm/U7038/X (STQ_EO3_3)                 0.06       0.54 f
  ribm/U7035/X (STQ_EN3_3)                 0.03       0.57 r
  ribm/U1663/X (STQ_EN3_3)                 0.03       0.60 f
  ribm/U941/X (STQ_INV_6)                  0.02       0.62 r
  ribm/U6928/X (STQ_EN2_6)                 0.03       0.65 f
  ribm/U6945/X (STQ_EN2_4)                 0.03       0.69 r
  ribm/U1255/X (STQ_ND2_S_5)               0.01       0.70 f
  ribm/U7482/X (STQ_EN3_3)                 0.06       0.75 r
  ribm/U7481/X (STQ_EN3_6)                 0.04       0.79 f
  ribm/U688/X (STQ_INV_6P5)                0.01       0.81 r
  ribm/U615/X (STQ_INV_6P5)                0.01       0.82 f
  ribm/U8110/X (STQ_ND2B_1)                0.02       0.84 f
  ribm/U6466/X (STQ_EO3_2)                 0.06       0.91 r
  ribm/U7411/X (STQ_EN3_3)                 0.03       0.94 f
  ribm/U4757/X (STQ_EN3_3)                 0.06       1.00 r
  ribm/U405/X (STQ_ND2_S_1)                0.02       1.01 f
  ribm/U2576/X (STQ_EN2_S_2)               0.04       1.05 r
  ribm/U7400/X (STQ_EO3_3)                 0.05       1.10 r
  ribm/U333/X (STQ_INV_S_1)                0.01       1.12 f
  ribm/U1392/X (STQ_EN3_3)                 0.06       1.18 r
  ribm/U6804/X (STQ_INV_7P5)               0.01       1.19 f
  ribm/U1274/X (STQ_EN2_4)                 0.03       1.23 r
  ribm/U6859/X (STQ_EN2_4)                 0.03       1.26 f
  ribm/U117/X (STQ_NR2_G_0P8)              0.02       1.28 r
  ribm/U8289/X (STQ_EN3_3)                 0.05       1.34 r
  ribm/U6985/X (STQ_EN3_6)                 0.05       1.38 f
  ribm/lambda[3][1] (RIBM)                 0.00       1.38 f
  U22021/X (STQ_EN2_S_2)                   0.05       1.43 r
  U4327/X (STQ_EN2_4)                      0.04       1.47 f
  U21884/X (STQ_EN3_3)                     0.03       1.50 r
  U3332/X (STQ_INV_4)                      0.01       1.51 f
  U2714/X (STQ_NR2_G_5)                    0.02       1.52 r
  U3330/X (STQ_ND2_5)                      0.02       1.54 f
  U2351/X (STQ_INV_6)                      0.01       1.55 r
  U2136/X (STQ_ND2B_2)                     0.03       1.58 f
  U3329/X (STQ_INV_4)                      0.01       1.59 r
  U6998/X (STQ_NR2_1P5)                    0.01       1.60 f
  U27738/X (STQ_ND3_2)                     0.01       1.61 r
  U3328/X (STQ_NR2_2)                      0.01       1.62 f
  U12808/X (STQ_ND2_G_1)                   0.01       1.63 r
  U13447/X (STQ_OAI31_G_2)                 0.02       1.65 f
  U4525/X (STQ_ND4_MM_8)                   0.03       1.68 r
  U19827/X (STQ_ND2_1P5)                   0.02       1.70 f
  U22478/X (STQ_EO2_2)                     0.04       1.74 r
  U21609/X (STQ_EN3_3)                     0.05       1.79 r
  U6157/X (STQ_EN2_6)                      0.03       1.82 f
  U24991/X (STQ_EO3_3)                     0.03       1.85 r
  U21619/X (STQ_EN2_S_2)                   0.03       1.88 f
  U25557/X (STQ_NR2_2)                     0.01       1.89 r
  U25556/X (STQ_EN2_S_2)                   0.03       1.92 f
  decode_data[27][5] (out)                 0.00       1.92 f
  data arrival time                                   1.92

  clock vclk (rise edge)                   0.38       0.38
  clock network delay (ideal)              0.00       0.38
  output external delay                    0.00       0.38
  data required time                                  0.38
  -----------------------------------------------------------
  data required time                                  0.38
  data arrival time                                  -1.92
  -----------------------------------------------------------
  slack (VIOLATED)                                   -1.54


1
