 
****************************************
Report : area
Design : DECODER
Version: Q-2019.12-SP5-5
Date   : Wed Apr  1 13:49:40 2026
****************************************

Library(s) Used:

    um28nchllogl35hsl140f_ssgwc0p9v125c (File: /media/0/LogicLibraries/UMC/28nm/35hs/hsl/lvt/latest/liberty/logic_synth/um28nchllogl35hsl140f_ssgwc0p9v125c.db)

Number of ports:                          664
Number of nets:                         40017
Number of cells:                        39610
Number of combinational cells:          39609
Number of sequential cells:                 0
Number of macros/black boxes:               0
Number of buf/inv:                       7569
Number of references:                     330

Combinational area:              43816.415585
Buf/Inv area:                     3540.263976
Noncombinational area:               0.000000
Macro/Black Box area:                0.000000
Net Interconnect area:      undefined  (Wire load has zero net area)

Total cell area:                 43816.415585
Total area:                 undefined

The above information was reported from the logical library. The following are from the physical library:

Hierarchical area distribution
------------------------------

                                  Global cell area            Local cell area
                                  -------------------  ----------------------------- 
Hierarchical cell                 Absolute    Percent  Combi-      Noncombi-  Black-
                                  Total       Total    national    national   boxes   Design
--------------------------------  ----------  -------  ----------  ---------  ------  ---------
DECODER                           43816.4156    100.0  31533.2636     0.0000  0.0000  DECODER
ribm                              12283.1519     28.0  12283.1519     0.0000  0.0000  RIBM
--------------------------------  ----------  -------  ----------  ---------  ------  ---------
Total                                                  43816.4156     0.0000  0.0000

1
