 
****************************************
Report : threshold voltage group
Design : L_ECC_DECODER
Version: Q-2019.12-SP5-5
Date   : Wed Apr  1 15:21:28 2026
****************************************

********************************************************************************
                        Threshold Voltage Group Report                         

Vth Group                All                Blackbox           Non-blackbox
Name                    cells                cells                cells
********************************************************************************
LVT35                 704 (100.00%)          0   (0.00%)        704 (100.00%)   
********************************************************************************

Vth Group                All                Blackbox           Non-blackbox
Name                  cell area            cell area            cell area
********************************************************************************
LVT35             1205.40 (100.00%)       0.00   (0.00%)    1205.40 (100.00%)   
********************************************************************************
1
