 
****************************************
Report : qor
Design : SEC_DED_DECODER
Version: Q-2019.12-SP5-5
Date   : Wed Apr  1 16:23:17 2026
****************************************


  Timing Path Group 'vclk'
  -----------------------------------
  Levels of Logic:              23.00
  Critical Path Length:          0.50
  Critical Path Slack:          -0.13
  Critical Path Clk Period:      0.38
  Total Negative Slack:        -34.96
  No. of Violating Paths:      281.00
  Worst Hold Violation:          0.00
  Total Hold Violation:          0.00
  No. of Hold Violations:        0.00
  -----------------------------------


  Cell Count
  -----------------------------------
  Hierarchical Cell Count:          0
  Hierarchical Port Count:          0
  Leaf Cell Count:               4096
  Buf/Inv Cell Count:            1078
  Buf Cell Count:                  82
  Inv Cell Count:                 996
  CT Buf/Inv Cell Count:            0
  Combinational Cell Count:      4096
  Sequential Cell Count:            0
  Macro Count:                      0
  -----------------------------------


  Area
  -----------------------------------
  Combinational Area:     6495.047949
  Noncombinational Area:     0.000000
  Buf/Inv Area:            777.671995
  Total Buffer Area:           106.85
  Total Inverter Area:         670.82
  Macro/Black Box Area:      0.000000
  Net Area:                  0.000000
  -----------------------------------
  Cell Area:              6495.047949
  Design Area:            6495.047949


  Design Rules
  -----------------------------------
  Total Number of Nets:          4392
  Nets With Violations:             0
  Max Trans Violations:             0
  Max Cap Violations:               0
  -----------------------------------


  Hostname: SALserver01

  Compile CPU Statistics
  -----------------------------------------
  Resource Sharing:                   14.09
  Logic Optimization:                251.02
  Mapping Optimization:              340.14
  -----------------------------------------
  Overall Compile Time:              643.02
  Overall Compile Wall Clock Time:   644.67

  --------------------------------------------------------------------

  Design  WNS: 0.13  TNS: 34.96  Number of Violating Paths: 281


  Design (Hold)  WNS: 0.00  TNS: 0.00  Number of Violating Paths: 0

  --------------------------------------------------------------------


1
