 
****************************************
Report : timing
        -path full
        -delay max
        -nworst 10
        -max_paths 10
Design : Cerberus_40b
Version: Q-2019.12-SP5-5
Date   : Wed Apr  1 17:53:15 2026
****************************************

Operating Conditions: SSGWC0P9V125C   Library: um28nchllogl35hsl140f_ssgwc0p9v125c
Wire Load Model Mode: enclosed

  Startpoint: codeword_in[103]
              (input port clocked by vclk)
  Endpoint: data_out[131]
            (output port clocked by vclk)
  Path Group: vclk
  Path Type: max

  Des/Clust/Port     Wire Load Model       Library
  ------------------------------------------------
  Cerberus_40b       ZeroWLM               um28nchllogl35hsl140f_ssgwc0p9v125c

  Point                                    Incr       Path
  -----------------------------------------------------------
  clock vclk (rise edge)                   0.00       0.00
  clock network delay (ideal)              0.00       0.00
  input external delay                     0.00       0.00 r
  codeword_in[103] (in)                    0.00       0.00 r
  U28233/X (STQ_EN2_8)                     0.05       0.05 r
  U30983/X (STQ_EN3_3)                     0.06       0.10 r
  U29600/X (STQ_EN2_4)                     0.04       0.14 f
  U29599/X (STQ_EO3_3)                     0.06       0.20 f
  U30734/X (STQ_EN3_6)                     0.06       0.26 r
  U4457/X (STQ_BUF_3)                      0.02       0.28 r
  U4444/X (STQ_EN2_4)                      0.04       0.31 f
  U10051/X (STQ_INV_15)                    0.01       0.33 r
  U30940/X (STQ_EN2_4)                     0.04       0.37 f
  U11660/X (STQ_INV_2)                     0.02       0.39 r
  U26798/X (STQ_EN2_S_2)                   0.04       0.42 f
  de_corrector/U22373/X (STQ_EO2_1)        0.04       0.46 r
  de_corrector/U22372/X (STQ_EO2_S_2)      0.04       0.49 f
  U18896/X (STQ_INV_1P5)                   0.01       0.51 r
  U3219/X (STQ_ND2B_2)                     0.02       0.52 f
  U2921/X (STQ_NR2_3)                      0.02       0.54 r
  U36756/X (STQ_INV_S_0P65)                0.01       0.55 f
  U32591/X (STQ_NR2B_1)                    0.02       0.57 f
  U17056/X (STQ_NR2_1)                     0.01       0.58 r
  U32590/X (STQ_OAI211_1)                  0.02       0.60 f
  U29001/X (STQ_OR4B_2)                    0.04       0.64 f
  U13793/X (STQ_INV_2)                     0.01       0.65 r
  U31096/X (STQ_ND4_MM_8)                  0.01       0.66 f
  U1519/X (STQ_INV_3)                      0.01       0.68 r
  U1466/X (STQ_NR3_G_4)                    0.01       0.69 f
  U7638/X (STQ_INV_7P5)                    0.01       0.70 r
  U26949/X (STQ_NR2_G_16)                  0.01       0.71 f
  U5601/X (STQ_ND2_10)                     0.01       0.72 r
  U1278/X (STQ_NR2_G_4)                    0.01       0.74 f
  U6581/X (STQ_INV_11)                     0.01       0.75 r
  U29194/X (STQ_ND3_8)                     0.02       0.76 f
  U26951/X (STQ_NR2_8)                     0.01       0.78 r
  U4994/X (STQ_ND3_4)                      0.02       0.79 f
  U6050/X (STQ_OR4B_4)                     0.03       0.83 f
  U6049/X (STQ_NR2_8)                      0.02       0.84 r
  U27967/X (STQ_ND3_2)                     0.02       0.86 f
  U28764/X (STQ_ND2_G_2)                   0.01       0.87 r
  U5412/X (STQ_AOAI211_0P75)               0.02       0.89 f
  data_out[131] (out)                      0.00       0.89 f
  data arrival time                                   0.89

  clock vclk (rise edge)                   0.38       0.38
  clock network delay (ideal)              0.00       0.38
  output external delay                    0.00       0.38
  data required time                                  0.38
  -----------------------------------------------------------
  data required time                                  0.38
  data arrival time                                  -0.89
  -----------------------------------------------------------
  slack (VIOLATED)                                   -0.51


  Startpoint: codeword_in[90]
              (input port clocked by vclk)
  Endpoint: data_out[111]
            (output port clocked by vclk)
  Path Group: vclk
  Path Type: max

  Des/Clust/Port     Wire Load Model       Library
  ------------------------------------------------
  Cerberus_40b       ZeroWLM               um28nchllogl35hsl140f_ssgwc0p9v125c

  Point                                    Incr       Path
  -----------------------------------------------------------
  clock vclk (rise edge)                   0.00       0.00
  clock network delay (ideal)              0.00       0.00
  input external delay                     0.00       0.00 r
  codeword_in[90] (in)                     0.00       0.00 r
  U36265/X (STQ_EN2_8)                     0.05       0.05 r
  U30386/X (STQ_EN2_6)                     0.03       0.08 f
  U30384/X (STQ_EN2_4)                     0.03       0.11 r
  U6668/X (STQ_EN2_S_2)                    0.03       0.15 f
  U27679/X (STQ_EN3_3)                     0.05       0.20 f
  U27592/X (STQ_EN3_3)                     0.06       0.25 f
  U7622/X (STQ_INV_7P5)                    0.01       0.27 r
  U6260/X (STQ_EN2_8)                      0.04       0.31 f
  U30750/X (STQ_EN2_8)                     0.04       0.34 r
  U4401/X (STQ_INV_15)                     0.01       0.36 f
  U5123/X (STQ_INV_S_9)                    0.02       0.38 r
  U5887/X (STQ_EN2_6)                      0.04       0.42 f
  de_corrector/U25150/X (STQ_EO2_S_2)      0.04       0.46 r
  de_corrector/U25149/X (STQ_EO2_S_2)      0.04       0.50 f
  U30288/X (STQ_EO3_3)                     0.06       0.56 f
  U29574/X (STQ_EN3_3)                     0.05       0.62 r
  U1667/X (STQ_NR2_G_2P5)                  0.01       0.63 f
  U37181/X (STQ_ND4_MM_8)                  0.02       0.65 r
  U27062/X (STQ_OR3B_4)                    0.02       0.67 f
  U1466/X (STQ_NR3_G_4)                    0.03       0.69 r
  U7638/X (STQ_INV_7P5)                    0.01       0.70 f
  U26949/X (STQ_NR2_G_16)                  0.02       0.72 r
  U7646/X (STQ_ND2_16)                     0.03       0.75 f
  U1199/X (STQ_NR2_G_4)                    0.02       0.77 r
  U1190/X (STQ_ND2_7)                      0.02       0.78 f
  U23247/X (STQ_INV_11)                    0.01       0.80 r
  U27522/X (STQ_INV_S_14)                  0.01       0.81 f
  U36661/X (STQ_OAI22_2)                   0.02       0.82 r
  U36928/X (STQ_AOI211_G_1)                0.01       0.84 f
  U435/X (STQ_NR2B_V1DG_2)                 0.03       0.86 f
  U6000/X (STQ_AOI21B_2)                   0.01       0.87 r
  U37399/X (STQ_NR2_2)                     0.01       0.88 f
  U5366/X (STQ_OAI21_1)                    0.01       0.89 r
  data_out[111] (out)                      0.00       0.89 r
  data arrival time                                   0.89

  clock vclk (rise edge)                   0.38       0.38
  clock network delay (ideal)              0.00       0.38
  output external delay                    0.00       0.38
  data required time                                  0.38
  -----------------------------------------------------------
  data required time                                  0.38
  data arrival time                                  -0.89
  -----------------------------------------------------------
  slack (VIOLATED)                                   -0.51


  Startpoint: codeword_in[103]
              (input port clocked by vclk)
  Endpoint: data_out[131]
            (output port clocked by vclk)
  Path Group: vclk
  Path Type: max

  Des/Clust/Port     Wire Load Model       Library
  ------------------------------------------------
  Cerberus_40b       ZeroWLM               um28nchllogl35hsl140f_ssgwc0p9v125c

  Point                                    Incr       Path
  -----------------------------------------------------------
  clock vclk (rise edge)                   0.00       0.00
  clock network delay (ideal)              0.00       0.00
  input external delay                     0.00       0.00 r
  codeword_in[103] (in)                    0.00       0.00 r
  U28233/X (STQ_EN2_8)                     0.04       0.04 f
  U30983/X (STQ_EN3_3)                     0.06       0.10 r
  U29600/X (STQ_EN2_4)                     0.04       0.14 f
  U29599/X (STQ_EO3_3)                     0.06       0.20 f
  U30734/X (STQ_EN3_6)                     0.06       0.26 r
  U4457/X (STQ_BUF_3)                      0.02       0.28 r
  U4444/X (STQ_EN2_4)                      0.04       0.31 f
  U10051/X (STQ_INV_15)                    0.01       0.33 r
  U30940/X (STQ_EN2_4)                     0.04       0.37 f
  U11660/X (STQ_INV_2)                     0.02       0.39 r
  U26798/X (STQ_EN2_S_2)                   0.04       0.42 f
  de_corrector/U22373/X (STQ_EO2_1)        0.04       0.46 r
  de_corrector/U22372/X (STQ_EO2_S_2)      0.04       0.49 f
  U18896/X (STQ_INV_1P5)                   0.01       0.50 r
  U3219/X (STQ_ND2B_2)                     0.02       0.52 f
  U2921/X (STQ_NR2_3)                      0.02       0.54 r
  U36756/X (STQ_INV_S_0P65)                0.01       0.55 f
  U32591/X (STQ_NR2B_1)                    0.02       0.57 f
  U17056/X (STQ_NR2_1)                     0.01       0.58 r
  U32590/X (STQ_OAI211_1)                  0.02       0.60 f
  U29001/X (STQ_OR4B_2)                    0.04       0.64 f
  U13793/X (STQ_INV_2)                     0.01       0.65 r
  U31096/X (STQ_ND4_MM_8)                  0.01       0.66 f
  U1519/X (STQ_INV_3)                      0.01       0.68 r
  U1466/X (STQ_NR3_G_4)                    0.01       0.69 f
  U7638/X (STQ_INV_7P5)                    0.01       0.70 r
  U26949/X (STQ_NR2_G_16)                  0.01       0.71 f
  U5601/X (STQ_ND2_10)                     0.01       0.72 r
  U1278/X (STQ_NR2_G_4)                    0.01       0.74 f
  U6581/X (STQ_INV_11)                     0.01       0.75 r
  U29194/X (STQ_ND3_8)                     0.02       0.76 f
  U26951/X (STQ_NR2_8)                     0.01       0.78 r
  U4994/X (STQ_ND3_4)                      0.02       0.79 f
  U6050/X (STQ_OR4B_4)                     0.03       0.83 f
  U6049/X (STQ_NR2_8)                      0.02       0.84 r
  U27967/X (STQ_ND3_2)                     0.02       0.86 f
  U28764/X (STQ_ND2_G_2)                   0.01       0.87 r
  U5412/X (STQ_AOAI211_0P75)               0.02       0.89 f
  data_out[131] (out)                      0.00       0.89 f
  data arrival time                                   0.89

  clock vclk (rise edge)                   0.38       0.38
  clock network delay (ideal)              0.00       0.38
  output external delay                    0.00       0.38
  data required time                                  0.38
  -----------------------------------------------------------
  data required time                                  0.38
  data arrival time                                  -0.89
  -----------------------------------------------------------
  slack (VIOLATED)                                   -0.51


  Startpoint: codeword_in[90]
              (input port clocked by vclk)
  Endpoint: data_out[111]
            (output port clocked by vclk)
  Path Group: vclk
  Path Type: max

  Des/Clust/Port     Wire Load Model       Library
  ------------------------------------------------
  Cerberus_40b       ZeroWLM               um28nchllogl35hsl140f_ssgwc0p9v125c

  Point                                    Incr       Path
  -----------------------------------------------------------
  clock vclk (rise edge)                   0.00       0.00
  clock network delay (ideal)              0.00       0.00
  input external delay                     0.00       0.00 r
  codeword_in[90] (in)                     0.00       0.00 r
  U36265/X (STQ_EN2_8)                     0.05       0.05 r
  U30386/X (STQ_EN2_6)                     0.03       0.08 f
  U30384/X (STQ_EN2_4)                     0.03       0.11 r
  U6668/X (STQ_EN2_S_2)                    0.03       0.15 f
  U27679/X (STQ_EN3_3)                     0.05       0.20 f
  U27592/X (STQ_EN3_3)                     0.06       0.25 f
  U7622/X (STQ_INV_7P5)                    0.01       0.27 r
  U6260/X (STQ_EN2_8)                      0.04       0.31 f
  U30750/X (STQ_EN2_8)                     0.04       0.34 r
  U4401/X (STQ_INV_15)                     0.01       0.36 f
  U5123/X (STQ_INV_S_9)                    0.02       0.38 r
  U5887/X (STQ_EN2_6)                      0.04       0.42 f
  de_corrector/U25150/X (STQ_EO2_S_2)      0.04       0.46 r
  de_corrector/U25149/X (STQ_EO2_S_2)      0.04       0.50 f
  U30288/X (STQ_EO3_3)                     0.06       0.56 f
  U29574/X (STQ_EN3_3)                     0.05       0.62 r
  U1667/X (STQ_NR2_G_2P5)                  0.01       0.63 f
  U37181/X (STQ_ND4_MM_8)                  0.02       0.65 r
  U27062/X (STQ_OR3B_4)                    0.02       0.67 f
  U1466/X (STQ_NR3_G_4)                    0.03       0.69 r
  U7638/X (STQ_INV_7P5)                    0.01       0.70 f
  U26949/X (STQ_NR2_G_16)                  0.02       0.72 r
  U7646/X (STQ_ND2_16)                     0.03       0.75 f
  U1199/X (STQ_NR2_G_4)                    0.02       0.77 r
  U1190/X (STQ_ND2_7)                      0.02       0.78 f
  U23247/X (STQ_INV_11)                    0.01       0.80 r
  U27522/X (STQ_INV_S_14)                  0.01       0.81 f
  U36661/X (STQ_OAI22_2)                   0.02       0.82 r
  U36928/X (STQ_AOI211_G_1)                0.01       0.84 f
  U435/X (STQ_NR2B_V1DG_2)                 0.03       0.86 f
  U6000/X (STQ_AOI21B_2)                   0.01       0.87 r
  U37399/X (STQ_NR2_2)                     0.01       0.88 f
  U5366/X (STQ_OAI21_1)                    0.01       0.89 r
  data_out[111] (out)                      0.00       0.89 r
  data arrival time                                   0.89

  clock vclk (rise edge)                   0.38       0.38
  clock network delay (ideal)              0.00       0.38
  output external delay                    0.00       0.38
  data required time                                  0.38
  -----------------------------------------------------------
  data required time                                  0.38
  data arrival time                                  -0.89
  -----------------------------------------------------------
  slack (VIOLATED)                                   -0.51


  Startpoint: codeword_in[36]
              (input port clocked by vclk)
  Endpoint: data_out[131]
            (output port clocked by vclk)
  Path Group: vclk
  Path Type: max

  Des/Clust/Port     Wire Load Model       Library
  ------------------------------------------------
  Cerberus_40b       ZeroWLM               um28nchllogl35hsl140f_ssgwc0p9v125c

  Point                                    Incr       Path
  -----------------------------------------------------------
  clock vclk (rise edge)                   0.00       0.00
  clock network delay (ideal)              0.00       0.00
  input external delay                     0.00       0.00 r
  codeword_in[36] (in)                     0.00       0.00 r
  U29724/X (STQ_EN3_6)                     0.07       0.07 r
  U29717/X (STQ_EN2_6)                     0.04       0.11 f
  U29714/X (STQ_EN2_6)                     0.03       0.14 r
  U28243/X (STQ_EN2_6)                     0.03       0.17 f
  U28242/X (STQ_EO3_3)                     0.03       0.21 r
  U29925/X (STQ_EN3_6)                     0.06       0.27 r
  U6251/X (STQ_EN2_8)                      0.05       0.32 f
  U7641/X (STQ_BUF_S_18)                   0.03       0.35 f
  U4358/X (STQ_INV_12)                     0.02       0.36 r
  U22687/X (STQ_EN2_6)                     0.04       0.40 r
  de_corrector/U18015/X (STQ_EO2_S_2)      0.04       0.44 f
  de_corrector/U16041/X (STQ_EO2_2)        0.03       0.48 r
  de_corrector/U16040/X (STQ_EO2_S_2)      0.04       0.52 f
  U15222/X (STQ_NR2_2)                     0.02       0.53 r
  U21215/X (STQ_ND3_5)                     0.02       0.56 f
  U38404/X (STQ_NR2_G_0P5)                 0.02       0.57 r
  U38405/X (STQ_INV_S_0P65)                0.01       0.59 f
  U16941/X (STQ_NR2B_1P5)                  0.02       0.60 f
  U5320/X (STQ_NR2_2)                      0.01       0.61 r
  U10243/X (STQ_ND4_MM_2)                  0.01       0.63 f
  U27063/X (STQ_NR4_2)                     0.02       0.65 r
  U27062/X (STQ_OR3B_4)                    0.02       0.67 r
  U1466/X (STQ_NR3_G_4)                    0.01       0.69 f
  U7638/X (STQ_INV_7P5)                    0.01       0.70 r
  U26949/X (STQ_NR2_G_16)                  0.01       0.71 f
  U5601/X (STQ_ND2_10)                     0.01       0.72 r
  U1278/X (STQ_NR2_G_4)                    0.01       0.74 f
  U6581/X (STQ_INV_11)                     0.01       0.75 r
  U29194/X (STQ_ND3_8)                     0.02       0.76 f
  U26951/X (STQ_NR2_8)                     0.01       0.78 r
  U4994/X (STQ_ND3_4)                      0.02       0.79 f
  U6050/X (STQ_OR4B_4)                     0.03       0.83 f
  U6049/X (STQ_NR2_8)                      0.02       0.84 r
  U27967/X (STQ_ND3_2)                     0.02       0.86 f
  U28764/X (STQ_ND2_G_2)                   0.01       0.87 r
  U5412/X (STQ_AOAI211_0P75)               0.02       0.89 f
  data_out[131] (out)                      0.00       0.89 f
  data arrival time                                   0.89

  clock vclk (rise edge)                   0.38       0.38
  clock network delay (ideal)              0.00       0.38
  output external delay                    0.00       0.38
  data required time                                  0.38
  -----------------------------------------------------------
  data required time                                  0.38
  data arrival time                                  -0.89
  -----------------------------------------------------------
  slack (VIOLATED)                                   -0.51


  Startpoint: codeword_in[57]
              (input port clocked by vclk)
  Endpoint: data_out[131]
            (output port clocked by vclk)
  Path Group: vclk
  Path Type: max

  Des/Clust/Port     Wire Load Model       Library
  ------------------------------------------------
  Cerberus_40b       ZeroWLM               um28nchllogl35hsl140f_ssgwc0p9v125c

  Point                                    Incr       Path
  -----------------------------------------------------------
  clock vclk (rise edge)                   0.00       0.00
  clock network delay (ideal)              0.00       0.00
  input external delay                     0.00       0.00 r
  codeword_in[57] (in)                     0.00       0.00 r
  U31022/X (STQ_EN2_8)                     0.05       0.05 r
  U29776/X (STQ_EN2_8)                     0.03       0.08 r
  U29775/X (STQ_EN2_6)                     0.04       0.11 f
  U31021/X (STQ_EN3_3)                     0.05       0.17 r
  U35446/X (STQ_EO3_3)                     0.06       0.23 r
  U31119/X (STQ_EN3_6)                     0.04       0.26 f
  U28157/X (STQ_EN2_8)                     0.04       0.31 r
  U5378/X (STQ_INV_18)                     0.02       0.32 f
  U29417/X (STQ_EN2_6)                     0.04       0.36 r
  U4078/X (STQ_BUF_D_4)                    0.04       0.40 r
  U26692/X (STQ_INV_S_1)                   0.03       0.43 f
  U29528/X (STQ_EN3_3)                     0.07       0.49 r
  U25787/X (STQ_EN2_4)                     0.04       0.53 f
  U27529/X (STQ_EN3_3)                     0.05       0.58 f
  U17590/X (STQ_INV_1P5)                   0.01       0.59 r
  U8154/X (STQ_NR2_1)                      0.01       0.60 f
  U10378/X (STQ_OA21B_1)                   0.01       0.61 r
  U1719/X (STQ_ND2_G_1)                    0.02       0.62 f
  U27063/X (STQ_NR4_2)                     0.03       0.65 r
  U27062/X (STQ_OR3B_4)                    0.02       0.67 r
  U1466/X (STQ_NR3_G_4)                    0.01       0.69 f
  U7638/X (STQ_INV_7P5)                    0.01       0.70 r
  U26949/X (STQ_NR2_G_16)                  0.01       0.71 f
  U5601/X (STQ_ND2_10)                     0.01       0.72 r
  U1278/X (STQ_NR2_G_4)                    0.01       0.74 f
  U6581/X (STQ_INV_11)                     0.01       0.75 r
  U29194/X (STQ_ND3_8)                     0.02       0.76 f
  U26951/X (STQ_NR2_8)                     0.01       0.78 r
  U4994/X (STQ_ND3_4)                      0.02       0.79 f
  U6050/X (STQ_OR4B_4)                     0.03       0.83 f
  U6049/X (STQ_NR2_8)                      0.02       0.84 r
  U27967/X (STQ_ND3_2)                     0.02       0.86 f
  U28764/X (STQ_ND2_G_2)                   0.01       0.87 r
  U5412/X (STQ_AOAI211_0P75)               0.02       0.89 f
  data_out[131] (out)                      0.00       0.89 f
  data arrival time                                   0.89

  clock vclk (rise edge)                   0.38       0.38
  clock network delay (ideal)              0.00       0.38
  output external delay                    0.00       0.38
  data required time                                  0.38
  -----------------------------------------------------------
  data required time                                  0.38
  data arrival time                                  -0.89
  -----------------------------------------------------------
  slack (VIOLATED)                                   -0.51


  Startpoint: codeword_in[103]
              (input port clocked by vclk)
  Endpoint: data_out[116]
            (output port clocked by vclk)
  Path Group: vclk
  Path Type: max

  Des/Clust/Port     Wire Load Model       Library
  ------------------------------------------------
  Cerberus_40b       ZeroWLM               um28nchllogl35hsl140f_ssgwc0p9v125c

  Point                                    Incr       Path
  -----------------------------------------------------------
  clock vclk (rise edge)                   0.00       0.00
  clock network delay (ideal)              0.00       0.00
  input external delay                     0.00       0.00 r
  codeword_in[103] (in)                    0.00       0.00 r
  U28233/X (STQ_EN2_8)                     0.05       0.05 r
  U30983/X (STQ_EN3_3)                     0.06       0.10 r
  U29600/X (STQ_EN2_4)                     0.04       0.14 f
  U29599/X (STQ_EO3_3)                     0.06       0.20 f
  U30734/X (STQ_EN3_6)                     0.06       0.26 r
  U4457/X (STQ_BUF_3)                      0.02       0.28 r
  U4444/X (STQ_EN2_4)                      0.04       0.31 f
  U10051/X (STQ_INV_15)                    0.01       0.33 r
  U30940/X (STQ_EN2_4)                     0.04       0.37 f
  U11660/X (STQ_INV_2)                     0.02       0.39 r
  U26798/X (STQ_EN2_S_2)                   0.04       0.42 f
  de_corrector/U22373/X (STQ_EO2_1)        0.04       0.46 r
  de_corrector/U22372/X (STQ_EO2_S_2)      0.04       0.49 f
  U18896/X (STQ_INV_1P5)                   0.01       0.51 r
  U3219/X (STQ_ND2B_2)                     0.02       0.52 f
  U2921/X (STQ_NR2_3)                      0.02       0.54 r
  U36756/X (STQ_INV_S_0P65)                0.01       0.55 f
  U32591/X (STQ_NR2B_1)                    0.02       0.57 f
  U17056/X (STQ_NR2_1)                     0.01       0.58 r
  U32590/X (STQ_OAI211_1)                  0.02       0.60 f
  U29001/X (STQ_OR4B_2)                    0.04       0.64 f
  U13793/X (STQ_INV_2)                     0.01       0.65 r
  U31096/X (STQ_ND4_MM_8)                  0.01       0.66 f
  U1519/X (STQ_INV_3)                      0.01       0.68 r
  U1466/X (STQ_NR3_G_4)                    0.01       0.69 f
  U7638/X (STQ_INV_7P5)                    0.01       0.70 r
  U26949/X (STQ_NR2_G_16)                  0.01       0.71 f
  U5601/X (STQ_ND2_10)                     0.01       0.72 r
  U5754/X (STQ_NR2_G_6)                    0.01       0.73 f
  U6048/X (STQ_INV_12)                     0.01       0.74 r
  U1106/X (STQ_INV_4)                      0.01       0.76 f
  U1062/X (STQ_NR2_3)                      0.02       0.77 r
  U907/X (STQ_INV_S_1)                     0.01       0.79 f
  U5916/X (STQ_NR2_3)                      0.01       0.80 r
  U28807/X (STQ_ND2_5)                     0.02       0.82 f
  U16152/X (STQ_NR3_G_12)                  0.03       0.85 r
  U5678/X (STQ_ND2_G_3)                    0.01       0.86 f
  U36424/X (STQ_ND2_G_2)                   0.01       0.87 r
  U5676/X (STQ_AOAI211_1)                  0.02       0.89 f
  data_out[116] (out)                      0.00       0.89 f
  data arrival time                                   0.89

  clock vclk (rise edge)                   0.38       0.38
  clock network delay (ideal)              0.00       0.38
  output external delay                    0.00       0.38
  data required time                                  0.38
  -----------------------------------------------------------
  data required time                                  0.38
  data arrival time                                  -0.89
  -----------------------------------------------------------
  slack (VIOLATED)                                   -0.51


  Startpoint: codeword_in[57]
              (input port clocked by vclk)
  Endpoint: data_out[131]
            (output port clocked by vclk)
  Path Group: vclk
  Path Type: max

  Des/Clust/Port     Wire Load Model       Library
  ------------------------------------------------
  Cerberus_40b       ZeroWLM               um28nchllogl35hsl140f_ssgwc0p9v125c

  Point                                    Incr       Path
  -----------------------------------------------------------
  clock vclk (rise edge)                   0.00       0.00
  clock network delay (ideal)              0.00       0.00
  input external delay                     0.00       0.00 r
  codeword_in[57] (in)                     0.00       0.00 r
  U31022/X (STQ_EN2_8)                     0.05       0.05 r
  U29776/X (STQ_EN2_8)                     0.03       0.08 r
  U29775/X (STQ_EN2_6)                     0.04       0.11 f
  U31021/X (STQ_EN3_3)                     0.05       0.17 r
  U35446/X (STQ_EO3_3)                     0.06       0.23 r
  U31119/X (STQ_EN3_6)                     0.04       0.26 f
  U28157/X (STQ_EN2_8)                     0.04       0.31 r
  U5378/X (STQ_INV_18)                     0.02       0.32 f
  U29417/X (STQ_EN2_6)                     0.04       0.36 r
  U4078/X (STQ_BUF_D_4)                    0.04       0.40 r
  U26692/X (STQ_INV_S_1)                   0.03       0.43 f
  U29528/X (STQ_EN3_3)                     0.07       0.49 r
  U25787/X (STQ_EN2_4)                     0.04       0.53 f
  U27529/X (STQ_EN3_3)                     0.05       0.58 f
  U17590/X (STQ_INV_1P5)                   0.01       0.59 r
  U8154/X (STQ_NR2_1)                      0.01       0.60 f
  U10378/X (STQ_OA21B_1)                   0.01       0.61 r
  U1719/X (STQ_ND2_G_1)                    0.02       0.62 f
  U27063/X (STQ_NR4_2)                     0.03       0.65 r
  U27062/X (STQ_OR3B_4)                    0.02       0.67 r
  U1466/X (STQ_NR3_G_4)                    0.01       0.69 f
  U7638/X (STQ_INV_7P5)                    0.01       0.70 r
  U26949/X (STQ_NR2_G_16)                  0.01       0.71 f
  U5601/X (STQ_ND2_10)                     0.01       0.72 r
  U1278/X (STQ_NR2_G_4)                    0.01       0.74 f
  U6581/X (STQ_INV_11)                     0.01       0.75 r
  U29194/X (STQ_ND3_8)                     0.02       0.76 f
  U26951/X (STQ_NR2_8)                     0.01       0.78 r
  U4994/X (STQ_ND3_4)                      0.02       0.79 f
  U6050/X (STQ_OR4B_4)                     0.03       0.83 f
  U6049/X (STQ_NR2_8)                      0.02       0.84 r
  U27967/X (STQ_ND3_2)                     0.02       0.86 f
  U28764/X (STQ_ND2_G_2)                   0.01       0.87 r
  U5412/X (STQ_AOAI211_0P75)               0.02       0.89 f
  data_out[131] (out)                      0.00       0.89 f
  data arrival time                                   0.89

  clock vclk (rise edge)                   0.38       0.38
  clock network delay (ideal)              0.00       0.38
  output external delay                    0.00       0.38
  data required time                                  0.38
  -----------------------------------------------------------
  data required time                                  0.38
  data arrival time                                  -0.89
  -----------------------------------------------------------
  slack (VIOLATED)                                   -0.51


  Startpoint: codeword_in[57]
              (input port clocked by vclk)
  Endpoint: data_out[131]
            (output port clocked by vclk)
  Path Group: vclk
  Path Type: max

  Des/Clust/Port     Wire Load Model       Library
  ------------------------------------------------
  Cerberus_40b       ZeroWLM               um28nchllogl35hsl140f_ssgwc0p9v125c

  Point                                    Incr       Path
  -----------------------------------------------------------
  clock vclk (rise edge)                   0.00       0.00
  clock network delay (ideal)              0.00       0.00
  input external delay                     0.00       0.00 r
  codeword_in[57] (in)                     0.00       0.00 r
  U31022/X (STQ_EN2_8)                     0.04       0.04 f
  U29776/X (STQ_EN2_8)                     0.03       0.08 r
  U29775/X (STQ_EN2_6)                     0.04       0.11 f
  U31021/X (STQ_EN3_3)                     0.05       0.17 r
  U35446/X (STQ_EO3_3)                     0.06       0.22 r
  U31119/X (STQ_EN3_6)                     0.04       0.26 f
  U28157/X (STQ_EN2_8)                     0.04       0.31 r
  U5378/X (STQ_INV_18)                     0.02       0.32 f
  U29417/X (STQ_EN2_6)                     0.04       0.36 r
  U4078/X (STQ_BUF_D_4)                    0.04       0.40 r
  U26692/X (STQ_INV_S_1)                   0.03       0.43 f
  U29528/X (STQ_EN3_3)                     0.07       0.49 r
  U25787/X (STQ_EN2_4)                     0.04       0.53 f
  U27529/X (STQ_EN3_3)                     0.05       0.58 f
  U17590/X (STQ_INV_1P5)                   0.01       0.59 r
  U8154/X (STQ_NR2_1)                      0.01       0.60 f
  U10378/X (STQ_OA21B_1)                   0.01       0.61 r
  U1719/X (STQ_ND2_G_1)                    0.02       0.62 f
  U27063/X (STQ_NR4_2)                     0.03       0.65 r
  U27062/X (STQ_OR3B_4)                    0.02       0.67 r
  U1466/X (STQ_NR3_G_4)                    0.01       0.69 f
  U7638/X (STQ_INV_7P5)                    0.01       0.70 r
  U26949/X (STQ_NR2_G_16)                  0.01       0.71 f
  U5601/X (STQ_ND2_10)                     0.01       0.72 r
  U1278/X (STQ_NR2_G_4)                    0.01       0.74 f
  U6581/X (STQ_INV_11)                     0.01       0.75 r
  U29194/X (STQ_ND3_8)                     0.02       0.76 f
  U26951/X (STQ_NR2_8)                     0.01       0.78 r
  U4994/X (STQ_ND3_4)                      0.02       0.79 f
  U6050/X (STQ_OR4B_4)                     0.03       0.83 f
  U6049/X (STQ_NR2_8)                      0.02       0.84 r
  U27967/X (STQ_ND3_2)                     0.02       0.86 f
  U28764/X (STQ_ND2_G_2)                   0.01       0.87 r
  U5412/X (STQ_AOAI211_0P75)               0.02       0.89 f
  data_out[131] (out)                      0.00       0.89 f
  data arrival time                                   0.89

  clock vclk (rise edge)                   0.38       0.38
  clock network delay (ideal)              0.00       0.38
  output external delay                    0.00       0.38
  data required time                                  0.38
  -----------------------------------------------------------
  data required time                                  0.38
  data arrival time                                  -0.89
  -----------------------------------------------------------
  slack (VIOLATED)                                   -0.51


  Startpoint: codeword_in[0]
              (input port clocked by vclk)
  Endpoint: data_out[131]
            (output port clocked by vclk)
  Path Group: vclk
  Path Type: max

  Des/Clust/Port     Wire Load Model       Library
  ------------------------------------------------
  Cerberus_40b       ZeroWLM               um28nchllogl35hsl140f_ssgwc0p9v125c

  Point                                    Incr       Path
  -----------------------------------------------------------
  clock vclk (rise edge)                   0.00       0.00
  clock network delay (ideal)              0.00       0.00
  input external delay                     0.00       0.00 r
  codeword_in[0] (in)                      0.00       0.00 r
  U28233/X (STQ_EN2_8)                     0.04       0.04 f
  U30983/X (STQ_EN3_3)                     0.06       0.10 r
  U29600/X (STQ_EN2_4)                     0.04       0.14 f
  U29599/X (STQ_EO3_3)                     0.06       0.20 f
  U30734/X (STQ_EN3_6)                     0.06       0.26 r
  U4457/X (STQ_BUF_3)                      0.02       0.28 r
  U4444/X (STQ_EN2_4)                      0.04       0.31 f
  U10051/X (STQ_INV_15)                    0.01       0.33 r
  U30940/X (STQ_EN2_4)                     0.04       0.37 f
  U11660/X (STQ_INV_2)                     0.02       0.39 r
  U26798/X (STQ_EN2_S_2)                   0.04       0.42 f
  de_corrector/U22373/X (STQ_EO2_1)        0.04       0.46 r
  de_corrector/U22372/X (STQ_EO2_S_2)      0.04       0.49 f
  U18896/X (STQ_INV_1P5)                   0.01       0.50 r
  U3219/X (STQ_ND2B_2)                     0.02       0.52 f
  U2921/X (STQ_NR2_3)                      0.02       0.54 r
  U36756/X (STQ_INV_S_0P65)                0.01       0.55 f
  U32591/X (STQ_NR2B_1)                    0.02       0.57 f
  U17056/X (STQ_NR2_1)                     0.01       0.58 r
  U32590/X (STQ_OAI211_1)                  0.02       0.60 f
  U29001/X (STQ_OR4B_2)                    0.04       0.64 f
  U13793/X (STQ_INV_2)                     0.01       0.65 r
  U31096/X (STQ_ND4_MM_8)                  0.01       0.66 f
  U1519/X (STQ_INV_3)                      0.01       0.67 r
  U1466/X (STQ_NR3_G_4)                    0.01       0.69 f
  U7638/X (STQ_INV_7P5)                    0.01       0.70 r
  U26949/X (STQ_NR2_G_16)                  0.01       0.71 f
  U5601/X (STQ_ND2_10)                     0.01       0.72 r
  U1278/X (STQ_NR2_G_4)                    0.01       0.74 f
  U6581/X (STQ_INV_11)                     0.01       0.75 r
  U29194/X (STQ_ND3_8)                     0.02       0.76 f
  U26951/X (STQ_NR2_8)                     0.01       0.78 r
  U4994/X (STQ_ND3_4)                      0.02       0.79 f
  U6050/X (STQ_OR4B_4)                     0.03       0.83 f
  U6049/X (STQ_NR2_8)                      0.02       0.84 r
  U27967/X (STQ_ND3_2)                     0.02       0.86 f
  U28764/X (STQ_ND2_G_2)                   0.01       0.87 r
  U5412/X (STQ_AOAI211_0P75)               0.02       0.89 f
  data_out[131] (out)                      0.00       0.89 f
  data arrival time                                   0.89

  clock vclk (rise edge)                   0.38       0.38
  clock network delay (ideal)              0.00       0.38
  output external delay                    0.00       0.38
  data required time                                  0.38
  -----------------------------------------------------------
  data required time                                  0.38
  data arrival time                                  -0.89
  -----------------------------------------------------------
  slack (VIOLATED)                                   -0.51


1
