 
****************************************
Report : reference
Design : UNITY_DECODER
Version: Q-2019.12-SP5-5
Date   : Sat Nov 15 18:14:38 2025
****************************************

Attributes:
    b - black box (unknown)
   bo - allows boundary optimization
    d - dont_touch
   mo - map_only
    h - hierarchical
    n - noncombinational
    r - removable
    s - synthetic operator
    u - contains unmapped logic

Reference          Library       Unit Area   Count    Total Area   Attributes
-----------------------------------------------------------------------------
DE_CORRECTOR                  162291.232976
                                                 1  162291.232976 h
GFDIV_0                       84162.889513       1  84162.889513  h
GFEXP_0                       45610.180342       1  45610.180342  h, n
GFEXP_1                       45610.082342       1  45610.082342  h, n
SVM_ADDF_V1_0P5    um28nchhlogl35udl140f_tt1p0v85c
                                  1.568000      19     29.791999  r
SVM_AN2_0P5        um28nchhlogl35udl140f_tt1p0v85c
                                  0.392000      97     38.023999  
SVM_AN2_1          um28nchhlogl35udl140f_tt1p0v85c
                                  0.392000     287    112.503997  
SVM_AN2_2          um28nchhlogl35udl140f_tt1p0v85c
                                  0.490000      24     11.760000  
SVM_AN2_3          um28nchhlogl35udl140f_tt1p0v85c
                                  0.784000      31     24.303999  
SVM_AN2_4          um28nchhlogl35udl140f_tt1p0v85c
                                  0.882000      10      8.820000  
SVM_AN2_6          um28nchhlogl35udl140f_tt1p0v85c
                                  1.274000      14     17.836001  
SVM_AN2_8          um28nchhlogl35udl140f_tt1p0v85c
                                  1.666000      10     16.660000  
SVM_AN2_MG_3       um28nchhlogl35udl140f_tt1p0v85c
                                  0.588000       2      1.176000  
SVM_AN2_MG_6       um28nchhlogl35udl140f_tt1p0v85c
                                  1.078000       8      8.624000  
SVM_AN2_S_1        um28nchhlogl35udl140f_tt1p0v85c
                                  0.392000     493    193.255995  
SVM_AN2_S_2        um28nchhlogl35udl140f_tt1p0v85c
                                  0.490000       2      0.980000  
SVM_AN2_S_4        um28nchhlogl35udl140f_tt1p0v85c
                                  0.882000       2      1.764000  
SVM_AN3B_1         um28nchhlogl35udl140f_tt1p0v85c
                                  0.490000     205    100.450002  
SVM_AN3B_2         um28nchhlogl35udl140f_tt1p0v85c
                                  0.686000      21     14.406000  
SVM_AN3B_4         um28nchhlogl35udl140f_tt1p0v85c
                                  1.274000       3      3.822000  
SVM_AN4B_1         um28nchhlogl35udl140f_tt1p0v85c
                                  0.588000     170     99.960000  
SVM_AN4_1          um28nchhlogl35udl140f_tt1p0v85c
                                  0.588000      10      5.880000  
SVM_AN4_L_1        um28nchhlogl35udl140f_tt1p0v85c
                                  0.588000     181    106.428000  
SVM_AN4_S_1        um28nchhlogl35udl140f_tt1p0v85c
                                  0.588000      36     21.168000  
SVM_AN4_S_4        um28nchhlogl35udl140f_tt1p0v85c
                                  1.274000      13     16.562001  
SVM_AO2BB2_0P75    um28nchhlogl35udl140f_tt1p0v85c
                                  0.588000       7      4.116000  
SVM_AO2BB2_1       um28nchhlogl35udl140f_tt1p0v85c
                                  0.588000       3      1.764000  
SVM_AO2BB2_MG_1    um28nchhlogl35udl140f_tt1p0v85c
                                  0.686000       5      3.430000  
SVM_AO2BB2_MG_3    um28nchhlogl35udl140f_tt1p0v85c
                                  1.176000       1      1.176000  
SVM_AO21B_1        um28nchhlogl35udl140f_tt1p0v85c
                                  0.490000      55     26.950001  
SVM_AO21B_2        um28nchhlogl35udl140f_tt1p0v85c
                                  0.686000       1      0.686000  
SVM_AO21_U_1       um28nchhlogl35udl140f_tt1p0v85c
                                  0.490000       3      1.470000  
SVM_AO222_1        um28nchhlogl35udl140f_tt1p0v85c
                                  1.078000       2      2.156000  
SVM_AOAI211_0P5    um28nchhlogl35udl140f_tt1p0v85c
                                  0.490000     114     55.860001  
SVM_AOAI211_1      um28nchhlogl35udl140f_tt1p0v85c
                                  0.490000      25     12.250000  
SVM_AOAI211_2      um28nchhlogl35udl140f_tt1p0v85c
                                  0.882000       1      0.882000  
SVM_AOI21B_0P5     um28nchhlogl35udl140f_tt1p0v85c
                                  0.490000      16      7.840000  
SVM_AOI21B_1       um28nchhlogl35udl140f_tt1p0v85c
                                  0.588000       4      2.352000  
SVM_AOI21B_2       um28nchhlogl35udl140f_tt1p0v85c
                                  0.784000       3      2.352000  
SVM_AOI21B_4       um28nchhlogl35udl140f_tt1p0v85c
                                  1.568000       1      1.568000  
SVM_AOI21_0P5      um28nchhlogl35udl140f_tt1p0v85c
                                  0.392000     535    209.719995  
SVM_AOI21_1        um28nchhlogl35udl140f_tt1p0v85c
                                  0.392000     289    113.287997  
SVM_AOI21_2        um28nchhlogl35udl140f_tt1p0v85c
                                  0.686000       7      4.802000  
SVM_AOI21_3        um28nchhlogl35udl140f_tt1p0v85c
                                  0.980000       1      0.980000  
SVM_AOI21_S_0P5    um28nchhlogl35udl140f_tt1p0v85c
                                  0.392000     346    135.631996  
SVM_AOI21_T_1      um28nchhlogl35udl140f_tt1p0v85c
                                  0.588000      42     24.696000  
SVM_AOI22_0P75     um28nchhlogl35udl140f_tt1p0v85c
                                  0.490000     583    285.670006  
SVM_AOI22_1        um28nchhlogl35udl140f_tt1p0v85c
                                  0.588000      21     12.348000  
SVM_AOI22_S_2      um28nchhlogl35udl140f_tt1p0v85c
                                  0.882000       5      4.410000  
SVM_AOI22_T_0P5    um28nchhlogl35udl140f_tt1p0v85c
                                  0.490000      13      6.370000  
SVM_AOI22_T_1      um28nchhlogl35udl140f_tt1p0v85c
                                  0.784000      13     10.192000  
SVM_AOI31_1        um28nchhlogl35udl140f_tt1p0v85c
                                  0.490000     291    142.590003  
SVM_AOI31_2        um28nchhlogl35udl140f_tt1p0v85c
                                  0.882000       1      0.882000  
SVM_AOI211_1       um28nchhlogl35udl140f_tt1p0v85c
                                  0.490000    1324    648.760013  
SVM_AOI211_2       um28nchhlogl35udl140f_tt1p0v85c
                                  0.882000      22     19.404001  
SVM_AOI211_3       um28nchhlogl35udl140f_tt1p0v85c
                                  1.274000       1      1.274000  
SVM_AOI222_1       um28nchhlogl35udl140f_tt1p0v85c
                                  0.784000      21     16.464000  
SVM_AOI222_2       um28nchhlogl35udl140f_tt1p0v85c
                                  1.372000       2      2.744000  
SVM_AOI222_4       um28nchhlogl35udl140f_tt1p0v85c
                                  2.450000       1      2.450000  
SVM_BUF_1          um28nchhlogl35udl140f_tt1p0v85c
                                  0.294000      13      3.822000  
SVM_BUF_4          um28nchhlogl35udl140f_tt1p0v85c
                                  0.686000      78     53.507999  
SVM_BUF_6          um28nchhlogl35udl140f_tt1p0v85c
                                  0.980000      46     45.080001  
SVM_BUF_8          um28nchhlogl35udl140f_tt1p0v85c
                                  1.274000      53     67.522003  
SVM_BUF_10         um28nchhlogl35udl140f_tt1p0v85c
                                  1.568000      53     83.103998  
SVM_BUF_12         um28nchhlogl35udl140f_tt1p0v85c
                                  1.862000      50     93.099999  
SVM_BUF_M_1        um28nchhlogl35udl140f_tt1p0v85c
                                  0.294000       2      0.588000  
SVM_BUF_M_3        um28nchhlogl35udl140f_tt1p0v85c
                                  0.490000      25     12.250000  
SVM_BUF_M_6        um28nchhlogl35udl140f_tt1p0v85c
                                  0.882000      56     49.392002  
SVM_BUF_M_9        um28nchhlogl35udl140f_tt1p0v85c
                                  1.274000      38     48.412002  
SVM_BUF_S_2        um28nchhlogl35udl140f_tt1p0v85c
                                  0.392000      33     12.936000  
SVM_BUF_S_3        um28nchhlogl35udl140f_tt1p0v85c
                                  0.588000      43     25.284000  
SVM_BUF_S_16       um28nchhlogl35udl140f_tt1p0v85c
                                  2.352000      24     56.448000  
SVM_BUF_S_20       um28nchhlogl35udl140f_tt1p0v85c
                                  3.038000      50    151.900005  
SVM_EN2_4          um28nchhlogl35udl140f_tt1p0v85c
                                  1.862000       1      1.862000  
SVM_EN2_D_2        um28nchhlogl35udl140f_tt1p0v85c
                                  0.980000       3      2.940000  
SVM_EN2_F_0P7      um28nchhlogl35udl140f_tt1p0v85c
                                  0.784000       5      3.920000  
SVM_EN2_F_1        um28nchhlogl35udl140f_tt1p0v85c
                                  0.882000       3      2.646000  
SVM_EN2_F_2        um28nchhlogl35udl140f_tt1p0v85c
                                  1.176000       5      5.880000  
SVM_EN2_F_4        um28nchhlogl35udl140f_tt1p0v85c
                                  2.156000       8     17.247999  
SVM_EN2_S_8        um28nchhlogl35udl140f_tt1p0v85c
                                  3.430000       1      3.430000  
SVM_EN2_V2_0P5     um28nchhlogl35udl140f_tt1p0v85c
                                  0.686000      25     17.150000  
SVM_EN2_V2_1       um28nchhlogl35udl140f_tt1p0v85c
                                  0.686000     161    110.445998  
SVM_EN2_V2_2       um28nchhlogl35udl140f_tt1p0v85c
                                  0.980000      42     41.160001  
SVM_EN2_V2_3       um28nchhlogl35udl140f_tt1p0v85c
                                  1.470000      93    136.710003  
SVM_EN2_V2_4       um28nchhlogl35udl140f_tt1p0v85c
                                  1.764000      18     31.752001  
SVM_EN2_V2_6       um28nchhlogl35udl140f_tt1p0v85c
                                  2.548000      17     43.316002  
SVM_EN2_V2_8       um28nchhlogl35udl140f_tt1p0v85c
                                  3.332000      23     76.636000  
SVM_EO2_1          um28nchhlogl35udl140f_tt1p0v85c
                                  0.882000       2      1.764000  
SVM_EO2_2          um28nchhlogl35udl140f_tt1p0v85c
                                  0.980000       4      3.920000  
SVM_EO2_F_0P7      um28nchhlogl35udl140f_tt1p0v85c
                                  0.784000      14     10.976000  
SVM_EO2_F_1        um28nchhlogl35udl140f_tt1p0v85c
                                  0.784000     235    184.239995  
SVM_EO2_F_2        um28nchhlogl35udl140f_tt1p0v85c
                                  1.274000       4      5.096000  
SVM_EO2_V2_1       um28nchhlogl35udl140f_tt1p0v85c
                                  0.686000     307    210.601997  
SVM_EO2_V2_2       um28nchhlogl35udl140f_tt1p0v85c
                                  0.980000     133    130.340003  
SVM_EO2_V2_3       um28nchhlogl35udl140f_tt1p0v85c
                                  1.470000     625    918.750018  
SVM_EO2_V2_4       um28nchhlogl35udl140f_tt1p0v85c
                                  1.764000     352    620.928020  
SVM_EO2_V2_6       um28nchhlogl35udl140f_tt1p0v85c
                                  2.548000     202    514.696020  
SVM_EO2_V2_8       um28nchhlogl35udl140f_tt1p0v85c
                                  3.332000       6     19.992000  
SVM_EO3_1          um28nchhlogl35udl140f_tt1p0v85c
                                  1.274000       1      1.274000  
SVM_INV_1          um28nchhlogl35udl140f_tt1p0v85c
                                  0.196000   54466  10675.335721  
SVM_INV_2          um28nchhlogl35udl140f_tt1p0v85c
                                  0.294000    3412   1003.127999  
SVM_INV_3          um28nchhlogl35udl140f_tt1p0v85c
                                  0.392000     767    300.663992  
SVM_INV_4          um28nchhlogl35udl140f_tt1p0v85c
                                  0.490000     609    298.410006  
SVM_INV_6          um28nchhlogl35udl140f_tt1p0v85c
                                  0.686000     652    447.271993  
SVM_INV_8          um28nchhlogl35udl140f_tt1p0v85c
                                  0.882000     359    316.638010  
SVM_INV_10         um28nchhlogl35udl140f_tt1p0v85c
                                  1.078000     185    199.429991  
SVM_INV_12         um28nchhlogl35udl140f_tt1p0v85c
                                  1.274000     133    169.442006  
SVM_INV_16         um28nchhlogl35udl140f_tt1p0v85c
                                  1.666000     156    259.896001  
SVM_INV_S_20       um28nchhlogl35udl140f_tt1p0v85c
                                  2.058000      81    166.698007  
SVM_MAJ3_1         um28nchhlogl35udl140f_tt1p0v85c
                                  0.686000       1      0.686000  
SVM_MAJI3_1        um28nchhlogl35udl140f_tt1p0v85c
                                  0.686000       2      1.372000  
SVM_MUX2_1         um28nchhlogl35udl140f_tt1p0v85c
                                  0.686000      15     10.290000  
SVM_MUXI2_MG_0P5   um28nchhlogl35udl140f_tt1p0v85c
                                  0.588000      39     22.932000  
SVM_MUXI2_V2_2     um28nchhlogl35udl140f_tt1p0v85c
                                  0.686000      16     10.976000  
SVM_MUXI2_V2_3     um28nchhlogl35udl140f_tt1p0v85c
                                  1.176000       1      1.176000  
SVM_ND2B_2         um28nchhlogl35udl140f_tt1p0v85c
                                  0.588000     231    135.828000  
SVM_ND2B_4         um28nchhlogl35udl140f_tt1p0v85c
                                  1.078000     564    607.991971  
SVM_ND2B_6         um28nchhlogl35udl140f_tt1p0v85c
                                  1.568000     127    199.135995  
SVM_ND2B_8         um28nchhlogl35udl140f_tt1p0v85c
                                  2.058000      82    168.756007  
SVM_ND2B_V1_1      um28nchhlogl35udl140f_tt1p0v85c
                                  0.392000    5167   2025.463947  
SVM_ND2B_V1_2      um28nchhlogl35udl140f_tt1p0v85c
                                  0.588000     484    284.592000  
SVM_ND2_1          um28nchhlogl35udl140f_tt1p0v85c
                                  0.294000   32009   9410.645992  
SVM_ND2_2          um28nchhlogl35udl140f_tt1p0v85c
                                  0.490000     842    412.580008  
SVM_ND2_3          um28nchhlogl35udl140f_tt1p0v85c
                                  0.686000     420    288.119996  
SVM_ND2_4          um28nchhlogl35udl140f_tt1p0v85c
                                  0.882000     156    137.592005  
SVM_ND2_6          um28nchhlogl35udl140f_tt1p0v85c
                                  1.274000      71     90.454003  
SVM_ND2_8          um28nchhlogl35udl140f_tt1p0v85c
                                  1.666000      43     71.638000  
SVM_ND2_10         um28nchhlogl35udl140f_tt1p0v85c
                                  2.058000      33     67.914003  
SVM_ND2_12         um28nchhlogl35udl140f_tt1p0v85c
                                  2.450000      13     31.850001  
SVM_ND2_16         um28nchhlogl35udl140f_tt1p0v85c
                                  3.234000      23     74.381999  
SVM_ND2_S_1        um28nchhlogl35udl140f_tt1p0v85c
                                  0.294000   12014   3532.115997  
SVM_ND2_S_1P5      um28nchhlogl35udl140f_tt1p0v85c
                                  0.490000     424    207.760004  
SVM_ND2_S_3        um28nchhlogl35udl140f_tt1p0v85c
                                  0.686000      86     58.995999  
SVM_ND2_S_4        um28nchhlogl35udl140f_tt1p0v85c
                                  0.882000       9      7.938000  
SVM_ND2_S_8        um28nchhlogl35udl140f_tt1p0v85c
                                  1.274000      15     19.110001  
SVM_ND2_T_1        um28nchhlogl35udl140f_tt1p0v85c
                                  0.392000     190     74.479998  
SVM_ND2_T_1P5      um28nchhlogl35udl140f_tt1p0v85c
                                  0.490000      68     33.320001  
SVM_ND2_T_2        um28nchhlogl35udl140f_tt1p0v85c
                                  0.588000     124     72.912000  
SVM_ND2_T_3        um28nchhlogl35udl140f_tt1p0v85c
                                  0.784000      57     44.687999  
SVM_ND2_T_4        um28nchhlogl35udl140f_tt1p0v85c
                                  0.980000       6      5.880000  
SVM_ND3_1          um28nchhlogl35udl140f_tt1p0v85c
                                  0.392000    3011   1180.311969  
SVM_ND3_2          um28nchhlogl35udl140f_tt1p0v85c
                                  0.686000     118     80.947999  
SVM_ND3_4          um28nchhlogl35udl140f_tt1p0v85c
                                  1.274000       4      5.096000  
SVM_ND3_8          um28nchhlogl35udl140f_tt1p0v85c
                                  2.450000       6     14.700000  
SVM_ND3_S_1        um28nchhlogl35udl140f_tt1p0v85c
                                  0.392000   14548   5702.815851  
SVM_ND3_S_4        um28nchhlogl35udl140f_tt1p0v85c
                                  1.176000      55     64.680000  
SVM_ND3_T_1        um28nchhlogl35udl140f_tt1p0v85c
                                  0.588000     984    578.592000  
SVM_ND3_T_2        um28nchhlogl35udl140f_tt1p0v85c
                                  0.882000     180    158.760005  
SVM_ND3_T_3        um28nchhlogl35udl140f_tt1p0v85c
                                  1.176000      26     30.576000  
SVM_ND3_T_4        um28nchhlogl35udl140f_tt1p0v85c
                                  1.372000       2      2.744000  
SVM_ND4_1          um28nchhlogl35udl140f_tt1p0v85c
                                  0.490000   14352   7032.480137  
SVM_ND4_2          um28nchhlogl35udl140f_tt1p0v85c
                                  0.882000     216    190.512006  
SVM_ND4_3          um28nchhlogl35udl140f_tt1p0v85c
                                  1.274000     130    165.620006  
SVM_NR2B_2         um28nchhlogl35udl140f_tt1p0v85c
                                  0.588000     143     84.084000  
SVM_NR2B_4         um28nchhlogl35udl140f_tt1p0v85c
                                  1.078000     453    488.333977  
SVM_NR2B_8         um28nchhlogl35udl140f_tt1p0v85c
                                  2.058000     133    273.714012  
SVM_NR2B_V1_1      um28nchhlogl35udl140f_tt1p0v85c
                                  0.392000     635    248.919993  
SVM_NR2B_V1_2      um28nchhlogl35udl140f_tt1p0v85c
                                  0.588000     233    137.004000  
SVM_NR2_0P5        um28nchhlogl35udl140f_tt1p0v85c
                                  0.294000   16953   4984.181996  
SVM_NR2_1          um28nchhlogl35udl140f_tt1p0v85c
                                  0.294000   31963   9397.121992  
SVM_NR2_2          um28nchhlogl35udl140f_tt1p0v85c
                                  0.490000    1333    653.170013  
SVM_NR2_3          um28nchhlogl35udl140f_tt1p0v85c
                                  0.686000     693    475.397993  
SVM_NR2_4          um28nchhlogl35udl140f_tt1p0v85c
                                  0.882000     308    271.656009  
SVM_NR2_6          um28nchhlogl35udl140f_tt1p0v85c
                                  1.274000     217    276.458011  
SVM_NR2_8          um28nchhlogl35udl140f_tt1p0v85c
                                  1.666000      87    144.942001  
SVM_NR2_12         um28nchhlogl35udl140f_tt1p0v85c
                                  2.450000      40     98.000002  
SVM_NR2_16         um28nchhlogl35udl140f_tt1p0v85c
                                  3.234000      37    119.657999  
SVM_NR2_S_2        um28nchhlogl35udl140f_tt1p0v85c
                                  0.490000      97     47.530001  
SVM_NR2_T_1        um28nchhlogl35udl140f_tt1p0v85c
                                  0.392000     525    205.799995  
SVM_NR2_T_2        um28nchhlogl35udl140f_tt1p0v85c
                                  0.588000      73     42.924000  
SVM_NR2_T_3        um28nchhlogl35udl140f_tt1p0v85c
                                  0.784000     136    106.623997  
SVM_NR2_T_4        um28nchhlogl35udl140f_tt1p0v85c
                                  0.980000      17     16.660000  
SVM_NR2_T_8        um28nchhlogl35udl140f_tt1p0v85c
                                  1.862000       5      9.310000  
SVM_NR3_G_1        um28nchhlogl35udl140f_tt1p0v85c
                                  0.392000   21032   8244.543784  
SVM_NR3_G_2        um28nchhlogl35udl140f_tt1p0v85c
                                  0.686000     132     90.551999  
SVM_NR3_G_4        um28nchhlogl35udl140f_tt1p0v85c
                                  1.274000       5      6.370000  
SVM_NR3_G_8        um28nchhlogl35udl140f_tt1p0v85c
                                  2.450000       1      2.450000  
SVM_NR3_G_12       um28nchhlogl35udl140f_tt1p0v85c
                                  3.626000       1      3.626000  
SVM_NR3_T_1        um28nchhlogl35udl140f_tt1p0v85c
                                  0.588000     831    488.628000  
SVM_NR3_T_2        um28nchhlogl35udl140f_tt1p0v85c
                                  0.882000     744    656.208022  
SVM_NR3_T_3        um28nchhlogl35udl140f_tt1p0v85c
                                  1.176000      26     30.576000  
SVM_NR3_T_4        um28nchhlogl35udl140f_tt1p0v85c
                                  1.470000       1      1.470000  
SVM_NR3_T_8        um28nchhlogl35udl140f_tt1p0v85c
                                  2.646000       1      2.646000  
SVM_NR4_1          um28nchhlogl35udl140f_tt1p0v85c
                                  0.490000    5343   2618.070051  
SVM_NR4_2          um28nchhlogl35udl140f_tt1p0v85c
                                  0.882000    2112   1862.784061  
SVM_OA2BB2_1       um28nchhlogl35udl140f_tt1p0v85c
                                  0.686000       3      2.058000  
SVM_OA2BB2_2       um28nchhlogl35udl140f_tt1p0v85c
                                  0.980000       1      0.980000  
SVM_OA2BB2_4       um28nchhlogl35udl140f_tt1p0v85c
                                  1.764000       1      1.764000  
SVM_OA21B_1        um28nchhlogl35udl140f_tt1p0v85c
                                  0.490000     168     82.320002  
SVM_OA21B_2        um28nchhlogl35udl140f_tt1p0v85c
                                  0.686000       2      1.372000  
SVM_OA21B_4        um28nchhlogl35udl140f_tt1p0v85c
                                  1.274000       1      1.274000  
SVM_OA21_1         um28nchhlogl35udl140f_tt1p0v85c
                                  0.490000      21     10.290000  
SVM_OA21_2         um28nchhlogl35udl140f_tt1p0v85c
                                  0.588000       1      0.588000  
SVM_OA22_1         um28nchhlogl35udl140f_tt1p0v85c
                                  0.686000       2      1.372000  
SVM_OAI21_1        um28nchhlogl35udl140f_tt1p0v85c
                                  0.392000      87     34.103999  
SVM_OAI21_2        um28nchhlogl35udl140f_tt1p0v85c
                                  0.686000       6      4.116000  
SVM_OAI21_3        um28nchhlogl35udl140f_tt1p0v85c
                                  0.980000       1      0.980000  
SVM_OAI21_S_1      um28nchhlogl35udl140f_tt1p0v85c
                                  0.392000    1163    455.895988  
SVM_OAI21_T_0P5    um28nchhlogl35udl140f_tt1p0v85c
                                  0.392000    2329    912.967976  
SVM_OAI21_T_1      um28nchhlogl35udl140f_tt1p0v85c
                                  0.588000      57     33.516000  
SVM_OAI21_T_2      um28nchhlogl35udl140f_tt1p0v85c
                                  0.882000       6      5.292000  
SVM_OAI21_T_3      um28nchhlogl35udl140f_tt1p0v85c
                                  1.176000       1      1.176000  
SVM_OAI21_V1T_1    um28nchhlogl35udl140f_tt1p0v85c
                                  0.588000      10      5.880000  
SVM_OAI22_0P75     um28nchhlogl35udl140f_tt1p0v85c
                                  0.490000     486    238.140005  
SVM_OAI22_1        um28nchhlogl35udl140f_tt1p0v85c
                                  0.490000      12      5.880000  
SVM_OAI22_6        um28nchhlogl35udl140f_tt1p0v85c
                                  2.450000       1      2.450000  
SVM_OAI22_S_2      um28nchhlogl35udl140f_tt1p0v85c
                                  0.882000       1      0.882000  
SVM_OAI22_S_4      um28nchhlogl35udl140f_tt1p0v85c
                                  1.666000       1      1.666000  
SVM_OAI22_T_1      um28nchhlogl35udl140f_tt1p0v85c
                                  0.784000       2      1.568000  
SVM_OAI22_T_2      um28nchhlogl35udl140f_tt1p0v85c
                                  1.176000       1      1.176000  
SVM_OAI22_T_3      um28nchhlogl35udl140f_tt1p0v85c
                                  1.568000       1      1.568000  
SVM_OAI31_G_1      um28nchhlogl35udl140f_tt1p0v85c
                                  0.490000     146     71.540001  
SVM_OAI211_0P5     um28nchhlogl35udl140f_tt1p0v85c
                                  0.490000     600    294.000006  
SVM_OAI211_1       um28nchhlogl35udl140f_tt1p0v85c
                                  0.490000      84     41.160001  
SVM_OAI211_2       um28nchhlogl35udl140f_tt1p0v85c
                                  0.882000       9      7.938000  
SVM_OAO211_DG_1    um28nchhlogl35udl140f_tt1p0v85c
                                  0.588000       1      0.588000  
SVM_OAOI211_1      um28nchhlogl35udl140f_tt1p0v85c
                                  0.490000     326    159.740003  
SVM_OAOI211_V2_2   um28nchhlogl35udl140f_tt1p0v85c
                                  0.882000       1      0.882000  
SVM_OR2_1          um28nchhlogl35udl140f_tt1p0v85c
                                  0.392000    1131    443.351988  
SVM_OR2_2          um28nchhlogl35udl140f_tt1p0v85c
                                  0.490000      38     18.620000  
SVM_OR2_3          um28nchhlogl35udl140f_tt1p0v85c
                                  0.784000      48     37.631999  
SVM_OR2_4          um28nchhlogl35udl140f_tt1p0v85c
                                  0.882000      53     46.746002  
SVM_OR2_6          um28nchhlogl35udl140f_tt1p0v85c
                                  1.274000      18     22.932001  
SVM_OR2_8          um28nchhlogl35udl140f_tt1p0v85c
                                  1.666000      22     36.652000  
SVM_OR2_12         um28nchhlogl35udl140f_tt1p0v85c
                                  2.450000      20     49.000001  
SVM_OR3B_1         um28nchhlogl35udl140f_tt1p0v85c
                                  0.490000     571    279.790005  
SVM_OR3B_2         um28nchhlogl35udl140f_tt1p0v85c
                                  0.686000     291    199.625997  
SVM_OR3B_4         um28nchhlogl35udl140f_tt1p0v85c
                                  1.274000      13     16.562001  
SVM_TIE0_1         um28nchhlogl35udl140f_tt1p0v85c
                                  0.392000       1      0.392000  
-----------------------------------------------------------------------------
Total 229 references                                426879.276750
1
