 
****************************************
Report : qor
Design : UNITY_DECODER
Version: Q-2019.12-SP5-5
Date   : Sat Nov 15 18:14:23 2025
****************************************


  Timing Path Group 'vclk'
  -----------------------------------
  Levels of Logic:              72.00
  Critical Path Length:          1.46
  Critical Path Slack:          -1.06
  Critical Path Clk Period:      0.40
  Total Negative Slack:       -270.46
  No. of Violating Paths:      257.00
  Worst Hold Violation:          0.00
  Total Hold Violation:          0.00
  No. of Hold Violations:        0.00
  -----------------------------------


  Cell Count
  -----------------------------------
  Hierarchical Cell Count:          4
  Hierarchical Port Count:        689
  Leaf Cell Count:            1194460
  Buf/Inv Cell Count:          210231
  Buf Cell Count:                2857
  Inv Cell Count:              207374
  CT Buf/Inv Cell Count:            0
  Combinational Cell Count:   1194428
  Sequential Cell Count:           32
  Macro Count:                      0
  -----------------------------------


  Area
  -----------------------------------
  Combinational Area:   426844.780751
  Noncombinational Area:    34.495998
  Buf/Inv Area:          46551.175032
  Total Buffer Area:          1881.11
  Total Inverter Area:       44670.07
  Macro/Black Box Area:      0.000000
  Net Area:                  0.000000
  -----------------------------------
  Cell Area:            426879.276750
  Design Area:          426879.276750


  Design Rules
  -----------------------------------
  Total Number of Nets:       1194762
  Nets With Violations:             9
  Max Trans Violations:             0
  Max Cap Violations:               0
  Max Fanout Violations:            9
  -----------------------------------


  Hostname: SALserver01

  Compile CPU Statistics
  -----------------------------------------
  Resource Sharing:                 8586.75
  Logic Optimization:              431598.34
  Mapping Optimization:            31163.00
  -----------------------------------------
  Overall Compile Time:            538253.12
  Overall Compile Wall Clock Time: 543109.50

  --------------------------------------------------------------------

  Design  WNS: 1.06  TNS: 270.46  Number of Violating Paths: 257


  Design (Hold)  WNS: 0.00  TNS: 0.00  Number of Violating Paths: 0

  --------------------------------------------------------------------


1
