 
****************************************
Report : area
Design : Cerberus_32b
Version: Q-2019.12-SP5-5
Date   : Thu Apr  2 21:31:50 2026
****************************************

Library(s) Used:

    um28nchllogl35hsl140f_ssgwc0p9v125c (File: /media/0/LogicLibraries/UMC/28nm/35hs/hsl/lvt/latest/liberty/logic_synth/um28nchllogl35hsl140f_ssgwc0p9v125c.db)

Number of ports:                          545
Number of nets:                         46722
Number of cells:                        46434
Number of combinational cells:          46434
Number of sequential cells:                 0
Number of macros/black boxes:               0
Number of buf/inv:                       9798
Number of references:                     375

Combinational area:              62669.039312
Buf/Inv area:                     5651.183961
Noncombinational area:               0.000000
Macro/Black Box area:                0.000000
Net Interconnect area:      undefined  (Wire load has zero net area)

Total cell area:                 62669.039312
Total area:                 undefined

The above information was reported from the logical library. The following are from the physical library:

Hierarchical area distribution
------------------------------

                                  Global cell area            Local cell area
                                  -------------------  ----------------------------- 
Hierarchical cell                 Absolute    Percent  Combi-      Noncombi-  Black-
                                  Total       Total    national    national   boxes   Design
--------------------------------  ----------  -------  ----------  ---------  ------  ---------
Cerberus_32b                      62669.0393    100.0  62669.0393     0.0000  0.0000  Cerberus_32b
--------------------------------  ----------  -------  ----------  ---------  ------  ---------
Total                                                  62669.0393     0.0000  0.0000

1
