 
****************************************
Report : qor
Design : Cerberus_32b
Version: Q-2019.12-SP5-5
Date   : Thu Apr  2 21:31:50 2026
****************************************


  Timing Path Group 'vclk'
  -----------------------------------
  Levels of Logic:              38.00
  Critical Path Length:          0.85
  Critical Path Slack:          -0.47
  Critical Path Clk Period:      0.38
  Total Negative Slack:       -119.51
  No. of Violating Paths:      257.00
  Worst Hold Violation:          0.00
  Total Hold Violation:          0.00
  No. of Hold Violations:        0.00
  -----------------------------------


  Cell Count
  -----------------------------------
  Hierarchical Cell Count:          0
  Hierarchical Port Count:          0
  Leaf Cell Count:              46434
  Buf/Inv Cell Count:            9798
  Buf Cell Count:                 642
  Inv Cell Count:                9156
  CT Buf/Inv Cell Count:            0
  Combinational Cell Count:     46434
  Sequential Cell Count:            0
  Macro Count:                      0
  -----------------------------------


  Area
  -----------------------------------
  Combinational Area:    62669.039312
  Noncombinational Area:     0.000000
  Buf/Inv Area:           5651.183961
  Total Buffer Area:           936.60
  Total Inverter Area:        4714.58
  Macro/Black Box Area:      0.000000
  Net Area:                  0.000000
  -----------------------------------
  Cell Area:             62669.039312
  Design Area:           62669.039312


  Design Rules
  -----------------------------------
  Total Number of Nets:         46722
  Nets With Violations:             2
  Max Trans Violations:             0
  Max Cap Violations:               0
  Max Fanout Violations:            2
  -----------------------------------


  Hostname: SALserver01

  Compile CPU Statistics
  -----------------------------------------
  Resource Sharing:                   30.74
  Logic Optimization:               1698.95
  Mapping Optimization:             2757.11
  -----------------------------------------
  Overall Compile Time:             5314.44
  Overall Compile Wall Clock Time:  5327.98

  --------------------------------------------------------------------

  Design  WNS: 0.47  TNS: 119.51  Number of Violating Paths: 257


  Design (Hold)  WNS: 0.00  TNS: 0.00  Number of Violating Paths: 0

  --------------------------------------------------------------------


1
