 
****************************************
Report : threshold voltage group
Design : Cerberus_32b
Version: Q-2019.12-SP5-5
Date   : Thu Apr  2 21:31:58 2026
****************************************

********************************************************************************
                        Threshold Voltage Group Report                         

Vth Group                All                Blackbox           Non-blackbox
Name                    cells                cells                cells
********************************************************************************
LVT35               46434 (100.00%)          0   (0.00%)      46434 (100.00%)   
********************************************************************************

Vth Group                All                Blackbox           Non-blackbox
Name                  cell area            cell area            cell area
********************************************************************************
LVT35            62669.04 (100.00%)       0.00   (0.00%)   62669.04 (100.00%)   
********************************************************************************
1
