nohup: ignoring input
Synthesizing

                           Design Compiler Graphical 
                                 DC Ultra (TM)
                                  DFTMAX (TM)
                              Power Compiler (TM)
                                 DesignWare (R)
                                 DC Expert (TM)
                               Design Vision (TM)
                               HDL Compiler (TM)
                               VHDL Compiler (TM)
                                  DFT Compiler
                               Design Compiler(R)

              Version Q-2019.12-SP5-5 for linux64 - Mar 21, 2021 

                    Copyright (c) 1988 - 2021 Synopsys, Inc.
   This software and the associated documentation are proprietary to Synopsys,
 Inc. This software may only be used in accordance with the terms and conditions
 of a written license agreement with Synopsys, Inc. All other use, reproduction,
            or distribution of this software is strictly prohibited.
Initializing...
Initializing gui preferences from file  /home/99june18/.synopsys_dv_prefs.tcl
# ---------------------------------------
# DESIGN PROFILE
# ---------------------------------------
set topmodule_name      UNITY_ENCODER
UNITY_ENCODER
set clk_port_name       clk
clk
set clk_freq            1600
1600
# ---------------------------------------
# Read Libraries
# ---------------------------------------
#set LIBLIST_PATH        $env(LIBLIST_PATH)
#source $LIBLIST_PATH
set link_library   [list /media/0/LogicLibraries/UMC/28nm/35hs/hsl/lvt/latest/liberty/logic_synth/um28nchllogl35hsl140f_ssgwc0p9v125c.db]
/media/0/LogicLibraries/UMC/28nm/35hs/hsl/lvt/latest/liberty/logic_synth/um28nchllogl35hsl140f_ssgwc0p9v125c.db
set target_library [list /media/0/LogicLibraries/UMC/28nm/35hs/hsl/lvt/latest/liberty/logic_synth/um28nchllogl35hsl140f_ssgwc0p9v125c.db]
/media/0/LogicLibraries/UMC/28nm/35hs/hsl/lvt/latest/liberty/logic_synth/um28nchllogl35hsl140f_ssgwc0p9v125c.db
# ---------------------------------------
# Read Source Codes
# ---------------------------------------
set RTL_PATH            $env(RTL_PATH)
/home/99june18/X-ECC/3_Hardware_overhead/2.Unity_ECC/Encoder/syn/..//rtl/
read_file $RTL_PATH -autoread -recursive -format sverilog -top $topmodule_name
== READ_FILE autoread for top design 'UNITY_ENCODER' ==

Starting READ_FILE autoread mode...
Information: Adding '/home/99june18/X-ECC/3_Hardware_overhead/2.Unity_ECC/Encoder/rtl/'.  (AUTOREAD-100)
Warning: Adding missing directory to search_path - '/home/99june18/X-ECC/3_Hardware_overhead/2.Unity_ECC/Encoder/rtl/'. (AUTOREAD-105)
Information: Adding '/home/99june18/X-ECC/3_Hardware_overhead/2.Unity_ECC/Encoder/rtl/UNITY_ENCODER.sv'.  (AUTOREAD-100)
Information: Adding '/home/99june18/X-ECC/3_Hardware_overhead/2.Unity_ECC/Encoder/rtl/GFMULT.sv'.  (AUTOREAD-100)
Information: Source filelist.f ignored by autoread due to filtering.  (AUTOREAD-102)
Information: Scanning file { UNITY_ENCODER.sv }. (AUTOREAD-303)
Information: Scanning file { GFMULT.sv }. (AUTOREAD-303)
Compiling source file /home/99june18/X-ECC/3_Hardware_overhead/2.Unity_ECC/Encoder/rtl/GFMULT.sv
Presto compilation completed successfully.
Compiling source file /home/99june18/X-ECC/3_Hardware_overhead/2.Unity_ECC/Encoder/rtl/UNITY_ENCODER.sv
Presto compilation completed successfully.
Elaborating top design UNITY_ENCODER
Loading db file '/media/0/LogicLibraries/UMC/28nm/35hs/hsl/lvt/latest/liberty/logic_synth/um28nchllogl35hsl140f_ssgwc0p9v125c.db'
Loading db file '/usr/synopsys/syn/Q-2019.12-SP5-5/libraries/syn/gtech.db'
Loading db file '/usr/synopsys/syn/Q-2019.12-SP5-5/libraries/syn/standard.sldb'
  Loading link library 'um28nchllogl35hsl140f_ssgwc0p9v125c'
  Loading link library 'gtech'
Running PRESTO HDLC
Presto compilation completed successfully. (UNITY_ENCODER)
Elaborated 1 design.
Current design is now 'UNITY_ENCODER'.
Information: Building the design 'GFMULT'. (HDL-193)
Presto compilation completed successfully. (GFMULT)
Autoread command completed successfully.
# ---------------------------------------
# 1. Environments Setting
# ---------------------------------------
link

  Linking design 'UNITY_ENCODER'
  Using the following designs and libraries:
  --------------------------------------------------------------------------
  um28nchllogl35hsl140f_ssgwc0p9v125c (library) /media/0/LogicLibraries/UMC/28nm/35hs/hsl/lvt/latest/liberty/logic_synth/um28nchllogl35hsl140f_ssgwc0p9v125c.db

1
uniquify
Information: Uniquified 32 instances of design 'GFMULT'. (OPT-1056)
1
# ---------------------------------------
# 2. Constraints Setting
# ---------------------------------------
# Clock
# Reduce clock period to model wire delay (60% of original period)
set delay_percentage 0.6
0.6
set clk_period [expr 1000 / double($clk_freq)]
0.625
set clk_period [expr $clk_period * $delay_percentage]
0.375
if {[sizeof_collection [get_ports $clk_port_name]] > 0} {
  # Create real clock if clock port is found
  set clk_name $clk_port_name
  create_clock -period $clk_period -name $clk_name [get_port {clk}]
  # If real clock, set infinite drive strength
  set_drive 0 $clk_name
} elseif {[sizeof_collection [get_ports $clk_port_name]] == 0} {
  # Create virtual clock if clock port is not found
  set clk_name vclk
  create_clock -period $clk_period -name $clk_name
}
Warning: Can't find port 'clk' in design 'UNITY_ENCODER'. (UID-95)
Warning: Can't find port 'clk' in design 'UNITY_ENCODER'. (UID-95)
Warning: Creating virtual clock named 'vclk' with no sources. (UID-348)
1
# Apply default timing constraints for modules
set_input_delay  [expr 2/3 * $clk_period] [all_inputs] -clock $clk_name
1
set_output_delay [expr 2/3 * $clk_period] [all_outputs] -clock $clk_name
1
# Transition time of a slope that drives the port,
# such that a higher transition value means longer delays
# This prevents the hold time violations that we don't have to care about
set_input_transition 0.1 [all_inputs]
1
# Area
# If max_area is set 0, DesignCompiler will minimize the design as small as possible
set_max_area 0 
1
# ---------------------------------------
# 3. Compilation
# ---------------------------------------
compile_ultra
Loading db file '/usr/synopsys/syn/Q-2019.12-SP5-5/libraries/syn/dw_foundation.sldb'
Warning: DesignWare synthetic library dw_foundation.sldb is added to the synthetic_library in the current command. (UISN-40)
Information: Performing power optimization. (PWR-850)
Analyzing: "/media/0/LogicLibraries/UMC/28nm/35hs/hsl/lvt/latest/liberty/logic_synth/um28nchllogl35hsl140f_ssgwc0p9v125c.db"
Library analysis succeeded.
Information: Evaluating DesignWare library utilization. (UISN-27)

============================================================================
| DesignWare Building Block Library  |         Version         | Available |
============================================================================
| Basic DW Building Blocks           | Q-2019.12-DWBB_201912.5 |     *     |
| Licensed DW Building Blocks        | Q-2019.12-DWBB_201912.5 |     *     |
============================================================================

Information: Sequential output inversion is enabled.  SVF file must be used for formal verification. (OPT-1208)

Information: There are 832 potential problems in your design. Please run 'check_design' for more information. (LINT-99)

  Simplifying Design 'UNITY_ENCODER'

Loaded alib file './alib-52/um28nchllogl35hsl140f_ssgwc0p9v125c.db.alib'
  Building model 'DW01_NAND2'
Information: Ungrouping hierarchy gmult_00 before Pass 1 (OPT-776)
Information: Ungrouping hierarchy gmult_32 before Pass 1 (OPT-776)
Information: Ungrouping hierarchy gmult_31 before Pass 1 (OPT-776)
Information: Ungrouping hierarchy gmult_30 before Pass 1 (OPT-776)
Information: Ungrouping hierarchy gmult_29 before Pass 1 (OPT-776)
Information: Ungrouping hierarchy gmult_28 before Pass 1 (OPT-776)
Information: Ungrouping hierarchy gmult_27 before Pass 1 (OPT-776)
Information: Ungrouping hierarchy gmult_26 before Pass 1 (OPT-776)
Information: Ungrouping hierarchy gmult_25 before Pass 1 (OPT-776)
Information: Ungrouping hierarchy gmult_24 before Pass 1 (OPT-776)
Information: Ungrouping hierarchy gmult_23 before Pass 1 (OPT-776)
Information: Ungrouping hierarchy gmult_22 before Pass 1 (OPT-776)
Information: Ungrouping hierarchy gmult_21 before Pass 1 (OPT-776)
Information: Ungrouping hierarchy gmult_20 before Pass 1 (OPT-776)
Information: Ungrouping hierarchy gmult_19 before Pass 1 (OPT-776)
Information: Ungrouping hierarchy gmult_18 before Pass 1 (OPT-776)
Information: Ungrouping hierarchy gmult_17 before Pass 1 (OPT-776)
Information: Ungrouping hierarchy gmult_15 before Pass 1 (OPT-776)
Information: Ungrouping hierarchy gmult_14 before Pass 1 (OPT-776)
Information: Ungrouping hierarchy gmult_13 before Pass 1 (OPT-776)
Information: Ungrouping hierarchy gmult_12 before Pass 1 (OPT-776)
Information: Ungrouping hierarchy gmult_11 before Pass 1 (OPT-776)
Information: Ungrouping hierarchy gmult_10 before Pass 1 (OPT-776)
Information: Ungrouping hierarchy gmult_09 before Pass 1 (OPT-776)
Information: Ungrouping hierarchy gmult_08 before Pass 1 (OPT-776)
Information: Ungrouping hierarchy gmult_07 before Pass 1 (OPT-776)
Information: Ungrouping hierarchy gmult_06 before Pass 1 (OPT-776)
Information: Ungrouping hierarchy gmult_05 before Pass 1 (OPT-776)
Information: Ungrouping hierarchy gmult_04 before Pass 1 (OPT-776)
Information: Ungrouping hierarchy gmult_03 before Pass 1 (OPT-776)
Information: Ungrouping hierarchy gmult_02 before Pass 1 (OPT-776)
Information: Ungrouping hierarchy gmult_01 before Pass 1 (OPT-776)
Information: Ungrouping 32 of 33 hierarchies before Pass 1 (OPT-775)
Information: State dependent leakage is now switched from on to off.

  Beginning Pass 1 Mapping
  ------------------------
  Processing 'UNITY_ENCODER'

  Updating timing information
Information: Updating design information... (UID-85)
Information: The library cell 'STQ_TIE1_1' in the library 'um28nchllogl35hsl140f_ssgwc0p9v125c' is not characterized for internal power. (PWR-536)
Information: The library cell 'STQ_TIE0_1' in the library 'um28nchllogl35hsl140f_ssgwc0p9v125c' is not characterized for internal power. (PWR-536)
Information: The target library(s) contains cell(s), other than black boxes, that are not characterized for internal power. (PWR-24)

Threshold voltage group cell usage:
>> LVT35 100.00%

  Beginning Mapping Optimizations  (Ultra High effort)
  -------------------------------
  Mapping Optimization (Phase 1)

                                  TOTAL                                                
   ELAPSED            WORST NEG   SETUP    DESIGN                              LEAKAGE 
    TIME      AREA      SLACK     COST    RULE COST         ENDPOINT            POWER  
  --------- --------- --------- --------- --------- ------------------------- ---------
    0:00:32    3736.5      0.00       0.0       0.0                           659392.3125
    0:00:32    3736.5      0.00       0.0       0.0                           659392.3125

Threshold voltage group cell usage:
>> LVT35 100.00%

  Beginning Constant Register Removal
  -----------------------------------
    0:00:32    3736.5      0.00       0.0       0.0                           659392.3125
    0:00:32    3736.5      0.00       0.0       0.0                           659392.3125

Threshold voltage group cell usage:
>> LVT35 100.00%

  Beginning Global Optimizations
  ------------------------------
  Numerical Synthesis (Phase 1)
  Numerical Synthesis (Phase 2)
  Global Optimization (Phase 1)
  Global Optimization (Phase 2)
  Global Optimization (Phase 3)
  Global Optimization (Phase 4)
  Global Optimization (Phase 5)
  Global Optimization (Phase 6)
  Global Optimization (Phase 7)
  Global Optimization (Phase 8)
  Global Optimization (Phase 9)
  Global Optimization (Phase 10)
  Global Optimization (Phase 11)
  Global Optimization (Phase 12)
  Global Optimization (Phase 13)
  Global Optimization (Phase 14)
  Global Optimization (Phase 15)
  Global Optimization (Phase 16)
  Global Optimization (Phase 17)
  Global Optimization (Phase 18)
  Global Optimization (Phase 19)
  Global Optimization (Phase 20)
  Global Optimization (Phase 21)
  Global Optimization (Phase 22)
  Global Optimization (Phase 23)
  Global Optimization (Phase 24)
  Global Optimization (Phase 25)
  Global Optimization (Phase 26)
  Global Optimization (Phase 27)
  Global Optimization (Phase 28)

Threshold voltage group cell usage:
>> LVT35 100.00%

  Beginning Isolate Ports
  -----------------------

Threshold voltage group cell usage:
>> LVT35 100.00%

  Beginning Delay Optimization
  ----------------------------
    0:00:33    1649.8      0.07       0.5       0.0                           221317.4844
    0:00:33    1697.6      0.00       0.0       0.0                           230462.8125
    0:00:33    1697.6      0.00       0.0       0.0                           230462.8125
    0:00:34    1697.6      0.00       0.0       0.0                           230462.8125

Threshold voltage group cell usage:
>> LVT35 100.00%
    0:00:34    1697.6      0.00       0.0       0.0                           230462.8125
    0:00:34    1697.6      0.00       0.0       0.0                           230462.8125

  Beginning WLM Backend Optimization
  --------------------------------------
    0:00:34    1692.6      0.00       0.0       0.0                           229441.4062
    0:00:34    1692.6      0.00       0.0       0.0                           229441.4062
    0:00:34    1692.6      0.00       0.0       0.0                           229441.4062
    0:00:35    1681.7      0.00       0.0       0.0                           212281.2812
    0:00:35    1681.7      0.00       0.0       0.0                           212281.2812
    0:00:35    1681.7      0.00       0.0       0.0                           212281.2812
    0:00:35    1681.7      0.00       0.0       0.0                           212281.2812
    0:00:35    1681.7      0.00       0.0       0.0                           212281.2812
    0:00:35    1681.7      0.00       0.0       0.0                           212281.2812
    0:00:35    1681.7      0.00       0.0       0.0                           212281.2812
    0:00:35    1681.7      0.00       0.0       0.0                           212281.2812
    0:00:35    1681.7      0.00       0.0       0.0                           212281.2812
    0:00:35    1681.7      0.00       0.0       0.0                           212281.2812
    0:00:35    1681.7      0.00       0.0       0.0                           212281.2812
    0:00:35    1681.7      0.00       0.0       0.0                           212281.2812
    0:00:35    1681.7      0.00       0.0       0.0                           212281.2812
    0:00:35    1681.7      0.00       0.0       0.0                           212281.2812
    0:00:35    1681.7      0.00       0.0       0.0                           212281.2812
    0:00:35    1681.7      0.00       0.0       0.0                           212281.2812
    0:00:35    1681.7      0.00       0.0       0.0                           212281.2812
    0:00:35    1681.7      0.00       0.0       0.0                           212281.2812
    0:00:35    1681.7      0.00       0.0       0.0                           212281.2812


  Beginning Design Rule Fixing  (min_capacitance)
  ----------------------------

                                  TOTAL                                                
   ELAPSED            WORST NEG   SETUP    DESIGN                              LEAKAGE 
    TIME      AREA      SLACK     COST    RULE COST         ENDPOINT            POWER  
  --------- --------- --------- --------- --------- ------------------------- ---------
    0:00:35    1681.7      0.00       0.0       0.0                           212281.2812
  Global Optimization (Phase 29)
  Global Optimization (Phase 30)
  Global Optimization (Phase 31)
    0:00:35    1681.7      0.00       0.0       0.0                           212281.2812
    0:00:35    1681.7      0.00       0.0       0.0                           212281.2812

Threshold voltage group cell usage:
>> LVT35 100.00%


  Beginning Leakage Power Optimization  (max_leakage_power 0)
  ------------------------------------

                                  TOTAL                                                
   ELAPSED            WORST NEG   SETUP    DESIGN                              LEAKAGE 
    TIME      AREA      SLACK     COST    RULE COST         ENDPOINT            POWER  
  --------- --------- --------- --------- --------- ------------------------- ---------
    0:00:35    1681.7      0.00       0.0       0.0                           212281.2812
  Global Optimization (Phase 32)
  Global Optimization (Phase 33)
  Global Optimization (Phase 34)
  Global Optimization (Phase 35)
  Global Optimization (Phase 36)
  Global Optimization (Phase 37)
  Global Optimization (Phase 38)
  Global Optimization (Phase 39)
  Global Optimization (Phase 40)
  Global Optimization (Phase 41)
  Global Optimization (Phase 42)
  Global Optimization (Phase 43)
  Global Optimization (Phase 44)
    0:00:35    1670.6      0.00       0.0       0.0                           208765.3750
    0:00:35    1670.6      0.00       0.0       0.0                           208765.3750
    0:00:35    1670.6      0.00       0.0       0.0                           208765.3750
    0:00:35    1670.6      0.00       0.0       0.0                           208667.8438
    0:00:35    1670.6      0.00       0.0       0.0                           208667.8438
    0:00:35    1670.6      0.00       0.0       0.0                           208667.8438
    0:00:35    1670.6      0.00       0.0       0.0                           208667.8438
    0:00:35    1670.6      0.00       0.0       0.0                           208667.8438
    0:00:35    1670.6      0.00       0.0       0.0                           208667.8438
    0:00:35    1670.6      0.00       0.0       0.0                           208667.8438
    0:00:35    1670.6      0.00       0.0       0.0                           208667.8438
    0:00:35    1670.6      0.00       0.0       0.0                           208667.8438
    0:00:35    1670.6      0.00       0.0       0.0                           208667.8438
    0:00:35    1670.6      0.00       0.0       0.0                           208667.8438
    0:00:35    1670.6      0.00       0.0       0.0                           208667.8438
    0:00:35    1670.6      0.00       0.0       0.0                           208667.8438
    0:00:35    1670.6      0.00       0.0       0.0                           208667.8438
    0:00:35    1670.6      0.00       0.0       0.0                           208667.8438
    0:00:35    1670.6      0.00       0.0       0.0                           208667.8438
    0:00:35    1670.6      0.00       0.0       0.0                           208667.8438
    0:00:35    1670.6      0.00       0.0       0.0                           208667.8438
    0:00:35    1670.6      0.00       0.0       0.0                           208667.8438

                                  TOTAL                                                
   ELAPSED            WORST NEG   SETUP    DESIGN                              LEAKAGE 
    TIME      AREA      SLACK     COST    RULE COST         ENDPOINT            POWER  
  --------- --------- --------- --------- --------- ------------------------- ---------
    0:00:36    1670.6      0.00       0.0       0.0                           208667.8438
    0:00:36    1670.6      0.00       0.0       0.0                           198934.1250
    0:00:36    1670.6      0.00       0.0       0.0                           198934.1250
    0:00:36    1670.6      0.00       0.0       0.0                           198934.1250
    0:00:36    1670.6      0.00       0.0       0.0                           198768.2344
    0:00:36    1669.4      0.00       0.0       0.0                           198532.1250
    0:00:36    1669.4      0.00       0.0       0.0                           198532.1250
    0:00:36    1669.4      0.00       0.0       0.0                           198532.1250
    0:00:36    1669.4      0.00       0.0       0.0                           198532.1250
    0:00:36    1669.4      0.00       0.0       0.0                           198532.1250
    0:00:36    1669.4      0.00       0.0       0.0                           198532.1250
    0:00:37    1666.4      0.00       0.0       0.0                           197496.3125
Loading db file '/media/0/LogicLibraries/UMC/28nm/35hs/hsl/lvt/latest/liberty/logic_synth/um28nchllogl35hsl140f_ssgwc0p9v125c.db'


Note: Symbol # after min delay cost means estimated hold TNS across all active scenarios 


  Optimization Complete
  ---------------------
Information: State dependent leakage is now switched from off to on.
Information: Propagating switching activity (low effort zero delay simulation). (PWR-6)
1
# ---------------------------------------
# 4. Design Reports
# ---------------------------------------
check_design  > $topmodule_name.check_design.rpt
report_constraint -all_violators -verbose -sig 10 > $topmodule_name.all_viol.rpt
report_design > $topmodule_name.design.rpt
report_area -physical -hierarchy > $topmodule_name.area.rpt
report_cell > $topmodule_name.cell.rpt
report_qor > $topmodule_name.qor.rpt
report_reference > $topmodule_name.reference.rpt
report_resources > $topmodule_name.resources.rpt
report_hierarchy -full > $topmodule_name.hierarchy.rpt
report_timing -nworst 10 -max_paths 10 > $topmodule_name.timing.rpt
report_power -analysis_effort high > $topmodule_name.power.rpt
report_threshold_voltage_group > $topmodule_name.vth.rpt
# Dump out the constraints in an SDC file
write_sdc $topmodule_name.constraints.sdc
1
# Dump out the synthesized database and gate-level-netlist
write -hierarchy -format ddc -output      $topmodule_name.ddc
Writing ddc file 'UNITY_ENCODER.ddc'.
1
write -hierarchy -format verilog -output  $topmodule_name.netlist.v
Writing verilog file '/home/99june18/X-ECC/3_Hardware_overhead/2.Unity_ECC/Encoder/syn/output/UNITY_ENCODER.netlist.v'.
Warning: Verilog 'assign' or 'tran' statements are written out. (VO-4)
1
exit

Memory usage for this session 651 Mbytes.
Memory usage for this session including child processes 651 Mbytes.
CPU usage for this session 141 seconds ( 0.04 hours ).
Elapsed time for this session 143 seconds ( 0.04 hours ).

Thank you...
