 
****************************************
Report : reference
Design : L_ECC_DECODER
Version: Q-2019.12-SP5-5
Date   : Wed Apr  1 16:07:58 2026
****************************************

Attributes:
    b - black box (unknown)
   bo - allows boundary optimization
    d - dont_touch
   mo - map_only
    h - hierarchical
    n - noncombinational
    r - removable
    s - synthetic operator
    u - contains unmapped logic

Reference          Library       Unit Area   Count    Total Area   Attributes
-----------------------------------------------------------------------------
STQ_AO2BB2_V3_1    um28nchllogl35hsl140f_ssgwc0p9v125c
                                  1.008000       1      1.008000  
STQ_AO211_1        um28nchllogl35hsl140f_ssgwc0p9v125c
                                  1.008000       1      1.008000  
STQ_AOI21_0P75     um28nchllogl35hsl140f_ssgwc0p9v125c
                                  0.672000       1      0.672000  
STQ_AOI21_1        um28nchllogl35hsl140f_ssgwc0p9v125c
                                  0.672000       1      0.672000  
STQ_BUF_2          um28nchllogl35hsl140f_ssgwc0p9v125c
                                  0.672000       1      0.672000  
STQ_EN2_3          um28nchllogl35hsl140f_ssgwc0p9v125c
                                  3.024000       2      6.048000  
STQ_EN2_4          um28nchllogl35hsl140f_ssgwc0p9v125c
                                  3.024000      13     39.311999  
STQ_EN2_S_1        um28nchllogl35hsl140f_ssgwc0p9v125c
                                  1.512000      34     51.407999  
STQ_EN2_S_2        um28nchllogl35hsl140f_ssgwc0p9v125c
                                  1.680000      72    120.959996  
STQ_EN3_1          um28nchllogl35hsl140f_ssgwc0p9v125c
                                  2.184000       8     17.472000  
STQ_EN3_2          um28nchllogl35hsl140f_ssgwc0p9v125c
                                  2.688000       1      2.688000  
STQ_EN3_3          um28nchllogl35hsl140f_ssgwc0p9v125c
                                  4.032000      18     72.576001  
STQ_EO2_1          um28nchllogl35hsl140f_ssgwc0p9v125c
                                  1.512000      15     22.679999  
STQ_EO2_2          um28nchllogl35hsl140f_ssgwc0p9v125c
                                  1.680000      15     25.199999  
STQ_EO2_3          um28nchllogl35hsl140f_ssgwc0p9v125c
                                  2.856000      16     45.695999  
STQ_EO2_S_0P5      um28nchllogl35hsl140f_ssgwc0p9v125c
                                  1.512000      80    120.959997  
STQ_EO2_S_2        um28nchllogl35hsl140f_ssgwc0p9v125c
                                  1.512000      64     96.767998  
STQ_EO2_S_4        um28nchllogl35hsl140f_ssgwc0p9v125c
                                  2.688000       2      5.376000  
STQ_EO3_0P5        um28nchllogl35hsl140f_ssgwc0p9v125c
                                  1.512000      75    113.399997  
STQ_EO3_1          um28nchllogl35hsl140f_ssgwc0p9v125c
                                  2.184000     100    218.400002  
STQ_EO3_2          um28nchllogl35hsl140f_ssgwc0p9v125c
                                  2.688000      92    247.295997  
STQ_EO3_3          um28nchllogl35hsl140f_ssgwc0p9v125c
                                  4.200000      29    121.799994  
STQ_INV_1P5        um28nchllogl35hsl140f_ssgwc0p9v125c
                                  0.504000      10      5.040000  
STQ_INV_2          um28nchllogl35hsl140f_ssgwc0p9v125c
                                  0.504000       7      3.528000  
STQ_INV_3          um28nchllogl35hsl140f_ssgwc0p9v125c
                                  0.672000       1      0.672000  
STQ_INV_S_0P65     um28nchllogl35hsl140f_ssgwc0p9v125c
                                  0.336000      59     19.824000  
STQ_INV_S_1        um28nchllogl35hsl140f_ssgwc0p9v125c
                                  0.336000      35     11.760000  
STQ_INV_S_1P25     um28nchllogl35hsl140f_ssgwc0p9v125c
                                  0.504000       1      0.504000  
STQ_MUX2_1P5       um28nchllogl35hsl140f_ssgwc0p9v125c
                                  1.344000       1      1.344000  
STQ_MUXI2_MG_0P75  um28nchllogl35hsl140f_ssgwc0p9v125c
                                  1.008000       2      2.016000  
STQ_MUXI2_S_2      um28nchllogl35hsl140f_ssgwc0p9v125c
                                  1.848000       1      1.848000  
STQ_ND2_1P5        um28nchllogl35hsl140f_ssgwc0p9v125c
                                  0.840000       1      0.840000  
STQ_ND2_G_1        um28nchllogl35hsl140f_ssgwc0p9v125c
                                  0.504000       3      1.512000  
STQ_ND2_G_2        um28nchllogl35hsl140f_ssgwc0p9v125c
                                  0.840000       1      0.840000  
STQ_ND4_MM_1P5     um28nchllogl35hsl140f_ssgwc0p9v125c
                                  1.512000       2      3.024000  
STQ_ND4_MM_2       um28nchllogl35hsl140f_ssgwc0p9v125c
                                  1.512000       1      1.512000  
STQ_NR2_2          um28nchllogl35hsl140f_ssgwc0p9v125c
                                  0.840000       1      0.840000  
STQ_NR4_2          um28nchllogl35hsl140f_ssgwc0p9v125c
                                  1.512000       2      3.024000  
STQ_OA21B_1        um28nchllogl35hsl140f_ssgwc0p9v125c
                                  0.840000       1      0.840000  
STQ_OAI211_0P5     um28nchllogl35hsl140f_ssgwc0p9v125c
                                  0.840000       1      0.840000  
STQ_OAI211_1       um28nchllogl35hsl140f_ssgwc0p9v125c
                                  0.840000       1      0.840000  
STQ_OAI211_1P5     um28nchllogl35hsl140f_ssgwc0p9v125c
                                  1.512000       1      1.512000  
STQ_OAI211_2       um28nchllogl35hsl140f_ssgwc0p9v125c
                                  1.512000       1      1.512000  
STQ_OAOI211_2      um28nchllogl35hsl140f_ssgwc0p9v125c
                                  1.512000       1      1.512000  
STQ_OR3B_2         um28nchllogl35hsl140f_ssgwc0p9v125c
                                  1.176000       1      1.176000  
-----------------------------------------------------------------------------
Total 45 references                                  1398.431977
1
