 
****************************************
Report : hierarchy
        -full
Design : L_ECC_DECODER
Version: Q-2019.12-SP5-5
Date   : Wed Apr  1 15:21:28 2026
****************************************

L_ECC_DECODER
    STQ_AOI31_2              um28nchllogl35hsl140f_ssgwc0p9v125c
    STQ_AOI211_1P5           um28nchllogl35hsl140f_ssgwc0p9v125c
    STQ_AOI211_3             um28nchllogl35hsl140f_ssgwc0p9v125c
    STQ_EN2_4                um28nchllogl35hsl140f_ssgwc0p9v125c
    STQ_EN2_S_1              um28nchllogl35hsl140f_ssgwc0p9v125c
    STQ_EN2_S_2              um28nchllogl35hsl140f_ssgwc0p9v125c
    STQ_EN3_1                um28nchllogl35hsl140f_ssgwc0p9v125c
    STQ_EN3_2                um28nchllogl35hsl140f_ssgwc0p9v125c
    STQ_EN3_3                um28nchllogl35hsl140f_ssgwc0p9v125c
    STQ_EO2_1                um28nchllogl35hsl140f_ssgwc0p9v125c
    STQ_EO2_2                um28nchllogl35hsl140f_ssgwc0p9v125c
    STQ_EO2_3                um28nchllogl35hsl140f_ssgwc0p9v125c
    STQ_EO2_S_0P5            um28nchllogl35hsl140f_ssgwc0p9v125c
    STQ_EO2_S_2              um28nchllogl35hsl140f_ssgwc0p9v125c
    STQ_EO3_0P5              um28nchllogl35hsl140f_ssgwc0p9v125c
    STQ_EO3_1                um28nchllogl35hsl140f_ssgwc0p9v125c
    STQ_EO3_2                um28nchllogl35hsl140f_ssgwc0p9v125c
    STQ_EO3_3                um28nchllogl35hsl140f_ssgwc0p9v125c
    STQ_INV_1P5              um28nchllogl35hsl140f_ssgwc0p9v125c
    STQ_INV_2                um28nchllogl35hsl140f_ssgwc0p9v125c
    STQ_INV_S_0P65           um28nchllogl35hsl140f_ssgwc0p9v125c
    STQ_INV_S_1              um28nchllogl35hsl140f_ssgwc0p9v125c
    STQ_MUXI2_MG_1P5         um28nchllogl35hsl140f_ssgwc0p9v125c
    STQ_MUXI2_S_2            um28nchllogl35hsl140f_ssgwc0p9v125c
    STQ_ND2_S_2              um28nchllogl35hsl140f_ssgwc0p9v125c
    STQ_ND3_0P5              um28nchllogl35hsl140f_ssgwc0p9v125c
    STQ_ND3_2                um28nchllogl35hsl140f_ssgwc0p9v125c
    STQ_ND4_MM_2             um28nchllogl35hsl140f_ssgwc0p9v125c
    STQ_NR2_1P5              um28nchllogl35hsl140f_ssgwc0p9v125c
    STQ_NR2_2                um28nchllogl35hsl140f_ssgwc0p9v125c
    STQ_NR3_G_2              um28nchllogl35hsl140f_ssgwc0p9v125c
    STQ_NR4_1                um28nchllogl35hsl140f_ssgwc0p9v125c
    STQ_OAI31_G_1            um28nchllogl35hsl140f_ssgwc0p9v125c
1
