 
****************************************
Report : area
Design : L_ECC_DECODER
Version: Q-2019.12-SP5-5
Date   : Wed Apr  1 15:21:28 2026
****************************************

Library(s) Used:

    um28nchllogl35hsl140f_ssgwc0p9v125c (File: /media/0/LogicLibraries/UMC/28nm/35hs/hsl/lvt/latest/liberty/logic_synth/um28nchllogl35hsl140f_ssgwc0p9v125c.db)

Number of ports:                          561
Number of nets:                           992
Number of cells:                          704
Number of combinational cells:            704
Number of sequential cells:                 0
Number of macros/black boxes:               0
Number of buf/inv:                         79
Number of references:                      33

Combinational area:               1205.399978
Buf/Inv area:                       27.216000
Noncombinational area:               0.000000
Macro/Black Box area:                0.000000
Net Interconnect area:      undefined  (Wire load has zero net area)

Total cell area:                  1205.399978
Total area:                 undefined

The above information was reported from the logical library. The following are from the physical library:

Hierarchical area distribution
------------------------------

                                  Global cell area          Local cell area
                                  ------------------  ---------------------------- 
Hierarchical cell                 Absolute   Percent  Combi-     Noncombi-  Black-
                                  Total      Total    national   national   boxes   Design
--------------------------------  ---------  -------  ---------  ---------  ------  ---------
L_ECC_DECODER                     1205.4000    100.0  1205.4000     0.0000  0.0000  L_ECC_DECODER
--------------------------------  ---------  -------  ---------  ---------  ------  ---------
Total                                                 1205.4000     0.0000  0.0000

1
