 
****************************************
Report : qor
Design : L_ECC_DECODER
Version: Q-2019.12-SP5-5
Date   : Wed Apr  1 15:21:28 2026
****************************************


  Timing Path Group 'vclk'
  -----------------------------------
  Levels of Logic:              10.00
  Critical Path Length:          0.37
  Critical Path Slack:           0.00
  Critical Path Clk Period:      0.38
  Total Negative Slack:          0.00
  No. of Violating Paths:        0.00
  Worst Hold Violation:          0.00
  Total Hold Violation:          0.00
  No. of Hold Violations:        0.00
  -----------------------------------


  Cell Count
  -----------------------------------
  Hierarchical Cell Count:          0
  Hierarchical Port Count:          0
  Leaf Cell Count:                704
  Buf/Inv Cell Count:              79
  Buf Cell Count:                   0
  Inv Cell Count:                  79
  CT Buf/Inv Cell Count:            0
  Combinational Cell Count:       704
  Sequential Cell Count:            0
  Macro Count:                      0
  -----------------------------------


  Area
  -----------------------------------
  Combinational Area:     1205.399978
  Noncombinational Area:     0.000000
  Buf/Inv Area:             27.216000
  Total Buffer Area:             0.00
  Total Inverter Area:          27.22
  Macro/Black Box Area:      0.000000
  Net Area:                  0.000000
  -----------------------------------
  Cell Area:              1205.399978
  Design Area:            1205.399978


  Design Rules
  -----------------------------------
  Total Number of Nets:           992
  Nets With Violations:             0
  Max Trans Violations:             0
  Max Cap Violations:               0
  -----------------------------------


  Hostname: SALserver01

  Compile CPU Statistics
  -----------------------------------------
  Resource Sharing:                    0.02
  Logic Optimization:                  1.81
  Mapping Optimization:                2.62
  -----------------------------------------
  Overall Compile Time:               26.72
  Overall Compile Wall Clock Time:    26.99

  --------------------------------------------------------------------

  Design  WNS: 0.00  TNS: 0.00  Number of Violating Paths: 0


  Design (Hold)  WNS: 0.00  TNS: 0.00  Number of Violating Paths: 0

  --------------------------------------------------------------------


1
