 
****************************************
Report : qor
Design : UNITY_ENCODER
Version: Q-2019.12-SP5-5
Date   : Fri Apr  3 12:23:38 2026
****************************************


  Timing Path Group 'vclk'
  -----------------------------------
  Levels of Logic:               6.00
  Critical Path Length:          0.37
  Critical Path Slack:           0.00
  Critical Path Clk Period:      0.38
  Total Negative Slack:          0.00
  No. of Violating Paths:        0.00
  Worst Hold Violation:          0.00
  Total Hold Violation:          0.00
  No. of Hold Violations:        0.00
  -----------------------------------


  Cell Count
  -----------------------------------
  Hierarchical Cell Count:          0
  Hierarchical Port Count:          0
  Leaf Cell Count:               1104
  Buf/Inv Cell Count:              13
  Buf Cell Count:                   0
  Inv Cell Count:                  13
  CT Buf/Inv Cell Count:            0
  Combinational Cell Count:      1104
  Sequential Cell Count:            0
  Macro Count:                      0
  -----------------------------------


  Area
  -----------------------------------
  Combinational Area:     1666.391962
  Noncombinational Area:     0.000000
  Buf/Inv Area:              4.368000
  Total Buffer Area:             0.00
  Total Inverter Area:           4.37
  Macro/Black Box Area:      0.000000
  Net Area:                  0.000000
  -----------------------------------
  Cell Area:              1666.391962
  Design Area:            1666.391962


  Design Rules
  -----------------------------------
  Total Number of Nets:          1360
  Nets With Violations:             0
  Max Trans Violations:             0
  Max Cap Violations:               0
  -----------------------------------


  Hostname: SALserver01

  Compile CPU Statistics
  -----------------------------------------
  Resource Sharing:                    0.13
  Logic Optimization:                  1.71
  Mapping Optimization:                2.47
  -----------------------------------------
  Overall Compile Time:               38.77
  Overall Compile Wall Clock Time:    39.31

  --------------------------------------------------------------------

  Design  WNS: 0.00  TNS: 0.00  Number of Violating Paths: 0


  Design (Hold)  WNS: 0.00  TNS: 0.00  Number of Violating Paths: 0

  --------------------------------------------------------------------


1
