
                           Design Compiler Graphical 
                                 DC Ultra (TM)
                                  DFTMAX (TM)
                              Power Compiler (TM)
                                 DesignWare (R)
                                 DC Expert (TM)
                               Design Vision (TM)
                               HDL Compiler (TM)
                               VHDL Compiler (TM)
                                  DFT Compiler
                               Design Compiler(R)

              Version Q-2019.12-SP5-5 for linux64 - Mar 21, 2021 

                    Copyright (c) 1988 - 2021 Synopsys, Inc.
   This software and the associated documentation are proprietary to Synopsys,
 Inc. This software may only be used in accordance with the terms and conditions
 of a written license agreement with Synopsys, Inc. All other use, reproduction,
            or distribution of this software is strictly prohibited.
Initializing...
Initializing gui preferences from file  /home/99june18/.synopsys_dv_prefs.tcl
# ---------------------------------------
# DESIGN PROFILE
# ---------------------------------------
set topmodule_name      SEC_DED_DECODER
SEC_DED_DECODER
set clk_port_name       clk
clk
set clk_freq            1600
1600
# ---------------------------------------
# Read Libraries
# ---------------------------------------
#set LIBLIST_PATH        $env(LIBLIST_PATH)
#source $LIBLIST_PATH
set link_library   [list /media/0/LogicLibraries/UMC/28nm/35hs/hsl/lvt/latest/liberty/logic_synth/um28nchllogl35hsl140f_ssgwc0p9v125c.db]
/media/0/LogicLibraries/UMC/28nm/35hs/hsl/lvt/latest/liberty/logic_synth/um28nchllogl35hsl140f_ssgwc0p9v125c.db
set target_library [list /media/0/LogicLibraries/UMC/28nm/35hs/hsl/lvt/latest/liberty/logic_synth/um28nchllogl35hsl140f_ssgwc0p9v125c.db]
/media/0/LogicLibraries/UMC/28nm/35hs/hsl/lvt/latest/liberty/logic_synth/um28nchllogl35hsl140f_ssgwc0p9v125c.db
# ---------------------------------------
# Read Source Codes
# ---------------------------------------
set RTL_PATH            $env(RTL_PATH)
/home/99june18/Cerberus/Hardware_overhead/2.Cerberus_32b/O-ECC/syn/..//rtl/
read_file $RTL_PATH -autoread -recursive -format sverilog -top $topmodule_name
== READ_FILE autoread for top design 'SEC_DED_DECODER' ==

Starting READ_FILE autoread mode...
Information: Adding '/home/99june18/Cerberus/Hardware_overhead/2.Cerberus_32b/O-ECC/rtl/'.  (AUTOREAD-100)
Warning: Adding missing directory to search_path - '/home/99june18/Cerberus/Hardware_overhead/2.Cerberus_32b/O-ECC/rtl/'. (AUTOREAD-105)
Information: Adding '/home/99june18/Cerberus/Hardware_overhead/2.Cerberus_32b/O-ECC/rtl/SEC_DED_DECODER.sv'.  (AUTOREAD-100)
Information: Source filelist.f ignored by autoread due to filtering.  (AUTOREAD-102)
Information: Scanning file { SEC_DED_DECODER.sv }. (AUTOREAD-303)
Compiling source file /home/99june18/Cerberus/Hardware_overhead/2.Cerberus_32b/O-ECC/rtl/SEC_DED_DECODER.sv
Presto compilation completed successfully.
Elaborating top design SEC_DED_DECODER
Loading db file '/media/0/LogicLibraries/UMC/28nm/35hs/hsl/lvt/latest/liberty/logic_synth/um28nchllogl35hsl140f_ssgwc0p9v125c.db'
Loading db file '/usr/synopsys/syn/Q-2019.12-SP5-5/libraries/syn/gtech.db'
Loading db file '/usr/synopsys/syn/Q-2019.12-SP5-5/libraries/syn/standard.sldb'
  Loading link library 'um28nchllogl35hsl140f_ssgwc0p9v125c'
  Loading link library 'gtech'
Running PRESTO HDLC

Statistics for case statements in always block at line 28 in file
	'/home/99june18/Cerberus/Hardware_overhead/2.Cerberus_32b/O-ECC/rtl/SEC_DED_DECODER.sv'
===============================================
|           Line           |  full/ parallel  |
===============================================
|            29            |    auto/auto     |
===============================================
Presto compilation completed successfully. (SEC_DED_DECODER)
Elaborated 1 design.
Current design is now 'SEC_DED_DECODER'.
Autoread command completed successfully.
# ---------------------------------------
# 1. Environments Setting
# ---------------------------------------
link

  Linking design 'SEC_DED_DECODER'
  Using the following designs and libraries:
  --------------------------------------------------------------------------
  um28nchllogl35hsl140f_ssgwc0p9v125c (library) /media/0/LogicLibraries/UMC/28nm/35hs/hsl/lvt/latest/liberty/logic_synth/um28nchllogl35hsl140f_ssgwc0p9v125c.db

1
uniquify
1
# ---------------------------------------
# 2. Constraints Setting
# ---------------------------------------
# Clock
# Reduce clock period to model wire delay (60% of original period)
set delay_percentage 0.6
0.6
set clk_period [expr 1000 / double($clk_freq)]
0.625
set clk_period [expr $clk_period * $delay_percentage]
0.375
if {[sizeof_collection [get_ports $clk_port_name]] > 0} {
  # Create real clock if clock port is found
  set clk_name $clk_port_name
  create_clock -period $clk_period -name $clk_name [get_port {clk}]
  # If real clock, set infinite drive strength
  set_drive 0 $clk_name
} elseif {[sizeof_collection [get_ports $clk_port_name]] == 0} {
  # Create virtual clock if clock port is not found
  set clk_name vclk
  create_clock -period $clk_period -name $clk_name
}
Warning: Can't find port 'clk' in design 'SEC_DED_DECODER'. (UID-95)
Warning: Can't find port 'clk' in design 'SEC_DED_DECODER'. (UID-95)
Warning: Creating virtual clock named 'vclk' with no sources. (UID-348)
1
# Apply default timing constraints for modules
set_input_delay  [expr 2/3 * $clk_period] [all_inputs] -clock $clk_name
1
set_output_delay [expr 2/3 * $clk_period] [all_outputs] -clock $clk_name
1
# Transition time of a slope that drives the port,
# such that a higher transition value means longer delays
# This prevents the hold time violations that we don't have to care about
set_input_transition 0.1 [all_inputs]
1
# Area
# If max_area is set 0, DesignCompiler will minimize the design as small as possible
set_max_area 0 
1
# ---------------------------------------
# 3. Compilation
# ---------------------------------------
compile_ultra
Loading db file '/usr/synopsys/syn/Q-2019.12-SP5-5/libraries/syn/dw_foundation.sldb'
Warning: DesignWare synthetic library dw_foundation.sldb is added to the synthetic_library in the current command. (UISN-40)
Information: Performing power optimization. (PWR-850)
Analyzing: "/media/0/LogicLibraries/UMC/28nm/35hs/hsl/lvt/latest/liberty/logic_synth/um28nchllogl35hsl140f_ssgwc0p9v125c.db"
Library analysis succeeded.
Information: Evaluating DesignWare library utilization. (UISN-27)

============================================================================
| DesignWare Building Block Library  |         Version         | Available |
============================================================================
| Basic DW Building Blocks           | Q-2019.12-DWBB_201912.5 |     *     |
| Licensed DW Building Blocks        | Q-2019.12-DWBB_201912.5 |     *     |
============================================================================

Information: Sequential output inversion is enabled.  SVF file must be used for formal verification. (OPT-1208)
  Simplifying Design 'SEC_DED_DECODER'

Loaded alib file './alib-52/um28nchllogl35hsl140f_ssgwc0p9v125c.db.alib'
  Building model 'DW01_NAND2'
Information: Ungrouping 0 of 1 hierarchies before Pass 1 (OPT-775)
Information: State dependent leakage is now switched from on to off.

  Beginning Pass 1 Mapping
  ------------------------
  Processing 'SEC_DED_DECODER'

  Updating timing information
Information: Updating design information... (UID-85)
Information: The library cell 'STQ_TIE1_1' in the library 'um28nchllogl35hsl140f_ssgwc0p9v125c' is not characterized for internal power. (PWR-536)
Information: The library cell 'STQ_TIE0_1' in the library 'um28nchllogl35hsl140f_ssgwc0p9v125c' is not characterized for internal power. (PWR-536)
Information: The target library(s) contains cell(s), other than black boxes, that are not characterized for internal power. (PWR-24)

Threshold voltage group cell usage:
>> LVT35 100.00%

  Beginning Mapping Optimizations  (Ultra High effort)
  -------------------------------
  Mapping Optimization (Phase 1)
  Mapping Optimization (Phase 2)
  Mapping Optimization (Phase 3)
  Mapping Optimization (Phase 4)
  Mapping Optimization (Phase 5)
  Mapping Optimization (Phase 6)
  Mapping Optimization (Phase 7)

                                  TOTAL                                                
   ELAPSED            WORST NEG   SETUP    DESIGN                              LEAKAGE 
    TIME      AREA      SLACK     COST    RULE COST         ENDPOINT            POWER  
  --------- --------- --------- --------- --------- ------------------------- ---------
    0:08:28    7609.7      0.21      54.7       0.0                           1023362.0000
    0:08:28    7553.3      0.23      56.2       0.0                           1014334.0625

Threshold voltage group cell usage:
>> LVT35 100.00%

  Beginning Constant Register Removal
  -----------------------------------
    0:08:28    7572.4      0.24      56.5       0.0                           1019601.1875
    0:08:28    7556.1      0.33      81.4       0.0                           1017202.3750

Threshold voltage group cell usage:
>> LVT35 100.00%

  Beginning Global Optimizations
  ------------------------------
  Numerical Synthesis (Phase 1)
  Numerical Synthesis (Phase 2)
  Global Optimization (Phase 1)
  Global Optimization (Phase 2)
  Global Optimization (Phase 3)
  Global Optimization (Phase 4)
  Global Optimization (Phase 5)
  Global Optimization (Phase 6)
  Global Optimization (Phase 7)
  Global Optimization (Phase 8)
  Global Optimization (Phase 9)
  Global Optimization (Phase 10)
  Global Optimization (Phase 11)
  Global Optimization (Phase 12)
  Global Optimization (Phase 13)
  Global Optimization (Phase 14)
  Global Optimization (Phase 15)
  Global Optimization (Phase 16)
  Global Optimization (Phase 17)
  Global Optimization (Phase 18)
  Global Optimization (Phase 19)
  Global Optimization (Phase 20)
  Global Optimization (Phase 21)
  Global Optimization (Phase 22)
  Global Optimization (Phase 23)
  Global Optimization (Phase 24)
  Global Optimization (Phase 25)
  Global Optimization (Phase 26)
  Global Optimization (Phase 27)
  Global Optimization (Phase 28)
  Global Optimization (Phase 29)

Threshold voltage group cell usage:
>> LVT35 100.00%

  Beginning Isolate Ports
  -----------------------

Threshold voltage group cell usage:
>> LVT35 100.00%

  Beginning Delay Optimization
  ----------------------------
    0:08:30    3374.8      0.34      87.0       0.0                           337410.8750
    0:08:34    3785.9      0.23      61.7       0.0                           422556.7188
    0:08:34    3785.9      0.23      61.7       0.0                           422556.7188
    0:08:35    3785.9      0.23      61.7       0.0                           422556.7188

Threshold voltage group cell usage:
>> LVT35 100.00%
    0:08:37    3784.9      0.23      61.5       0.0                           422444.5312
    0:08:37    3784.4      0.23      61.5       0.0                           422420.0938

  Beginning WLM Backend Optimization
  --------------------------------------
    0:08:39    3740.9      0.23      61.5       0.0                           415519.0625
    0:08:41    3870.4      0.22      57.3       0.0                           448947.7812
    0:08:41    3870.4      0.22      57.3       0.0                           448947.7812
    0:08:41    3823.0      0.22      57.2       0.0                           439086.6875
    0:08:41    3823.0      0.22      57.2       0.0                           439086.6875
    0:08:46    4023.3      0.22      58.3       0.0                           473775.8750
    0:08:47    4023.3      0.22      58.3       0.0                           473775.8750
    0:08:48    4312.9      0.20      52.4       0.0                           528138.0000
    0:08:48    4312.9      0.20      52.4       0.0                           528138.0000
    0:08:56    4543.6      0.20      52.1       0.0                           567161.3750
    0:08:56    4543.6      0.20      52.1       0.0                           567161.3750
    0:09:02    5096.4      0.18      47.0       0.0                           667350.6250
    0:09:02    5096.4      0.18      47.0       0.0                           667350.6250
    0:09:19    5360.7      0.18      47.1       0.0                           708845.5000
    0:09:19    5360.7      0.18      47.1       0.0                           708845.5000
    0:09:39    6006.5      0.15      41.2       0.0                           817581.3750
    0:09:39    6006.5      0.15      41.2       0.0                           817581.3750
    0:10:07    6228.3      0.16      41.4       0.0                           849592.1250
    0:10:07    6228.3      0.16      41.4       0.0                           849592.1250
    0:10:23    6572.3      0.15      39.8       0.0                           910105.6875
    0:10:23    6572.3      0.15      39.8       0.0                           910105.6875
    0:10:32    6587.8      0.15      39.6       0.0                           910941.8125


  Beginning Design Rule Fixing  (min_capacitance)
  ----------------------------

                                  TOTAL                                                
   ELAPSED            WORST NEG   SETUP    DESIGN                              LEAKAGE 
    TIME      AREA      SLACK     COST    RULE COST         ENDPOINT            POWER  
  --------- --------- --------- --------- --------- ------------------------- ---------
    0:10:32    6587.8      0.15      39.6       0.0                           910941.8125
  Global Optimization (Phase 30)
  Global Optimization (Phase 31)
  Global Optimization (Phase 32)
    0:10:33    6626.1      0.15      38.9       0.0 data_out[170]             923461.5625
    0:10:34    6645.1      0.15      38.7       0.0                           929043.7500
    0:11:47    6804.8      0.15      38.9       0.0                           949923.9375

Threshold voltage group cell usage:
>> LVT35 100.00%


  Beginning Leakage Power Optimization  (max_leakage_power 0)
  ------------------------------------

                                  TOTAL                                                
   ELAPSED            WORST NEG   SETUP    DESIGN                              LEAKAGE 
    TIME      AREA      SLACK     COST    RULE COST         ENDPOINT            POWER  
  --------- --------- --------- --------- --------- ------------------------- ---------
    0:11:47    6804.8      0.15      38.9       0.0                           949923.9375
  Global Optimization (Phase 33)
  Global Optimization (Phase 34)
  Global Optimization (Phase 35)
  Global Optimization (Phase 36)
  Global Optimization (Phase 37)
  Global Optimization (Phase 38)
  Global Optimization (Phase 39)
  Global Optimization (Phase 40)
  Global Optimization (Phase 41)
  Global Optimization (Phase 42)
  Global Optimization (Phase 43)
  Global Optimization (Phase 44)
  Global Optimization (Phase 45)
  Global Optimization (Phase 46)
  Global Optimization (Phase 47)
    0:11:50    6049.0      0.14      38.3       0.0 data_out[187]             819480.2500
    0:11:50    6101.6      0.14      38.1       0.0                           830417.4375
    0:12:13    6186.8      0.14      38.0       0.0                           843225.6875
    0:12:13    6186.8      0.14      38.0       0.0                           843225.6875
    0:12:14    6153.8      0.14      38.0       0.0                           836817.7500
    0:12:14    6153.8      0.14      38.0       0.0                           836817.7500
    0:12:29    6166.8      0.14      38.0       0.0                           836282.2500
    0:12:29    6166.8      0.14      38.0       0.0                           836282.2500
    0:12:29    6169.1      0.14      38.0       0.0                           836657.4375
    0:12:29    6169.1      0.14      38.0       0.0                           836657.4375
    0:13:13    6333.6      0.15      38.9       0.0                           860264.8125
    0:13:13    6333.6      0.15      38.9       0.0                           860264.8125
    0:13:26    6606.6      0.14      37.9       0.0                           910764.2500
    0:13:26    6606.6      0.14      37.9       0.0                           910764.2500
    0:13:30    6606.4      0.14      38.0       0.0                           910560.1250
    0:13:30    6606.4      0.14      38.0       0.0                           910560.1250
    0:13:49    6813.1      0.14      37.2       0.0                           945732.6875
    0:13:49    6813.1      0.14      37.2       0.0                           945732.6875
    0:13:56    6827.9      0.14      37.2       0.0                           948513.5000
    0:13:56    6827.9      0.14      37.2       0.0                           948513.5000
    0:14:06    6883.5      0.14      36.9       0.0                           958253.3750
    0:14:06    6883.5      0.14      36.9       0.0                           958253.3750
    0:14:13    6888.3      0.14      36.9       0.0                           958860.5625

                                  TOTAL                                                
   ELAPSED            WORST NEG   SETUP    DESIGN                              LEAKAGE 
    TIME      AREA      SLACK     COST    RULE COST         ENDPOINT            POWER  
  --------- --------- --------- --------- --------- ------------------------- ---------
    0:14:14    6888.3      0.14      36.9       0.0                           958860.5625
    0:14:15    6679.0      0.14      36.8       0.0                           920592.6250
    0:14:16    6622.4      0.14      36.8       0.0                           909509.3125
    0:14:16    6622.4      0.14      36.8       0.0                           909509.3125
    0:14:16    6622.2      0.14      36.8       0.0                           909724.0000
    0:14:16    6544.6      0.14      36.8       0.0                           896935.6250
    0:14:35    6717.8      0.14      36.8       0.0                           928896.6250
    0:14:35    6717.8      0.14      36.8       0.0                           928896.6250
    0:14:36    6674.5      0.14      36.5       0.0                           923083.2500
    0:14:36    6674.5      0.14      36.5       0.0                           923083.2500
    0:14:37    6695.1      0.14      36.5       0.0                           926180.3750
    0:14:38    6199.9      0.14      36.3       0.0                           832268.2500
Loading db file '/media/0/LogicLibraries/UMC/28nm/35hs/hsl/lvt/latest/liberty/logic_synth/um28nchllogl35hsl140f_ssgwc0p9v125c.db'


Note: Symbol # after min delay cost means estimated hold TNS across all active scenarios 


  Optimization Complete
  ---------------------
Information: State dependent leakage is now switched from off to on.
Information: Propagating switching activity (low effort zero delay simulation). (PWR-6)
1
# ---------------------------------------
# 4. Design Reports
# ---------------------------------------
check_design  > $topmodule_name.check_design.rpt
report_constraint -all_violators -verbose -sig 10 > $topmodule_name.all_viol.rpt
report_design > $topmodule_name.design.rpt
report_area -physical -hierarchy > $topmodule_name.area.rpt
report_cell > $topmodule_name.cell.rpt
report_qor > $topmodule_name.qor.rpt
report_reference > $topmodule_name.reference.rpt
report_resources > $topmodule_name.resources.rpt
report_hierarchy -full > $topmodule_name.hierarchy.rpt
report_timing -nworst 10 -max_paths 10 > $topmodule_name.timing.rpt
report_power -analysis_effort high > $topmodule_name.power.rpt
report_threshold_voltage_group > $topmodule_name.vth.rpt
# Dump out the constraints in an SDC file
write_sdc $topmodule_name.constraints.sdc
1
# Dump out the synthesized database and gate-level-netlist
write -hierarchy -format ddc -output      $topmodule_name.ddc
Writing ddc file 'SEC_DED_DECODER.ddc'.
1
write -hierarchy -format verilog -output  $topmodule_name.netlist.v
Writing verilog file '/home/99june18/Cerberus/Hardware_overhead/2.Cerberus_32b/O-ECC/syn/output/SEC_DED_DECODER.netlist.v'.
1
exit
Memory usage for this session 661 Mbytes.
Memory usage for this session including child processes 661 Mbytes.
CPU usage for this session 970 seconds ( 0.27 hours ).
Elapsed time for this session 973 seconds ( 0.27 hours ).

Thank you...
