 
****************************************
Report : area
Design : SEC_DED_DECODER
Version: Q-2019.12-SP5-5
Date   : Wed Apr  1 15:45:58 2026
****************************************

Library(s) Used:

    um28nchllogl35hsl140f_ssgwc0p9v125c (File: /media/0/LogicLibraries/UMC/28nm/35hs/hsl/lvt/latest/liberty/logic_synth/um28nchllogl35hsl140f_ssgwc0p9v125c.db)

Number of ports:                          561
Number of nets:                          4269
Number of cells:                         3981
Number of combinational cells:           3981
Number of sequential cells:                 0
Number of macros/black boxes:               0
Number of buf/inv:                       1001
Number of references:                     246

Combinational area:               6199.871944
Buf/Inv area:                      710.135995
Noncombinational area:               0.000000
Macro/Black Box area:                0.000000
Net Interconnect area:      undefined  (Wire load has zero net area)

Total cell area:                  6199.871944
Total area:                 undefined

The above information was reported from the logical library. The following are from the physical library:

Hierarchical area distribution
------------------------------

                                  Global cell area          Local cell area
                                  ------------------  ---------------------------- 
Hierarchical cell                 Absolute   Percent  Combi-     Noncombi-  Black-
                                  Total      Total    national   national   boxes   Design
--------------------------------  ---------  -------  ---------  ---------  ------  ---------
SEC_DED_DECODER                   6199.8719    100.0  6199.8719     0.0000  0.0000  SEC_DED_DECODER
--------------------------------  ---------  -------  ---------  ---------  ------  ---------
Total                                                 6199.8719     0.0000  0.0000

1
