 
****************************************
Report : timing
        -path full
        -delay max
        -nworst 10
        -max_paths 10
Design : SEC_DED_DECODER
Version: Q-2019.12-SP5-5
Date   : Wed Apr  1 16:23:17 2026
****************************************

Operating Conditions: SSGWC0P9V125C   Library: um28nchllogl35hsl140f_ssgwc0p9v125c
Wire Load Model Mode: enclosed

  Startpoint: codeword_in[286]
              (input port clocked by vclk)
  Endpoint: data_out[52]
            (output port clocked by vclk)
  Path Group: vclk
  Path Type: max

  Des/Clust/Port     Wire Load Model       Library
  ------------------------------------------------
  SEC_DED_DECODER    ZeroWLM               um28nchllogl35hsl140f_ssgwc0p9v125c

  Point                                    Incr       Path
  -----------------------------------------------------------
  clock vclk (rise edge)                   0.00       0.00
  clock network delay (ideal)              0.00       0.00
  input external delay                     0.00       0.00 f
  codeword_in[286] (in)                    0.00       0.00 f
  U5869/X (STQ_EN3_6)                      0.06       0.06 f
  U5868/X (STQ_EN3_3)                      0.05       0.11 f
  U3685/X (STQ_EN3_3)                      0.06       0.17 f
  U3684/X (STQ_EN3_3)                      0.06       0.23 r
  U5702/X (STQ_EO3_3)                      0.03       0.26 f
  U4556/X (STQ_INV_11)                     0.01       0.27 r
  U4535/X (STQ_INV_18)                     0.01       0.29 f
  U5134/X (STQ_INV_S_24)                   0.01       0.30 r
  U4530/X (STQ_NR2_G_16)                   0.01       0.31 f
  U4533/X (STQ_INV_18)                     0.01       0.31 r
  U5680/X (STQ_NR2_G_12)                   0.01       0.32 f
  U3110/X (STQ_INV_3P5)                    0.01       0.33 r
  U4819/X (STQ_NR3_G_5)                    0.01       0.34 f
  U4717/X (STQ_OR2_7)                      0.02       0.36 f
  U4666/X (STQ_NR2_6)                      0.01       0.37 r
  U2786/X (STQ_ND3_6)                      0.02       0.39 f
  U5110/X (STQ_NR3_G_4)                    0.02       0.41 r
  U3582/X (STQ_ND2_9)                      0.02       0.43 f
  U4506/X (STQ_NR3_G_12)                   0.02       0.46 r
  U3789/X (STQ_NR2_G_12)                   0.01       0.47 f
  U4397/X (STQ_ND2_S_0P8)                  0.01       0.48 r
  U3729/X (STQ_NR2_G_0P5)                  0.01       0.49 f
  U3699/X (STQ_OAI21_0P75)                 0.01       0.50 r
  data_out[52] (out)                       0.00       0.50 r
  data arrival time                                   0.50

  clock vclk (rise edge)                   0.38       0.38
  clock network delay (ideal)              0.00       0.38
  output external delay                    0.00       0.38
  data required time                                  0.38
  -----------------------------------------------------------
  data required time                                  0.38
  data arrival time                                  -0.50
  -----------------------------------------------------------
  slack (VIOLATED)                                   -0.13


  Startpoint: codeword_in[286]
              (input port clocked by vclk)
  Endpoint: data_out[52]
            (output port clocked by vclk)
  Path Group: vclk
  Path Type: max

  Des/Clust/Port     Wire Load Model       Library
  ------------------------------------------------
  SEC_DED_DECODER    ZeroWLM               um28nchllogl35hsl140f_ssgwc0p9v125c

  Point                                    Incr       Path
  -----------------------------------------------------------
  clock vclk (rise edge)                   0.00       0.00
  clock network delay (ideal)              0.00       0.00
  input external delay                     0.00       0.00 f
  codeword_in[286] (in)                    0.00       0.00 f
  U5869/X (STQ_EN3_6)                      0.06       0.06 f
  U5868/X (STQ_EN3_3)                      0.05       0.11 f
  U3685/X (STQ_EN3_3)                      0.06       0.17 f
  U3684/X (STQ_EN3_3)                      0.06       0.23 r
  U5702/X (STQ_EO3_3)                      0.03       0.26 f
  U4556/X (STQ_INV_11)                     0.01       0.27 r
  U4535/X (STQ_INV_18)                     0.01       0.29 f
  U5134/X (STQ_INV_S_24)                   0.01       0.30 r
  U4530/X (STQ_NR2_G_16)                   0.01       0.31 f
  U4533/X (STQ_INV_18)                     0.01       0.31 r
  U5680/X (STQ_NR2_G_12)                   0.01       0.32 f
  U3110/X (STQ_INV_3P5)                    0.01       0.33 r
  U4819/X (STQ_NR3_G_5)                    0.01       0.34 f
  U4717/X (STQ_OR2_7)                      0.02       0.36 f
  U4666/X (STQ_NR2_6)                      0.01       0.37 r
  U2786/X (STQ_ND3_6)                      0.02       0.39 f
  U5110/X (STQ_NR3_G_4)                    0.02       0.41 r
  U3582/X (STQ_ND2_9)                      0.02       0.43 f
  U4506/X (STQ_NR3_G_12)                   0.02       0.46 r
  U3789/X (STQ_NR2_G_12)                   0.01       0.47 f
  U4397/X (STQ_ND2_S_0P8)                  0.01       0.48 r
  U3729/X (STQ_NR2_G_0P5)                  0.01       0.49 f
  U3699/X (STQ_OAI21_0P75)                 0.01       0.50 r
  data_out[52] (out)                       0.00       0.50 r
  data arrival time                                   0.50

  clock vclk (rise edge)                   0.38       0.38
  clock network delay (ideal)              0.00       0.38
  output external delay                    0.00       0.38
  data required time                                  0.38
  -----------------------------------------------------------
  data required time                                  0.38
  data arrival time                                  -0.50
  -----------------------------------------------------------
  slack (VIOLATED)                                   -0.13


  Startpoint: codeword_in[286]
              (input port clocked by vclk)
  Endpoint: data_out[50]
            (output port clocked by vclk)
  Path Group: vclk
  Path Type: max

  Des/Clust/Port     Wire Load Model       Library
  ------------------------------------------------
  SEC_DED_DECODER    ZeroWLM               um28nchllogl35hsl140f_ssgwc0p9v125c

  Point                                    Incr       Path
  -----------------------------------------------------------
  clock vclk (rise edge)                   0.00       0.00
  clock network delay (ideal)              0.00       0.00
  input external delay                     0.00       0.00 f
  codeword_in[286] (in)                    0.00       0.00 f
  U5869/X (STQ_EN3_6)                      0.06       0.06 f
  U5868/X (STQ_EN3_3)                      0.05       0.11 f
  U3685/X (STQ_EN3_3)                      0.06       0.17 f
  U3684/X (STQ_EN3_3)                      0.06       0.23 r
  U5702/X (STQ_EO3_3)                      0.03       0.26 f
  U4556/X (STQ_INV_11)                     0.01       0.27 r
  U4535/X (STQ_INV_18)                     0.01       0.29 f
  U5134/X (STQ_INV_S_24)                   0.01       0.30 r
  U4530/X (STQ_NR2_G_16)                   0.01       0.31 f
  U4533/X (STQ_INV_18)                     0.01       0.31 r
  U5680/X (STQ_NR2_G_12)                   0.01       0.32 f
  U3110/X (STQ_INV_3P5)                    0.01       0.33 r
  U4819/X (STQ_NR3_G_5)                    0.01       0.34 f
  U4717/X (STQ_OR2_7)                      0.02       0.36 f
  U4666/X (STQ_NR2_6)                      0.01       0.37 r
  U2786/X (STQ_ND3_6)                      0.02       0.39 f
  U5110/X (STQ_NR3_G_4)                    0.02       0.41 r
  U3582/X (STQ_ND2_9)                      0.02       0.43 f
  U4506/X (STQ_NR3_G_12)                   0.02       0.46 r
  U3789/X (STQ_NR2_G_12)                   0.01       0.47 f
  U4396/X (STQ_ND2_S_0P8)                  0.01       0.48 r
  U3730/X (STQ_NR2_G_0P5)                  0.01       0.49 f
  U3698/X (STQ_OAI21_0P75)                 0.01       0.50 r
  data_out[50] (out)                       0.00       0.50 r
  data arrival time                                   0.50

  clock vclk (rise edge)                   0.38       0.38
  clock network delay (ideal)              0.00       0.38
  output external delay                    0.00       0.38
  data required time                                  0.38
  -----------------------------------------------------------
  data required time                                  0.38
  data arrival time                                  -0.50
  -----------------------------------------------------------
  slack (VIOLATED)                                   -0.13


  Startpoint: codeword_in[286]
              (input port clocked by vclk)
  Endpoint: data_out[50]
            (output port clocked by vclk)
  Path Group: vclk
  Path Type: max

  Des/Clust/Port     Wire Load Model       Library
  ------------------------------------------------
  SEC_DED_DECODER    ZeroWLM               um28nchllogl35hsl140f_ssgwc0p9v125c

  Point                                    Incr       Path
  -----------------------------------------------------------
  clock vclk (rise edge)                   0.00       0.00
  clock network delay (ideal)              0.00       0.00
  input external delay                     0.00       0.00 f
  codeword_in[286] (in)                    0.00       0.00 f
  U5869/X (STQ_EN3_6)                      0.06       0.06 f
  U5868/X (STQ_EN3_3)                      0.05       0.11 f
  U3685/X (STQ_EN3_3)                      0.06       0.17 f
  U3684/X (STQ_EN3_3)                      0.06       0.23 r
  U5702/X (STQ_EO3_3)                      0.03       0.26 f
  U4556/X (STQ_INV_11)                     0.01       0.27 r
  U4535/X (STQ_INV_18)                     0.01       0.29 f
  U5134/X (STQ_INV_S_24)                   0.01       0.30 r
  U4530/X (STQ_NR2_G_16)                   0.01       0.31 f
  U4533/X (STQ_INV_18)                     0.01       0.31 r
  U5680/X (STQ_NR2_G_12)                   0.01       0.32 f
  U3110/X (STQ_INV_3P5)                    0.01       0.33 r
  U4819/X (STQ_NR3_G_5)                    0.01       0.34 f
  U4717/X (STQ_OR2_7)                      0.02       0.36 f
  U4666/X (STQ_NR2_6)                      0.01       0.37 r
  U2786/X (STQ_ND3_6)                      0.02       0.39 f
  U5110/X (STQ_NR3_G_4)                    0.02       0.41 r
  U3582/X (STQ_ND2_9)                      0.02       0.43 f
  U4506/X (STQ_NR3_G_12)                   0.02       0.46 r
  U3789/X (STQ_NR2_G_12)                   0.01       0.47 f
  U4396/X (STQ_ND2_S_0P8)                  0.01       0.48 r
  U3730/X (STQ_NR2_G_0P5)                  0.01       0.49 f
  U3698/X (STQ_OAI21_0P75)                 0.01       0.50 r
  data_out[50] (out)                       0.00       0.50 r
  data arrival time                                   0.50

  clock vclk (rise edge)                   0.38       0.38
  clock network delay (ideal)              0.00       0.38
  output external delay                    0.00       0.38
  data required time                                  0.38
  -----------------------------------------------------------
  data required time                                  0.38
  data arrival time                                  -0.50
  -----------------------------------------------------------
  slack (VIOLATED)                                   -0.13


  Startpoint: codeword_in[286]
              (input port clocked by vclk)
  Endpoint: data_out[52]
            (output port clocked by vclk)
  Path Group: vclk
  Path Type: max

  Des/Clust/Port     Wire Load Model       Library
  ------------------------------------------------
  SEC_DED_DECODER    ZeroWLM               um28nchllogl35hsl140f_ssgwc0p9v125c

  Point                                    Incr       Path
  -----------------------------------------------------------
  clock vclk (rise edge)                   0.00       0.00
  clock network delay (ideal)              0.00       0.00
  input external delay                     0.00       0.00 f
  codeword_in[286] (in)                    0.00       0.00 f
  U5869/X (STQ_EN3_6)                      0.06       0.06 f
  U5868/X (STQ_EN3_3)                      0.05       0.11 f
  U3685/X (STQ_EN3_3)                      0.05       0.17 f
  U3684/X (STQ_EN3_3)                      0.06       0.23 r
  U5702/X (STQ_EO3_3)                      0.03       0.26 f
  U4556/X (STQ_INV_11)                     0.01       0.27 r
  U4535/X (STQ_INV_18)                     0.01       0.29 f
  U5134/X (STQ_INV_S_24)                   0.01       0.30 r
  U4530/X (STQ_NR2_G_16)                   0.01       0.31 f
  U4533/X (STQ_INV_18)                     0.01       0.31 r
  U5680/X (STQ_NR2_G_12)                   0.01       0.32 f
  U3110/X (STQ_INV_3P5)                    0.01       0.33 r
  U4819/X (STQ_NR3_G_5)                    0.01       0.34 f
  U4717/X (STQ_OR2_7)                      0.02       0.36 f
  U4666/X (STQ_NR2_6)                      0.01       0.37 r
  U2786/X (STQ_ND3_6)                      0.02       0.39 f
  U5110/X (STQ_NR3_G_4)                    0.02       0.41 r
  U3582/X (STQ_ND2_9)                      0.02       0.43 f
  U4506/X (STQ_NR3_G_12)                   0.02       0.46 r
  U3789/X (STQ_NR2_G_12)                   0.01       0.47 f
  U4397/X (STQ_ND2_S_0P8)                  0.01       0.48 r
  U3729/X (STQ_NR2_G_0P5)                  0.01       0.49 f
  U3699/X (STQ_OAI21_0P75)                 0.01       0.50 r
  data_out[52] (out)                       0.00       0.50 r
  data arrival time                                   0.50

  clock vclk (rise edge)                   0.38       0.38
  clock network delay (ideal)              0.00       0.38
  output external delay                    0.00       0.38
  data required time                                  0.38
  -----------------------------------------------------------
  data required time                                  0.38
  data arrival time                                  -0.50
  -----------------------------------------------------------
  slack (VIOLATED)                                   -0.13


  Startpoint: codeword_in[286]
              (input port clocked by vclk)
  Endpoint: data_out[52]
            (output port clocked by vclk)
  Path Group: vclk
  Path Type: max

  Des/Clust/Port     Wire Load Model       Library
  ------------------------------------------------
  SEC_DED_DECODER    ZeroWLM               um28nchllogl35hsl140f_ssgwc0p9v125c

  Point                                    Incr       Path
  -----------------------------------------------------------
  clock vclk (rise edge)                   0.00       0.00
  clock network delay (ideal)              0.00       0.00
  input external delay                     0.00       0.00 f
  codeword_in[286] (in)                    0.00       0.00 f
  U5869/X (STQ_EN3_6)                      0.06       0.06 f
  U5868/X (STQ_EN3_3)                      0.05       0.11 f
  U3685/X (STQ_EN3_3)                      0.05       0.17 f
  U3684/X (STQ_EN3_3)                      0.06       0.23 r
  U5702/X (STQ_EO3_3)                      0.03       0.26 f
  U4556/X (STQ_INV_11)                     0.01       0.27 r
  U4535/X (STQ_INV_18)                     0.01       0.29 f
  U5134/X (STQ_INV_S_24)                   0.01       0.30 r
  U4530/X (STQ_NR2_G_16)                   0.01       0.31 f
  U4533/X (STQ_INV_18)                     0.01       0.31 r
  U5680/X (STQ_NR2_G_12)                   0.01       0.32 f
  U3110/X (STQ_INV_3P5)                    0.01       0.33 r
  U4819/X (STQ_NR3_G_5)                    0.01       0.34 f
  U4717/X (STQ_OR2_7)                      0.02       0.36 f
  U4666/X (STQ_NR2_6)                      0.01       0.37 r
  U2786/X (STQ_ND3_6)                      0.02       0.39 f
  U5110/X (STQ_NR3_G_4)                    0.02       0.41 r
  U3582/X (STQ_ND2_9)                      0.02       0.43 f
  U4506/X (STQ_NR3_G_12)                   0.02       0.46 r
  U3789/X (STQ_NR2_G_12)                   0.01       0.47 f
  U4397/X (STQ_ND2_S_0P8)                  0.01       0.48 r
  U3729/X (STQ_NR2_G_0P5)                  0.01       0.49 f
  U3699/X (STQ_OAI21_0P75)                 0.01       0.50 r
  data_out[52] (out)                       0.00       0.50 r
  data arrival time                                   0.50

  clock vclk (rise edge)                   0.38       0.38
  clock network delay (ideal)              0.00       0.38
  output external delay                    0.00       0.38
  data required time                                  0.38
  -----------------------------------------------------------
  data required time                                  0.38
  data arrival time                                  -0.50
  -----------------------------------------------------------
  slack (VIOLATED)                                   -0.13


  Startpoint: codeword_in[286]
              (input port clocked by vclk)
  Endpoint: data_out[50]
            (output port clocked by vclk)
  Path Group: vclk
  Path Type: max

  Des/Clust/Port     Wire Load Model       Library
  ------------------------------------------------
  SEC_DED_DECODER    ZeroWLM               um28nchllogl35hsl140f_ssgwc0p9v125c

  Point                                    Incr       Path
  -----------------------------------------------------------
  clock vclk (rise edge)                   0.00       0.00
  clock network delay (ideal)              0.00       0.00
  input external delay                     0.00       0.00 f
  codeword_in[286] (in)                    0.00       0.00 f
  U5869/X (STQ_EN3_6)                      0.06       0.06 f
  U5868/X (STQ_EN3_3)                      0.05       0.11 f
  U3685/X (STQ_EN3_3)                      0.05       0.17 f
  U3684/X (STQ_EN3_3)                      0.06       0.23 r
  U5702/X (STQ_EO3_3)                      0.03       0.26 f
  U4556/X (STQ_INV_11)                     0.01       0.27 r
  U4535/X (STQ_INV_18)                     0.01       0.29 f
  U5134/X (STQ_INV_S_24)                   0.01       0.30 r
  U4530/X (STQ_NR2_G_16)                   0.01       0.31 f
  U4533/X (STQ_INV_18)                     0.01       0.31 r
  U5680/X (STQ_NR2_G_12)                   0.01       0.32 f
  U3110/X (STQ_INV_3P5)                    0.01       0.33 r
  U4819/X (STQ_NR3_G_5)                    0.01       0.34 f
  U4717/X (STQ_OR2_7)                      0.02       0.36 f
  U4666/X (STQ_NR2_6)                      0.01       0.37 r
  U2786/X (STQ_ND3_6)                      0.02       0.39 f
  U5110/X (STQ_NR3_G_4)                    0.02       0.41 r
  U3582/X (STQ_ND2_9)                      0.02       0.43 f
  U4506/X (STQ_NR3_G_12)                   0.02       0.46 r
  U3789/X (STQ_NR2_G_12)                   0.01       0.47 f
  U4396/X (STQ_ND2_S_0P8)                  0.01       0.48 r
  U3730/X (STQ_NR2_G_0P5)                  0.01       0.49 f
  U3698/X (STQ_OAI21_0P75)                 0.01       0.50 r
  data_out[50] (out)                       0.00       0.50 r
  data arrival time                                   0.50

  clock vclk (rise edge)                   0.38       0.38
  clock network delay (ideal)              0.00       0.38
  output external delay                    0.00       0.38
  data required time                                  0.38
  -----------------------------------------------------------
  data required time                                  0.38
  data arrival time                                  -0.50
  -----------------------------------------------------------
  slack (VIOLATED)                                   -0.13


  Startpoint: codeword_in[286]
              (input port clocked by vclk)
  Endpoint: data_out[50]
            (output port clocked by vclk)
  Path Group: vclk
  Path Type: max

  Des/Clust/Port     Wire Load Model       Library
  ------------------------------------------------
  SEC_DED_DECODER    ZeroWLM               um28nchllogl35hsl140f_ssgwc0p9v125c

  Point                                    Incr       Path
  -----------------------------------------------------------
  clock vclk (rise edge)                   0.00       0.00
  clock network delay (ideal)              0.00       0.00
  input external delay                     0.00       0.00 f
  codeword_in[286] (in)                    0.00       0.00 f
  U5869/X (STQ_EN3_6)                      0.06       0.06 f
  U5868/X (STQ_EN3_3)                      0.05       0.11 f
  U3685/X (STQ_EN3_3)                      0.05       0.17 f
  U3684/X (STQ_EN3_3)                      0.06       0.23 r
  U5702/X (STQ_EO3_3)                      0.03       0.26 f
  U4556/X (STQ_INV_11)                     0.01       0.27 r
  U4535/X (STQ_INV_18)                     0.01       0.29 f
  U5134/X (STQ_INV_S_24)                   0.01       0.30 r
  U4530/X (STQ_NR2_G_16)                   0.01       0.31 f
  U4533/X (STQ_INV_18)                     0.01       0.31 r
  U5680/X (STQ_NR2_G_12)                   0.01       0.32 f
  U3110/X (STQ_INV_3P5)                    0.01       0.33 r
  U4819/X (STQ_NR3_G_5)                    0.01       0.34 f
  U4717/X (STQ_OR2_7)                      0.02       0.36 f
  U4666/X (STQ_NR2_6)                      0.01       0.37 r
  U2786/X (STQ_ND3_6)                      0.02       0.39 f
  U5110/X (STQ_NR3_G_4)                    0.02       0.41 r
  U3582/X (STQ_ND2_9)                      0.02       0.43 f
  U4506/X (STQ_NR3_G_12)                   0.02       0.46 r
  U3789/X (STQ_NR2_G_12)                   0.01       0.47 f
  U4396/X (STQ_ND2_S_0P8)                  0.01       0.48 r
  U3730/X (STQ_NR2_G_0P5)                  0.01       0.49 f
  U3698/X (STQ_OAI21_0P75)                 0.01       0.50 r
  data_out[50] (out)                       0.00       0.50 r
  data arrival time                                   0.50

  clock vclk (rise edge)                   0.38       0.38
  clock network delay (ideal)              0.00       0.38
  output external delay                    0.00       0.38
  data required time                                  0.38
  -----------------------------------------------------------
  data required time                                  0.38
  data arrival time                                  -0.50
  -----------------------------------------------------------
  slack (VIOLATED)                                   -0.13


  Startpoint: codeword_in[259]
              (input port clocked by vclk)
  Endpoint: data_out[52]
            (output port clocked by vclk)
  Path Group: vclk
  Path Type: max

  Des/Clust/Port     Wire Load Model       Library
  ------------------------------------------------
  SEC_DED_DECODER    ZeroWLM               um28nchllogl35hsl140f_ssgwc0p9v125c

  Point                                    Incr       Path
  -----------------------------------------------------------
  clock vclk (rise edge)                   0.00       0.00
  clock network delay (ideal)              0.00       0.00
  input external delay                     0.00       0.00 r
  codeword_in[259] (in)                    0.00       0.00 r
  U5638/X (STQ_EN2_8)                      0.04       0.04 r
  U5020/X (STQ_EN3_3)                      0.05       0.10 f
  U3244/X (STQ_EO2_S_2)                    0.04       0.14 r
  U3685/X (STQ_EN3_3)                      0.03       0.17 f
  U3684/X (STQ_EN3_3)                      0.06       0.23 r
  U5702/X (STQ_EO3_3)                      0.03       0.26 f
  U4556/X (STQ_INV_11)                     0.01       0.27 r
  U4535/X (STQ_INV_18)                     0.01       0.29 f
  U5134/X (STQ_INV_S_24)                   0.01       0.30 r
  U4530/X (STQ_NR2_G_16)                   0.01       0.31 f
  U4533/X (STQ_INV_18)                     0.01       0.31 r
  U5680/X (STQ_NR2_G_12)                   0.01       0.32 f
  U3110/X (STQ_INV_3P5)                    0.01       0.33 r
  U4819/X (STQ_NR3_G_5)                    0.01       0.34 f
  U4717/X (STQ_OR2_7)                      0.02       0.36 f
  U4666/X (STQ_NR2_6)                      0.01       0.37 r
  U2786/X (STQ_ND3_6)                      0.02       0.39 f
  U5110/X (STQ_NR3_G_4)                    0.02       0.41 r
  U3582/X (STQ_ND2_9)                      0.02       0.43 f
  U4506/X (STQ_NR3_G_12)                   0.02       0.46 r
  U3789/X (STQ_NR2_G_12)                   0.01       0.47 f
  U4397/X (STQ_ND2_S_0P8)                  0.01       0.48 r
  U3729/X (STQ_NR2_G_0P5)                  0.01       0.49 f
  U3699/X (STQ_OAI21_0P75)                 0.01       0.50 r
  data_out[52] (out)                       0.00       0.50 r
  data arrival time                                   0.50

  clock vclk (rise edge)                   0.38       0.38
  clock network delay (ideal)              0.00       0.38
  output external delay                    0.00       0.38
  data required time                                  0.38
  -----------------------------------------------------------
  data required time                                  0.38
  data arrival time                                  -0.50
  -----------------------------------------------------------
  slack (VIOLATED)                                   -0.13


  Startpoint: codeword_in[259]
              (input port clocked by vclk)
  Endpoint: data_out[52]
            (output port clocked by vclk)
  Path Group: vclk
  Path Type: max

  Des/Clust/Port     Wire Load Model       Library
  ------------------------------------------------
  SEC_DED_DECODER    ZeroWLM               um28nchllogl35hsl140f_ssgwc0p9v125c

  Point                                    Incr       Path
  -----------------------------------------------------------
  clock vclk (rise edge)                   0.00       0.00
  clock network delay (ideal)              0.00       0.00
  input external delay                     0.00       0.00 r
  codeword_in[259] (in)                    0.00       0.00 r
  U5638/X (STQ_EN2_8)                      0.04       0.04 r
  U5020/X (STQ_EN3_3)                      0.05       0.10 f
  U3244/X (STQ_EO2_S_2)                    0.04       0.14 r
  U3685/X (STQ_EN3_3)                      0.03       0.17 f
  U3684/X (STQ_EN3_3)                      0.06       0.23 r
  U5702/X (STQ_EO3_3)                      0.03       0.26 f
  U4556/X (STQ_INV_11)                     0.01       0.27 r
  U4535/X (STQ_INV_18)                     0.01       0.29 f
  U5134/X (STQ_INV_S_24)                   0.01       0.30 r
  U4530/X (STQ_NR2_G_16)                   0.01       0.31 f
  U4533/X (STQ_INV_18)                     0.01       0.31 r
  U5680/X (STQ_NR2_G_12)                   0.01       0.32 f
  U3110/X (STQ_INV_3P5)                    0.01       0.33 r
  U4819/X (STQ_NR3_G_5)                    0.01       0.34 f
  U4717/X (STQ_OR2_7)                      0.02       0.36 f
  U4666/X (STQ_NR2_6)                      0.01       0.37 r
  U2786/X (STQ_ND3_6)                      0.02       0.39 f
  U5110/X (STQ_NR3_G_4)                    0.02       0.41 r
  U3582/X (STQ_ND2_9)                      0.02       0.43 f
  U4506/X (STQ_NR3_G_12)                   0.02       0.46 r
  U3789/X (STQ_NR2_G_12)                   0.01       0.47 f
  U4397/X (STQ_ND2_S_0P8)                  0.01       0.48 r
  U3729/X (STQ_NR2_G_0P5)                  0.01       0.49 f
  U3699/X (STQ_OAI21_0P75)                 0.01       0.50 r
  data_out[52] (out)                       0.00       0.50 r
  data arrival time                                   0.50

  clock vclk (rise edge)                   0.38       0.38
  clock network delay (ideal)              0.00       0.38
  output external delay                    0.00       0.38
  data required time                                  0.38
  -----------------------------------------------------------
  data required time                                  0.38
  data arrival time                                  -0.50
  -----------------------------------------------------------
  slack (VIOLATED)                                   -0.13


1
