
                           Design Compiler Graphical 
                                 DC Ultra (TM)
                                  DFTMAX (TM)
                              Power Compiler (TM)
                                 DesignWare (R)
                                 DC Expert (TM)
                               Design Vision (TM)
                               HDL Compiler (TM)
                               VHDL Compiler (TM)
                                  DFT Compiler
                               Design Compiler(R)

              Version Q-2019.12-SP5-5 for linux64 - Mar 21, 2021 

                    Copyright (c) 1988 - 2021 Synopsys, Inc.
   This software and the associated documentation are proprietary to Synopsys,
 Inc. This software may only be used in accordance with the terms and conditions
 of a written license agreement with Synopsys, Inc. All other use, reproduction,
            or distribution of this software is strictly prohibited.
Initializing...
Initializing gui preferences from file  /home/99june18/.synopsys_dv_prefs.tcl
# ---------------------------------------
# DESIGN PROFILE
# ---------------------------------------
set topmodule_name      UNITY_DECODER
UNITY_DECODER
set clk_port_name       clk
clk
set clk_freq            1600
1600
# ---------------------------------------
# Read Libraries
# ---------------------------------------
#set LIBLIST_PATH        $env(LIBLIST_PATH)
#source $LIBLIST_PATH
set link_library [list /media/0/LogicLibraries/UMC/28nm/35hs/hsl/lvt/latest/liberty/logic_synth/um28nchllogl35hsl140f_ssgwc0p9v125c.db]
/media/0/LogicLibraries/UMC/28nm/35hs/hsl/lvt/latest/liberty/logic_synth/um28nchllogl35hsl140f_ssgwc0p9v125c.db
set target_library [list /media/0/LogicLibraries/UMC/28nm/35hs/hsl/lvt/latest/liberty/logic_synth/um28nchllogl35hsl140f_ssgwc0p9v125c.db]
/media/0/LogicLibraries/UMC/28nm/35hs/hsl/lvt/latest/liberty/logic_synth/um28nchllogl35hsl140f_ssgwc0p9v125c.db
# ---------------------------------------
# Read Source Codes
# ---------------------------------------
set RTL_PATH            $env(RTL_PATH)
/home/99june18/Cerberus/Hardware_overhead/2.Unity_ECC/Decoder/syn_copy/..//rtl/
read_file $RTL_PATH -autoread -recursive -format sverilog -top $topmodule_name
== READ_FILE autoread for top design 'UNITY_DECODER' ==

Starting READ_FILE autoread mode...
Information: Adding '/home/99june18/Cerberus/Hardware_overhead/2.Unity_ECC/Decoder/rtl/'.  (AUTOREAD-100)
Warning: Adding missing directory to search_path - '/home/99june18/Cerberus/Hardware_overhead/2.Unity_ECC/Decoder/rtl/'. (AUTOREAD-105)
Information: Adding '/home/99june18/Cerberus/Hardware_overhead/2.Unity_ECC/Decoder/rtl/DECISION.sv'.  (AUTOREAD-100)
Information: Adding '/home/99june18/Cerberus/Hardware_overhead/2.Unity_ECC/Decoder/rtl/DE_CORRECTOR.sv'.  (AUTOREAD-100)
Information: Adding '/home/99june18/Cerberus/Hardware_overhead/2.Unity_ECC/Decoder/rtl/ERROR_LOCATION.sv'.  (AUTOREAD-100)
Information: Adding '/home/99june18/Cerberus/Hardware_overhead/2.Unity_ECC/Decoder/rtl/SSE_CORRECTOR.sv'.  (AUTOREAD-100)
Information: Adding '/home/99june18/Cerberus/Hardware_overhead/2.Unity_ECC/Decoder/rtl/UNITY_DECODER.sv'.  (AUTOREAD-100)
Information: Adding '/home/99june18/Cerberus/Hardware_overhead/2.Unity_ECC/Decoder/rtl/GFDIV.sv'.  (AUTOREAD-100)
Information: Source H_matrix.txt ignored by autoread due to filtering.  (AUTOREAD-102)
Information: Adding '/home/99june18/Cerberus/Hardware_overhead/2.Unity_ECC/Decoder/rtl/GFMULT.sv'.  (AUTOREAD-100)
Information: Adding '/home/99june18/Cerberus/Hardware_overhead/2.Unity_ECC/Decoder/rtl/SYNDROME_GENERATOR.sv'.  (AUTOREAD-100)
Information: Adding '/home/99june18/Cerberus/Hardware_overhead/2.Unity_ECC/Decoder/rtl/GFEXP.sv'.  (AUTOREAD-100)
Information: Source filelist.f ignored by autoread due to filtering.  (AUTOREAD-102)
Information: Scanning file { DECISION.sv }. (AUTOREAD-303)
Information: Scanning file { DE_CORRECTOR.sv }. (AUTOREAD-303)
Information: Scanning file { ERROR_LOCATION.sv }. (AUTOREAD-303)
Information: Scanning file { SSE_CORRECTOR.sv }. (AUTOREAD-303)
Information: Scanning file { UNITY_DECODER.sv }. (AUTOREAD-303)
Information: Scanning file { GFDIV.sv }. (AUTOREAD-303)
Information: Scanning file { GFMULT.sv }. (AUTOREAD-303)
Information: Scanning file { SYNDROME_GENERATOR.sv }. (AUTOREAD-303)
Information: Scanning file { GFEXP.sv }. (AUTOREAD-303)
Compiling source file /home/99june18/Cerberus/Hardware_overhead/2.Unity_ECC/Decoder/rtl/GFMULT.sv
Presto compilation completed successfully.
Compiling source file /home/99june18/Cerberus/Hardware_overhead/2.Unity_ECC/Decoder/rtl/SYNDROME_GENERATOR.sv
Presto compilation completed successfully.
Compiling source file /home/99june18/Cerberus/Hardware_overhead/2.Unity_ECC/Decoder/rtl/GFEXP.sv
Presto compilation completed successfully.
Compiling source file /home/99june18/Cerberus/Hardware_overhead/2.Unity_ECC/Decoder/rtl/GFDIV.sv
Presto compilation completed successfully.
Compiling source file /home/99june18/Cerberus/Hardware_overhead/2.Unity_ECC/Decoder/rtl/ERROR_LOCATION.sv
Presto compilation completed successfully.
Compiling source file /home/99june18/Cerberus/Hardware_overhead/2.Unity_ECC/Decoder/rtl/SSE_CORRECTOR.sv
Presto compilation completed successfully.
Compiling source file /home/99june18/Cerberus/Hardware_overhead/2.Unity_ECC/Decoder/rtl/DE_CORRECTOR.sv
Presto compilation completed successfully.
Compiling source file /home/99june18/Cerberus/Hardware_overhead/2.Unity_ECC/Decoder/rtl/DECISION.sv
Presto compilation completed successfully.
Compiling source file /home/99june18/Cerberus/Hardware_overhead/2.Unity_ECC/Decoder/rtl/UNITY_DECODER.sv
Presto compilation completed successfully.
Elaborating top design UNITY_DECODER
Loading db file '/media/0/LogicLibraries/UMC/28nm/35hs/hsl/lvt/latest/liberty/logic_synth/um28nchllogl35hsl140f_ssgwc0p9v125c.db'
Loading db file '/usr/synopsys/syn/Q-2019.12-SP5-5/libraries/syn/gtech.db'
Loading db file '/usr/synopsys/syn/Q-2019.12-SP5-5/libraries/syn/standard.sldb'
  Loading link library 'um28nchllogl35hsl140f_ssgwc0p9v125c'
  Loading link library 'gtech'
Running PRESTO HDLC
Presto compilation completed successfully. (UNITY_DECODER)
Elaborated 1 design.
Current design is now 'UNITY_DECODER'.
Information: Building the design 'SYNDROME_GENERATOR'. (HDL-193)
Presto compilation completed successfully. (SYNDROME_GENERATOR)
Information: Building the design 'SSE_CORRECTOR'. (HDL-193)

Statistics for case statements in always block at line 49 in file
	'/home/99june18/Cerberus/Hardware_overhead/2.Unity_ECC/Decoder/rtl/SSE_CORRECTOR.sv'
===============================================
|           Line           |  full/ parallel  |
===============================================
|            57            |    auto/auto     |
===============================================

Inferred memory devices in process
	in routine SSE_CORRECTOR line 49 in file
		'/home/99june18/Cerberus/Hardware_overhead/2.Unity_ECC/Decoder/rtl/SSE_CORRECTOR.sv'.
===========================================================================
|    Register Name    | Type  | Width | Bus | MB | AR | AS | SR | SS | ST |
===========================================================================
|  decode_result_reg  | Latch |   1   |  N  | N  | N  | N  | -  | -  | -  |
===========================================================================
Warning:  /home/99june18/Cerberus/Hardware_overhead/2.Unity_ECC/Decoder/rtl/SSE_CORRECTOR.sv:49: Netlist for always_comb block contains a latch. (ELAB-974)
Presto compilation completed successfully. (SSE_CORRECTOR)
Information: Building the design 'DE_CORRECTOR'. (HDL-193)

Statistics for case statements in always block at line 29 in file
	'/home/99june18/Cerberus/Hardware_overhead/2.Unity_ECC/Decoder/rtl/DE_CORRECTOR.sv'
===============================================
|           Line           |  full/ parallel  |
===============================================
|            33            |    auto/auto     |
===============================================
Presto compilation completed successfully. (DE_CORRECTOR)
Information: Building the design 'DECISION'. (HDL-193)
Presto compilation completed successfully. (DECISION)
Information: Building the design 'GFMULT'. (HDL-193)
Presto compilation completed successfully. (GFMULT)
Information: Building the design 'GFEXP'. (HDL-193)

Statistics for case statements in always block at line 13 in file
	'/home/99june18/Cerberus/Hardware_overhead/2.Unity_ECC/Decoder/rtl/GFEXP.sv'
===============================================
|           Line           |  full/ parallel  |
===============================================
|            14            |     no/auto      |
===============================================

Inferred memory devices in process
	in routine GFEXP line 13 in file
		'/home/99june18/Cerberus/Hardware_overhead/2.Unity_ECC/Decoder/rtl/GFEXP.sv'.
===========================================================================
|    Register Name    | Type  | Width | Bus | MB | AR | AS | SR | SS | ST |
===========================================================================
|      binv_reg       | Latch |  16   |  Y  | N  | N  | N  | -  | -  | -  |
===========================================================================
Warning:  /home/99june18/Cerberus/Hardware_overhead/2.Unity_ECC/Decoder/rtl/GFEXP.sv:13: Netlist for always_comb block contains a latch. (ELAB-974)
Presto compilation completed successfully. (GFEXP)
Information: Building the design 'GFDIV'. (HDL-193)

Statistics for case statements in always block at line 16 in file
	'/home/99june18/Cerberus/Hardware_overhead/2.Unity_ECC/Decoder/rtl/GFDIV.sv'
===============================================
|           Line           |  full/ parallel  |
===============================================
|            17            |    auto/auto     |
===============================================
Presto compilation completed successfully. (GFDIV)
Information: Building the design 'ERROR_LOCATION'. (HDL-193)
Presto compilation completed successfully. (ERROR_LOCATION)
Autoread command completed successfully.
# ---------------------------------------
# 1. Environments Setting
# ---------------------------------------
link

  Linking design 'UNITY_DECODER'
  Using the following designs and libraries:
  --------------------------------------------------------------------------
  um28nchllogl35hsl140f_ssgwc0p9v125c (library) /media/0/LogicLibraries/UMC/28nm/35hs/hsl/lvt/latest/liberty/logic_synth/um28nchllogl35hsl140f_ssgwc0p9v125c.db

1
uniquify
Information: Uniquified 36 instances of design 'GFMULT'. (OPT-1056)
Information: Uniquified 2 instances of design 'GFEXP'. (OPT-1056)
Information: Uniquified 2 instances of design 'GFDIV'. (OPT-1056)
1
# ---------------------------------------
# 2. Constraints Setting
# ---------------------------------------
# Clock
# Reduce clock period to model wire delay (60% of original period)
set delay_percentage 0.6
0.6
set clk_period [expr 1000 / double($clk_freq)]
0.625
set clk_period [expr $clk_period * $delay_percentage]
0.375
if {[sizeof_collection [get_ports $clk_port_name]] > 0} {
  # Create real clock if clock port is found
  set clk_name $clk_port_name
  create_clock -period $clk_period -name $clk_name [get_port {clk}]
  # If real clock, set infinite drive strength
  set_drive 0 $clk_name
} elseif {[sizeof_collection [get_ports $clk_port_name]] == 0} {
  # Create virtual clock if clock port is not found
  set clk_name vclk
  create_clock -period $clk_period -name $clk_name
}
Warning: Can't find port 'clk' in design 'UNITY_DECODER'. (UID-95)
Warning: Can't find port 'clk' in design 'UNITY_DECODER'. (UID-95)
Warning: Creating virtual clock named 'vclk' with no sources. (UID-348)
1
# Apply default timing constraints for modules
set_input_delay  [expr 2/3 * $clk_period] [all_inputs] -clock $clk_name
1
set_output_delay [expr 2/3 * $clk_period] [all_outputs] -clock $clk_name
1
# Transition time of a slope that drives the port,
# such that a higher transition value means longer delays
# This prevents the hold time violations that we don't have to care about
set_input_transition 0.1 [all_inputs]
1
# Area
# If max_area is set 0, DesignCompiler will minimize the design as small as possible
set_max_area 0 
1
# ---------------------------------------
# 3. Compilation
# ---------------------------------------
compile_ultra
Loading db file '/usr/synopsys/syn/Q-2019.12-SP5-5/libraries/syn/dw_foundation.sldb'
Warning: DesignWare synthetic library dw_foundation.sldb is added to the synthetic_library in the current command. (UISN-40)
Information: Performing power optimization. (PWR-850)
Analyzing: "/media/0/LogicLibraries/UMC/28nm/35hs/hsl/lvt/latest/liberty/logic_synth/um28nchllogl35hsl140f_ssgwc0p9v125c.db"
Library analysis succeeded.
Information: Evaluating DesignWare library utilization. (UISN-27)

============================================================================
| DesignWare Building Block Library  |         Version         | Available |
============================================================================
| Basic DW Building Blocks           | Q-2019.12-DWBB_201912.5 |     *     |
| Licensed DW Building Blocks        | Q-2019.12-DWBB_201912.5 |     *     |
============================================================================

Information: Sequential output inversion is enabled.  SVF file must be used for formal verification. (OPT-1208)

Information: There are 676 potential problems in your design. Please run 'check_design' for more information. (LINT-99)

  Simplifying Design 'UNITY_DECODER'

Loaded alib file './alib-52/um28nchllogl35hsl140f_ssgwc0p9v125c.db.alib'
  Building model 'DW01_NAND2'
Information: Ungrouping hierarchy decision before Pass 1 (OPT-776)
Information: Ungrouping hierarchy syndrome_generator/gmult_00 before Pass 1 (OPT-776)
Information: Ungrouping hierarchy sse_corrector/error_location before Pass 1 (OPT-776)
Information: Ungrouping hierarchy syndrome_generator/gmult_33 before Pass 1 (OPT-776)
Information: Ungrouping hierarchy syndrome_generator/gmult_32 before Pass 1 (OPT-776)
Information: Ungrouping hierarchy syndrome_generator/gmult_31 before Pass 1 (OPT-776)
Information: Ungrouping hierarchy syndrome_generator/gmult_30 before Pass 1 (OPT-776)
Information: Ungrouping hierarchy syndrome_generator/gmult_29 before Pass 1 (OPT-776)
Information: Ungrouping hierarchy syndrome_generator/gmult_28 before Pass 1 (OPT-776)
Information: Ungrouping hierarchy syndrome_generator/gmult_27 before Pass 1 (OPT-776)
Information: Ungrouping hierarchy syndrome_generator/gmult_26 before Pass 1 (OPT-776)
Information: Ungrouping hierarchy syndrome_generator/gmult_25 before Pass 1 (OPT-776)
Information: Ungrouping hierarchy syndrome_generator/gmult_24 before Pass 1 (OPT-776)
Information: Ungrouping hierarchy syndrome_generator/gmult_23 before Pass 1 (OPT-776)
Information: Ungrouping hierarchy syndrome_generator/gmult_22 before Pass 1 (OPT-776)
Information: Ungrouping hierarchy syndrome_generator/gmult_21 before Pass 1 (OPT-776)
Information: Ungrouping hierarchy syndrome_generator/gmult_20 before Pass 1 (OPT-776)
Information: Ungrouping hierarchy syndrome_generator/gmult_19 before Pass 1 (OPT-776)
Information: Ungrouping hierarchy syndrome_generator/gmult_18 before Pass 1 (OPT-776)
Information: Ungrouping hierarchy syndrome_generator/gmult_17 before Pass 1 (OPT-776)
Information: Ungrouping hierarchy syndrome_generator/gmult_16 before Pass 1 (OPT-776)
Information: Ungrouping hierarchy syndrome_generator/gmult_15 before Pass 1 (OPT-776)
Information: Ungrouping hierarchy syndrome_generator/gmult_14 before Pass 1 (OPT-776)
Information: Ungrouping hierarchy syndrome_generator/gmult_13 before Pass 1 (OPT-776)
Information: Ungrouping hierarchy syndrome_generator/gmult_12 before Pass 1 (OPT-776)
Information: Ungrouping hierarchy syndrome_generator/gmult_11 before Pass 1 (OPT-776)
Information: Ungrouping hierarchy syndrome_generator/gmult_10 before Pass 1 (OPT-776)
Information: Ungrouping hierarchy syndrome_generator/gmult_09 before Pass 1 (OPT-776)
Information: Ungrouping hierarchy syndrome_generator/gmult_08 before Pass 1 (OPT-776)
Information: Ungrouping hierarchy syndrome_generator/gmult_07 before Pass 1 (OPT-776)
Information: Ungrouping hierarchy syndrome_generator/gmult_06 before Pass 1 (OPT-776)
Information: Ungrouping hierarchy syndrome_generator/gmult_05 before Pass 1 (OPT-776)
Information: Ungrouping hierarchy syndrome_generator/gmult_04 before Pass 1 (OPT-776)
Information: Ungrouping hierarchy syndrome_generator/gmult_03 before Pass 1 (OPT-776)
Information: Ungrouping hierarchy syndrome_generator/gmult_02 before Pass 1 (OPT-776)
Information: Ungrouping hierarchy syndrome_generator/gmult_01 before Pass 1 (OPT-776)
Information: Ungrouping hierarchy sse_corrector/error_value01/gfmult before Pass 1 (OPT-776)
Information: Ungrouping hierarchy sse_corrector/error_value00/gfmult before Pass 1 (OPT-776)
Information: Ungrouping 38 of 46 hierarchies before Pass 1 (OPT-775)
Information: State dependent leakage is now switched from on to off.

  Beginning Pass 1 Mapping
  ------------------------
  Processing 'GFDIV_0'
  Processing 'GFEXP_0'
  Processing 'DE_CORRECTOR'
  Processing 'SYNDROME_GENERATOR'
  Processing 'SSE_CORRECTOR'
 Implement Synthetic for 'SSE_CORRECTOR'.
Information: Added key list 'DesignWare' to design 'SSE_CORRECTOR'. (DDB-72)
  Processing 'UNITY_DECODER'

  Updating timing information
Information: Updating design information... (UID-85)
Information: The library cell 'STQ_TIE1_1' in the library 'um28nchllogl35hsl140f_ssgwc0p9v125c' is not characterized for internal power. (PWR-536)
Information: The library cell 'STQ_TIE0_1' in the library 'um28nchllogl35hsl140f_ssgwc0p9v125c' is not characterized for internal power. (PWR-536)
Information: The target library(s) contains cell(s), other than black boxes, that are not characterized for internal power. (PWR-24)

Threshold voltage group cell usage:
>> LVT35 100.00%

  Beginning Mapping Optimizations  (Ultra High effort)
  -------------------------------
