 
****************************************
Report : timing
        -path full
        -delay max
        -nworst 10
        -max_paths 10
Design : UNITY_DECODER
Version: Q-2019.12-SP5-5
Date   : Sat Nov 15 18:14:39 2025
****************************************

Operating Conditions: TT1P0V85C   Library: um28nchhlogl35udl140f_tt1p0v85c
Wire Load Model Mode: enclosed

  Startpoint: codeword_in[259]
              (input port clocked by vclk)
  Endpoint: data_out[212]
            (output port clocked by vclk)
  Path Group: vclk
  Path Type: max

  Des/Clust/Port     Wire Load Model       Library
  ------------------------------------------------
  UNITY_DECODER      ZeroWLM               um28nchhlogl35udl140f_tt1p0v85c
  GFDIV_0            ZeroWLM               um28nchhlogl35udl140f_tt1p0v85c

  Point                                                   Incr       Path
  --------------------------------------------------------------------------
  clock vclk (rise edge)                                  0.00       0.00
  clock network delay (ideal)                             0.00       0.00
  input external delay                                    0.00       0.00 f
  codeword_in[259] (in)                                   0.00       0.00 f
  U90270/X (SVM_EO2_V2_6)                                 0.04       0.04 f
  U90269/X (SVM_EO2_V2_6)                                 0.03       0.07 f
  U40949/X (SVM_EO2_V2_4)                                 0.03       0.11 f
  U7412/X (SVM_EN2_V2_4)                                  0.03       0.14 f
  U37622/X (SVM_EO2_V2_3)                                 0.03       0.17 f
  U37621/X (SVM_EO2_V2_3)                                 0.03       0.20 f
  U37620/X (SVM_EO2_V2_4)                                 0.02       0.22 r
  U37613/X (SVM_EO2_V2_6)                                 0.03       0.25 r
  U39240/X (SVM_INV_12)                                   0.02       0.27 f
  U90283/X (SVM_NR2B_8)                                   0.03       0.29 f
  U5109/X (SVM_INV_2)                                     0.02       0.31 r
  U5092/X (SVM_NR2_3)                                     0.01       0.32 f
  U42200/X (SVM_INV_2)                                    0.01       0.33 r
  U36753/X (SVM_NR2_2)                                    0.01       0.34 f
  U95125/X (SVM_BUF_M_9)                                  0.03       0.37 f
  U95840/X (SVM_INV_8)                                    0.01       0.39 r
  U165086/X (SVM_NR2_1)                                   0.01       0.40 f
  U165087/X (SVM_INV_1)                                   0.01       0.41 r
  U66834/X (SVM_ND3_S_1)                                  0.02       0.43 f
  U84935/X (SVM_ND2B_V1_1)                                0.03       0.46 f
  U19969/X (SVM_NR3_G_1)                                  0.02       0.48 r
  U19443/X (SVM_ND2_S_1)                                  0.01       0.49 f
  U63938/X (SVM_NR2_1)                                    0.02       0.51 r
  U25723/X (SVM_ND2_1)                                    0.01       0.52 f
  U237072/X (SVM_NR3_G_1)                                 0.02       0.54 r
  U237099/X (SVM_ND4_1)                                   0.03       0.57 f
  U7488/X (SVM_NR2_T_1)                                   0.02       0.59 r
  U25075/X (SVM_ND3_S_1)                                  0.02       0.60 f
  U705/X (SVM_NR2_1)                                      0.02       0.62 r
  U40627/X (SVM_ND3_S_4)                                  0.02       0.64 f
  U7479/X (SVM_NR2_T_3)                                   0.01       0.66 r
  U8647/X (SVM_ND2_S_8)                                   0.01       0.67 f
  U10578/X (SVM_NR2_12)                                   0.02       0.69 r
  U487/X (SVM_NR2_2)                                      0.01       0.70 f
  U449/X (SVM_EO2_V2_3)                                   0.03       0.73 f
  U37349/X (SVM_EO2_V2_3)                                 0.03       0.76 f
  U7829/X (SVM_EO2_V2_4)                                  0.03       0.79 f
  U7828/X (SVM_EO2_V2_6)                                  0.03       0.82 f
  sse_corrector/error_value01/b[11] (GFDIV_0)             0.00       0.82 f
  sse_corrector/error_value01/U4703/X (SVM_INV_8)         0.01       0.84 r
  sse_corrector/error_value01/U4697/X (SVM_BUF_12)        0.02       0.86 r
  sse_corrector/error_value01/U4667/X (SVM_NR2_4)         0.01       0.87 f
  sse_corrector/error_value01/U23667/X (SVM_INV_8)        0.01       0.88 r
  sse_corrector/error_value01/U23654/X (SVM_INV_16)       0.01       0.89 f
  sse_corrector/error_value01/U4400/X (SVM_INV_16)        0.02       0.91 r
  sse_corrector/error_value01/U39535/X (SVM_NR2_8)        0.01       0.92 f
  sse_corrector/error_value01/U7907/X (SVM_ND2_8)         0.01       0.93 r
  sse_corrector/error_value01/U108759/X (SVM_NR2_1)       0.03       0.96 f
  sse_corrector/error_value01/U120951/X (SVM_INV_1)       0.02       0.98 r
  sse_corrector/error_value01/U120952/X (SVM_NR2_1)       0.02       1.00 f
  sse_corrector/error_value01/U211385/X (SVM_NR2_1)       0.01       1.01 r
  sse_corrector/error_value01/U72665/X (SVM_ND3_S_1)      0.02       1.03 f
  sse_corrector/error_value01/U211387/X (SVM_NR3_G_1)     0.02       1.05 r
  sse_corrector/error_value01/U7908/X (SVM_ND4_1)         0.03       1.08 f
  sse_corrector/error_value01/U90505/X (SVM_NR4_2)        0.03       1.11 r
  sse_corrector/error_value01/U24307/X (SVM_ND3_S_1)      0.02       1.13 f
  sse_corrector/error_value01/U38499/X (SVM_OR3B_2)       0.03       1.16 f
  sse_corrector/error_value01/U36950/X (SVM_NR3_T_2)      0.01       1.17 r
  sse_corrector/error_value01/U37136/X (SVM_ND2_S_3)      0.01       1.19 f
  sse_corrector/error_value01/U15750/X (SVM_NR3_T_2)      0.02       1.21 r
  sse_corrector/error_value01/U7408/X (SVM_ND3_T_3)       0.02       1.22 f
  sse_corrector/error_value01/U7407/X (SVM_NR2_T_3)       0.02       1.24 r
  sse_corrector/error_value01/U35838/X (SVM_ND2_S_8)      0.02       1.25 f
  sse_corrector/error_value01/U38370/X (SVM_INV_12)       0.01       1.27 r
  sse_corrector/error_value01/U83/X (SVM_NR2_2)           0.01       1.28 f
  sse_corrector/error_value01/U35917/X (SVM_EO2_V2_4)     0.03       1.31 f
  sse_corrector/error_value01/U35916/X (SVM_EO2_V2_4)     0.03       1.33 f
  sse_corrector/error_value01/U35915/X (SVM_EO2_V2_4)     0.03       1.36 f
  sse_corrector/error_value01/U35919/X (SVM_EO2_V2_4)     0.02       1.38 r
  sse_corrector/error_value01/c[4] (GFDIV_0)              0.00       1.38 r
  U17005/X (SVM_BUF_S_16)                                 0.02       1.41 r
  U308/X (SVM_ND2_2)                                      0.02       1.42 f
  U92026/X (SVM_EO2_V2_3)                                 0.03       1.45 f
  U89576/X (SVM_OAI21_S_1)                                0.01       1.46 r
  data_out[212] (out)                                     0.00       1.46 r
  data arrival time                                                  1.46

  clock vclk (rise edge)                                  0.40       0.40
  clock network delay (ideal)                             0.00       0.40
  output external delay                                   0.00       0.40
  data required time                                                 0.40
  --------------------------------------------------------------------------
  data required time                                                 0.40
  data arrival time                                                 -1.46
  --------------------------------------------------------------------------
  slack (VIOLATED)                                                  -1.06


  Startpoint: codeword_in[259]
              (input port clocked by vclk)
  Endpoint: data_out[212]
            (output port clocked by vclk)
  Path Group: vclk
  Path Type: max

  Des/Clust/Port     Wire Load Model       Library
  ------------------------------------------------
  UNITY_DECODER      ZeroWLM               um28nchhlogl35udl140f_tt1p0v85c
  GFDIV_0            ZeroWLM               um28nchhlogl35udl140f_tt1p0v85c

  Point                                                   Incr       Path
  --------------------------------------------------------------------------
  clock vclk (rise edge)                                  0.00       0.00
  clock network delay (ideal)                             0.00       0.00
  input external delay                                    0.00       0.00 f
  codeword_in[259] (in)                                   0.00       0.00 f
  U90270/X (SVM_EO2_V2_6)                                 0.04       0.04 f
  U90269/X (SVM_EO2_V2_6)                                 0.03       0.07 f
  U40949/X (SVM_EO2_V2_4)                                 0.03       0.11 f
  U7412/X (SVM_EN2_V2_4)                                  0.03       0.14 f
  U37622/X (SVM_EO2_V2_3)                                 0.03       0.17 f
  U37621/X (SVM_EO2_V2_3)                                 0.03       0.20 f
  U37620/X (SVM_EO2_V2_4)                                 0.02       0.22 r
  U37613/X (SVM_EO2_V2_6)                                 0.03       0.25 r
  U39240/X (SVM_INV_12)                                   0.02       0.27 f
  U90283/X (SVM_NR2B_8)                                   0.03       0.29 f
  U7367/X (SVM_AN2_8)                                     0.03       0.32 f
  U8825/X (SVM_INV_16)                                    0.02       0.34 r
  U6278/X (SVM_NR2_4)                                     0.01       0.35 f
  U24360/X (SVM_BUF_4)                                    0.02       0.37 f
  U90633/X (SVM_INV_6)                                    0.02       0.39 r
  U49185/X (SVM_NR2_0P5)                                  0.02       0.41 f
  U172198/X (SVM_NR2_1)                                   0.02       0.43 r
  U39683/X (SVM_ND3_1)                                    0.02       0.45 f
  U172200/X (SVM_NR3_G_1)                                 0.03       0.47 r
  U91609/X (SVM_INV_1)                                    0.01       0.49 f
  U62549/X (SVM_NR3_G_1)                                  0.02       0.50 r
  U39906/X (SVM_ND3_T_1)                                  0.02       0.52 f
  U11212/X (SVM_NR3_T_2)                                  0.01       0.53 r
  U91780/X (SVM_ND3_1)                                    0.02       0.55 f
  U37862/X (SVM_OR2_2)                                    0.03       0.58 f
  U1039/X (SVM_NR3_T_1)                                   0.02       0.60 r
  U927/X (SVM_ND3_S_1)                                    0.02       0.62 f
  U742/X (SVM_NR2_T_1)                                    0.02       0.63 r
  U38736/X (SVM_ND3_S_4)                                  0.01       0.65 f
  U7953/X (SVM_NR3_T_3)                                   0.02       0.66 r
  U7952/X (SVM_ND2_S_8)                                   0.02       0.68 f
  U8920/X (SVM_INV_10)                                    0.01       0.69 r
  U463/X (SVM_NR2_T_2)                                    0.01       0.71 f
  U448/X (SVM_EO2_V2_3)                                   0.03       0.74 f
  U8899/X (SVM_EO2_V2_3)                                  0.03       0.77 f
  U37351/X (SVM_EO2_V2_4)                                 0.03       0.79 f
  U7828/X (SVM_EO2_V2_6)                                  0.03       0.82 f
  sse_corrector/error_value01/b[11] (GFDIV_0)             0.00       0.82 f
  sse_corrector/error_value01/U4703/X (SVM_INV_8)         0.01       0.84 r
  sse_corrector/error_value01/U4697/X (SVM_BUF_12)        0.02       0.86 r
  sse_corrector/error_value01/U4667/X (SVM_NR2_4)         0.01       0.87 f
  sse_corrector/error_value01/U23667/X (SVM_INV_8)        0.01       0.88 r
  sse_corrector/error_value01/U23654/X (SVM_INV_16)       0.01       0.89 f
  sse_corrector/error_value01/U4400/X (SVM_INV_16)        0.02       0.91 r
  sse_corrector/error_value01/U39535/X (SVM_NR2_8)        0.01       0.92 f
  sse_corrector/error_value01/U7907/X (SVM_ND2_8)         0.01       0.93 r
  sse_corrector/error_value01/U108759/X (SVM_NR2_1)       0.03       0.96 f
  sse_corrector/error_value01/U120951/X (SVM_INV_1)       0.02       0.98 r
  sse_corrector/error_value01/U120952/X (SVM_NR2_1)       0.02       1.00 f
  sse_corrector/error_value01/U211385/X (SVM_NR2_1)       0.01       1.01 r
  sse_corrector/error_value01/U72665/X (SVM_ND3_S_1)      0.02       1.03 f
  sse_corrector/error_value01/U211387/X (SVM_NR3_G_1)     0.02       1.05 r
  sse_corrector/error_value01/U7908/X (SVM_ND4_1)         0.03       1.08 f
  sse_corrector/error_value01/U90505/X (SVM_NR4_2)        0.03       1.11 r
  sse_corrector/error_value01/U24307/X (SVM_ND3_S_1)      0.02       1.13 f
  sse_corrector/error_value01/U38499/X (SVM_OR3B_2)       0.03       1.16 f
  sse_corrector/error_value01/U36950/X (SVM_NR3_T_2)      0.01       1.17 r
  sse_corrector/error_value01/U37136/X (SVM_ND2_S_3)      0.01       1.19 f
  sse_corrector/error_value01/U15750/X (SVM_NR3_T_2)      0.02       1.21 r
  sse_corrector/error_value01/U7408/X (SVM_ND3_T_3)       0.02       1.22 f
  sse_corrector/error_value01/U7407/X (SVM_NR2_T_3)       0.02       1.24 r
  sse_corrector/error_value01/U35838/X (SVM_ND2_S_8)      0.02       1.25 f
  sse_corrector/error_value01/U38370/X (SVM_INV_12)       0.01       1.27 r
  sse_corrector/error_value01/U83/X (SVM_NR2_2)           0.01       1.28 f
  sse_corrector/error_value01/U35917/X (SVM_EO2_V2_4)     0.03       1.31 f
  sse_corrector/error_value01/U35916/X (SVM_EO2_V2_4)     0.03       1.33 f
  sse_corrector/error_value01/U35915/X (SVM_EO2_V2_4)     0.03       1.36 f
  sse_corrector/error_value01/U35919/X (SVM_EO2_V2_4)     0.02       1.38 r
  sse_corrector/error_value01/c[4] (GFDIV_0)              0.00       1.38 r
  U17005/X (SVM_BUF_S_16)                                 0.02       1.41 r
  U308/X (SVM_ND2_2)                                      0.02       1.42 f
  U92026/X (SVM_EO2_V2_3)                                 0.03       1.45 f
  U89576/X (SVM_OAI21_S_1)                                0.01       1.46 r
  data_out[212] (out)                                     0.00       1.46 r
  data arrival time                                                  1.46

  clock vclk (rise edge)                                  0.40       0.40
  clock network delay (ideal)                             0.00       0.40
  output external delay                                   0.00       0.40
  data required time                                                 0.40
  --------------------------------------------------------------------------
  data required time                                                 0.40
  data arrival time                                                 -1.46
  --------------------------------------------------------------------------
  slack (VIOLATED)                                                  -1.06


  Startpoint: codeword_in[81]
              (input port clocked by vclk)
  Endpoint: data_out[212]
            (output port clocked by vclk)
  Path Group: vclk
  Path Type: max

  Des/Clust/Port     Wire Load Model       Library
  ------------------------------------------------
  UNITY_DECODER      ZeroWLM               um28nchhlogl35udl140f_tt1p0v85c
  GFDIV_0            ZeroWLM               um28nchhlogl35udl140f_tt1p0v85c

  Point                                                   Incr       Path
  --------------------------------------------------------------------------
  clock vclk (rise edge)                                  0.00       0.00
  clock network delay (ideal)                             0.00       0.00
  input external delay                                    0.00       0.00 f
  codeword_in[81] (in)                                    0.00       0.00 f
  U94146/X (SVM_EO2_V2_6)                                 0.04       0.04 f
  U37886/X (SVM_EO2_V2_6)                                 0.03       0.08 f
  U37885/X (SVM_EN2_V2_6)                                 0.03       0.11 f
  U37736/X (SVM_EO2_V2_4)                                 0.03       0.14 f
  U37742/X (SVM_EO2_V2_3)                                 0.03       0.17 f
  U9007/X (SVM_EO2_V2_4)                                  0.03       0.20 f
  U6750/X (SVM_EO2_V2_4)                                  0.03       0.23 f
  U89693/X (SVM_EO2_V2_8)                                 0.04       0.26 f
  U10540/X (SVM_ND2_10)                                   0.02       0.28 r
  U10539/X (SVM_BUF_S_20)                                 0.02       0.30 r
  U38842/X (SVM_BUF_12)                                   0.02       0.33 r
  U4784/X (SVM_OR2_8)                                     0.03       0.35 r
  U3503/X (SVM_NR2_1)                                     0.03       0.38 f
  U16437/X (SVM_INV_3)                                    0.02       0.40 r
  U150310/X (SVM_NR2_1)                                   0.02       0.42 f
  U202699/X (SVM_NR4_1)                                   0.04       0.46 r
  U202700/X (SVM_ND4_1)                                   0.03       0.48 f
  U202706/X (SVM_NR3_G_1)                                 0.02       0.51 r
  U7913/X (SVM_ND3_S_1)                                   0.02       0.53 f
  U38465/X (SVM_NR4_2)                                    0.03       0.56 r
  U25204/X (SVM_ND2_S_1P5)                                0.01       0.57 f
  U37692/X (SVM_NR4_2)                                    0.03       0.60 r
  U37691/X (SVM_ND3_S_4)                                  0.02       0.62 f
  U24943/X (SVM_NR3_T_2)                                  0.02       0.63 r
  U24935/X (SVM_ND3_T_2)                                  0.02       0.65 f
  U37346/X (SVM_NR2_T_3)                                  0.01       0.67 r
  U7952/X (SVM_ND2_S_8)                                   0.01       0.68 f
  U8920/X (SVM_INV_10)                                    0.01       0.69 r
  U463/X (SVM_NR2_T_2)                                    0.01       0.71 f
  U448/X (SVM_EO2_V2_3)                                   0.03       0.74 f
  U8899/X (SVM_EO2_V2_3)                                  0.03       0.77 f
  U37351/X (SVM_EO2_V2_4)                                 0.03       0.79 f
  U7828/X (SVM_EO2_V2_6)                                  0.03       0.82 f
  sse_corrector/error_value01/b[11] (GFDIV_0)             0.00       0.82 f
  sse_corrector/error_value01/U4703/X (SVM_INV_8)         0.01       0.84 r
  sse_corrector/error_value01/U4697/X (SVM_BUF_12)        0.02       0.86 r
  sse_corrector/error_value01/U4667/X (SVM_NR2_4)         0.01       0.87 f
  sse_corrector/error_value01/U23667/X (SVM_INV_8)        0.01       0.88 r
  sse_corrector/error_value01/U23654/X (SVM_INV_16)       0.01       0.89 f
  sse_corrector/error_value01/U4400/X (SVM_INV_16)        0.02       0.91 r
  sse_corrector/error_value01/U39535/X (SVM_NR2_8)        0.01       0.92 f
  sse_corrector/error_value01/U7907/X (SVM_ND2_8)         0.01       0.93 r
  sse_corrector/error_value01/U108759/X (SVM_NR2_1)       0.03       0.96 f
  sse_corrector/error_value01/U120951/X (SVM_INV_1)       0.02       0.98 r
  sse_corrector/error_value01/U120952/X (SVM_NR2_1)       0.02       1.00 f
  sse_corrector/error_value01/U211385/X (SVM_NR2_1)       0.01       1.01 r
  sse_corrector/error_value01/U72665/X (SVM_ND3_S_1)      0.02       1.03 f
  sse_corrector/error_value01/U211387/X (SVM_NR3_G_1)     0.02       1.05 r
  sse_corrector/error_value01/U7908/X (SVM_ND4_1)         0.03       1.08 f
  sse_corrector/error_value01/U90505/X (SVM_NR4_2)        0.03       1.11 r
  sse_corrector/error_value01/U24307/X (SVM_ND3_S_1)      0.02       1.13 f
  sse_corrector/error_value01/U38499/X (SVM_OR3B_2)       0.03       1.16 f
  sse_corrector/error_value01/U36950/X (SVM_NR3_T_2)      0.01       1.17 r
  sse_corrector/error_value01/U37136/X (SVM_ND2_S_3)      0.01       1.19 f
  sse_corrector/error_value01/U15750/X (SVM_NR3_T_2)      0.02       1.21 r
  sse_corrector/error_value01/U7408/X (SVM_ND3_T_3)       0.02       1.22 f
  sse_corrector/error_value01/U7407/X (SVM_NR2_T_3)       0.02       1.24 r
  sse_corrector/error_value01/U35838/X (SVM_ND2_S_8)      0.02       1.25 f
  sse_corrector/error_value01/U38370/X (SVM_INV_12)       0.01       1.27 r
  sse_corrector/error_value01/U83/X (SVM_NR2_2)           0.01       1.28 f
  sse_corrector/error_value01/U35917/X (SVM_EO2_V2_4)     0.03       1.31 f
  sse_corrector/error_value01/U35916/X (SVM_EO2_V2_4)     0.03       1.33 f
  sse_corrector/error_value01/U35915/X (SVM_EO2_V2_4)     0.03       1.36 f
  sse_corrector/error_value01/U35919/X (SVM_EO2_V2_4)     0.02       1.38 r
  sse_corrector/error_value01/c[4] (GFDIV_0)              0.00       1.38 r
  U17005/X (SVM_BUF_S_16)                                 0.02       1.40 r
  U308/X (SVM_ND2_2)                                      0.02       1.42 f
  U92026/X (SVM_EO2_V2_3)                                 0.03       1.45 f
  U89576/X (SVM_OAI21_S_1)                                0.01       1.46 r
  data_out[212] (out)                                     0.00       1.46 r
  data arrival time                                                  1.46

  clock vclk (rise edge)                                  0.40       0.40
  clock network delay (ideal)                             0.00       0.40
  output external delay                                   0.00       0.40
  data required time                                                 0.40
  --------------------------------------------------------------------------
  data required time                                                 0.40
  data arrival time                                                 -1.46
  --------------------------------------------------------------------------
  slack (VIOLATED)                                                  -1.06


  Startpoint: codeword_in[280]
              (input port clocked by vclk)
  Endpoint: data_out[212]
            (output port clocked by vclk)
  Path Group: vclk
  Path Type: max

  Des/Clust/Port     Wire Load Model       Library
  ------------------------------------------------
  UNITY_DECODER      ZeroWLM               um28nchhlogl35udl140f_tt1p0v85c
  GFDIV_0            ZeroWLM               um28nchhlogl35udl140f_tt1p0v85c

  Point                                                   Incr       Path
  --------------------------------------------------------------------------
  clock vclk (rise edge)                                  0.00       0.00
  clock network delay (ideal)                             0.00       0.00
  input external delay                                    0.00       0.00 f
  codeword_in[280] (in)                                   0.00       0.00 f
  U89532/X (SVM_EO2_V2_6)                                 0.04       0.04 f
  U89531/X (SVM_EO2_V2_4)                                 0.03       0.08 f
  U40146/X (SVM_EO2_V2_4)                                 0.03       0.11 f
  U5140/X (SVM_EN2_V2_3)                                  0.03       0.14 f
  U37742/X (SVM_EO2_V2_3)                                 0.03       0.17 f
  U9007/X (SVM_EO2_V2_4)                                  0.03       0.20 f
  U6750/X (SVM_EO2_V2_4)                                  0.03       0.23 f
  U89693/X (SVM_EO2_V2_8)                                 0.04       0.26 f
  U10540/X (SVM_ND2_10)                                   0.02       0.28 r
  U10539/X (SVM_BUF_S_20)                                 0.02       0.30 r
  U38842/X (SVM_BUF_12)                                   0.02       0.33 r
  U4784/X (SVM_OR2_8)                                     0.03       0.35 r
  U3503/X (SVM_NR2_1)                                     0.03       0.38 f
  U16437/X (SVM_INV_3)                                    0.02       0.40 r
  U150310/X (SVM_NR2_1)                                   0.02       0.42 f
  U202699/X (SVM_NR4_1)                                   0.04       0.46 r
  U202700/X (SVM_ND4_1)                                   0.03       0.48 f
  U202706/X (SVM_NR3_G_1)                                 0.02       0.51 r
  U7913/X (SVM_ND3_S_1)                                   0.02       0.53 f
  U38465/X (SVM_NR4_2)                                    0.03       0.56 r
  U25204/X (SVM_ND2_S_1P5)                                0.01       0.57 f
  U37692/X (SVM_NR4_2)                                    0.03       0.60 r
  U37691/X (SVM_ND3_S_4)                                  0.02       0.62 f
  U24943/X (SVM_NR3_T_2)                                  0.02       0.63 r
  U24935/X (SVM_ND3_T_2)                                  0.02       0.65 f
  U37346/X (SVM_NR2_T_3)                                  0.01       0.67 r
  U7952/X (SVM_ND2_S_8)                                   0.01       0.68 f
  U8920/X (SVM_INV_10)                                    0.01       0.69 r
  U463/X (SVM_NR2_T_2)                                    0.01       0.71 f
  U448/X (SVM_EO2_V2_3)                                   0.03       0.74 f
  U8899/X (SVM_EO2_V2_3)                                  0.03       0.76 f
  U37351/X (SVM_EO2_V2_4)                                 0.03       0.79 f
  U7828/X (SVM_EO2_V2_6)                                  0.03       0.82 f
  sse_corrector/error_value01/b[11] (GFDIV_0)             0.00       0.82 f
  sse_corrector/error_value01/U4703/X (SVM_INV_8)         0.01       0.84 r
  sse_corrector/error_value01/U4697/X (SVM_BUF_12)        0.02       0.86 r
  sse_corrector/error_value01/U4667/X (SVM_NR2_4)         0.01       0.87 f
  sse_corrector/error_value01/U23667/X (SVM_INV_8)        0.01       0.88 r
  sse_corrector/error_value01/U23654/X (SVM_INV_16)       0.01       0.89 f
  sse_corrector/error_value01/U4400/X (SVM_INV_16)        0.02       0.91 r
  sse_corrector/error_value01/U39535/X (SVM_NR2_8)        0.01       0.92 f
  sse_corrector/error_value01/U7907/X (SVM_ND2_8)         0.01       0.93 r
  sse_corrector/error_value01/U108759/X (SVM_NR2_1)       0.03       0.96 f
  sse_corrector/error_value01/U120951/X (SVM_INV_1)       0.02       0.98 r
  sse_corrector/error_value01/U120952/X (SVM_NR2_1)       0.02       1.00 f
  sse_corrector/error_value01/U211385/X (SVM_NR2_1)       0.01       1.01 r
  sse_corrector/error_value01/U72665/X (SVM_ND3_S_1)      0.02       1.03 f
  sse_corrector/error_value01/U211387/X (SVM_NR3_G_1)     0.02       1.05 r
  sse_corrector/error_value01/U7908/X (SVM_ND4_1)         0.03       1.08 f
  sse_corrector/error_value01/U90505/X (SVM_NR4_2)        0.03       1.11 r
  sse_corrector/error_value01/U24307/X (SVM_ND3_S_1)      0.02       1.13 f
  sse_corrector/error_value01/U38499/X (SVM_OR3B_2)       0.03       1.16 f
  sse_corrector/error_value01/U36950/X (SVM_NR3_T_2)      0.01       1.17 r
  sse_corrector/error_value01/U37136/X (SVM_ND2_S_3)      0.01       1.19 f
  sse_corrector/error_value01/U15750/X (SVM_NR3_T_2)      0.02       1.21 r
  sse_corrector/error_value01/U7408/X (SVM_ND3_T_3)       0.02       1.22 f
  sse_corrector/error_value01/U7407/X (SVM_NR2_T_3)       0.02       1.24 r
  sse_corrector/error_value01/U35838/X (SVM_ND2_S_8)      0.02       1.25 f
  sse_corrector/error_value01/U38370/X (SVM_INV_12)       0.01       1.27 r
  sse_corrector/error_value01/U83/X (SVM_NR2_2)           0.01       1.28 f
  sse_corrector/error_value01/U35917/X (SVM_EO2_V2_4)     0.03       1.31 f
  sse_corrector/error_value01/U35916/X (SVM_EO2_V2_4)     0.03       1.33 f
  sse_corrector/error_value01/U35915/X (SVM_EO2_V2_4)     0.03       1.36 f
  sse_corrector/error_value01/U35919/X (SVM_EO2_V2_4)     0.02       1.38 r
  sse_corrector/error_value01/c[4] (GFDIV_0)              0.00       1.38 r
  U17005/X (SVM_BUF_S_16)                                 0.02       1.40 r
  U308/X (SVM_ND2_2)                                      0.02       1.42 f
  U92026/X (SVM_EO2_V2_3)                                 0.03       1.45 f
  U89576/X (SVM_OAI21_S_1)                                0.01       1.46 r
  data_out[212] (out)                                     0.00       1.46 r
  data arrival time                                                  1.46

  clock vclk (rise edge)                                  0.40       0.40
  clock network delay (ideal)                             0.00       0.40
  output external delay                                   0.00       0.40
  data required time                                                 0.40
  --------------------------------------------------------------------------
  data required time                                                 0.40
  data arrival time                                                 -1.46
  --------------------------------------------------------------------------
  slack (VIOLATED)                                                  -1.06


  Startpoint: codeword_in[191]
              (input port clocked by vclk)
  Endpoint: data_out[212]
            (output port clocked by vclk)
  Path Group: vclk
  Path Type: max

  Des/Clust/Port     Wire Load Model       Library
  ------------------------------------------------
  UNITY_DECODER      ZeroWLM               um28nchhlogl35udl140f_tt1p0v85c
  GFDIV_0            ZeroWLM               um28nchhlogl35udl140f_tt1p0v85c

  Point                                                   Incr       Path
  --------------------------------------------------------------------------
  clock vclk (rise edge)                                  0.00       0.00
  clock network delay (ideal)                             0.00       0.00
  input external delay                                    0.00       0.00 f
  codeword_in[191] (in)                                   0.00       0.00 f
  U37509/X (SVM_EO2_V2_6)                                 0.04       0.04 f
  U37219/X (SVM_EO2_V2_4)                                 0.03       0.08 f
  U37897/X (SVM_EO2_V2_4)                                 0.03       0.11 f
  U41270/X (SVM_EO2_V2_4)                                 0.03       0.14 f
  U5126/X (SVM_EO2_V2_3)                                  0.03       0.17 f
  U37896/X (SVM_EO2_V2_4)                                 0.03       0.19 f
  U40500/X (SVM_EO2_V2_4)                                 0.03       0.22 f
  U39454/X (SVM_EO2_V2_6)                                 0.03       0.25 f
  U5117/X (SVM_BUF_10)                                    0.03       0.28 f
  U5113/X (SVM_ND2_8)                                     0.01       0.29 r
  U5100/X (SVM_ND2B_6)                                    0.02       0.32 r
  U40486/X (SVM_INV_S_20)                                 0.02       0.33 f
  U39087/X (SVM_INV_S_20)                                 0.02       0.35 r
  U4456/X (SVM_NR2_4)                                     0.01       0.36 f
  U41163/X (SVM_NR2B_8)                                   0.03       0.39 f
  U35292/X (SVM_INV_6)                                    0.01       0.40 r
  U162840/X (SVM_NR2_1)                                   0.01       0.42 f
  U238550/X (SVM_INV_1)                                   0.01       0.43 r
  U238551/X (SVM_ND4_1)                                   0.03       0.46 f
  U238552/X (SVM_NR4_1)                                   0.05       0.50 r
  U238559/X (SVM_ND4_1)                                   0.04       0.54 f
  U5673/X (SVM_NR3_T_1)                                   0.02       0.56 r
  U238596/X (SVM_ND4_1)                                   0.02       0.59 f
  U1063/X (SVM_NR2_1)                                     0.02       0.60 r
  U25023/X (SVM_ND2_S_1)                                  0.02       0.62 f
  U39192/X (SVM_NR3_T_2)                                  0.01       0.63 r
  U24953/X (SVM_ND2_S_1P5)                                0.01       0.65 f
  U6561/X (SVM_NR2_T_3)                                   0.01       0.66 r
  U8971/X (SVM_ND2_S_8)                                   0.01       0.67 f
  U10578/X (SVM_NR2_12)                                   0.02       0.69 r
  U487/X (SVM_NR2_2)                                      0.01       0.70 f
  U449/X (SVM_EO2_V2_3)                                   0.03       0.73 f
  U37349/X (SVM_EO2_V2_3)                                 0.03       0.76 f
  U7829/X (SVM_EO2_V2_4)                                  0.03       0.79 f
  U7828/X (SVM_EO2_V2_6)                                  0.03       0.82 f
  sse_corrector/error_value01/b[11] (GFDIV_0)             0.00       0.82 f
  sse_corrector/error_value01/U4703/X (SVM_INV_8)         0.01       0.84 r
  sse_corrector/error_value01/U4697/X (SVM_BUF_12)        0.02       0.86 r
  sse_corrector/error_value01/U4667/X (SVM_NR2_4)         0.01       0.87 f
  sse_corrector/error_value01/U23667/X (SVM_INV_8)        0.01       0.88 r
  sse_corrector/error_value01/U23654/X (SVM_INV_16)       0.01       0.89 f
  sse_corrector/error_value01/U4400/X (SVM_INV_16)        0.02       0.91 r
  sse_corrector/error_value01/U39535/X (SVM_NR2_8)        0.01       0.92 f
  sse_corrector/error_value01/U7907/X (SVM_ND2_8)         0.01       0.93 r
  sse_corrector/error_value01/U108759/X (SVM_NR2_1)       0.03       0.96 f
  sse_corrector/error_value01/U120951/X (SVM_INV_1)       0.02       0.98 r
  sse_corrector/error_value01/U120952/X (SVM_NR2_1)       0.02       1.00 f
  sse_corrector/error_value01/U211385/X (SVM_NR2_1)       0.01       1.01 r
  sse_corrector/error_value01/U72665/X (SVM_ND3_S_1)      0.02       1.03 f
  sse_corrector/error_value01/U211387/X (SVM_NR3_G_1)     0.02       1.05 r
  sse_corrector/error_value01/U7908/X (SVM_ND4_1)         0.03       1.08 f
  sse_corrector/error_value01/U90505/X (SVM_NR4_2)        0.03       1.11 r
  sse_corrector/error_value01/U24307/X (SVM_ND3_S_1)      0.02       1.13 f
  sse_corrector/error_value01/U38499/X (SVM_OR3B_2)       0.03       1.16 f
  sse_corrector/error_value01/U36950/X (SVM_NR3_T_2)      0.01       1.17 r
  sse_corrector/error_value01/U37136/X (SVM_ND2_S_3)      0.01       1.19 f
  sse_corrector/error_value01/U15750/X (SVM_NR3_T_2)      0.02       1.21 r
  sse_corrector/error_value01/U7408/X (SVM_ND3_T_3)       0.02       1.22 f
  sse_corrector/error_value01/U7407/X (SVM_NR2_T_3)       0.02       1.24 r
  sse_corrector/error_value01/U35838/X (SVM_ND2_S_8)      0.02       1.25 f
  sse_corrector/error_value01/U38370/X (SVM_INV_12)       0.01       1.27 r
  sse_corrector/error_value01/U83/X (SVM_NR2_2)           0.01       1.28 f
  sse_corrector/error_value01/U35917/X (SVM_EO2_V2_4)     0.03       1.31 f
  sse_corrector/error_value01/U35916/X (SVM_EO2_V2_4)     0.03       1.33 f
  sse_corrector/error_value01/U35915/X (SVM_EO2_V2_4)     0.03       1.36 f
  sse_corrector/error_value01/U35919/X (SVM_EO2_V2_4)     0.02       1.38 r
  sse_corrector/error_value01/c[4] (GFDIV_0)              0.00       1.38 r
  U17005/X (SVM_BUF_S_16)                                 0.02       1.40 r
  U308/X (SVM_ND2_2)                                      0.02       1.42 f
  U92026/X (SVM_EO2_V2_3)                                 0.03       1.45 f
  U89576/X (SVM_OAI21_S_1)                                0.01       1.46 r
  data_out[212] (out)                                     0.00       1.46 r
  data arrival time                                                  1.46

  clock vclk (rise edge)                                  0.40       0.40
  clock network delay (ideal)                             0.00       0.40
  output external delay                                   0.00       0.40
  data required time                                                 0.40
  --------------------------------------------------------------------------
  data required time                                                 0.40
  data arrival time                                                 -1.46
  --------------------------------------------------------------------------
  slack (VIOLATED)                                                  -1.06


  Startpoint: codeword_in[222]
              (input port clocked by vclk)
  Endpoint: data_out[212]
            (output port clocked by vclk)
  Path Group: vclk
  Path Type: max

  Des/Clust/Port     Wire Load Model       Library
  ------------------------------------------------
  UNITY_DECODER      ZeroWLM               um28nchhlogl35udl140f_tt1p0v85c
  GFDIV_0            ZeroWLM               um28nchhlogl35udl140f_tt1p0v85c

  Point                                                   Incr       Path
  --------------------------------------------------------------------------
  clock vclk (rise edge)                                  0.00       0.00
  clock network delay (ideal)                             0.00       0.00
  input external delay                                    0.00       0.00 r
  codeword_in[222] (in)                                   0.00       0.00 r
  U41893/X (SVM_EN2_V2_8)                                 0.05       0.05 r
  U37393/X (SVM_EO2_V2_3)                                 0.03       0.08 r
  U7770/X (SVM_EO2_V2_4)                                  0.03       0.10 r
  U39201/X (SVM_EO2_V2_4)                                 0.03       0.13 r
  U37595/X (SVM_EO2_V2_4)                                 0.03       0.16 r
  U7760/X (SVM_EN2_F_4)                                   0.03       0.19 r
  U37594/X (SVM_EO2_V2_4)                                 0.03       0.22 r
  U37588/X (SVM_EO2_V2_4)                                 0.03       0.25 r
  U5124/X (SVM_BUF_12)                                    0.02       0.27 r
  U16880/X (SVM_INV_S_20)                                 0.01       0.28 f
  U90660/X (SVM_ND2_16)                                   0.02       0.30 r
  U5026/X (SVM_NR2_3)                                     0.02       0.32 f
  U8501/X (SVM_ND2B_8)                                    0.02       0.33 r
  U8500/X (SVM_INV_S_20)                                  0.02       0.35 f
  U4449/X (SVM_INV_12)                                    0.02       0.37 r
  U3689/X (SVM_NR2_2)                                     0.02       0.39 f
  U8974/X (SVM_INV_6)                                     0.01       0.40 r
  U45702/X (SVM_NR2_0P5)                                  0.02       0.42 f
  U151931/X (SVM_NR4_1)                                   0.04       0.46 r
  U151933/X (SVM_ND4_1)                                   0.03       0.49 f
  U151953/X (SVM_NR3_G_1)                                 0.03       0.52 r
  U25862/X (SVM_ND2_1)                                    0.02       0.55 f
  U39281/X (SVM_NR3_T_2)                                  0.02       0.56 r
  U10371/X (SVM_AN2_3)                                    0.02       0.59 r
  U17052/X (SVM_ND2_2)                                    0.01       0.60 f
  U24974/X (SVM_NR3_T_2)                                  0.01       0.61 r
  U17018/X (SVM_ND2_S_1P5)                                0.01       0.62 f
  U24944/X (SVM_NR3_T_2)                                  0.01       0.63 r
  U677/X (SVM_ND3_T_2)                                    0.02       0.65 f
  U37346/X (SVM_NR2_T_3)                                  0.02       0.67 r
  U7952/X (SVM_ND2_S_8)                                   0.01       0.68 f
  U8920/X (SVM_INV_10)                                    0.01       0.69 r
  U463/X (SVM_NR2_T_2)                                    0.01       0.71 f
  U448/X (SVM_EO2_V2_3)                                   0.03       0.74 f
  U8899/X (SVM_EO2_V2_3)                                  0.03       0.76 f
  U37351/X (SVM_EO2_V2_4)                                 0.03       0.79 f
  U7828/X (SVM_EO2_V2_6)                                  0.03       0.82 f
  sse_corrector/error_value01/b[11] (GFDIV_0)             0.00       0.82 f
  sse_corrector/error_value01/U4703/X (SVM_INV_8)         0.01       0.84 r
  sse_corrector/error_value01/U4697/X (SVM_BUF_12)        0.02       0.86 r
  sse_corrector/error_value01/U4667/X (SVM_NR2_4)         0.01       0.87 f
  sse_corrector/error_value01/U23667/X (SVM_INV_8)        0.01       0.88 r
  sse_corrector/error_value01/U23654/X (SVM_INV_16)       0.01       0.89 f
  sse_corrector/error_value01/U4400/X (SVM_INV_16)        0.02       0.91 r
  sse_corrector/error_value01/U39535/X (SVM_NR2_8)        0.01       0.92 f
  sse_corrector/error_value01/U7907/X (SVM_ND2_8)         0.01       0.93 r
  sse_corrector/error_value01/U108759/X (SVM_NR2_1)       0.03       0.96 f
  sse_corrector/error_value01/U120951/X (SVM_INV_1)       0.02       0.98 r
  sse_corrector/error_value01/U120952/X (SVM_NR2_1)       0.02       1.00 f
  sse_corrector/error_value01/U211385/X (SVM_NR2_1)       0.01       1.01 r
  sse_corrector/error_value01/U72665/X (SVM_ND3_S_1)      0.02       1.03 f
  sse_corrector/error_value01/U211387/X (SVM_NR3_G_1)     0.02       1.05 r
  sse_corrector/error_value01/U7908/X (SVM_ND4_1)         0.03       1.08 f
  sse_corrector/error_value01/U90505/X (SVM_NR4_2)        0.03       1.11 r
  sse_corrector/error_value01/U24307/X (SVM_ND3_S_1)      0.02       1.13 f
  sse_corrector/error_value01/U38499/X (SVM_OR3B_2)       0.03       1.16 f
  sse_corrector/error_value01/U36950/X (SVM_NR3_T_2)      0.01       1.17 r
  sse_corrector/error_value01/U37136/X (SVM_ND2_S_3)      0.01       1.19 f
  sse_corrector/error_value01/U15750/X (SVM_NR3_T_2)      0.02       1.21 r
  sse_corrector/error_value01/U7408/X (SVM_ND3_T_3)       0.02       1.22 f
  sse_corrector/error_value01/U7407/X (SVM_NR2_T_3)       0.02       1.24 r
  sse_corrector/error_value01/U35838/X (SVM_ND2_S_8)      0.02       1.25 f
  sse_corrector/error_value01/U38370/X (SVM_INV_12)       0.01       1.27 r
  sse_corrector/error_value01/U83/X (SVM_NR2_2)           0.01       1.28 f
  sse_corrector/error_value01/U35917/X (SVM_EO2_V2_4)     0.03       1.31 f
  sse_corrector/error_value01/U35916/X (SVM_EO2_V2_4)     0.03       1.33 f
  sse_corrector/error_value01/U35915/X (SVM_EO2_V2_4)     0.03       1.36 f
  sse_corrector/error_value01/U35919/X (SVM_EO2_V2_4)     0.02       1.38 r
  sse_corrector/error_value01/c[4] (GFDIV_0)              0.00       1.38 r
  U17005/X (SVM_BUF_S_16)                                 0.02       1.40 r
  U308/X (SVM_ND2_2)                                      0.02       1.42 f
  U92026/X (SVM_EO2_V2_3)                                 0.03       1.45 f
  U89576/X (SVM_OAI21_S_1)                                0.01       1.46 r
  data_out[212] (out)                                     0.00       1.46 r
  data arrival time                                                  1.46

  clock vclk (rise edge)                                  0.40       0.40
  clock network delay (ideal)                             0.00       0.40
  output external delay                                   0.00       0.40
  data required time                                                 0.40
  --------------------------------------------------------------------------
  data required time                                                 0.40
  data arrival time                                                 -1.46
  --------------------------------------------------------------------------
  slack (VIOLATED)                                                  -1.06


  Startpoint: codeword_in[173]
              (input port clocked by vclk)
  Endpoint: data_out[212]
            (output port clocked by vclk)
  Path Group: vclk
  Path Type: max

  Des/Clust/Port     Wire Load Model       Library
  ------------------------------------------------
  UNITY_DECODER      ZeroWLM               um28nchhlogl35udl140f_tt1p0v85c
  GFDIV_0            ZeroWLM               um28nchhlogl35udl140f_tt1p0v85c

  Point                                                   Incr       Path
  --------------------------------------------------------------------------
  clock vclk (rise edge)                                  0.00       0.00
  clock network delay (ideal)                             0.00       0.00
  input external delay                                    0.00       0.00 r
  codeword_in[173] (in)                                   0.00       0.00 r
  U90270/X (SVM_EO2_V2_6)                                 0.04       0.04 r
  U90269/X (SVM_EO2_V2_6)                                 0.03       0.07 r
  U40949/X (SVM_EO2_V2_4)                                 0.04       0.11 r
  U7412/X (SVM_EN2_V2_4)                                  0.03       0.14 r
  U37622/X (SVM_EO2_V2_3)                                 0.03       0.16 r
  U37621/X (SVM_EO2_V2_3)                                 0.03       0.19 r
  U37620/X (SVM_EO2_V2_4)                                 0.03       0.22 r
  U37613/X (SVM_EO2_V2_6)                                 0.03       0.25 r
  U39240/X (SVM_INV_12)                                   0.02       0.27 f
  U90283/X (SVM_NR2B_8)                                   0.03       0.29 f
  U5109/X (SVM_INV_2)                                     0.02       0.31 r
  U5092/X (SVM_NR2_3)                                     0.01       0.32 f
  U42200/X (SVM_INV_2)                                    0.01       0.33 r
  U36753/X (SVM_NR2_2)                                    0.01       0.34 f
  U95125/X (SVM_BUF_M_9)                                  0.03       0.37 f
  U95840/X (SVM_INV_8)                                    0.01       0.39 r
  U165086/X (SVM_NR2_1)                                   0.01       0.40 f
  U165087/X (SVM_INV_1)                                   0.01       0.41 r
  U66834/X (SVM_ND3_S_1)                                  0.02       0.43 f
  U84935/X (SVM_ND2B_V1_1)                                0.03       0.46 f
  U19969/X (SVM_NR3_G_1)                                  0.02       0.47 r
  U19443/X (SVM_ND2_S_1)                                  0.01       0.49 f
  U63938/X (SVM_NR2_1)                                    0.02       0.51 r
  U25723/X (SVM_ND2_1)                                    0.01       0.52 f
  U237072/X (SVM_NR3_G_1)                                 0.02       0.54 r
  U237099/X (SVM_ND4_1)                                   0.03       0.57 f
  U7488/X (SVM_NR2_T_1)                                   0.02       0.59 r
  U25075/X (SVM_ND3_S_1)                                  0.02       0.60 f
  U705/X (SVM_NR2_1)                                      0.02       0.62 r
  U40627/X (SVM_ND3_S_4)                                  0.02       0.64 f
  U7479/X (SVM_NR2_T_3)                                   0.01       0.66 r
  U8647/X (SVM_ND2_S_8)                                   0.01       0.67 f
  U10578/X (SVM_NR2_12)                                   0.02       0.69 r
  U487/X (SVM_NR2_2)                                      0.01       0.70 f
  U449/X (SVM_EO2_V2_3)                                   0.03       0.73 f
  U37349/X (SVM_EO2_V2_3)                                 0.03       0.76 f
  U7829/X (SVM_EO2_V2_4)                                  0.03       0.79 f
  U7828/X (SVM_EO2_V2_6)                                  0.03       0.82 f
  sse_corrector/error_value01/b[11] (GFDIV_0)             0.00       0.82 f
  sse_corrector/error_value01/U4703/X (SVM_INV_8)         0.01       0.84 r
  sse_corrector/error_value01/U4697/X (SVM_BUF_12)        0.02       0.86 r
  sse_corrector/error_value01/U4667/X (SVM_NR2_4)         0.01       0.87 f
  sse_corrector/error_value01/U23667/X (SVM_INV_8)        0.01       0.88 r
  sse_corrector/error_value01/U23654/X (SVM_INV_16)       0.01       0.89 f
  sse_corrector/error_value01/U4400/X (SVM_INV_16)        0.02       0.91 r
  sse_corrector/error_value01/U39535/X (SVM_NR2_8)        0.01       0.92 f
  sse_corrector/error_value01/U7907/X (SVM_ND2_8)         0.01       0.93 r
  sse_corrector/error_value01/U108759/X (SVM_NR2_1)       0.03       0.96 f
  sse_corrector/error_value01/U120951/X (SVM_INV_1)       0.02       0.98 r
  sse_corrector/error_value01/U120952/X (SVM_NR2_1)       0.02       1.00 f
  sse_corrector/error_value01/U211385/X (SVM_NR2_1)       0.01       1.01 r
  sse_corrector/error_value01/U72665/X (SVM_ND3_S_1)      0.02       1.03 f
  sse_corrector/error_value01/U211387/X (SVM_NR3_G_1)     0.02       1.05 r
  sse_corrector/error_value01/U7908/X (SVM_ND4_1)         0.03       1.08 f
  sse_corrector/error_value01/U90505/X (SVM_NR4_2)        0.03       1.11 r
  sse_corrector/error_value01/U24307/X (SVM_ND3_S_1)      0.02       1.13 f
  sse_corrector/error_value01/U38499/X (SVM_OR3B_2)       0.03       1.16 f
  sse_corrector/error_value01/U36950/X (SVM_NR3_T_2)      0.01       1.17 r
  sse_corrector/error_value01/U37136/X (SVM_ND2_S_3)      0.01       1.19 f
  sse_corrector/error_value01/U15750/X (SVM_NR3_T_2)      0.02       1.21 r
  sse_corrector/error_value01/U7408/X (SVM_ND3_T_3)       0.02       1.22 f
  sse_corrector/error_value01/U7407/X (SVM_NR2_T_3)       0.02       1.24 r
  sse_corrector/error_value01/U35838/X (SVM_ND2_S_8)      0.02       1.25 f
  sse_corrector/error_value01/U38370/X (SVM_INV_12)       0.01       1.27 r
  sse_corrector/error_value01/U83/X (SVM_NR2_2)           0.01       1.28 f
  sse_corrector/error_value01/U35917/X (SVM_EO2_V2_4)     0.03       1.31 f
  sse_corrector/error_value01/U35916/X (SVM_EO2_V2_4)     0.03       1.33 f
  sse_corrector/error_value01/U35915/X (SVM_EO2_V2_4)     0.03       1.36 f
  sse_corrector/error_value01/U35919/X (SVM_EO2_V2_4)     0.02       1.38 r
  sse_corrector/error_value01/c[4] (GFDIV_0)              0.00       1.38 r
  U17005/X (SVM_BUF_S_16)                                 0.02       1.40 r
  U308/X (SVM_ND2_2)                                      0.02       1.42 f
  U92026/X (SVM_EO2_V2_3)                                 0.03       1.45 f
  U89576/X (SVM_OAI21_S_1)                                0.01       1.46 r
  data_out[212] (out)                                     0.00       1.46 r
  data arrival time                                                  1.46

  clock vclk (rise edge)                                  0.40       0.40
  clock network delay (ideal)                             0.00       0.40
  output external delay                                   0.00       0.40
  data required time                                                 0.40
  --------------------------------------------------------------------------
  data required time                                                 0.40
  data arrival time                                                 -1.46
  --------------------------------------------------------------------------
  slack (VIOLATED)                                                  -1.06


  Startpoint: codeword_in[173]
              (input port clocked by vclk)
  Endpoint: data_out[212]
            (output port clocked by vclk)
  Path Group: vclk
  Path Type: max

  Des/Clust/Port     Wire Load Model       Library
  ------------------------------------------------
  UNITY_DECODER      ZeroWLM               um28nchhlogl35udl140f_tt1p0v85c
  GFDIV_0            ZeroWLM               um28nchhlogl35udl140f_tt1p0v85c

  Point                                                   Incr       Path
  --------------------------------------------------------------------------
  clock vclk (rise edge)                                  0.00       0.00
  clock network delay (ideal)                             0.00       0.00
  input external delay                                    0.00       0.00 r
  codeword_in[173] (in)                                   0.00       0.00 r
  U90270/X (SVM_EO2_V2_6)                                 0.04       0.04 r
  U90269/X (SVM_EO2_V2_6)                                 0.03       0.07 r
  U40949/X (SVM_EO2_V2_4)                                 0.04       0.11 r
  U7412/X (SVM_EN2_V2_4)                                  0.03       0.14 r
  U37622/X (SVM_EO2_V2_3)                                 0.03       0.16 r
  U37621/X (SVM_EO2_V2_3)                                 0.03       0.19 r
  U37620/X (SVM_EO2_V2_4)                                 0.03       0.22 r
  U37613/X (SVM_EO2_V2_6)                                 0.03       0.25 r
  U39240/X (SVM_INV_12)                                   0.02       0.27 f
  U90283/X (SVM_NR2B_8)                                   0.03       0.29 f
  U7367/X (SVM_AN2_8)                                     0.03       0.32 f
  U8825/X (SVM_INV_16)                                    0.02       0.34 r
  U6278/X (SVM_NR2_4)                                     0.01       0.35 f
  U24360/X (SVM_BUF_4)                                    0.02       0.37 f
  U90633/X (SVM_INV_6)                                    0.02       0.39 r
  U49185/X (SVM_NR2_0P5)                                  0.02       0.41 f
  U172198/X (SVM_NR2_1)                                   0.02       0.43 r
  U39683/X (SVM_ND3_1)                                    0.02       0.45 f
  U172200/X (SVM_NR3_G_1)                                 0.03       0.47 r
  U91609/X (SVM_INV_1)                                    0.01       0.49 f
  U62549/X (SVM_NR3_G_1)                                  0.02       0.50 r
  U39906/X (SVM_ND3_T_1)                                  0.02       0.52 f
  U11212/X (SVM_NR3_T_2)                                  0.01       0.53 r
  U91780/X (SVM_ND3_1)                                    0.02       0.55 f
  U37862/X (SVM_OR2_2)                                    0.03       0.58 f
  U1039/X (SVM_NR3_T_1)                                   0.02       0.60 r
  U927/X (SVM_ND3_S_1)                                    0.02       0.62 f
  U742/X (SVM_NR2_T_1)                                    0.02       0.63 r
  U38736/X (SVM_ND3_S_4)                                  0.01       0.65 f
  U7953/X (SVM_NR3_T_3)                                   0.02       0.66 r
  U7952/X (SVM_ND2_S_8)                                   0.02       0.68 f
  U8920/X (SVM_INV_10)                                    0.01       0.69 r
  U463/X (SVM_NR2_T_2)                                    0.01       0.71 f
  U448/X (SVM_EO2_V2_3)                                   0.03       0.74 f
  U8899/X (SVM_EO2_V2_3)                                  0.03       0.76 f
  U37351/X (SVM_EO2_V2_4)                                 0.03       0.79 f
  U7828/X (SVM_EO2_V2_6)                                  0.03       0.82 f
  sse_corrector/error_value01/b[11] (GFDIV_0)             0.00       0.82 f
  sse_corrector/error_value01/U4703/X (SVM_INV_8)         0.01       0.84 r
  sse_corrector/error_value01/U4697/X (SVM_BUF_12)        0.02       0.86 r
  sse_corrector/error_value01/U4667/X (SVM_NR2_4)         0.01       0.87 f
  sse_corrector/error_value01/U23667/X (SVM_INV_8)        0.01       0.88 r
  sse_corrector/error_value01/U23654/X (SVM_INV_16)       0.01       0.89 f
  sse_corrector/error_value01/U4400/X (SVM_INV_16)        0.02       0.91 r
  sse_corrector/error_value01/U39535/X (SVM_NR2_8)        0.01       0.92 f
  sse_corrector/error_value01/U7907/X (SVM_ND2_8)         0.01       0.93 r
  sse_corrector/error_value01/U108759/X (SVM_NR2_1)       0.03       0.96 f
  sse_corrector/error_value01/U120951/X (SVM_INV_1)       0.02       0.98 r
  sse_corrector/error_value01/U120952/X (SVM_NR2_1)       0.02       1.00 f
  sse_corrector/error_value01/U211385/X (SVM_NR2_1)       0.01       1.01 r
  sse_corrector/error_value01/U72665/X (SVM_ND3_S_1)      0.02       1.03 f
  sse_corrector/error_value01/U211387/X (SVM_NR3_G_1)     0.02       1.05 r
  sse_corrector/error_value01/U7908/X (SVM_ND4_1)         0.03       1.08 f
  sse_corrector/error_value01/U90505/X (SVM_NR4_2)        0.03       1.11 r
  sse_corrector/error_value01/U24307/X (SVM_ND3_S_1)      0.02       1.13 f
  sse_corrector/error_value01/U38499/X (SVM_OR3B_2)       0.03       1.16 f
  sse_corrector/error_value01/U36950/X (SVM_NR3_T_2)      0.01       1.17 r
  sse_corrector/error_value01/U37136/X (SVM_ND2_S_3)      0.01       1.19 f
  sse_corrector/error_value01/U15750/X (SVM_NR3_T_2)      0.02       1.21 r
  sse_corrector/error_value01/U7408/X (SVM_ND3_T_3)       0.02       1.22 f
  sse_corrector/error_value01/U7407/X (SVM_NR2_T_3)       0.02       1.24 r
  sse_corrector/error_value01/U35838/X (SVM_ND2_S_8)      0.02       1.25 f
  sse_corrector/error_value01/U38370/X (SVM_INV_12)       0.01       1.27 r
  sse_corrector/error_value01/U83/X (SVM_NR2_2)           0.01       1.28 f
  sse_corrector/error_value01/U35917/X (SVM_EO2_V2_4)     0.03       1.31 f
  sse_corrector/error_value01/U35916/X (SVM_EO2_V2_4)     0.03       1.33 f
  sse_corrector/error_value01/U35915/X (SVM_EO2_V2_4)     0.03       1.36 f
  sse_corrector/error_value01/U35919/X (SVM_EO2_V2_4)     0.02       1.38 r
  sse_corrector/error_value01/c[4] (GFDIV_0)              0.00       1.38 r
  U17005/X (SVM_BUF_S_16)                                 0.02       1.40 r
  U308/X (SVM_ND2_2)                                      0.02       1.42 f
  U92026/X (SVM_EO2_V2_3)                                 0.03       1.45 f
  U89576/X (SVM_OAI21_S_1)                                0.01       1.46 r
  data_out[212] (out)                                     0.00       1.46 r
  data arrival time                                                  1.46

  clock vclk (rise edge)                                  0.40       0.40
  clock network delay (ideal)                             0.00       0.40
  output external delay                                   0.00       0.40
  data required time                                                 0.40
  --------------------------------------------------------------------------
  data required time                                                 0.40
  data arrival time                                                 -1.46
  --------------------------------------------------------------------------
  slack (VIOLATED)                                                  -1.06


  Startpoint: codeword_in[100]
              (input port clocked by vclk)
  Endpoint: data_out[212]
            (output port clocked by vclk)
  Path Group: vclk
  Path Type: max

  Des/Clust/Port     Wire Load Model       Library
  ------------------------------------------------
  UNITY_DECODER      ZeroWLM               um28nchhlogl35udl140f_tt1p0v85c
  GFDIV_0            ZeroWLM               um28nchhlogl35udl140f_tt1p0v85c

  Point                                                   Incr       Path
  --------------------------------------------------------------------------
  clock vclk (rise edge)                                  0.00       0.00
  clock network delay (ideal)                             0.00       0.00
  input external delay                                    0.00       0.00 r
  codeword_in[100] (in)                                   0.00       0.00 r
  U94244/X (SVM_EO2_V2_6)                                 0.04       0.04 r
  U94243/X (SVM_EO2_V2_6)                                 0.03       0.07 r
  U93985/X (SVM_EO2_V2_6)                                 0.03       0.11 r
  U38361/X (SVM_EO2_V2_6)                                 0.03       0.14 r
  U38360/X (SVM_EO2_V2_4)                                 0.03       0.16 r
  U40347/X (SVM_EO2_V2_4)                                 0.02       0.19 r
  U8240/X (SVM_EO2_V2_4)                                  0.03       0.22 r
  U10684/X (SVM_EO2_V2_8)                                 0.04       0.25 r
  U38768/X (SVM_BUF_6)                                    0.03       0.28 r
  U39972/X (SVM_NR2_12)                                   0.01       0.29 f
  U39971/X (SVM_NR2B_8)                                   0.02       0.31 f
  U4984/X (SVM_BUF_10)                                    0.03       0.34 f
  U4642/X (SVM_INV_6)                                     0.02       0.36 r
  U4315/X (SVM_NR2_T_2)                                   0.03       0.39 f
  U135198/X (SVM_INV_1)                                   0.02       0.41 r
  U76703/X (SVM_NR2_0P5)                                  0.01       0.43 f
  U33821/X (SVM_INV_1)                                    0.01       0.44 r
  U165895/X (SVM_ND2_1)                                   0.01       0.45 f
  U64019/X (SVM_NR3_G_1)                                  0.02       0.47 r
  U165896/X (SVM_ND3_1)                                   0.03       0.50 f
  U165897/X (SVM_NR2_1)                                   0.02       0.52 r
  U87283/X (SVM_ND2_S_1)                                  0.02       0.54 f
  U92477/X (SVM_NR3_T_2)                                  0.02       0.55 r
  U6526/X (SVM_INV_2)                                     0.01       0.56 f
  U38161/X (SVM_NR2_2)                                    0.01       0.57 r
  U1258/X (SVM_ND3_T_1)                                   0.01       0.59 f
  U6097/X (SVM_NR2_1)                                     0.01       0.60 r
  U927/X (SVM_ND3_S_1)                                    0.02       0.62 f
  U742/X (SVM_NR2_T_1)                                    0.02       0.63 r
  U38736/X (SVM_ND3_S_4)                                  0.01       0.65 f
  U7953/X (SVM_NR3_T_3)                                   0.02       0.66 r
  U7952/X (SVM_ND2_S_8)                                   0.02       0.68 f
  U8920/X (SVM_INV_10)                                    0.01       0.69 r
  U463/X (SVM_NR2_T_2)                                    0.01       0.71 f
  U448/X (SVM_EO2_V2_3)                                   0.03       0.74 f
  U8899/X (SVM_EO2_V2_3)                                  0.03       0.76 f
  U37351/X (SVM_EO2_V2_4)                                 0.03       0.79 f
  U7828/X (SVM_EO2_V2_6)                                  0.03       0.82 f
  sse_corrector/error_value01/b[11] (GFDIV_0)             0.00       0.82 f
  sse_corrector/error_value01/U4703/X (SVM_INV_8)         0.01       0.84 r
  sse_corrector/error_value01/U4697/X (SVM_BUF_12)        0.02       0.86 r
  sse_corrector/error_value01/U4667/X (SVM_NR2_4)         0.01       0.87 f
  sse_corrector/error_value01/U23667/X (SVM_INV_8)        0.01       0.88 r
  sse_corrector/error_value01/U23654/X (SVM_INV_16)       0.01       0.89 f
  sse_corrector/error_value01/U4400/X (SVM_INV_16)        0.02       0.91 r
  sse_corrector/error_value01/U39535/X (SVM_NR2_8)        0.01       0.92 f
  sse_corrector/error_value01/U7907/X (SVM_ND2_8)         0.01       0.93 r
  sse_corrector/error_value01/U108759/X (SVM_NR2_1)       0.03       0.96 f
  sse_corrector/error_value01/U120951/X (SVM_INV_1)       0.02       0.98 r
  sse_corrector/error_value01/U120952/X (SVM_NR2_1)       0.02       1.00 f
  sse_corrector/error_value01/U211385/X (SVM_NR2_1)       0.01       1.01 r
  sse_corrector/error_value01/U72665/X (SVM_ND3_S_1)      0.02       1.03 f
  sse_corrector/error_value01/U211387/X (SVM_NR3_G_1)     0.02       1.05 r
  sse_corrector/error_value01/U7908/X (SVM_ND4_1)         0.03       1.08 f
  sse_corrector/error_value01/U90505/X (SVM_NR4_2)        0.03       1.11 r
  sse_corrector/error_value01/U24307/X (SVM_ND3_S_1)      0.02       1.13 f
  sse_corrector/error_value01/U38499/X (SVM_OR3B_2)       0.03       1.16 f
  sse_corrector/error_value01/U36950/X (SVM_NR3_T_2)      0.01       1.17 r
  sse_corrector/error_value01/U37136/X (SVM_ND2_S_3)      0.01       1.19 f
  sse_corrector/error_value01/U15750/X (SVM_NR3_T_2)      0.02       1.21 r
  sse_corrector/error_value01/U7408/X (SVM_ND3_T_3)       0.02       1.22 f
  sse_corrector/error_value01/U7407/X (SVM_NR2_T_3)       0.02       1.24 r
  sse_corrector/error_value01/U35838/X (SVM_ND2_S_8)      0.02       1.25 f
  sse_corrector/error_value01/U38370/X (SVM_INV_12)       0.01       1.27 r
  sse_corrector/error_value01/U83/X (SVM_NR2_2)           0.01       1.28 f
  sse_corrector/error_value01/U35917/X (SVM_EO2_V2_4)     0.03       1.31 f
  sse_corrector/error_value01/U35916/X (SVM_EO2_V2_4)     0.03       1.33 f
  sse_corrector/error_value01/U35915/X (SVM_EO2_V2_4)     0.03       1.36 f
  sse_corrector/error_value01/U35919/X (SVM_EO2_V2_4)     0.02       1.38 r
  sse_corrector/error_value01/c[4] (GFDIV_0)              0.00       1.38 r
  U17005/X (SVM_BUF_S_16)                                 0.02       1.40 r
  U308/X (SVM_ND2_2)                                      0.02       1.42 f
  U92026/X (SVM_EO2_V2_3)                                 0.03       1.45 f
  U89576/X (SVM_OAI21_S_1)                                0.01       1.46 r
  data_out[212] (out)                                     0.00       1.46 r
  data arrival time                                                  1.46

  clock vclk (rise edge)                                  0.40       0.40
  clock network delay (ideal)                             0.00       0.40
  output external delay                                   0.00       0.40
  data required time                                                 0.40
  --------------------------------------------------------------------------
  data required time                                                 0.40
  data arrival time                                                 -1.46
  --------------------------------------------------------------------------
  slack (VIOLATED)                                                  -1.06


  Startpoint: codeword_in[76]
              (input port clocked by vclk)
  Endpoint: data_out[212]
            (output port clocked by vclk)
  Path Group: vclk
  Path Type: max

  Des/Clust/Port     Wire Load Model       Library
  ------------------------------------------------
  UNITY_DECODER      ZeroWLM               um28nchhlogl35udl140f_tt1p0v85c
  GFDIV_0            ZeroWLM               um28nchhlogl35udl140f_tt1p0v85c

  Point                                                   Incr       Path
  --------------------------------------------------------------------------
  clock vclk (rise edge)                                  0.00       0.00
  clock network delay (ideal)                             0.00       0.00
  input external delay                                    0.00       0.00 r
  codeword_in[76] (in)                                    0.00       0.00 r
  U37234/X (SVM_EN2_V2_8)                                 0.05       0.05 r
  U38267/X (SVM_EO2_V2_6)                                 0.04       0.08 r
  U8574/X (SVM_EO2_V2_4)                                  0.03       0.11 r
  U39082/X (SVM_EO2_V2_4)                                 0.03       0.14 r
  U39081/X (SVM_EO2_V2_3)                                 0.03       0.17 r
  U37077/X (SVM_EO2_V2_3)                                 0.03       0.19 r
  U39092/X (SVM_EO2_V2_4)                                 0.03       0.22 r
  U39090/X (SVM_EO2_V2_6)                                 0.03       0.25 r
  U41943/X (SVM_BUF_8)                                    0.02       0.28 r
  U7697/X (SVM_BUF_10)                                    0.02       0.30 r
  U42153/X (SVM_ND2_16)                                   0.02       0.32 f
  U4978/X (SVM_NR2_4)                                     0.02       0.34 r
  U38474/X (SVM_ND2B_8)                                   0.02       0.37 f
  U24336/X (SVM_INV_10)                                   0.02       0.38 r
  U96172/X (SVM_ND2_1)                                    0.04       0.43 f
  U75464/X (SVM_NR2_0P5)                                  0.05       0.48 r
  U150242/X (SVM_INV_1)                                   0.01       0.49 f
  U54694/X (SVM_ND2_S_1)                                  0.01       0.50 r
  U150243/X (SVM_NR3_G_1)                                 0.01       0.52 f
  U64447/X (SVM_ND2_S_1)                                  0.02       0.53 r
  U90676/X (SVM_NR3_T_2)                                  0.02       0.55 f
  U17383/X (SVM_ND2_1)                                    0.01       0.56 r
  U25144/X (SVM_NR3_T_2)                                  0.01       0.57 f
  U1337/X (SVM_ND2_T_2)                                   0.01       0.58 r
  U1238/X (SVM_NR2_S_2)                                   0.01       0.60 f
  U7881/X (SVM_ND2_S_3)                                   0.01       0.61 r
  U17044/X (SVM_NR2_2)                                    0.01       0.62 f
  U727/X (SVM_INV_1)                                      0.01       0.63 r
  U39980/X (SVM_NR3_T_2)                                  0.01       0.64 f
  U40439/X (SVM_ND3_S_4)                                  0.02       0.66 r
  U8059/X (SVM_NR2_T_4)                                   0.01       0.67 f
  U7895/X (SVM_INV_10)                                    0.01       0.69 r
  U554/X (SVM_ND2_3)                                      0.02       0.71 f
  U5722/X (SVM_EO2_V2_4)                                  0.03       0.74 f
  U9235/X (SVM_EO2_V2_4)                                  0.03       0.76 f
  U10576/X (SVM_EO2_V2_4)                                 0.03       0.79 f
  U10467/X (SVM_EO2_V2_6)                                 0.03       0.82 f
  U10466/X (SVM_INV_16)                                   0.02       0.84 r
  sse_corrector/error_value01/b[2] (GFDIV_0)              0.00       0.84 r
  sse_corrector/error_value01/U7906/X (SVM_BUF_S_20)      0.02       0.86 r
  sse_corrector/error_value01/U39803/X (SVM_NR3_G_4)      0.01       0.87 f
  sse_corrector/error_value01/U39140/X (SVM_NR2B_8)       0.02       0.89 f
  sse_corrector/error_value01/U8000/X (SVM_INV_S_20)      0.02       0.91 r
  sse_corrector/error_value01/U4171/X (SVM_INV_10)        0.01       0.92 f
  sse_corrector/error_value01/U14874/X (SVM_INV_8)        0.01       0.93 r
  sse_corrector/error_value01/U3889/X (SVM_OR2_8)         0.02       0.95 r
  sse_corrector/error_value01/U21344/X (SVM_INV_8)        0.01       0.97 f
  sse_corrector/error_value01/U177889/X (SVM_ND2_1)       0.01       0.98 r
  sse_corrector/error_value01/U177890/X (SVM_ND4_1)       0.03       1.01 f
  sse_corrector/error_value01/U9080/X (SVM_OR2_1)         0.03       1.03 f
  sse_corrector/error_value01/U5928/X (SVM_NR3_G_1)       0.01       1.05 r
  sse_corrector/error_value01/U16956/X (SVM_ND3_S_1)      0.03       1.08 f
  sse_corrector/error_value01/U5914/X (SVM_NR2_T_1)       0.02       1.10 r
  sse_corrector/error_value01/U5915/X (SVM_ND3_T_2)       0.02       1.12 f
  sse_corrector/error_value01/U23977/X (SVM_NR3_T_2)      0.02       1.14 r
  sse_corrector/error_value01/U600/X (SVM_ND4_2)          0.03       1.17 f
  sse_corrector/error_value01/U38790/X (SVM_NR3_T_2)      0.02       1.19 r
  sse_corrector/error_value01/U7445/X (SVM_ND2_S_3)       0.01       1.20 f
  sse_corrector/error_value01/U6425/X (SVM_NR3_T_2)       0.01       1.22 r
  sse_corrector/error_value01/U39489/X (SVM_ND3_S_4)      0.01       1.23 f
  sse_corrector/error_value01/U7874/X (SVM_NR2_T_4)       0.01       1.24 r
  sse_corrector/error_value01/U9278/X (SVM_BUF_12)        0.02       1.26 r
  sse_corrector/error_value01/U6030/X (SVM_NR2_T_3)       0.01       1.27 f
  sse_corrector/error_value01/U35925/X (SVM_EN2_V2_3)     0.03       1.31 f
  sse_corrector/error_value01/U35924/X (SVM_EO2_V2_4)     0.03       1.33 f
  sse_corrector/error_value01/U35920/X (SVM_EO2_V2_4)     0.03       1.36 f
  sse_corrector/error_value01/U35919/X (SVM_EO2_V2_4)     0.02       1.38 r
  sse_corrector/error_value01/c[4] (GFDIV_0)              0.00       1.38 r
  U17005/X (SVM_BUF_S_16)                                 0.02       1.40 r
  U308/X (SVM_ND2_2)                                      0.02       1.42 f
  U92026/X (SVM_EO2_V2_3)                                 0.03       1.45 f
  U89576/X (SVM_OAI21_S_1)                                0.01       1.46 r
  data_out[212] (out)                                     0.00       1.46 r
  data arrival time                                                  1.46

  clock vclk (rise edge)                                  0.40       0.40
  clock network delay (ideal)                             0.00       0.40
  output external delay                                   0.00       0.40
  data required time                                                 0.40
  --------------------------------------------------------------------------
  data required time                                                 0.40
  data arrival time                                                 -1.46
  --------------------------------------------------------------------------
  slack (VIOLATED)                                                  -1.06


1
