 
****************************************
Report : threshold voltage group
Design : UNITY_DECODER
Version: Q-2019.12-SP5-5
Date   : Sat Nov 15 18:20:17 2025
****************************************

********************************************************************************
                        Threshold Voltage Group Report                         

Vth Group                All                Blackbox           Non-blackbox
Name                    cells                cells                cells
********************************************************************************
HVT35             1194460 (100.00%)          0   (0.00%)    1194460 (100.00%)   
********************************************************************************

Vth Group                All                Blackbox           Non-blackbox
Name                  cell area            cell area            cell area
********************************************************************************
HVT35           426879.28 (100.00%)       0.00   (0.00%)  426879.28 (100.00%)   
********************************************************************************
1
