 
****************************************
check_design summary:
Version:     Q-2019.12-SP5-5
Date:        Wed Apr  1 16:00:28 2026
****************************************

                   Name                                            Total
--------------------------------------------------------------------------------
Inputs/Outputs                                                    256
    Feedthrough (LINT-29)                                         256
--------------------------------------------------------------------------------

Warning: In design 'ENCODER', input port 'data_in[255]' is connected directly to output port 'codeword_out[295]'. (LINT-29)
Warning: In design 'ENCODER', input port 'data_in[254]' is connected directly to output port 'codeword_out[294]'. (LINT-29)
Warning: In design 'ENCODER', input port 'data_in[253]' is connected directly to output port 'codeword_out[293]'. (LINT-29)
Warning: In design 'ENCODER', input port 'data_in[252]' is connected directly to output port 'codeword_out[292]'. (LINT-29)
Warning: In design 'ENCODER', input port 'data_in[251]' is connected directly to output port 'codeword_out[291]'. (LINT-29)
Warning: In design 'ENCODER', input port 'data_in[250]' is connected directly to output port 'codeword_out[290]'. (LINT-29)
Warning: In design 'ENCODER', input port 'data_in[249]' is connected directly to output port 'codeword_out[289]'. (LINT-29)
Warning: In design 'ENCODER', input port 'data_in[248]' is connected directly to output port 'codeword_out[288]'. (LINT-29)
Warning: In design 'ENCODER', input port 'data_in[247]' is connected directly to output port 'codeword_out[287]'. (LINT-29)
Warning: In design 'ENCODER', input port 'data_in[246]' is connected directly to output port 'codeword_out[286]'. (LINT-29)
Warning: In design 'ENCODER', input port 'data_in[245]' is connected directly to output port 'codeword_out[285]'. (LINT-29)
Warning: In design 'ENCODER', input port 'data_in[244]' is connected directly to output port 'codeword_out[284]'. (LINT-29)
Warning: In design 'ENCODER', input port 'data_in[243]' is connected directly to output port 'codeword_out[283]'. (LINT-29)
Warning: In design 'ENCODER', input port 'data_in[242]' is connected directly to output port 'codeword_out[282]'. (LINT-29)
Warning: In design 'ENCODER', input port 'data_in[241]' is connected directly to output port 'codeword_out[281]'. (LINT-29)
Warning: In design 'ENCODER', input port 'data_in[240]' is connected directly to output port 'codeword_out[280]'. (LINT-29)
Warning: In design 'ENCODER', input port 'data_in[239]' is connected directly to output port 'codeword_out[279]'. (LINT-29)
Warning: In design 'ENCODER', input port 'data_in[238]' is connected directly to output port 'codeword_out[278]'. (LINT-29)
Warning: In design 'ENCODER', input port 'data_in[237]' is connected directly to output port 'codeword_out[277]'. (LINT-29)
Warning: In design 'ENCODER', input port 'data_in[236]' is connected directly to output port 'codeword_out[276]'. (LINT-29)
Warning: In design 'ENCODER', input port 'data_in[235]' is connected directly to output port 'codeword_out[275]'. (LINT-29)
Warning: In design 'ENCODER', input port 'data_in[234]' is connected directly to output port 'codeword_out[274]'. (LINT-29)
Warning: In design 'ENCODER', input port 'data_in[233]' is connected directly to output port 'codeword_out[273]'. (LINT-29)
Warning: In design 'ENCODER', input port 'data_in[232]' is connected directly to output port 'codeword_out[272]'. (LINT-29)
Warning: In design 'ENCODER', input port 'data_in[231]' is connected directly to output port 'codeword_out[271]'. (LINT-29)
Warning: In design 'ENCODER', input port 'data_in[230]' is connected directly to output port 'codeword_out[270]'. (LINT-29)
Warning: In design 'ENCODER', input port 'data_in[229]' is connected directly to output port 'codeword_out[269]'. (LINT-29)
Warning: In design 'ENCODER', input port 'data_in[228]' is connected directly to output port 'codeword_out[268]'. (LINT-29)
Warning: In design 'ENCODER', input port 'data_in[227]' is connected directly to output port 'codeword_out[267]'. (LINT-29)
Warning: In design 'ENCODER', input port 'data_in[226]' is connected directly to output port 'codeword_out[266]'. (LINT-29)
Warning: In design 'ENCODER', input port 'data_in[225]' is connected directly to output port 'codeword_out[265]'. (LINT-29)
Warning: In design 'ENCODER', input port 'data_in[224]' is connected directly to output port 'codeword_out[264]'. (LINT-29)
Warning: In design 'ENCODER', input port 'data_in[223]' is connected directly to output port 'codeword_out[263]'. (LINT-29)
Warning: In design 'ENCODER', input port 'data_in[222]' is connected directly to output port 'codeword_out[262]'. (LINT-29)
Warning: In design 'ENCODER', input port 'data_in[221]' is connected directly to output port 'codeword_out[261]'. (LINT-29)
Warning: In design 'ENCODER', input port 'data_in[220]' is connected directly to output port 'codeword_out[260]'. (LINT-29)
Warning: In design 'ENCODER', input port 'data_in[219]' is connected directly to output port 'codeword_out[259]'. (LINT-29)
Warning: In design 'ENCODER', input port 'data_in[218]' is connected directly to output port 'codeword_out[258]'. (LINT-29)
Warning: In design 'ENCODER', input port 'data_in[217]' is connected directly to output port 'codeword_out[257]'. (LINT-29)
Warning: In design 'ENCODER', input port 'data_in[216]' is connected directly to output port 'codeword_out[256]'. (LINT-29)
Warning: In design 'ENCODER', input port 'data_in[215]' is connected directly to output port 'codeword_out[255]'. (LINT-29)
Warning: In design 'ENCODER', input port 'data_in[214]' is connected directly to output port 'codeword_out[254]'. (LINT-29)
Warning: In design 'ENCODER', input port 'data_in[213]' is connected directly to output port 'codeword_out[253]'. (LINT-29)
Warning: In design 'ENCODER', input port 'data_in[212]' is connected directly to output port 'codeword_out[252]'. (LINT-29)
Warning: In design 'ENCODER', input port 'data_in[211]' is connected directly to output port 'codeword_out[251]'. (LINT-29)
Warning: In design 'ENCODER', input port 'data_in[210]' is connected directly to output port 'codeword_out[250]'. (LINT-29)
Warning: In design 'ENCODER', input port 'data_in[209]' is connected directly to output port 'codeword_out[249]'. (LINT-29)
Warning: In design 'ENCODER', input port 'data_in[208]' is connected directly to output port 'codeword_out[248]'. (LINT-29)
Warning: In design 'ENCODER', input port 'data_in[207]' is connected directly to output port 'codeword_out[247]'. (LINT-29)
Warning: In design 'ENCODER', input port 'data_in[206]' is connected directly to output port 'codeword_out[246]'. (LINT-29)
Warning: In design 'ENCODER', input port 'data_in[205]' is connected directly to output port 'codeword_out[245]'. (LINT-29)
Warning: In design 'ENCODER', input port 'data_in[204]' is connected directly to output port 'codeword_out[244]'. (LINT-29)
Warning: In design 'ENCODER', input port 'data_in[203]' is connected directly to output port 'codeword_out[243]'. (LINT-29)
Warning: In design 'ENCODER', input port 'data_in[202]' is connected directly to output port 'codeword_out[242]'. (LINT-29)
Warning: In design 'ENCODER', input port 'data_in[201]' is connected directly to output port 'codeword_out[241]'. (LINT-29)
Warning: In design 'ENCODER', input port 'data_in[200]' is connected directly to output port 'codeword_out[240]'. (LINT-29)
Warning: In design 'ENCODER', input port 'data_in[199]' is connected directly to output port 'codeword_out[239]'. (LINT-29)
Warning: In design 'ENCODER', input port 'data_in[198]' is connected directly to output port 'codeword_out[238]'. (LINT-29)
Warning: In design 'ENCODER', input port 'data_in[197]' is connected directly to output port 'codeword_out[237]'. (LINT-29)
Warning: In design 'ENCODER', input port 'data_in[196]' is connected directly to output port 'codeword_out[236]'. (LINT-29)
Warning: In design 'ENCODER', input port 'data_in[195]' is connected directly to output port 'codeword_out[235]'. (LINT-29)
Warning: In design 'ENCODER', input port 'data_in[194]' is connected directly to output port 'codeword_out[234]'. (LINT-29)
Warning: In design 'ENCODER', input port 'data_in[193]' is connected directly to output port 'codeword_out[233]'. (LINT-29)
Warning: In design 'ENCODER', input port 'data_in[192]' is connected directly to output port 'codeword_out[232]'. (LINT-29)
Warning: In design 'ENCODER', input port 'data_in[191]' is connected directly to output port 'codeword_out[231]'. (LINT-29)
Warning: In design 'ENCODER', input port 'data_in[190]' is connected directly to output port 'codeword_out[230]'. (LINT-29)
Warning: In design 'ENCODER', input port 'data_in[189]' is connected directly to output port 'codeword_out[229]'. (LINT-29)
Warning: In design 'ENCODER', input port 'data_in[188]' is connected directly to output port 'codeword_out[228]'. (LINT-29)
Warning: In design 'ENCODER', input port 'data_in[187]' is connected directly to output port 'codeword_out[227]'. (LINT-29)
Warning: In design 'ENCODER', input port 'data_in[186]' is connected directly to output port 'codeword_out[226]'. (LINT-29)
Warning: In design 'ENCODER', input port 'data_in[185]' is connected directly to output port 'codeword_out[225]'. (LINT-29)
Warning: In design 'ENCODER', input port 'data_in[184]' is connected directly to output port 'codeword_out[224]'. (LINT-29)
Warning: In design 'ENCODER', input port 'data_in[183]' is connected directly to output port 'codeword_out[223]'. (LINT-29)
Warning: In design 'ENCODER', input port 'data_in[182]' is connected directly to output port 'codeword_out[222]'. (LINT-29)
Warning: In design 'ENCODER', input port 'data_in[181]' is connected directly to output port 'codeword_out[221]'. (LINT-29)
Warning: In design 'ENCODER', input port 'data_in[180]' is connected directly to output port 'codeword_out[220]'. (LINT-29)
Warning: In design 'ENCODER', input port 'data_in[179]' is connected directly to output port 'codeword_out[219]'. (LINT-29)
Warning: In design 'ENCODER', input port 'data_in[178]' is connected directly to output port 'codeword_out[218]'. (LINT-29)
Warning: In design 'ENCODER', input port 'data_in[177]' is connected directly to output port 'codeword_out[217]'. (LINT-29)
Warning: In design 'ENCODER', input port 'data_in[176]' is connected directly to output port 'codeword_out[216]'. (LINT-29)
Warning: In design 'ENCODER', input port 'data_in[175]' is connected directly to output port 'codeword_out[215]'. (LINT-29)
Warning: In design 'ENCODER', input port 'data_in[174]' is connected directly to output port 'codeword_out[214]'. (LINT-29)
Warning: In design 'ENCODER', input port 'data_in[173]' is connected directly to output port 'codeword_out[213]'. (LINT-29)
Warning: In design 'ENCODER', input port 'data_in[172]' is connected directly to output port 'codeword_out[212]'. (LINT-29)
Warning: In design 'ENCODER', input port 'data_in[171]' is connected directly to output port 'codeword_out[211]'. (LINT-29)
Warning: In design 'ENCODER', input port 'data_in[170]' is connected directly to output port 'codeword_out[210]'. (LINT-29)
Warning: In design 'ENCODER', input port 'data_in[169]' is connected directly to output port 'codeword_out[209]'. (LINT-29)
Warning: In design 'ENCODER', input port 'data_in[168]' is connected directly to output port 'codeword_out[208]'. (LINT-29)
Warning: In design 'ENCODER', input port 'data_in[167]' is connected directly to output port 'codeword_out[207]'. (LINT-29)
Warning: In design 'ENCODER', input port 'data_in[166]' is connected directly to output port 'codeword_out[206]'. (LINT-29)
Warning: In design 'ENCODER', input port 'data_in[165]' is connected directly to output port 'codeword_out[205]'. (LINT-29)
Warning: In design 'ENCODER', input port 'data_in[164]' is connected directly to output port 'codeword_out[204]'. (LINT-29)
Warning: In design 'ENCODER', input port 'data_in[163]' is connected directly to output port 'codeword_out[203]'. (LINT-29)
Warning: In design 'ENCODER', input port 'data_in[162]' is connected directly to output port 'codeword_out[202]'. (LINT-29)
Warning: In design 'ENCODER', input port 'data_in[161]' is connected directly to output port 'codeword_out[201]'. (LINT-29)
Warning: In design 'ENCODER', input port 'data_in[160]' is connected directly to output port 'codeword_out[200]'. (LINT-29)
Warning: In design 'ENCODER', input port 'data_in[159]' is connected directly to output port 'codeword_out[199]'. (LINT-29)
Warning: In design 'ENCODER', input port 'data_in[158]' is connected directly to output port 'codeword_out[198]'. (LINT-29)
Warning: In design 'ENCODER', input port 'data_in[157]' is connected directly to output port 'codeword_out[197]'. (LINT-29)
Warning: In design 'ENCODER', input port 'data_in[156]' is connected directly to output port 'codeword_out[196]'. (LINT-29)
Warning: In design 'ENCODER', input port 'data_in[155]' is connected directly to output port 'codeword_out[195]'. (LINT-29)
Warning: In design 'ENCODER', input port 'data_in[154]' is connected directly to output port 'codeword_out[194]'. (LINT-29)
Warning: In design 'ENCODER', input port 'data_in[153]' is connected directly to output port 'codeword_out[193]'. (LINT-29)
Warning: In design 'ENCODER', input port 'data_in[152]' is connected directly to output port 'codeword_out[192]'. (LINT-29)
Warning: In design 'ENCODER', input port 'data_in[151]' is connected directly to output port 'codeword_out[191]'. (LINT-29)
Warning: In design 'ENCODER', input port 'data_in[150]' is connected directly to output port 'codeword_out[190]'. (LINT-29)
Warning: In design 'ENCODER', input port 'data_in[149]' is connected directly to output port 'codeword_out[189]'. (LINT-29)
Warning: In design 'ENCODER', input port 'data_in[148]' is connected directly to output port 'codeword_out[188]'. (LINT-29)
Warning: In design 'ENCODER', input port 'data_in[147]' is connected directly to output port 'codeword_out[187]'. (LINT-29)
Warning: In design 'ENCODER', input port 'data_in[146]' is connected directly to output port 'codeword_out[186]'. (LINT-29)
Warning: In design 'ENCODER', input port 'data_in[145]' is connected directly to output port 'codeword_out[185]'. (LINT-29)
Warning: In design 'ENCODER', input port 'data_in[144]' is connected directly to output port 'codeword_out[184]'. (LINT-29)
Warning: In design 'ENCODER', input port 'data_in[143]' is connected directly to output port 'codeword_out[183]'. (LINT-29)
Warning: In design 'ENCODER', input port 'data_in[142]' is connected directly to output port 'codeword_out[182]'. (LINT-29)
Warning: In design 'ENCODER', input port 'data_in[141]' is connected directly to output port 'codeword_out[181]'. (LINT-29)
Warning: In design 'ENCODER', input port 'data_in[140]' is connected directly to output port 'codeword_out[180]'. (LINT-29)
Warning: In design 'ENCODER', input port 'data_in[139]' is connected directly to output port 'codeword_out[179]'. (LINT-29)
Warning: In design 'ENCODER', input port 'data_in[138]' is connected directly to output port 'codeword_out[178]'. (LINT-29)
Warning: In design 'ENCODER', input port 'data_in[137]' is connected directly to output port 'codeword_out[177]'. (LINT-29)
Warning: In design 'ENCODER', input port 'data_in[136]' is connected directly to output port 'codeword_out[176]'. (LINT-29)
Warning: In design 'ENCODER', input port 'data_in[135]' is connected directly to output port 'codeword_out[175]'. (LINT-29)
Warning: In design 'ENCODER', input port 'data_in[134]' is connected directly to output port 'codeword_out[174]'. (LINT-29)
Warning: In design 'ENCODER', input port 'data_in[133]' is connected directly to output port 'codeword_out[173]'. (LINT-29)
Warning: In design 'ENCODER', input port 'data_in[132]' is connected directly to output port 'codeword_out[172]'. (LINT-29)
Warning: In design 'ENCODER', input port 'data_in[131]' is connected directly to output port 'codeword_out[171]'. (LINT-29)
Warning: In design 'ENCODER', input port 'data_in[130]' is connected directly to output port 'codeword_out[170]'. (LINT-29)
Warning: In design 'ENCODER', input port 'data_in[129]' is connected directly to output port 'codeword_out[169]'. (LINT-29)
Warning: In design 'ENCODER', input port 'data_in[128]' is connected directly to output port 'codeword_out[168]'. (LINT-29)
Warning: In design 'ENCODER', input port 'data_in[127]' is connected directly to output port 'codeword_out[167]'. (LINT-29)
Warning: In design 'ENCODER', input port 'data_in[126]' is connected directly to output port 'codeword_out[166]'. (LINT-29)
Warning: In design 'ENCODER', input port 'data_in[125]' is connected directly to output port 'codeword_out[165]'. (LINT-29)
Warning: In design 'ENCODER', input port 'data_in[124]' is connected directly to output port 'codeword_out[164]'. (LINT-29)
Warning: In design 'ENCODER', input port 'data_in[123]' is connected directly to output port 'codeword_out[163]'. (LINT-29)
Warning: In design 'ENCODER', input port 'data_in[122]' is connected directly to output port 'codeword_out[162]'. (LINT-29)
Warning: In design 'ENCODER', input port 'data_in[121]' is connected directly to output port 'codeword_out[161]'. (LINT-29)
Warning: In design 'ENCODER', input port 'data_in[120]' is connected directly to output port 'codeword_out[160]'. (LINT-29)
Warning: In design 'ENCODER', input port 'data_in[119]' is connected directly to output port 'codeword_out[159]'. (LINT-29)
Warning: In design 'ENCODER', input port 'data_in[118]' is connected directly to output port 'codeword_out[158]'. (LINT-29)
Warning: In design 'ENCODER', input port 'data_in[117]' is connected directly to output port 'codeword_out[157]'. (LINT-29)
Warning: In design 'ENCODER', input port 'data_in[116]' is connected directly to output port 'codeword_out[156]'. (LINT-29)
Warning: In design 'ENCODER', input port 'data_in[115]' is connected directly to output port 'codeword_out[155]'. (LINT-29)
Warning: In design 'ENCODER', input port 'data_in[114]' is connected directly to output port 'codeword_out[154]'. (LINT-29)
Warning: In design 'ENCODER', input port 'data_in[113]' is connected directly to output port 'codeword_out[153]'. (LINT-29)
Warning: In design 'ENCODER', input port 'data_in[112]' is connected directly to output port 'codeword_out[152]'. (LINT-29)
Warning: In design 'ENCODER', input port 'data_in[111]' is connected directly to output port 'codeword_out[151]'. (LINT-29)
Warning: In design 'ENCODER', input port 'data_in[110]' is connected directly to output port 'codeword_out[150]'. (LINT-29)
Warning: In design 'ENCODER', input port 'data_in[109]' is connected directly to output port 'codeword_out[149]'. (LINT-29)
Warning: In design 'ENCODER', input port 'data_in[108]' is connected directly to output port 'codeword_out[148]'. (LINT-29)
Warning: In design 'ENCODER', input port 'data_in[107]' is connected directly to output port 'codeword_out[147]'. (LINT-29)
Warning: In design 'ENCODER', input port 'data_in[106]' is connected directly to output port 'codeword_out[146]'. (LINT-29)
Warning: In design 'ENCODER', input port 'data_in[105]' is connected directly to output port 'codeword_out[145]'. (LINT-29)
Warning: In design 'ENCODER', input port 'data_in[104]' is connected directly to output port 'codeword_out[144]'. (LINT-29)
Warning: In design 'ENCODER', input port 'data_in[103]' is connected directly to output port 'codeword_out[143]'. (LINT-29)
Warning: In design 'ENCODER', input port 'data_in[102]' is connected directly to output port 'codeword_out[142]'. (LINT-29)
Warning: In design 'ENCODER', input port 'data_in[101]' is connected directly to output port 'codeword_out[141]'. (LINT-29)
Warning: In design 'ENCODER', input port 'data_in[100]' is connected directly to output port 'codeword_out[140]'. (LINT-29)
Warning: In design 'ENCODER', input port 'data_in[99]' is connected directly to output port 'codeword_out[139]'. (LINT-29)
Warning: In design 'ENCODER', input port 'data_in[98]' is connected directly to output port 'codeword_out[138]'. (LINT-29)
Warning: In design 'ENCODER', input port 'data_in[97]' is connected directly to output port 'codeword_out[137]'. (LINT-29)
Warning: In design 'ENCODER', input port 'data_in[96]' is connected directly to output port 'codeword_out[136]'. (LINT-29)
Warning: In design 'ENCODER', input port 'data_in[95]' is connected directly to output port 'codeword_out[135]'. (LINT-29)
Warning: In design 'ENCODER', input port 'data_in[94]' is connected directly to output port 'codeword_out[134]'. (LINT-29)
Warning: In design 'ENCODER', input port 'data_in[93]' is connected directly to output port 'codeword_out[133]'. (LINT-29)
Warning: In design 'ENCODER', input port 'data_in[92]' is connected directly to output port 'codeword_out[132]'. (LINT-29)
Warning: In design 'ENCODER', input port 'data_in[91]' is connected directly to output port 'codeword_out[131]'. (LINT-29)
Warning: In design 'ENCODER', input port 'data_in[90]' is connected directly to output port 'codeword_out[130]'. (LINT-29)
Warning: In design 'ENCODER', input port 'data_in[89]' is connected directly to output port 'codeword_out[129]'. (LINT-29)
Warning: In design 'ENCODER', input port 'data_in[88]' is connected directly to output port 'codeword_out[128]'. (LINT-29)
Warning: In design 'ENCODER', input port 'data_in[87]' is connected directly to output port 'codeword_out[127]'. (LINT-29)
Warning: In design 'ENCODER', input port 'data_in[86]' is connected directly to output port 'codeword_out[126]'. (LINT-29)
Warning: In design 'ENCODER', input port 'data_in[85]' is connected directly to output port 'codeword_out[125]'. (LINT-29)
Warning: In design 'ENCODER', input port 'data_in[84]' is connected directly to output port 'codeword_out[124]'. (LINT-29)
Warning: In design 'ENCODER', input port 'data_in[83]' is connected directly to output port 'codeword_out[123]'. (LINT-29)
Warning: In design 'ENCODER', input port 'data_in[82]' is connected directly to output port 'codeword_out[122]'. (LINT-29)
Warning: In design 'ENCODER', input port 'data_in[81]' is connected directly to output port 'codeword_out[121]'. (LINT-29)
Warning: In design 'ENCODER', input port 'data_in[80]' is connected directly to output port 'codeword_out[120]'. (LINT-29)
Warning: In design 'ENCODER', input port 'data_in[79]' is connected directly to output port 'codeword_out[119]'. (LINT-29)
Warning: In design 'ENCODER', input port 'data_in[78]' is connected directly to output port 'codeword_out[118]'. (LINT-29)
Warning: In design 'ENCODER', input port 'data_in[77]' is connected directly to output port 'codeword_out[117]'. (LINT-29)
Warning: In design 'ENCODER', input port 'data_in[76]' is connected directly to output port 'codeword_out[116]'. (LINT-29)
Warning: In design 'ENCODER', input port 'data_in[75]' is connected directly to output port 'codeword_out[115]'. (LINT-29)
Warning: In design 'ENCODER', input port 'data_in[74]' is connected directly to output port 'codeword_out[114]'. (LINT-29)
Warning: In design 'ENCODER', input port 'data_in[73]' is connected directly to output port 'codeword_out[113]'. (LINT-29)
Warning: In design 'ENCODER', input port 'data_in[72]' is connected directly to output port 'codeword_out[112]'. (LINT-29)
Warning: In design 'ENCODER', input port 'data_in[71]' is connected directly to output port 'codeword_out[111]'. (LINT-29)
Warning: In design 'ENCODER', input port 'data_in[70]' is connected directly to output port 'codeword_out[110]'. (LINT-29)
Warning: In design 'ENCODER', input port 'data_in[69]' is connected directly to output port 'codeword_out[109]'. (LINT-29)
Warning: In design 'ENCODER', input port 'data_in[68]' is connected directly to output port 'codeword_out[108]'. (LINT-29)
Warning: In design 'ENCODER', input port 'data_in[67]' is connected directly to output port 'codeword_out[107]'. (LINT-29)
Warning: In design 'ENCODER', input port 'data_in[66]' is connected directly to output port 'codeword_out[106]'. (LINT-29)
Warning: In design 'ENCODER', input port 'data_in[65]' is connected directly to output port 'codeword_out[105]'. (LINT-29)
Warning: In design 'ENCODER', input port 'data_in[64]' is connected directly to output port 'codeword_out[104]'. (LINT-29)
Warning: In design 'ENCODER', input port 'data_in[63]' is connected directly to output port 'codeword_out[103]'. (LINT-29)
Warning: In design 'ENCODER', input port 'data_in[62]' is connected directly to output port 'codeword_out[102]'. (LINT-29)
Warning: In design 'ENCODER', input port 'data_in[61]' is connected directly to output port 'codeword_out[101]'. (LINT-29)
Warning: In design 'ENCODER', input port 'data_in[60]' is connected directly to output port 'codeword_out[100]'. (LINT-29)
Warning: In design 'ENCODER', input port 'data_in[59]' is connected directly to output port 'codeword_out[99]'. (LINT-29)
Warning: In design 'ENCODER', input port 'data_in[58]' is connected directly to output port 'codeword_out[98]'. (LINT-29)
Warning: In design 'ENCODER', input port 'data_in[57]' is connected directly to output port 'codeword_out[97]'. (LINT-29)
Warning: In design 'ENCODER', input port 'data_in[56]' is connected directly to output port 'codeword_out[96]'. (LINT-29)
Warning: In design 'ENCODER', input port 'data_in[55]' is connected directly to output port 'codeword_out[95]'. (LINT-29)
Warning: In design 'ENCODER', input port 'data_in[54]' is connected directly to output port 'codeword_out[94]'. (LINT-29)
Warning: In design 'ENCODER', input port 'data_in[53]' is connected directly to output port 'codeword_out[93]'. (LINT-29)
Warning: In design 'ENCODER', input port 'data_in[52]' is connected directly to output port 'codeword_out[92]'. (LINT-29)
Warning: In design 'ENCODER', input port 'data_in[51]' is connected directly to output port 'codeword_out[91]'. (LINT-29)
Warning: In design 'ENCODER', input port 'data_in[50]' is connected directly to output port 'codeword_out[90]'. (LINT-29)
Warning: In design 'ENCODER', input port 'data_in[49]' is connected directly to output port 'codeword_out[89]'. (LINT-29)
Warning: In design 'ENCODER', input port 'data_in[48]' is connected directly to output port 'codeword_out[88]'. (LINT-29)
Warning: In design 'ENCODER', input port 'data_in[47]' is connected directly to output port 'codeword_out[87]'. (LINT-29)
Warning: In design 'ENCODER', input port 'data_in[46]' is connected directly to output port 'codeword_out[86]'. (LINT-29)
Warning: In design 'ENCODER', input port 'data_in[45]' is connected directly to output port 'codeword_out[85]'. (LINT-29)
Warning: In design 'ENCODER', input port 'data_in[44]' is connected directly to output port 'codeword_out[84]'. (LINT-29)
Warning: In design 'ENCODER', input port 'data_in[43]' is connected directly to output port 'codeword_out[83]'. (LINT-29)
Warning: In design 'ENCODER', input port 'data_in[42]' is connected directly to output port 'codeword_out[82]'. (LINT-29)
Warning: In design 'ENCODER', input port 'data_in[41]' is connected directly to output port 'codeword_out[81]'. (LINT-29)
Warning: In design 'ENCODER', input port 'data_in[40]' is connected directly to output port 'codeword_out[80]'. (LINT-29)
Warning: In design 'ENCODER', input port 'data_in[39]' is connected directly to output port 'codeword_out[79]'. (LINT-29)
Warning: In design 'ENCODER', input port 'data_in[38]' is connected directly to output port 'codeword_out[78]'. (LINT-29)
Warning: In design 'ENCODER', input port 'data_in[37]' is connected directly to output port 'codeword_out[77]'. (LINT-29)
Warning: In design 'ENCODER', input port 'data_in[36]' is connected directly to output port 'codeword_out[76]'. (LINT-29)
Warning: In design 'ENCODER', input port 'data_in[35]' is connected directly to output port 'codeword_out[75]'. (LINT-29)
Warning: In design 'ENCODER', input port 'data_in[34]' is connected directly to output port 'codeword_out[74]'. (LINT-29)
Warning: In design 'ENCODER', input port 'data_in[33]' is connected directly to output port 'codeword_out[73]'. (LINT-29)
Warning: In design 'ENCODER', input port 'data_in[32]' is connected directly to output port 'codeword_out[72]'. (LINT-29)
Warning: In design 'ENCODER', input port 'data_in[31]' is connected directly to output port 'codeword_out[71]'. (LINT-29)
Warning: In design 'ENCODER', input port 'data_in[30]' is connected directly to output port 'codeword_out[70]'. (LINT-29)
Warning: In design 'ENCODER', input port 'data_in[29]' is connected directly to output port 'codeword_out[69]'. (LINT-29)
Warning: In design 'ENCODER', input port 'data_in[28]' is connected directly to output port 'codeword_out[68]'. (LINT-29)
Warning: In design 'ENCODER', input port 'data_in[27]' is connected directly to output port 'codeword_out[67]'. (LINT-29)
Warning: In design 'ENCODER', input port 'data_in[26]' is connected directly to output port 'codeword_out[66]'. (LINT-29)
Warning: In design 'ENCODER', input port 'data_in[25]' is connected directly to output port 'codeword_out[65]'. (LINT-29)
Warning: In design 'ENCODER', input port 'data_in[24]' is connected directly to output port 'codeword_out[64]'. (LINT-29)
Warning: In design 'ENCODER', input port 'data_in[23]' is connected directly to output port 'codeword_out[63]'. (LINT-29)
Warning: In design 'ENCODER', input port 'data_in[22]' is connected directly to output port 'codeword_out[62]'. (LINT-29)
Warning: In design 'ENCODER', input port 'data_in[21]' is connected directly to output port 'codeword_out[61]'. (LINT-29)
Warning: In design 'ENCODER', input port 'data_in[20]' is connected directly to output port 'codeword_out[60]'. (LINT-29)
Warning: In design 'ENCODER', input port 'data_in[19]' is connected directly to output port 'codeword_out[59]'. (LINT-29)
Warning: In design 'ENCODER', input port 'data_in[18]' is connected directly to output port 'codeword_out[58]'. (LINT-29)
Warning: In design 'ENCODER', input port 'data_in[17]' is connected directly to output port 'codeword_out[57]'. (LINT-29)
Warning: In design 'ENCODER', input port 'data_in[16]' is connected directly to output port 'codeword_out[56]'. (LINT-29)
Warning: In design 'ENCODER', input port 'data_in[15]' is connected directly to output port 'codeword_out[55]'. (LINT-29)
Warning: In design 'ENCODER', input port 'data_in[14]' is connected directly to output port 'codeword_out[54]'. (LINT-29)
Warning: In design 'ENCODER', input port 'data_in[13]' is connected directly to output port 'codeword_out[53]'. (LINT-29)
Warning: In design 'ENCODER', input port 'data_in[12]' is connected directly to output port 'codeword_out[52]'. (LINT-29)
Warning: In design 'ENCODER', input port 'data_in[11]' is connected directly to output port 'codeword_out[51]'. (LINT-29)
Warning: In design 'ENCODER', input port 'data_in[10]' is connected directly to output port 'codeword_out[50]'. (LINT-29)
Warning: In design 'ENCODER', input port 'data_in[9]' is connected directly to output port 'codeword_out[48]'. (LINT-29)
Warning: In design 'ENCODER', input port 'data_in[8]' is connected directly to output port 'codeword_out[47]'. (LINT-29)
Warning: In design 'ENCODER', input port 'data_in[7]' is connected directly to output port 'codeword_out[46]'. (LINT-29)
Warning: In design 'ENCODER', input port 'data_in[6]' is connected directly to output port 'codeword_out[45]'. (LINT-29)
Warning: In design 'ENCODER', input port 'data_in[5]' is connected directly to output port 'codeword_out[44]'. (LINT-29)
Warning: In design 'ENCODER', input port 'data_in[4]' is connected directly to output port 'codeword_out[43]'. (LINT-29)
Warning: In design 'ENCODER', input port 'data_in[3]' is connected directly to output port 'codeword_out[42]'. (LINT-29)
Warning: In design 'ENCODER', input port 'data_in[2]' is connected directly to output port 'codeword_out[41]'. (LINT-29)
Warning: In design 'ENCODER', input port 'data_in[1]' is connected directly to output port 'codeword_out[40]'. (LINT-29)
Warning: In design 'ENCODER', input port 'data_in[0]' is connected directly to output port 'codeword_out[36]'. (LINT-29)
1
