
                           Design Compiler Graphical 
                                 DC Ultra (TM)
                                  DFTMAX (TM)
                              Power Compiler (TM)
                                 DesignWare (R)
                                 DC Expert (TM)
                               Design Vision (TM)
                               HDL Compiler (TM)
                               VHDL Compiler (TM)
                                  DFT Compiler
                               Design Compiler(R)

              Version Q-2019.12-SP5-5 for linux64 - Mar 21, 2021 

                    Copyright (c) 1988 - 2021 Synopsys, Inc.
   This software and the associated documentation are proprietary to Synopsys,
 Inc. This software may only be used in accordance with the terms and conditions
 of a written license agreement with Synopsys, Inc. All other use, reproduction,
            or distribution of this software is strictly prohibited.
Initializing...
Initializing gui preferences from file  /home/99june18/.synopsys_dv_prefs.tcl
# ---------------------------------------
# DESIGN PROFILE
# ---------------------------------------
set topmodule_name      ENCODER
ENCODER
set clk_port_name       clk
clk
set clk_freq            1600
1600
# ---------------------------------------
# Read Libraries
# ---------------------------------------
#set LIBLIST_PATH        $env(LIBLIST_PATH)
#source $LIBLIST_PATH
set link_library   [list /media/0/LogicLibraries/UMC/28nm/35hs/hsl/lvt/latest/liberty/logic_synth/um28nchllogl35hsl140f_ssgwc0p9v125c.db]
/media/0/LogicLibraries/UMC/28nm/35hs/hsl/lvt/latest/liberty/logic_synth/um28nchllogl35hsl140f_ssgwc0p9v125c.db
set target_library [list /media/0/LogicLibraries/UMC/28nm/35hs/hsl/lvt/latest/liberty/logic_synth/um28nchllogl35hsl140f_ssgwc0p9v125c.db]
/media/0/LogicLibraries/UMC/28nm/35hs/hsl/lvt/latest/liberty/logic_synth/um28nchllogl35hsl140f_ssgwc0p9v125c.db
# ---------------------------------------
# Read Source Codes
# ---------------------------------------
set RTL_PATH            $env(RTL_PATH)
/home/99june18/Cerberus/Hardware_overhead/1.DUO/Encoder/syn/..//rtl/
read_file $RTL_PATH -autoread -recursive -format sverilog -top $topmodule_name
== READ_FILE autoread for top design 'ENCODER' ==

Starting READ_FILE autoread mode...
Information: Adding '/home/99june18/Cerberus/Hardware_overhead/1.DUO/Encoder/rtl/'.  (AUTOREAD-100)
Warning: Adding missing directory to search_path - '/home/99june18/Cerberus/Hardware_overhead/1.DUO/Encoder/rtl/'. (AUTOREAD-105)
Information: Adding '/home/99june18/Cerberus/Hardware_overhead/1.DUO/Encoder/rtl/ENCODER.sv'.  (AUTOREAD-100)
Information: Adding '/home/99june18/Cerberus/Hardware_overhead/1.DUO/Encoder/rtl/GFMULT.sv'.  (AUTOREAD-100)
Information: Adding '/home/99june18/Cerberus/Hardware_overhead/1.DUO/Encoder/rtl/SYNDROME_GENERATOR.sv'.  (AUTOREAD-100)
Information: Source filelist.f ignored by autoread due to filtering.  (AUTOREAD-102)
Information: Scanning file { ENCODER.sv }. (AUTOREAD-303)
Information: Scanning file { GFMULT.sv }. (AUTOREAD-303)
Information: Scanning file { SYNDROME_GENERATOR.sv }. (AUTOREAD-303)
Compiling source file /home/99june18/Cerberus/Hardware_overhead/1.DUO/Encoder/rtl/GFMULT.sv
Presto compilation completed successfully.
Compiling source file /home/99june18/Cerberus/Hardware_overhead/1.DUO/Encoder/rtl/ENCODER.sv
Presto compilation completed successfully.
Elaborating top design ENCODER
Loading db file '/media/0/LogicLibraries/UMC/28nm/35hs/hsl/lvt/latest/liberty/logic_synth/um28nchllogl35hsl140f_ssgwc0p9v125c.db'
Loading db file '/usr/synopsys/syn/Q-2019.12-SP5-5/libraries/syn/gtech.db'
Loading db file '/usr/synopsys/syn/Q-2019.12-SP5-5/libraries/syn/standard.sldb'
  Loading link library 'um28nchllogl35hsl140f_ssgwc0p9v125c'
  Loading link library 'gtech'
Running PRESTO HDLC
Presto compilation completed successfully. (ENCODER)
Elaborated 1 design.
Current design is now 'ENCODER'.
Information: Building the design 'GFMULT'. (HDL-193)
Presto compilation completed successfully. (GFMULT)
Autoread command completed successfully.
# ---------------------------------------
# 1. Environments Setting
# ---------------------------------------
link

  Linking design 'ENCODER'
  Using the following designs and libraries:
  --------------------------------------------------------------------------
  um28nchllogl35hsl140f_ssgwc0p9v125c (library) /media/0/LogicLibraries/UMC/28nm/35hs/hsl/lvt/latest/liberty/logic_synth/um28nchllogl35hsl140f_ssgwc0p9v125c.db

1
uniquify
Information: Uniquified 192 instances of design 'GFMULT'. (OPT-1056)
1
# ---------------------------------------
# 2. Constraints Setting
# ---------------------------------------
# Clock
# Reduce clock period to model wire delay (60% of original period)
set delay_percentage 0.6
0.6
set clk_period [expr 1000 / double($clk_freq)]
0.625
set clk_period [expr $clk_period * $delay_percentage]
0.375
if {[sizeof_collection [get_ports $clk_port_name]] > 0} {
  # Create real clock if clock port is found
  set clk_name $clk_port_name
  create_clock -period $clk_period -name $clk_name [get_port {clk}]
  # If real clock, set infinite drive strength
  set_drive 0 $clk_name
} elseif {[sizeof_collection [get_ports $clk_port_name]] == 0} {
  # Create virtual clock if clock port is not found
  set clk_name vclk
  create_clock -period $clk_period -name $clk_name
}
Warning: Can't find port 'clk' in design 'ENCODER'. (UID-95)
Warning: Can't find port 'clk' in design 'ENCODER'. (UID-95)
Warning: Creating virtual clock named 'vclk' with no sources. (UID-348)
1
# Apply default timing constraints for modules
set_input_delay  [expr 2/3 * $clk_period] [all_inputs] -clock $clk_name
1
set_output_delay [expr 2/3 * $clk_period] [all_outputs] -clock $clk_name
1
# Transition time of a slope that drives the port,
# such that a higher transition value means longer delays
# This prevents the hold time violations that we don't have to care about
set_input_transition 0.1 [all_inputs]
1
# Area
# If max_area is set 0, DesignCompiler will minimize the design as small as possible
set_max_area 0 
1
# ---------------------------------------
# 3. Compilation
# ---------------------------------------
compile_ultra
Loading db file '/usr/synopsys/syn/Q-2019.12-SP5-5/libraries/syn/dw_foundation.sldb'
Warning: DesignWare synthetic library dw_foundation.sldb is added to the synthetic_library in the current command. (UISN-40)
Information: Performing power optimization. (PWR-850)
Analyzing: "/media/0/LogicLibraries/UMC/28nm/35hs/hsl/lvt/latest/liberty/logic_synth/um28nchllogl35hsl140f_ssgwc0p9v125c.db"
Library analysis succeeded.
Information: Evaluating DesignWare library utilization. (UISN-27)

============================================================================
| DesignWare Building Block Library  |         Version         | Available |
============================================================================
| Basic DW Building Blocks           | Q-2019.12-DWBB_201912.5 |     *     |
| Licensed DW Building Blocks        | Q-2019.12-DWBB_201912.5 |     *     |
============================================================================

Information: Sequential output inversion is enabled.  SVF file must be used for formal verification. (OPT-1208)

Information: There are 2216 potential problems in your design. Please run 'check_design' for more information. (LINT-99)

  Simplifying Design 'ENCODER'

Loaded alib file './alib-52/um28nchllogl35hsl140f_ssgwc0p9v125c.db.alib'
  Building model 'DW01_NAND2'
Information: Ungrouping hierarchy gmult_000 before Pass 1 (OPT-776)
Information: Ungrouping hierarchy gmult_191 before Pass 1 (OPT-776)
Information: Ungrouping hierarchy gmult_190 before Pass 1 (OPT-776)
Information: Ungrouping hierarchy gmult_189 before Pass 1 (OPT-776)
Information: Ungrouping hierarchy gmult_188 before Pass 1 (OPT-776)
Information: Ungrouping hierarchy gmult_187 before Pass 1 (OPT-776)
Information: Ungrouping hierarchy gmult_186 before Pass 1 (OPT-776)
Information: Ungrouping hierarchy gmult_185 before Pass 1 (OPT-776)
Information: Ungrouping hierarchy gmult_184 before Pass 1 (OPT-776)
Information: Ungrouping hierarchy gmult_183 before Pass 1 (OPT-776)
Information: Ungrouping hierarchy gmult_182 before Pass 1 (OPT-776)
Information: Ungrouping hierarchy gmult_181 before Pass 1 (OPT-776)
Information: Ungrouping hierarchy gmult_180 before Pass 1 (OPT-776)
Information: Ungrouping hierarchy gmult_179 before Pass 1 (OPT-776)
Information: Ungrouping hierarchy gmult_178 before Pass 1 (OPT-776)
Information: Ungrouping hierarchy gmult_177 before Pass 1 (OPT-776)
Information: Ungrouping hierarchy gmult_176 before Pass 1 (OPT-776)
Information: Ungrouping hierarchy gmult_175 before Pass 1 (OPT-776)
Information: Ungrouping hierarchy gmult_174 before Pass 1 (OPT-776)
Information: Ungrouping hierarchy gmult_173 before Pass 1 (OPT-776)
Information: Ungrouping hierarchy gmult_172 before Pass 1 (OPT-776)
Information: Ungrouping hierarchy gmult_171 before Pass 1 (OPT-776)
Information: Ungrouping hierarchy gmult_170 before Pass 1 (OPT-776)
Information: Ungrouping hierarchy gmult_169 before Pass 1 (OPT-776)
Information: Ungrouping hierarchy gmult_168 before Pass 1 (OPT-776)
Information: Ungrouping hierarchy gmult_167 before Pass 1 (OPT-776)
Information: Ungrouping hierarchy gmult_166 before Pass 1 (OPT-776)
Information: Ungrouping hierarchy gmult_165 before Pass 1 (OPT-776)
Information: Ungrouping hierarchy gmult_164 before Pass 1 (OPT-776)
Information: Ungrouping hierarchy gmult_163 before Pass 1 (OPT-776)
Information: Ungrouping hierarchy gmult_162 before Pass 1 (OPT-776)
Information: Ungrouping hierarchy gmult_161 before Pass 1 (OPT-776)
Information: Ungrouping hierarchy gmult_160 before Pass 1 (OPT-776)
Information: Ungrouping hierarchy gmult_159 before Pass 1 (OPT-776)
Information: Ungrouping hierarchy gmult_158 before Pass 1 (OPT-776)
Information: Ungrouping hierarchy gmult_157 before Pass 1 (OPT-776)
Information: Ungrouping hierarchy gmult_156 before Pass 1 (OPT-776)
Information: Ungrouping hierarchy gmult_155 before Pass 1 (OPT-776)
Information: Ungrouping hierarchy gmult_154 before Pass 1 (OPT-776)
Information: Ungrouping hierarchy gmult_153 before Pass 1 (OPT-776)
Information: Ungrouping hierarchy gmult_152 before Pass 1 (OPT-776)
Information: Ungrouping hierarchy gmult_151 before Pass 1 (OPT-776)
Information: Ungrouping hierarchy gmult_150 before Pass 1 (OPT-776)
Information: Ungrouping hierarchy gmult_149 before Pass 1 (OPT-776)
Information: Ungrouping hierarchy gmult_148 before Pass 1 (OPT-776)
Information: Ungrouping hierarchy gmult_147 before Pass 1 (OPT-776)
Information: Ungrouping hierarchy gmult_146 before Pass 1 (OPT-776)
Information: Ungrouping hierarchy gmult_145 before Pass 1 (OPT-776)
Information: Ungrouping hierarchy gmult_144 before Pass 1 (OPT-776)
Information: Ungrouping hierarchy gmult_143 before Pass 1 (OPT-776)
Information: Ungrouping hierarchy gmult_142 before Pass 1 (OPT-776)
Information: Ungrouping hierarchy gmult_141 before Pass 1 (OPT-776)
Information: Ungrouping hierarchy gmult_140 before Pass 1 (OPT-776)
Information: Ungrouping hierarchy gmult_139 before Pass 1 (OPT-776)
Information: Ungrouping hierarchy gmult_138 before Pass 1 (OPT-776)
Information: Ungrouping hierarchy gmult_137 before Pass 1 (OPT-776)
Information: Ungrouping hierarchy gmult_136 before Pass 1 (OPT-776)
Information: Ungrouping hierarchy gmult_135 before Pass 1 (OPT-776)
Information: Ungrouping hierarchy gmult_134 before Pass 1 (OPT-776)
Information: Ungrouping hierarchy gmult_133 before Pass 1 (OPT-776)
Information: Ungrouping hierarchy gmult_132 before Pass 1 (OPT-776)
Information: Ungrouping hierarchy gmult_131 before Pass 1 (OPT-776)
Information: Ungrouping hierarchy gmult_130 before Pass 1 (OPT-776)
Information: Ungrouping hierarchy gmult_129 before Pass 1 (OPT-776)
Information: Ungrouping hierarchy gmult_128 before Pass 1 (OPT-776)
Information: Ungrouping hierarchy gmult_127 before Pass 1 (OPT-776)
Information: Ungrouping hierarchy gmult_126 before Pass 1 (OPT-776)
Information: Ungrouping hierarchy gmult_125 before Pass 1 (OPT-776)
Information: Ungrouping hierarchy gmult_124 before Pass 1 (OPT-776)
Information: Ungrouping hierarchy gmult_123 before Pass 1 (OPT-776)
Information: Ungrouping hierarchy gmult_122 before Pass 1 (OPT-776)
Information: Ungrouping hierarchy gmult_121 before Pass 1 (OPT-776)
Information: Ungrouping hierarchy gmult_120 before Pass 1 (OPT-776)
Information: Ungrouping hierarchy gmult_119 before Pass 1 (OPT-776)
Information: Ungrouping hierarchy gmult_118 before Pass 1 (OPT-776)
Information: Ungrouping hierarchy gmult_117 before Pass 1 (OPT-776)
Information: Ungrouping hierarchy gmult_116 before Pass 1 (OPT-776)
Information: Ungrouping hierarchy gmult_115 before Pass 1 (OPT-776)
Information: Ungrouping hierarchy gmult_114 before Pass 1 (OPT-776)
Information: Ungrouping hierarchy gmult_113 before Pass 1 (OPT-776)
Information: Ungrouping hierarchy gmult_112 before Pass 1 (OPT-776)
Information: Ungrouping hierarchy gmult_111 before Pass 1 (OPT-776)
Information: Ungrouping hierarchy gmult_110 before Pass 1 (OPT-776)
Information: Ungrouping hierarchy gmult_109 before Pass 1 (OPT-776)
Information: Ungrouping hierarchy gmult_108 before Pass 1 (OPT-776)
Information: Ungrouping hierarchy gmult_107 before Pass 1 (OPT-776)
Information: Ungrouping hierarchy gmult_106 before Pass 1 (OPT-776)
Information: Ungrouping hierarchy gmult_105 before Pass 1 (OPT-776)
Information: Ungrouping hierarchy gmult_104 before Pass 1 (OPT-776)
Information: Ungrouping hierarchy gmult_103 before Pass 1 (OPT-776)
Information: Ungrouping hierarchy gmult_102 before Pass 1 (OPT-776)
Information: Ungrouping hierarchy gmult_101 before Pass 1 (OPT-776)
Information: Ungrouping hierarchy gmult_100 before Pass 1 (OPT-776)
Information: Ungrouping hierarchy gmult_099 before Pass 1 (OPT-776)
Information: Ungrouping hierarchy gmult_098 before Pass 1 (OPT-776)
Information: Ungrouping hierarchy gmult_097 before Pass 1 (OPT-776)
Information: Ungrouping hierarchy gmult_096 before Pass 1 (OPT-776)
Information: Ungrouping hierarchy gmult_095 before Pass 1 (OPT-776)
Information: Ungrouping hierarchy gmult_094 before Pass 1 (OPT-776)
Information: Ungrouping hierarchy gmult_093 before Pass 1 (OPT-776)
Information: Ungrouping hierarchy gmult_092 before Pass 1 (OPT-776)
Information: Ungrouping hierarchy gmult_091 before Pass 1 (OPT-776)
Information: Ungrouping hierarchy gmult_090 before Pass 1 (OPT-776)
Information: Ungrouping hierarchy gmult_089 before Pass 1 (OPT-776)
Information: Ungrouping hierarchy gmult_088 before Pass 1 (OPT-776)
Information: Ungrouping hierarchy gmult_087 before Pass 1 (OPT-776)
Information: Ungrouping hierarchy gmult_086 before Pass 1 (OPT-776)
Information: Ungrouping hierarchy gmult_085 before Pass 1 (OPT-776)
Information: Ungrouping hierarchy gmult_084 before Pass 1 (OPT-776)
Information: Ungrouping hierarchy gmult_083 before Pass 1 (OPT-776)
Information: Ungrouping hierarchy gmult_082 before Pass 1 (OPT-776)
Information: Ungrouping hierarchy gmult_081 before Pass 1 (OPT-776)
Information: Ungrouping hierarchy gmult_080 before Pass 1 (OPT-776)
Information: Ungrouping hierarchy gmult_079 before Pass 1 (OPT-776)
Information: Ungrouping hierarchy gmult_078 before Pass 1 (OPT-776)
Information: Ungrouping hierarchy gmult_077 before Pass 1 (OPT-776)
Information: Ungrouping hierarchy gmult_076 before Pass 1 (OPT-776)
Information: Ungrouping hierarchy gmult_075 before Pass 1 (OPT-776)
Information: Ungrouping hierarchy gmult_074 before Pass 1 (OPT-776)
Information: Ungrouping hierarchy gmult_073 before Pass 1 (OPT-776)
Information: Ungrouping hierarchy gmult_072 before Pass 1 (OPT-776)
Information: Ungrouping hierarchy gmult_071 before Pass 1 (OPT-776)
Information: Ungrouping hierarchy gmult_070 before Pass 1 (OPT-776)
Information: Ungrouping hierarchy gmult_069 before Pass 1 (OPT-776)
Information: Ungrouping hierarchy gmult_068 before Pass 1 (OPT-776)
Information: Ungrouping hierarchy gmult_067 before Pass 1 (OPT-776)
Information: Ungrouping hierarchy gmult_066 before Pass 1 (OPT-776)
Information: Ungrouping hierarchy gmult_065 before Pass 1 (OPT-776)
Information: Ungrouping hierarchy gmult_064 before Pass 1 (OPT-776)
Information: Ungrouping hierarchy gmult_063 before Pass 1 (OPT-776)
Information: Ungrouping hierarchy gmult_062 before Pass 1 (OPT-776)
Information: Ungrouping hierarchy gmult_061 before Pass 1 (OPT-776)
Information: Ungrouping hierarchy gmult_060 before Pass 1 (OPT-776)
Information: Ungrouping hierarchy gmult_059 before Pass 1 (OPT-776)
Information: Ungrouping hierarchy gmult_058 before Pass 1 (OPT-776)
Information: Ungrouping hierarchy gmult_057 before Pass 1 (OPT-776)
Information: Ungrouping hierarchy gmult_056 before Pass 1 (OPT-776)
Information: Ungrouping hierarchy gmult_055 before Pass 1 (OPT-776)
Information: Ungrouping hierarchy gmult_054 before Pass 1 (OPT-776)
Information: Ungrouping hierarchy gmult_053 before Pass 1 (OPT-776)
Information: Ungrouping hierarchy gmult_052 before Pass 1 (OPT-776)
Information: Ungrouping hierarchy gmult_051 before Pass 1 (OPT-776)
Information: Ungrouping hierarchy gmult_050 before Pass 1 (OPT-776)
Information: Ungrouping hierarchy gmult_049 before Pass 1 (OPT-776)
Information: Ungrouping hierarchy gmult_048 before Pass 1 (OPT-776)
Information: Ungrouping hierarchy gmult_047 before Pass 1 (OPT-776)
Information: Ungrouping hierarchy gmult_046 before Pass 1 (OPT-776)
Information: Ungrouping hierarchy gmult_045 before Pass 1 (OPT-776)
Information: Ungrouping hierarchy gmult_044 before Pass 1 (OPT-776)
Information: Ungrouping hierarchy gmult_043 before Pass 1 (OPT-776)
Information: Ungrouping hierarchy gmult_042 before Pass 1 (OPT-776)
Information: Ungrouping hierarchy gmult_041 before Pass 1 (OPT-776)
Information: Ungrouping hierarchy gmult_040 before Pass 1 (OPT-776)
Information: Ungrouping hierarchy gmult_039 before Pass 1 (OPT-776)
Information: Ungrouping hierarchy gmult_038 before Pass 1 (OPT-776)
Information: Ungrouping hierarchy gmult_037 before Pass 1 (OPT-776)
Information: Ungrouping hierarchy gmult_036 before Pass 1 (OPT-776)
Information: Ungrouping hierarchy gmult_035 before Pass 1 (OPT-776)
Information: Ungrouping hierarchy gmult_034 before Pass 1 (OPT-776)
Information: Ungrouping hierarchy gmult_033 before Pass 1 (OPT-776)
Information: Ungrouping hierarchy gmult_032 before Pass 1 (OPT-776)
Information: Ungrouping hierarchy gmult_031 before Pass 1 (OPT-776)
Information: Ungrouping hierarchy gmult_030 before Pass 1 (OPT-776)
Information: Ungrouping hierarchy gmult_029 before Pass 1 (OPT-776)
Information: Ungrouping hierarchy gmult_028 before Pass 1 (OPT-776)
Information: Ungrouping hierarchy gmult_027 before Pass 1 (OPT-776)
Information: Ungrouping hierarchy gmult_026 before Pass 1 (OPT-776)
Information: Ungrouping hierarchy gmult_025 before Pass 1 (OPT-776)
Information: Ungrouping hierarchy gmult_024 before Pass 1 (OPT-776)
Information: Ungrouping hierarchy gmult_023 before Pass 1 (OPT-776)
Information: Ungrouping hierarchy gmult_022 before Pass 1 (OPT-776)
Information: Ungrouping hierarchy gmult_021 before Pass 1 (OPT-776)
Information: Ungrouping hierarchy gmult_020 before Pass 1 (OPT-776)
Information: Ungrouping hierarchy gmult_019 before Pass 1 (OPT-776)
Information: Ungrouping hierarchy gmult_018 before Pass 1 (OPT-776)
Information: Ungrouping hierarchy gmult_017 before Pass 1 (OPT-776)
Information: Ungrouping hierarchy gmult_016 before Pass 1 (OPT-776)
Information: Ungrouping hierarchy gmult_015 before Pass 1 (OPT-776)
Information: Ungrouping hierarchy gmult_014 before Pass 1 (OPT-776)
Information: Ungrouping hierarchy gmult_013 before Pass 1 (OPT-776)
Information: Ungrouping hierarchy gmult_012 before Pass 1 (OPT-776)
Information: Ungrouping hierarchy gmult_011 before Pass 1 (OPT-776)
Information: Ungrouping hierarchy gmult_010 before Pass 1 (OPT-776)
Information: Ungrouping hierarchy gmult_009 before Pass 1 (OPT-776)
Information: Ungrouping hierarchy gmult_008 before Pass 1 (OPT-776)
Information: Ungrouping hierarchy gmult_007 before Pass 1 (OPT-776)
Information: Ungrouping hierarchy gmult_006 before Pass 1 (OPT-776)
Information: Ungrouping hierarchy gmult_005 before Pass 1 (OPT-776)
Information: Ungrouping hierarchy gmult_004 before Pass 1 (OPT-776)
Information: Ungrouping hierarchy gmult_003 before Pass 1 (OPT-776)
Information: Ungrouping hierarchy gmult_002 before Pass 1 (OPT-776)
Information: Ungrouping hierarchy gmult_001 before Pass 1 (OPT-776)
Information: Ungrouping 192 of 193 hierarchies before Pass 1 (OPT-775)
Information: State dependent leakage is now switched from on to off.

  Beginning Pass 1 Mapping
  ------------------------
  Processing 'ENCODER'

  Updating timing information
Information: Updating design information... (UID-85)
Information: The library cell 'STQ_TIE1_1' in the library 'um28nchllogl35hsl140f_ssgwc0p9v125c' is not characterized for internal power. (PWR-536)
Information: The library cell 'STQ_TIE0_1' in the library 'um28nchllogl35hsl140f_ssgwc0p9v125c' is not characterized for internal power. (PWR-536)
Information: The target library(s) contains cell(s), other than black boxes, that are not characterized for internal power. (PWR-24)

Threshold voltage group cell usage:
>> LVT35 100.00%

  Beginning Mapping Optimizations  (Ultra High effort)
  -------------------------------
  Mapping Optimization (Phase 1)

                                  TOTAL                                                
   ELAPSED            WORST NEG   SETUP    DESIGN                              LEAKAGE 
    TIME      AREA      SLACK     COST    RULE COST         ENDPOINT            POWER  
  --------- --------- --------- --------- --------- ------------------------- ---------
    0:00:32    5400.9      0.00       0.0       0.0                           951858.6875
    0:00:32    5398.0      0.00       0.0       0.0                           951408.6875

Threshold voltage group cell usage:
>> LVT35 100.00%

  Beginning Constant Register Removal
  -----------------------------------
    0:00:32    5398.0      0.00       0.0       0.0                           951408.6875
    0:00:32    5398.0      0.00       0.0       0.0                           951408.6875

Threshold voltage group cell usage:
>> LVT35 100.00%

  Beginning Global Optimizations
  ------------------------------
  Numerical Synthesis (Phase 1)
  Numerical Synthesis (Phase 2)
  Global Optimization (Phase 1)
  Global Optimization (Phase 2)
  Global Optimization (Phase 3)
  Global Optimization (Phase 4)
  Global Optimization (Phase 5)
  Global Optimization (Phase 6)
  Global Optimization (Phase 7)
  Global Optimization (Phase 8)
  Global Optimization (Phase 9)
  Global Optimization (Phase 10)
  Global Optimization (Phase 11)
  Global Optimization (Phase 12)
  Global Optimization (Phase 13)
  Global Optimization (Phase 14)
  Global Optimization (Phase 15)
  Global Optimization (Phase 16)
  Global Optimization (Phase 17)
  Global Optimization (Phase 18)
  Global Optimization (Phase 19)
  Global Optimization (Phase 20)
  Global Optimization (Phase 21)
  Global Optimization (Phase 22)
  Global Optimization (Phase 23)
  Global Optimization (Phase 24)
  Global Optimization (Phase 25)
  Global Optimization (Phase 26)
  Global Optimization (Phase 27)
  Global Optimization (Phase 28)

Threshold voltage group cell usage:
>> LVT35 100.00%

  Beginning Isolate Ports
  -----------------------

Threshold voltage group cell usage:
>> LVT35 100.00%

  Beginning Delay Optimization
  ----------------------------
    0:00:33    2387.4      0.04       0.5       0.0                           323261.0938
    0:00:33    2403.1      0.00       0.0       0.0                           325864.1250
    0:00:33    2403.1      0.00       0.0       0.0                           325864.1250
    0:00:34    2403.1      0.00       0.0       0.0                           325864.1250

Threshold voltage group cell usage:
>> LVT35 100.00%
    0:00:34    2403.1      0.00       0.0       0.0                           325864.1250
    0:00:34    2403.1      0.00       0.0       0.0                           325864.1250

  Beginning WLM Backend Optimization
  --------------------------------------
    0:00:34    2399.7      0.00       0.0       0.0                           325196.8125
    0:00:34    2399.7      0.00       0.0       0.0                           325196.8125
    0:00:34    2399.7      0.00       0.0       0.0                           325196.8125
    0:00:35    2397.7      0.00       0.0       0.0                           300168.9062
    0:00:35    2397.7      0.00       0.0       0.0                           300168.9062
    0:00:35    2397.7      0.00       0.0       0.0                           300168.9062
    0:00:35    2397.7      0.00       0.0       0.0                           300168.9062
    0:00:35    2397.7      0.00       0.0       0.0                           300168.9062
    0:00:35    2397.7      0.00       0.0       0.0                           300168.9062
    0:00:35    2397.7      0.00       0.0       0.0                           300168.9062
    0:00:35    2397.7      0.00       0.0       0.0                           300168.9062
    0:00:35    2397.7      0.00       0.0       0.0                           300168.9062
    0:00:35    2397.7      0.00       0.0       0.0                           300168.9062
    0:00:35    2397.7      0.00       0.0       0.0                           300168.9062
    0:00:35    2397.7      0.00       0.0       0.0                           300168.9062
    0:00:35    2397.7      0.00       0.0       0.0                           300168.9062
    0:00:35    2397.7      0.00       0.0       0.0                           300168.9062
    0:00:35    2397.7      0.00       0.0       0.0                           300168.9062
    0:00:35    2397.7      0.00       0.0       0.0                           300168.9062
    0:00:35    2397.7      0.00       0.0       0.0                           300168.9062
    0:00:35    2397.7      0.00       0.0       0.0                           300168.9062
    0:00:35    2397.7      0.00       0.0       0.0                           300168.9062


  Beginning Design Rule Fixing  (min_capacitance)
  ----------------------------

                                  TOTAL                                                
   ELAPSED            WORST NEG   SETUP    DESIGN                              LEAKAGE 
    TIME      AREA      SLACK     COST    RULE COST         ENDPOINT            POWER  
  --------- --------- --------- --------- --------- ------------------------- ---------
    0:00:35    2397.7      0.00       0.0       0.0                           300168.9062
  Global Optimization (Phase 29)
  Global Optimization (Phase 30)
  Global Optimization (Phase 31)
    0:00:35    2397.7      0.00       0.0       0.0                           300168.9062
    0:00:35    2397.7      0.00       0.0       0.0                           300168.9062

Threshold voltage group cell usage:
>> LVT35 100.00%


  Beginning Leakage Power Optimization  (max_leakage_power 0)
  ------------------------------------

                                  TOTAL                                                
   ELAPSED            WORST NEG   SETUP    DESIGN                              LEAKAGE 
    TIME      AREA      SLACK     COST    RULE COST         ENDPOINT            POWER  
  --------- --------- --------- --------- --------- ------------------------- ---------
    0:00:35    2397.7      0.00       0.0       0.0                           300168.9062
  Global Optimization (Phase 32)
  Global Optimization (Phase 33)
  Global Optimization (Phase 34)
  Global Optimization (Phase 35)
  Global Optimization (Phase 36)
  Global Optimization (Phase 37)
  Global Optimization (Phase 38)
  Global Optimization (Phase 39)
  Global Optimization (Phase 40)
  Global Optimization (Phase 41)
  Global Optimization (Phase 42)
  Global Optimization (Phase 43)
  Global Optimization (Phase 44)
    0:00:35    2391.6      0.00       0.0       0.0                           296513.1250
    0:00:35    2391.6      0.00       0.0       0.0                           296513.1250
    0:00:35    2391.6      0.00       0.0       0.0                           296513.1250
    0:00:35    2391.6      0.00       0.0       0.0                           296318.0312
    0:00:35    2391.6      0.00       0.0       0.0                           296318.0312
    0:00:35    2391.6      0.00       0.0       0.0                           296318.0312
    0:00:35    2391.6      0.00       0.0       0.0                           296318.0312
    0:00:35    2391.6      0.00       0.0       0.0                           296318.0312
    0:00:35    2391.6      0.00       0.0       0.0                           296318.0312
    0:00:35    2391.6      0.00       0.0       0.0                           296318.0312
    0:00:35    2391.6      0.00       0.0       0.0                           296318.0312
    0:00:35    2391.6      0.00       0.0       0.0                           296318.0312
    0:00:35    2391.6      0.00       0.0       0.0                           296318.0312
    0:00:35    2391.6      0.00       0.0       0.0                           296318.0312
    0:00:35    2391.6      0.00       0.0       0.0                           296318.0312
    0:00:35    2391.6      0.00       0.0       0.0                           296318.0312
    0:00:35    2391.6      0.00       0.0       0.0                           296318.0312
    0:00:35    2391.6      0.00       0.0       0.0                           296318.0312
    0:00:35    2391.6      0.00       0.0       0.0                           296318.0312
    0:00:35    2391.6      0.00       0.0       0.0                           296318.0312
    0:00:35    2391.6      0.00       0.0       0.0                           296318.0312
    0:00:35    2391.6      0.00       0.0       0.0                           296318.0312

                                  TOTAL                                                
   ELAPSED            WORST NEG   SETUP    DESIGN                              LEAKAGE 
    TIME      AREA      SLACK     COST    RULE COST         ENDPOINT            POWER  
  --------- --------- --------- --------- --------- ------------------------- ---------
    0:00:35    2391.6      0.00       0.0       0.0                           296318.0312
    0:00:36    2393.0      0.00       0.0       0.0                           279924.4375
    0:00:36    2393.0      0.00       0.0       0.0                           279924.4375
    0:00:36    2393.0      0.00       0.0       0.0                           279924.4375
    0:00:36    2393.0      0.00       0.0       0.0                           279746.4688
    0:00:36    2392.3      0.00       0.0       0.0                           279720.5312
    0:00:36    2392.3      0.00       0.0       0.0                           279720.5312
    0:00:36    2392.3      0.00       0.0       0.0                           279720.5312
    0:00:36    2392.3      0.00       0.0       0.0                           279720.5312
    0:00:36    2392.3      0.00       0.0       0.0                           279720.5312
    0:00:36    2392.3      0.00       0.0       0.0                           279720.5312
    0:00:36    2389.3      0.00       0.0       0.0                           279222.3438
Loading db file '/media/0/LogicLibraries/UMC/28nm/35hs/hsl/lvt/latest/liberty/logic_synth/um28nchllogl35hsl140f_ssgwc0p9v125c.db'


Note: Symbol # after min delay cost means estimated hold TNS across all active scenarios 


  Optimization Complete
  ---------------------
Information: State dependent leakage is now switched from off to on.
Information: Propagating switching activity (low effort zero delay simulation). (PWR-6)
1
# ---------------------------------------
# 4. Design Reports
# ---------------------------------------
check_design  > $topmodule_name.check_design.rpt
report_constraint -all_violators -verbose -sig 10 > $topmodule_name.all_viol.rpt
report_design > $topmodule_name.design.rpt
report_area -physical -hierarchy > $topmodule_name.area.rpt
report_cell > $topmodule_name.cell.rpt
report_qor > $topmodule_name.qor.rpt
report_reference > $topmodule_name.reference.rpt
report_resources > $topmodule_name.resources.rpt
report_hierarchy -full > $topmodule_name.hierarchy.rpt
report_timing -nworst 10 -max_paths 10 > $topmodule_name.timing.rpt
report_power -analysis_effort high > $topmodule_name.power.rpt
report_threshold_voltage_group > $topmodule_name.vth.rpt
# Dump out the constraints in an SDC file
write_sdc $topmodule_name.constraints.sdc
1
# Dump out the synthesized database and gate-level-netlist
write -hierarchy -format ddc -output      $topmodule_name.ddc
Writing ddc file 'ENCODER.ddc'.
1
write -hierarchy -format verilog -output  $topmodule_name.netlist.v
Writing verilog file '/home/99june18/Cerberus/Hardware_overhead/1.DUO/Encoder/syn/output/ENCODER.netlist.v'.
Warning: Verilog 'assign' or 'tran' statements are written out. (VO-4)
1
exit

Memory usage for this session 655 Mbytes.
Memory usage for this session including child processes 655 Mbytes.
CPU usage for this session 128 seconds ( 0.04 hours ).
Elapsed time for this session 130 seconds ( 0.04 hours ).

Thank you...
