 
****************************************
Report : timing
        -path full
        -delay max
        -nworst 10
        -max_paths 10
Design : ENCODER
Version: Q-2019.12-SP5-5
Date   : Wed Apr  1 14:23:52 2026
****************************************

Operating Conditions: SSGWC0P9V125C   Library: um28nchllogl35hsl140f_ssgwc0p9v125c
Wire Load Model Mode: enclosed

  Startpoint: data[8][1] (input port clocked by vclk)
  Endpoint: parity[3][3]
            (output port clocked by vclk)
  Path Group: vclk
  Path Type: max

  Des/Clust/Port     Wire Load Model       Library
  ------------------------------------------------
  ENCODER            ZeroWLM               um28nchllogl35hsl140f_ssgwc0p9v125c

  Point                                    Incr       Path
  -----------------------------------------------------------
  clock vclk (rise edge)                   0.00       0.00
  clock network delay (ideal)              0.00       0.00
  input external delay                     0.00       0.00 f
  data[8][1] (in)                          0.00       0.00 f
  U3135/X (STQ_EO3_0P5)                    0.11       0.11 f
  U3136/X (STQ_EO2_S_2)                    0.04       0.15 r
  U2119/X (STQ_EO3_0P5)                    0.03       0.18 f
  U3137/X (STQ_EO3_0P5)                    0.08       0.26 f
  U2478/X (STQ_EO3_0P5)                    0.08       0.34 f
  U3148/X (STQ_EO2_S_0P5)                  0.04       0.37 r
  parity[3][3] (out)                       0.00       0.37 r
  data arrival time                                   0.37

  clock vclk (rise edge)                   0.38       0.38
  clock network delay (ideal)              0.00       0.38
  output external delay                    0.00       0.38
  data required time                                  0.38
  -----------------------------------------------------------
  data required time                                  0.38
  data arrival time                                  -0.37
  -----------------------------------------------------------
  slack (MET)                                         0.00


  Startpoint: data[8][1] (input port clocked by vclk)
  Endpoint: codeword[3][3]
            (output port clocked by vclk)
  Path Group: vclk
  Path Type: max

  Des/Clust/Port     Wire Load Model       Library
  ------------------------------------------------
  ENCODER            ZeroWLM               um28nchllogl35hsl140f_ssgwc0p9v125c

  Point                                    Incr       Path
  -----------------------------------------------------------
  clock vclk (rise edge)                   0.00       0.00
  clock network delay (ideal)              0.00       0.00
  input external delay                     0.00       0.00 f
  data[8][1] (in)                          0.00       0.00 f
  U3135/X (STQ_EO3_0P5)                    0.11       0.11 f
  U3136/X (STQ_EO2_S_2)                    0.04       0.15 r
  U2119/X (STQ_EO3_0P5)                    0.03       0.18 f
  U3137/X (STQ_EO3_0P5)                    0.08       0.26 f
  U2478/X (STQ_EO3_0P5)                    0.08       0.34 f
  U3148/X (STQ_EO2_S_0P5)                  0.04       0.37 r
  codeword[3][3] (out)                     0.00       0.37 r
  data arrival time                                   0.37

  clock vclk (rise edge)                   0.38       0.38
  clock network delay (ideal)              0.00       0.38
  output external delay                    0.00       0.38
  data required time                                  0.38
  -----------------------------------------------------------
  data required time                                  0.38
  data arrival time                                  -0.37
  -----------------------------------------------------------
  slack (MET)                                         0.00


  Startpoint: data[8][1] (input port clocked by vclk)
  Endpoint: parity[3][3]
            (output port clocked by vclk)
  Path Group: vclk
  Path Type: max

  Des/Clust/Port     Wire Load Model       Library
  ------------------------------------------------
  ENCODER            ZeroWLM               um28nchllogl35hsl140f_ssgwc0p9v125c

  Point                                    Incr       Path
  -----------------------------------------------------------
  clock vclk (rise edge)                   0.00       0.00
  clock network delay (ideal)              0.00       0.00
  input external delay                     0.00       0.00 f
  data[8][1] (in)                          0.00       0.00 f
  U3135/X (STQ_EO3_0P5)                    0.11       0.11 f
  U3136/X (STQ_EO2_S_2)                    0.04       0.15 r
  U2119/X (STQ_EO3_0P5)                    0.03       0.18 f
  U3137/X (STQ_EO3_0P5)                    0.08       0.26 f
  U2478/X (STQ_EO3_0P5)                    0.08       0.34 f
  U3148/X (STQ_EO2_S_0P5)                  0.04       0.37 r
  parity[3][3] (out)                       0.00       0.37 r
  data arrival time                                   0.37

  clock vclk (rise edge)                   0.38       0.38
  clock network delay (ideal)              0.00       0.38
  output external delay                    0.00       0.38
  data required time                                  0.38
  -----------------------------------------------------------
  data required time                                  0.38
  data arrival time                                  -0.37
  -----------------------------------------------------------
  slack (MET)                                         0.00


  Startpoint: data[8][1] (input port clocked by vclk)
  Endpoint: codeword[3][3]
            (output port clocked by vclk)
  Path Group: vclk
  Path Type: max

  Des/Clust/Port     Wire Load Model       Library
  ------------------------------------------------
  ENCODER            ZeroWLM               um28nchllogl35hsl140f_ssgwc0p9v125c

  Point                                    Incr       Path
  -----------------------------------------------------------
  clock vclk (rise edge)                   0.00       0.00
  clock network delay (ideal)              0.00       0.00
  input external delay                     0.00       0.00 f
  data[8][1] (in)                          0.00       0.00 f
  U3135/X (STQ_EO3_0P5)                    0.11       0.11 f
  U3136/X (STQ_EO2_S_2)                    0.04       0.15 r
  U2119/X (STQ_EO3_0P5)                    0.03       0.18 f
  U3137/X (STQ_EO3_0P5)                    0.08       0.26 f
  U2478/X (STQ_EO3_0P5)                    0.08       0.34 f
  U3148/X (STQ_EO2_S_0P5)                  0.04       0.37 r
  codeword[3][3] (out)                     0.00       0.37 r
  data arrival time                                   0.37

  clock vclk (rise edge)                   0.38       0.38
  clock network delay (ideal)              0.00       0.38
  output external delay                    0.00       0.38
  data required time                                  0.38
  -----------------------------------------------------------
  data required time                                  0.38
  data arrival time                                  -0.37
  -----------------------------------------------------------
  slack (MET)                                         0.00


  Startpoint: data[5][6] (input port clocked by vclk)
  Endpoint: parity[3][7]
            (output port clocked by vclk)
  Path Group: vclk
  Path Type: max

  Des/Clust/Port     Wire Load Model       Library
  ------------------------------------------------
  ENCODER            ZeroWLM               um28nchllogl35hsl140f_ssgwc0p9v125c

  Point                                    Incr       Path
  -----------------------------------------------------------
  clock vclk (rise edge)                   0.00       0.00
  clock network delay (ideal)              0.00       0.00
  input external delay                     0.00       0.00 f
  data[5][6] (in)                          0.00       0.00 f
  U2121/X (STQ_EO3_0P5)                    0.11       0.11 f
  U2428/X (STQ_EO3_0P5)                    0.08       0.18 f
  U3536/X (STQ_EO3_0P5)                    0.04       0.23 r
  U3543/X (STQ_EO3_0P5)                    0.03       0.26 f
  U2480/X (STQ_EO3_0P5)                    0.08       0.34 f
  U3547/X (STQ_EO3_0P5)                    0.04       0.37 r
  parity[3][7] (out)                       0.00       0.37 r
  data arrival time                                   0.37

  clock vclk (rise edge)                   0.38       0.38
  clock network delay (ideal)              0.00       0.38
  output external delay                    0.00       0.38
  data required time                                  0.38
  -----------------------------------------------------------
  data required time                                  0.38
  data arrival time                                  -0.37
  -----------------------------------------------------------
  slack (MET)                                         0.00


  Startpoint: data[5][6] (input port clocked by vclk)
  Endpoint: codeword[3][7]
            (output port clocked by vclk)
  Path Group: vclk
  Path Type: max

  Des/Clust/Port     Wire Load Model       Library
  ------------------------------------------------
  ENCODER            ZeroWLM               um28nchllogl35hsl140f_ssgwc0p9v125c

  Point                                    Incr       Path
  -----------------------------------------------------------
  clock vclk (rise edge)                   0.00       0.00
  clock network delay (ideal)              0.00       0.00
  input external delay                     0.00       0.00 f
  data[5][6] (in)                          0.00       0.00 f
  U2121/X (STQ_EO3_0P5)                    0.11       0.11 f
  U2428/X (STQ_EO3_0P5)                    0.08       0.18 f
  U3536/X (STQ_EO3_0P5)                    0.04       0.23 r
  U3543/X (STQ_EO3_0P5)                    0.03       0.26 f
  U2480/X (STQ_EO3_0P5)                    0.08       0.34 f
  U3547/X (STQ_EO3_0P5)                    0.04       0.37 r
  codeword[3][7] (out)                     0.00       0.37 r
  data arrival time                                   0.37

  clock vclk (rise edge)                   0.38       0.38
  clock network delay (ideal)              0.00       0.38
  output external delay                    0.00       0.38
  data required time                                  0.38
  -----------------------------------------------------------
  data required time                                  0.38
  data arrival time                                  -0.37
  -----------------------------------------------------------
  slack (MET)                                         0.00


  Startpoint: data[5][6] (input port clocked by vclk)
  Endpoint: parity[3][7]
            (output port clocked by vclk)
  Path Group: vclk
  Path Type: max

  Des/Clust/Port     Wire Load Model       Library
  ------------------------------------------------
  ENCODER            ZeroWLM               um28nchllogl35hsl140f_ssgwc0p9v125c

  Point                                    Incr       Path
  -----------------------------------------------------------
  clock vclk (rise edge)                   0.00       0.00
  clock network delay (ideal)              0.00       0.00
  input external delay                     0.00       0.00 f
  data[5][6] (in)                          0.00       0.00 f
  U2121/X (STQ_EO3_0P5)                    0.11       0.11 f
  U2428/X (STQ_EO3_0P5)                    0.08       0.18 f
  U3536/X (STQ_EO3_0P5)                    0.04       0.23 r
  U3543/X (STQ_EO3_0P5)                    0.03       0.26 f
  U2480/X (STQ_EO3_0P5)                    0.08       0.34 f
  U3547/X (STQ_EO3_0P5)                    0.04       0.37 r
  parity[3][7] (out)                       0.00       0.37 r
  data arrival time                                   0.37

  clock vclk (rise edge)                   0.38       0.38
  clock network delay (ideal)              0.00       0.38
  output external delay                    0.00       0.38
  data required time                                  0.38
  -----------------------------------------------------------
  data required time                                  0.38
  data arrival time                                  -0.37
  -----------------------------------------------------------
  slack (MET)                                         0.00


  Startpoint: data[5][6] (input port clocked by vclk)
  Endpoint: codeword[3][7]
            (output port clocked by vclk)
  Path Group: vclk
  Path Type: max

  Des/Clust/Port     Wire Load Model       Library
  ------------------------------------------------
  ENCODER            ZeroWLM               um28nchllogl35hsl140f_ssgwc0p9v125c

  Point                                    Incr       Path
  -----------------------------------------------------------
  clock vclk (rise edge)                   0.00       0.00
  clock network delay (ideal)              0.00       0.00
  input external delay                     0.00       0.00 f
  data[5][6] (in)                          0.00       0.00 f
  U2121/X (STQ_EO3_0P5)                    0.11       0.11 f
  U2428/X (STQ_EO3_0P5)                    0.08       0.18 f
  U3536/X (STQ_EO3_0P5)                    0.04       0.23 r
  U3543/X (STQ_EO3_0P5)                    0.03       0.26 f
  U2480/X (STQ_EO3_0P5)                    0.08       0.34 f
  U3547/X (STQ_EO3_0P5)                    0.04       0.37 r
  codeword[3][7] (out)                     0.00       0.37 r
  data arrival time                                   0.37

  clock vclk (rise edge)                   0.38       0.38
  clock network delay (ideal)              0.00       0.38
  output external delay                    0.00       0.38
  data required time                                  0.38
  -----------------------------------------------------------
  data required time                                  0.38
  data arrival time                                  -0.37
  -----------------------------------------------------------
  slack (MET)                                         0.00


  Startpoint: data[5][6] (input port clocked by vclk)
  Endpoint: parity[3][7]
            (output port clocked by vclk)
  Path Group: vclk
  Path Type: max

  Des/Clust/Port     Wire Load Model       Library
  ------------------------------------------------
  ENCODER            ZeroWLM               um28nchllogl35hsl140f_ssgwc0p9v125c

  Point                                    Incr       Path
  -----------------------------------------------------------
  clock vclk (rise edge)                   0.00       0.00
  clock network delay (ideal)              0.00       0.00
  input external delay                     0.00       0.00 f
  data[5][6] (in)                          0.00       0.00 f
  U2121/X (STQ_EO3_0P5)                    0.11       0.11 f
  U2428/X (STQ_EO3_0P5)                    0.08       0.18 f
  U3536/X (STQ_EO3_0P5)                    0.04       0.23 r
  U3543/X (STQ_EO3_0P5)                    0.03       0.26 f
  U2480/X (STQ_EO3_0P5)                    0.08       0.34 f
  U3547/X (STQ_EO3_0P5)                    0.04       0.37 r
  parity[3][7] (out)                       0.00       0.37 r
  data arrival time                                   0.37

  clock vclk (rise edge)                   0.38       0.38
  clock network delay (ideal)              0.00       0.38
  output external delay                    0.00       0.38
  data required time                                  0.38
  -----------------------------------------------------------
  data required time                                  0.38
  data arrival time                                  -0.37
  -----------------------------------------------------------
  slack (MET)                                         0.00


  Startpoint: data[5][6] (input port clocked by vclk)
  Endpoint: codeword[3][7]
            (output port clocked by vclk)
  Path Group: vclk
  Path Type: max

  Des/Clust/Port     Wire Load Model       Library
  ------------------------------------------------
  ENCODER            ZeroWLM               um28nchllogl35hsl140f_ssgwc0p9v125c

  Point                                    Incr       Path
  -----------------------------------------------------------
  clock vclk (rise edge)                   0.00       0.00
  clock network delay (ideal)              0.00       0.00
  input external delay                     0.00       0.00 f
  data[5][6] (in)                          0.00       0.00 f
  U2121/X (STQ_EO3_0P5)                    0.11       0.11 f
  U2428/X (STQ_EO3_0P5)                    0.08       0.18 f
  U3536/X (STQ_EO3_0P5)                    0.04       0.23 r
  U3543/X (STQ_EO3_0P5)                    0.03       0.26 f
  U2480/X (STQ_EO3_0P5)                    0.08       0.34 f
  U3547/X (STQ_EO3_0P5)                    0.04       0.37 r
  codeword[3][7] (out)                     0.00       0.37 r
  data arrival time                                   0.37

  clock vclk (rise edge)                   0.38       0.38
  clock network delay (ideal)              0.00       0.38
  output external delay                    0.00       0.38
  data required time                                  0.38
  -----------------------------------------------------------
  data required time                                  0.38
  data arrival time                                  -0.37
  -----------------------------------------------------------
  slack (MET)                                         0.00


1
