 
****************************************
check_design summary:
Version:     Q-2019.12-SP5-5
Date:        Wed Apr  1 14:23:52 2026
****************************************

                   Name                                            Total
--------------------------------------------------------------------------------
Inputs/Outputs                                                    304
    Feedthrough (LINT-29)                                         256
    Shorted outputs (LINT-31)                                      48
--------------------------------------------------------------------------------

Warning: In design 'ENCODER', input port 'data[31][7]' is connected directly to output port 'codeword[37][7]'. (LINT-29)
Warning: In design 'ENCODER', input port 'data[31][6]' is connected directly to output port 'codeword[37][6]'. (LINT-29)
Warning: In design 'ENCODER', input port 'data[31][5]' is connected directly to output port 'codeword[37][5]'. (LINT-29)
Warning: In design 'ENCODER', input port 'data[31][4]' is connected directly to output port 'codeword[37][4]'. (LINT-29)
Warning: In design 'ENCODER', input port 'data[31][3]' is connected directly to output port 'codeword[37][3]'. (LINT-29)
Warning: In design 'ENCODER', input port 'data[31][2]' is connected directly to output port 'codeword[37][2]'. (LINT-29)
Warning: In design 'ENCODER', input port 'data[31][1]' is connected directly to output port 'codeword[37][1]'. (LINT-29)
Warning: In design 'ENCODER', input port 'data[31][0]' is connected directly to output port 'codeword[37][0]'. (LINT-29)
Warning: In design 'ENCODER', input port 'data[30][7]' is connected directly to output port 'codeword[36][7]'. (LINT-29)
Warning: In design 'ENCODER', input port 'data[30][6]' is connected directly to output port 'codeword[36][6]'. (LINT-29)
Warning: In design 'ENCODER', input port 'data[30][5]' is connected directly to output port 'codeword[36][5]'. (LINT-29)
Warning: In design 'ENCODER', input port 'data[30][4]' is connected directly to output port 'codeword[36][4]'. (LINT-29)
Warning: In design 'ENCODER', input port 'data[30][3]' is connected directly to output port 'codeword[36][3]'. (LINT-29)
Warning: In design 'ENCODER', input port 'data[30][2]' is connected directly to output port 'codeword[36][2]'. (LINT-29)
Warning: In design 'ENCODER', input port 'data[30][1]' is connected directly to output port 'codeword[36][1]'. (LINT-29)
Warning: In design 'ENCODER', input port 'data[30][0]' is connected directly to output port 'codeword[36][0]'. (LINT-29)
Warning: In design 'ENCODER', input port 'data[29][7]' is connected directly to output port 'codeword[35][7]'. (LINT-29)
Warning: In design 'ENCODER', input port 'data[29][6]' is connected directly to output port 'codeword[35][6]'. (LINT-29)
Warning: In design 'ENCODER', input port 'data[29][5]' is connected directly to output port 'codeword[35][5]'. (LINT-29)
Warning: In design 'ENCODER', input port 'data[29][4]' is connected directly to output port 'codeword[35][4]'. (LINT-29)
Warning: In design 'ENCODER', input port 'data[29][3]' is connected directly to output port 'codeword[35][3]'. (LINT-29)
Warning: In design 'ENCODER', input port 'data[29][2]' is connected directly to output port 'codeword[35][2]'. (LINT-29)
Warning: In design 'ENCODER', input port 'data[29][1]' is connected directly to output port 'codeword[35][1]'. (LINT-29)
Warning: In design 'ENCODER', input port 'data[29][0]' is connected directly to output port 'codeword[35][0]'. (LINT-29)
Warning: In design 'ENCODER', input port 'data[28][7]' is connected directly to output port 'codeword[34][7]'. (LINT-29)
Warning: In design 'ENCODER', input port 'data[28][6]' is connected directly to output port 'codeword[34][6]'. (LINT-29)
Warning: In design 'ENCODER', input port 'data[28][5]' is connected directly to output port 'codeword[34][5]'. (LINT-29)
Warning: In design 'ENCODER', input port 'data[28][4]' is connected directly to output port 'codeword[34][4]'. (LINT-29)
Warning: In design 'ENCODER', input port 'data[28][3]' is connected directly to output port 'codeword[34][3]'. (LINT-29)
Warning: In design 'ENCODER', input port 'data[28][2]' is connected directly to output port 'codeword[34][2]'. (LINT-29)
Warning: In design 'ENCODER', input port 'data[28][1]' is connected directly to output port 'codeword[34][1]'. (LINT-29)
Warning: In design 'ENCODER', input port 'data[28][0]' is connected directly to output port 'codeword[34][0]'. (LINT-29)
Warning: In design 'ENCODER', input port 'data[27][7]' is connected directly to output port 'codeword[33][7]'. (LINT-29)
Warning: In design 'ENCODER', input port 'data[27][6]' is connected directly to output port 'codeword[33][6]'. (LINT-29)
Warning: In design 'ENCODER', input port 'data[27][5]' is connected directly to output port 'codeword[33][5]'. (LINT-29)
Warning: In design 'ENCODER', input port 'data[27][4]' is connected directly to output port 'codeword[33][4]'. (LINT-29)
Warning: In design 'ENCODER', input port 'data[27][3]' is connected directly to output port 'codeword[33][3]'. (LINT-29)
Warning: In design 'ENCODER', input port 'data[27][2]' is connected directly to output port 'codeword[33][2]'. (LINT-29)
Warning: In design 'ENCODER', input port 'data[27][1]' is connected directly to output port 'codeword[33][1]'. (LINT-29)
Warning: In design 'ENCODER', input port 'data[27][0]' is connected directly to output port 'codeword[33][0]'. (LINT-29)
Warning: In design 'ENCODER', input port 'data[26][7]' is connected directly to output port 'codeword[32][7]'. (LINT-29)
Warning: In design 'ENCODER', input port 'data[26][6]' is connected directly to output port 'codeword[32][6]'. (LINT-29)
Warning: In design 'ENCODER', input port 'data[26][5]' is connected directly to output port 'codeword[32][5]'. (LINT-29)
Warning: In design 'ENCODER', input port 'data[26][4]' is connected directly to output port 'codeword[32][4]'. (LINT-29)
Warning: In design 'ENCODER', input port 'data[26][3]' is connected directly to output port 'codeword[32][3]'. (LINT-29)
Warning: In design 'ENCODER', input port 'data[26][2]' is connected directly to output port 'codeword[32][2]'. (LINT-29)
Warning: In design 'ENCODER', input port 'data[26][1]' is connected directly to output port 'codeword[32][1]'. (LINT-29)
Warning: In design 'ENCODER', input port 'data[26][0]' is connected directly to output port 'codeword[32][0]'. (LINT-29)
Warning: In design 'ENCODER', input port 'data[25][7]' is connected directly to output port 'codeword[31][7]'. (LINT-29)
Warning: In design 'ENCODER', input port 'data[25][6]' is connected directly to output port 'codeword[31][6]'. (LINT-29)
Warning: In design 'ENCODER', input port 'data[25][5]' is connected directly to output port 'codeword[31][5]'. (LINT-29)
Warning: In design 'ENCODER', input port 'data[25][4]' is connected directly to output port 'codeword[31][4]'. (LINT-29)
Warning: In design 'ENCODER', input port 'data[25][3]' is connected directly to output port 'codeword[31][3]'. (LINT-29)
Warning: In design 'ENCODER', input port 'data[25][2]' is connected directly to output port 'codeword[31][2]'. (LINT-29)
Warning: In design 'ENCODER', input port 'data[25][1]' is connected directly to output port 'codeword[31][1]'. (LINT-29)
Warning: In design 'ENCODER', input port 'data[25][0]' is connected directly to output port 'codeword[31][0]'. (LINT-29)
Warning: In design 'ENCODER', input port 'data[24][7]' is connected directly to output port 'codeword[30][7]'. (LINT-29)
Warning: In design 'ENCODER', input port 'data[24][6]' is connected directly to output port 'codeword[30][6]'. (LINT-29)
Warning: In design 'ENCODER', input port 'data[24][5]' is connected directly to output port 'codeword[30][5]'. (LINT-29)
Warning: In design 'ENCODER', input port 'data[24][4]' is connected directly to output port 'codeword[30][4]'. (LINT-29)
Warning: In design 'ENCODER', input port 'data[24][3]' is connected directly to output port 'codeword[30][3]'. (LINT-29)
Warning: In design 'ENCODER', input port 'data[24][2]' is connected directly to output port 'codeword[30][2]'. (LINT-29)
Warning: In design 'ENCODER', input port 'data[24][1]' is connected directly to output port 'codeword[30][1]'. (LINT-29)
Warning: In design 'ENCODER', input port 'data[24][0]' is connected directly to output port 'codeword[30][0]'. (LINT-29)
Warning: In design 'ENCODER', input port 'data[23][7]' is connected directly to output port 'codeword[29][7]'. (LINT-29)
Warning: In design 'ENCODER', input port 'data[23][6]' is connected directly to output port 'codeword[29][6]'. (LINT-29)
Warning: In design 'ENCODER', input port 'data[23][5]' is connected directly to output port 'codeword[29][5]'. (LINT-29)
Warning: In design 'ENCODER', input port 'data[23][4]' is connected directly to output port 'codeword[29][4]'. (LINT-29)
Warning: In design 'ENCODER', input port 'data[23][3]' is connected directly to output port 'codeword[29][3]'. (LINT-29)
Warning: In design 'ENCODER', input port 'data[23][2]' is connected directly to output port 'codeword[29][2]'. (LINT-29)
Warning: In design 'ENCODER', input port 'data[23][1]' is connected directly to output port 'codeword[29][1]'. (LINT-29)
Warning: In design 'ENCODER', input port 'data[23][0]' is connected directly to output port 'codeword[29][0]'. (LINT-29)
Warning: In design 'ENCODER', input port 'data[22][7]' is connected directly to output port 'codeword[28][7]'. (LINT-29)
Warning: In design 'ENCODER', input port 'data[22][6]' is connected directly to output port 'codeword[28][6]'. (LINT-29)
Warning: In design 'ENCODER', input port 'data[22][5]' is connected directly to output port 'codeword[28][5]'. (LINT-29)
Warning: In design 'ENCODER', input port 'data[22][4]' is connected directly to output port 'codeword[28][4]'. (LINT-29)
Warning: In design 'ENCODER', input port 'data[22][3]' is connected directly to output port 'codeword[28][3]'. (LINT-29)
Warning: In design 'ENCODER', input port 'data[22][2]' is connected directly to output port 'codeword[28][2]'. (LINT-29)
Warning: In design 'ENCODER', input port 'data[22][1]' is connected directly to output port 'codeword[28][1]'. (LINT-29)
Warning: In design 'ENCODER', input port 'data[22][0]' is connected directly to output port 'codeword[28][0]'. (LINT-29)
Warning: In design 'ENCODER', input port 'data[21][7]' is connected directly to output port 'codeword[27][7]'. (LINT-29)
Warning: In design 'ENCODER', input port 'data[21][6]' is connected directly to output port 'codeword[27][6]'. (LINT-29)
Warning: In design 'ENCODER', input port 'data[21][5]' is connected directly to output port 'codeword[27][5]'. (LINT-29)
Warning: In design 'ENCODER', input port 'data[21][4]' is connected directly to output port 'codeword[27][4]'. (LINT-29)
Warning: In design 'ENCODER', input port 'data[21][3]' is connected directly to output port 'codeword[27][3]'. (LINT-29)
Warning: In design 'ENCODER', input port 'data[21][2]' is connected directly to output port 'codeword[27][2]'. (LINT-29)
Warning: In design 'ENCODER', input port 'data[21][1]' is connected directly to output port 'codeword[27][1]'. (LINT-29)
Warning: In design 'ENCODER', input port 'data[21][0]' is connected directly to output port 'codeword[27][0]'. (LINT-29)
Warning: In design 'ENCODER', input port 'data[20][7]' is connected directly to output port 'codeword[26][7]'. (LINT-29)
Warning: In design 'ENCODER', input port 'data[20][6]' is connected directly to output port 'codeword[26][6]'. (LINT-29)
Warning: In design 'ENCODER', input port 'data[20][5]' is connected directly to output port 'codeword[26][5]'. (LINT-29)
Warning: In design 'ENCODER', input port 'data[20][4]' is connected directly to output port 'codeword[26][4]'. (LINT-29)
Warning: In design 'ENCODER', input port 'data[20][3]' is connected directly to output port 'codeword[26][3]'. (LINT-29)
Warning: In design 'ENCODER', input port 'data[20][2]' is connected directly to output port 'codeword[26][2]'. (LINT-29)
Warning: In design 'ENCODER', input port 'data[20][1]' is connected directly to output port 'codeword[26][1]'. (LINT-29)
Warning: In design 'ENCODER', input port 'data[20][0]' is connected directly to output port 'codeword[26][0]'. (LINT-29)
Warning: In design 'ENCODER', input port 'data[19][7]' is connected directly to output port 'codeword[25][7]'. (LINT-29)
Warning: In design 'ENCODER', input port 'data[19][6]' is connected directly to output port 'codeword[25][6]'. (LINT-29)
Warning: In design 'ENCODER', input port 'data[19][5]' is connected directly to output port 'codeword[25][5]'. (LINT-29)
Warning: In design 'ENCODER', input port 'data[19][4]' is connected directly to output port 'codeword[25][4]'. (LINT-29)
Warning: In design 'ENCODER', input port 'data[19][3]' is connected directly to output port 'codeword[25][3]'. (LINT-29)
Warning: In design 'ENCODER', input port 'data[19][2]' is connected directly to output port 'codeword[25][2]'. (LINT-29)
Warning: In design 'ENCODER', input port 'data[19][1]' is connected directly to output port 'codeword[25][1]'. (LINT-29)
Warning: In design 'ENCODER', input port 'data[19][0]' is connected directly to output port 'codeword[25][0]'. (LINT-29)
Warning: In design 'ENCODER', input port 'data[18][7]' is connected directly to output port 'codeword[24][7]'. (LINT-29)
Warning: In design 'ENCODER', input port 'data[18][6]' is connected directly to output port 'codeword[24][6]'. (LINT-29)
Warning: In design 'ENCODER', input port 'data[18][5]' is connected directly to output port 'codeword[24][5]'. (LINT-29)
Warning: In design 'ENCODER', input port 'data[18][4]' is connected directly to output port 'codeword[24][4]'. (LINT-29)
Warning: In design 'ENCODER', input port 'data[18][3]' is connected directly to output port 'codeword[24][3]'. (LINT-29)
Warning: In design 'ENCODER', input port 'data[18][2]' is connected directly to output port 'codeword[24][2]'. (LINT-29)
Warning: In design 'ENCODER', input port 'data[18][1]' is connected directly to output port 'codeword[24][1]'. (LINT-29)
Warning: In design 'ENCODER', input port 'data[18][0]' is connected directly to output port 'codeword[24][0]'. (LINT-29)
Warning: In design 'ENCODER', input port 'data[17][7]' is connected directly to output port 'codeword[23][7]'. (LINT-29)
Warning: In design 'ENCODER', input port 'data[17][6]' is connected directly to output port 'codeword[23][6]'. (LINT-29)
Warning: In design 'ENCODER', input port 'data[17][5]' is connected directly to output port 'codeword[23][5]'. (LINT-29)
Warning: In design 'ENCODER', input port 'data[17][4]' is connected directly to output port 'codeword[23][4]'. (LINT-29)
Warning: In design 'ENCODER', input port 'data[17][3]' is connected directly to output port 'codeword[23][3]'. (LINT-29)
Warning: In design 'ENCODER', input port 'data[17][2]' is connected directly to output port 'codeword[23][2]'. (LINT-29)
Warning: In design 'ENCODER', input port 'data[17][1]' is connected directly to output port 'codeword[23][1]'. (LINT-29)
Warning: In design 'ENCODER', input port 'data[17][0]' is connected directly to output port 'codeword[23][0]'. (LINT-29)
Warning: In design 'ENCODER', input port 'data[16][7]' is connected directly to output port 'codeword[22][7]'. (LINT-29)
Warning: In design 'ENCODER', input port 'data[16][6]' is connected directly to output port 'codeword[22][6]'. (LINT-29)
Warning: In design 'ENCODER', input port 'data[16][5]' is connected directly to output port 'codeword[22][5]'. (LINT-29)
Warning: In design 'ENCODER', input port 'data[16][4]' is connected directly to output port 'codeword[22][4]'. (LINT-29)
Warning: In design 'ENCODER', input port 'data[16][3]' is connected directly to output port 'codeword[22][3]'. (LINT-29)
Warning: In design 'ENCODER', input port 'data[16][2]' is connected directly to output port 'codeword[22][2]'. (LINT-29)
Warning: In design 'ENCODER', input port 'data[16][1]' is connected directly to output port 'codeword[22][1]'. (LINT-29)
Warning: In design 'ENCODER', input port 'data[16][0]' is connected directly to output port 'codeword[22][0]'. (LINT-29)
Warning: In design 'ENCODER', input port 'data[15][7]' is connected directly to output port 'codeword[21][7]'. (LINT-29)
Warning: In design 'ENCODER', input port 'data[15][6]' is connected directly to output port 'codeword[21][6]'. (LINT-29)
Warning: In design 'ENCODER', input port 'data[15][5]' is connected directly to output port 'codeword[21][5]'. (LINT-29)
Warning: In design 'ENCODER', input port 'data[15][4]' is connected directly to output port 'codeword[21][4]'. (LINT-29)
Warning: In design 'ENCODER', input port 'data[15][3]' is connected directly to output port 'codeword[21][3]'. (LINT-29)
Warning: In design 'ENCODER', input port 'data[15][2]' is connected directly to output port 'codeword[21][2]'. (LINT-29)
Warning: In design 'ENCODER', input port 'data[15][1]' is connected directly to output port 'codeword[21][1]'. (LINT-29)
Warning: In design 'ENCODER', input port 'data[15][0]' is connected directly to output port 'codeword[21][0]'. (LINT-29)
Warning: In design 'ENCODER', input port 'data[14][7]' is connected directly to output port 'codeword[20][7]'. (LINT-29)
Warning: In design 'ENCODER', input port 'data[14][6]' is connected directly to output port 'codeword[20][6]'. (LINT-29)
Warning: In design 'ENCODER', input port 'data[14][5]' is connected directly to output port 'codeword[20][5]'. (LINT-29)
Warning: In design 'ENCODER', input port 'data[14][4]' is connected directly to output port 'codeword[20][4]'. (LINT-29)
Warning: In design 'ENCODER', input port 'data[14][3]' is connected directly to output port 'codeword[20][3]'. (LINT-29)
Warning: In design 'ENCODER', input port 'data[14][2]' is connected directly to output port 'codeword[20][2]'. (LINT-29)
Warning: In design 'ENCODER', input port 'data[14][1]' is connected directly to output port 'codeword[20][1]'. (LINT-29)
Warning: In design 'ENCODER', input port 'data[14][0]' is connected directly to output port 'codeword[20][0]'. (LINT-29)
Warning: In design 'ENCODER', input port 'data[13][7]' is connected directly to output port 'codeword[19][7]'. (LINT-29)
Warning: In design 'ENCODER', input port 'data[13][6]' is connected directly to output port 'codeword[19][6]'. (LINT-29)
Warning: In design 'ENCODER', input port 'data[13][5]' is connected directly to output port 'codeword[19][5]'. (LINT-29)
Warning: In design 'ENCODER', input port 'data[13][4]' is connected directly to output port 'codeword[19][4]'. (LINT-29)
Warning: In design 'ENCODER', input port 'data[13][3]' is connected directly to output port 'codeword[19][3]'. (LINT-29)
Warning: In design 'ENCODER', input port 'data[13][2]' is connected directly to output port 'codeword[19][2]'. (LINT-29)
Warning: In design 'ENCODER', input port 'data[13][1]' is connected directly to output port 'codeword[19][1]'. (LINT-29)
Warning: In design 'ENCODER', input port 'data[13][0]' is connected directly to output port 'codeword[19][0]'. (LINT-29)
Warning: In design 'ENCODER', input port 'data[12][7]' is connected directly to output port 'codeword[18][7]'. (LINT-29)
Warning: In design 'ENCODER', input port 'data[12][6]' is connected directly to output port 'codeword[18][6]'. (LINT-29)
Warning: In design 'ENCODER', input port 'data[12][5]' is connected directly to output port 'codeword[18][5]'. (LINT-29)
Warning: In design 'ENCODER', input port 'data[12][4]' is connected directly to output port 'codeword[18][4]'. (LINT-29)
Warning: In design 'ENCODER', input port 'data[12][3]' is connected directly to output port 'codeword[18][3]'. (LINT-29)
Warning: In design 'ENCODER', input port 'data[12][2]' is connected directly to output port 'codeword[18][2]'. (LINT-29)
Warning: In design 'ENCODER', input port 'data[12][1]' is connected directly to output port 'codeword[18][1]'. (LINT-29)
Warning: In design 'ENCODER', input port 'data[12][0]' is connected directly to output port 'codeword[18][0]'. (LINT-29)
Warning: In design 'ENCODER', input port 'data[11][7]' is connected directly to output port 'codeword[17][7]'. (LINT-29)
Warning: In design 'ENCODER', input port 'data[11][6]' is connected directly to output port 'codeword[17][6]'. (LINT-29)
Warning: In design 'ENCODER', input port 'data[11][5]' is connected directly to output port 'codeword[17][5]'. (LINT-29)
Warning: In design 'ENCODER', input port 'data[11][4]' is connected directly to output port 'codeword[17][4]'. (LINT-29)
Warning: In design 'ENCODER', input port 'data[11][3]' is connected directly to output port 'codeword[17][3]'. (LINT-29)
Warning: In design 'ENCODER', input port 'data[11][2]' is connected directly to output port 'codeword[17][2]'. (LINT-29)
Warning: In design 'ENCODER', input port 'data[11][1]' is connected directly to output port 'codeword[17][1]'. (LINT-29)
Warning: In design 'ENCODER', input port 'data[11][0]' is connected directly to output port 'codeword[17][0]'. (LINT-29)
Warning: In design 'ENCODER', input port 'data[10][7]' is connected directly to output port 'codeword[16][7]'. (LINT-29)
Warning: In design 'ENCODER', input port 'data[10][6]' is connected directly to output port 'codeword[16][6]'. (LINT-29)
Warning: In design 'ENCODER', input port 'data[10][5]' is connected directly to output port 'codeword[16][5]'. (LINT-29)
Warning: In design 'ENCODER', input port 'data[10][4]' is connected directly to output port 'codeword[16][4]'. (LINT-29)
Warning: In design 'ENCODER', input port 'data[10][3]' is connected directly to output port 'codeword[16][3]'. (LINT-29)
Warning: In design 'ENCODER', input port 'data[10][2]' is connected directly to output port 'codeword[16][2]'. (LINT-29)
Warning: In design 'ENCODER', input port 'data[10][1]' is connected directly to output port 'codeword[16][1]'. (LINT-29)
Warning: In design 'ENCODER', input port 'data[10][0]' is connected directly to output port 'codeword[16][0]'. (LINT-29)
Warning: In design 'ENCODER', input port 'data[9][7]' is connected directly to output port 'codeword[15][7]'. (LINT-29)
Warning: In design 'ENCODER', input port 'data[9][6]' is connected directly to output port 'codeword[15][6]'. (LINT-29)
Warning: In design 'ENCODER', input port 'data[9][5]' is connected directly to output port 'codeword[15][5]'. (LINT-29)
Warning: In design 'ENCODER', input port 'data[9][4]' is connected directly to output port 'codeword[15][4]'. (LINT-29)
Warning: In design 'ENCODER', input port 'data[9][3]' is connected directly to output port 'codeword[15][3]'. (LINT-29)
Warning: In design 'ENCODER', input port 'data[9][2]' is connected directly to output port 'codeword[15][2]'. (LINT-29)
Warning: In design 'ENCODER', input port 'data[9][1]' is connected directly to output port 'codeword[15][1]'. (LINT-29)
Warning: In design 'ENCODER', input port 'data[9][0]' is connected directly to output port 'codeword[15][0]'. (LINT-29)
Warning: In design 'ENCODER', input port 'data[8][7]' is connected directly to output port 'codeword[14][7]'. (LINT-29)
Warning: In design 'ENCODER', input port 'data[8][6]' is connected directly to output port 'codeword[14][6]'. (LINT-29)
Warning: In design 'ENCODER', input port 'data[8][5]' is connected directly to output port 'codeword[14][5]'. (LINT-29)
Warning: In design 'ENCODER', input port 'data[8][4]' is connected directly to output port 'codeword[14][4]'. (LINT-29)
Warning: In design 'ENCODER', input port 'data[8][3]' is connected directly to output port 'codeword[14][3]'. (LINT-29)
Warning: In design 'ENCODER', input port 'data[8][2]' is connected directly to output port 'codeword[14][2]'. (LINT-29)
Warning: In design 'ENCODER', input port 'data[8][1]' is connected directly to output port 'codeword[14][1]'. (LINT-29)
Warning: In design 'ENCODER', input port 'data[8][0]' is connected directly to output port 'codeword[14][0]'. (LINT-29)
Warning: In design 'ENCODER', input port 'data[7][7]' is connected directly to output port 'codeword[13][7]'. (LINT-29)
Warning: In design 'ENCODER', input port 'data[7][6]' is connected directly to output port 'codeword[13][6]'. (LINT-29)
Warning: In design 'ENCODER', input port 'data[7][5]' is connected directly to output port 'codeword[13][5]'. (LINT-29)
Warning: In design 'ENCODER', input port 'data[7][4]' is connected directly to output port 'codeword[13][4]'. (LINT-29)
Warning: In design 'ENCODER', input port 'data[7][3]' is connected directly to output port 'codeword[13][3]'. (LINT-29)
Warning: In design 'ENCODER', input port 'data[7][2]' is connected directly to output port 'codeword[13][2]'. (LINT-29)
Warning: In design 'ENCODER', input port 'data[7][1]' is connected directly to output port 'codeword[13][1]'. (LINT-29)
Warning: In design 'ENCODER', input port 'data[7][0]' is connected directly to output port 'codeword[13][0]'. (LINT-29)
Warning: In design 'ENCODER', input port 'data[6][7]' is connected directly to output port 'codeword[12][7]'. (LINT-29)
Warning: In design 'ENCODER', input port 'data[6][6]' is connected directly to output port 'codeword[12][6]'. (LINT-29)
Warning: In design 'ENCODER', input port 'data[6][5]' is connected directly to output port 'codeword[12][5]'. (LINT-29)
Warning: In design 'ENCODER', input port 'data[6][4]' is connected directly to output port 'codeword[12][4]'. (LINT-29)
Warning: In design 'ENCODER', input port 'data[6][3]' is connected directly to output port 'codeword[12][3]'. (LINT-29)
Warning: In design 'ENCODER', input port 'data[6][2]' is connected directly to output port 'codeword[12][2]'. (LINT-29)
Warning: In design 'ENCODER', input port 'data[6][1]' is connected directly to output port 'codeword[12][1]'. (LINT-29)
Warning: In design 'ENCODER', input port 'data[6][0]' is connected directly to output port 'codeword[12][0]'. (LINT-29)
Warning: In design 'ENCODER', input port 'data[5][7]' is connected directly to output port 'codeword[11][7]'. (LINT-29)
Warning: In design 'ENCODER', input port 'data[5][6]' is connected directly to output port 'codeword[11][6]'. (LINT-29)
Warning: In design 'ENCODER', input port 'data[5][5]' is connected directly to output port 'codeword[11][5]'. (LINT-29)
Warning: In design 'ENCODER', input port 'data[5][4]' is connected directly to output port 'codeword[11][4]'. (LINT-29)
Warning: In design 'ENCODER', input port 'data[5][3]' is connected directly to output port 'codeword[11][3]'. (LINT-29)
Warning: In design 'ENCODER', input port 'data[5][2]' is connected directly to output port 'codeword[11][2]'. (LINT-29)
Warning: In design 'ENCODER', input port 'data[5][1]' is connected directly to output port 'codeword[11][1]'. (LINT-29)
Warning: In design 'ENCODER', input port 'data[5][0]' is connected directly to output port 'codeword[11][0]'. (LINT-29)
Warning: In design 'ENCODER', input port 'data[4][7]' is connected directly to output port 'codeword[10][7]'. (LINT-29)
Warning: In design 'ENCODER', input port 'data[4][6]' is connected directly to output port 'codeword[10][6]'. (LINT-29)
Warning: In design 'ENCODER', input port 'data[4][5]' is connected directly to output port 'codeword[10][5]'. (LINT-29)
Warning: In design 'ENCODER', input port 'data[4][4]' is connected directly to output port 'codeword[10][4]'. (LINT-29)
Warning: In design 'ENCODER', input port 'data[4][3]' is connected directly to output port 'codeword[10][3]'. (LINT-29)
Warning: In design 'ENCODER', input port 'data[4][2]' is connected directly to output port 'codeword[10][2]'. (LINT-29)
Warning: In design 'ENCODER', input port 'data[4][1]' is connected directly to output port 'codeword[10][1]'. (LINT-29)
Warning: In design 'ENCODER', input port 'data[4][0]' is connected directly to output port 'codeword[10][0]'. (LINT-29)
Warning: In design 'ENCODER', input port 'data[3][7]' is connected directly to output port 'codeword[9][7]'. (LINT-29)
Warning: In design 'ENCODER', input port 'data[3][6]' is connected directly to output port 'codeword[9][6]'. (LINT-29)
Warning: In design 'ENCODER', input port 'data[3][5]' is connected directly to output port 'codeword[9][5]'. (LINT-29)
Warning: In design 'ENCODER', input port 'data[3][4]' is connected directly to output port 'codeword[9][4]'. (LINT-29)
Warning: In design 'ENCODER', input port 'data[3][3]' is connected directly to output port 'codeword[9][3]'. (LINT-29)
Warning: In design 'ENCODER', input port 'data[3][2]' is connected directly to output port 'codeword[9][2]'. (LINT-29)
Warning: In design 'ENCODER', input port 'data[3][1]' is connected directly to output port 'codeword[9][1]'. (LINT-29)
Warning: In design 'ENCODER', input port 'data[3][0]' is connected directly to output port 'codeword[9][0]'. (LINT-29)
Warning: In design 'ENCODER', input port 'data[2][7]' is connected directly to output port 'codeword[8][7]'. (LINT-29)
Warning: In design 'ENCODER', input port 'data[2][6]' is connected directly to output port 'codeword[8][6]'. (LINT-29)
Warning: In design 'ENCODER', input port 'data[2][5]' is connected directly to output port 'codeword[8][5]'. (LINT-29)
Warning: In design 'ENCODER', input port 'data[2][4]' is connected directly to output port 'codeword[8][4]'. (LINT-29)
Warning: In design 'ENCODER', input port 'data[2][3]' is connected directly to output port 'codeword[8][3]'. (LINT-29)
Warning: In design 'ENCODER', input port 'data[2][2]' is connected directly to output port 'codeword[8][2]'. (LINT-29)
Warning: In design 'ENCODER', input port 'data[2][1]' is connected directly to output port 'codeword[8][1]'. (LINT-29)
Warning: In design 'ENCODER', input port 'data[2][0]' is connected directly to output port 'codeword[8][0]'. (LINT-29)
Warning: In design 'ENCODER', input port 'data[1][7]' is connected directly to output port 'codeword[7][7]'. (LINT-29)
Warning: In design 'ENCODER', input port 'data[1][6]' is connected directly to output port 'codeword[7][6]'. (LINT-29)
Warning: In design 'ENCODER', input port 'data[1][5]' is connected directly to output port 'codeword[7][5]'. (LINT-29)
Warning: In design 'ENCODER', input port 'data[1][4]' is connected directly to output port 'codeword[7][4]'. (LINT-29)
Warning: In design 'ENCODER', input port 'data[1][3]' is connected directly to output port 'codeword[7][3]'. (LINT-29)
Warning: In design 'ENCODER', input port 'data[1][2]' is connected directly to output port 'codeword[7][2]'. (LINT-29)
Warning: In design 'ENCODER', input port 'data[1][1]' is connected directly to output port 'codeword[7][1]'. (LINT-29)
Warning: In design 'ENCODER', input port 'data[1][0]' is connected directly to output port 'codeword[7][0]'. (LINT-29)
Warning: In design 'ENCODER', input port 'data[0][7]' is connected directly to output port 'codeword[6][7]'. (LINT-29)
Warning: In design 'ENCODER', input port 'data[0][6]' is connected directly to output port 'codeword[6][6]'. (LINT-29)
Warning: In design 'ENCODER', input port 'data[0][5]' is connected directly to output port 'codeword[6][5]'. (LINT-29)
Warning: In design 'ENCODER', input port 'data[0][4]' is connected directly to output port 'codeword[6][4]'. (LINT-29)
Warning: In design 'ENCODER', input port 'data[0][3]' is connected directly to output port 'codeword[6][3]'. (LINT-29)
Warning: In design 'ENCODER', input port 'data[0][2]' is connected directly to output port 'codeword[6][2]'. (LINT-29)
Warning: In design 'ENCODER', input port 'data[0][1]' is connected directly to output port 'codeword[6][1]'. (LINT-29)
Warning: In design 'ENCODER', input port 'data[0][0]' is connected directly to output port 'codeword[6][0]'. (LINT-29)
Warning: In design 'ENCODER', output port 'parity[5][7]' is connected directly to output port 'codeword[5][7]'. (LINT-31)
Warning: In design 'ENCODER', output port 'parity[5][6]' is connected directly to output port 'codeword[5][6]'. (LINT-31)
Warning: In design 'ENCODER', output port 'parity[5][5]' is connected directly to output port 'codeword[5][5]'. (LINT-31)
Warning: In design 'ENCODER', output port 'parity[5][4]' is connected directly to output port 'codeword[5][4]'. (LINT-31)
Warning: In design 'ENCODER', output port 'parity[5][3]' is connected directly to output port 'codeword[5][3]'. (LINT-31)
Warning: In design 'ENCODER', output port 'parity[5][2]' is connected directly to output port 'codeword[5][2]'. (LINT-31)
Warning: In design 'ENCODER', output port 'parity[5][1]' is connected directly to output port 'codeword[5][1]'. (LINT-31)
Warning: In design 'ENCODER', output port 'parity[5][0]' is connected directly to output port 'codeword[5][0]'. (LINT-31)
Warning: In design 'ENCODER', output port 'parity[4][7]' is connected directly to output port 'codeword[4][7]'. (LINT-31)
Warning: In design 'ENCODER', output port 'parity[4][6]' is connected directly to output port 'codeword[4][6]'. (LINT-31)
Warning: In design 'ENCODER', output port 'parity[4][5]' is connected directly to output port 'codeword[4][5]'. (LINT-31)
Warning: In design 'ENCODER', output port 'parity[4][4]' is connected directly to output port 'codeword[4][4]'. (LINT-31)
Warning: In design 'ENCODER', output port 'parity[4][3]' is connected directly to output port 'codeword[4][3]'. (LINT-31)
Warning: In design 'ENCODER', output port 'parity[4][2]' is connected directly to output port 'codeword[4][2]'. (LINT-31)
Warning: In design 'ENCODER', output port 'parity[4][1]' is connected directly to output port 'codeword[4][1]'. (LINT-31)
Warning: In design 'ENCODER', output port 'parity[4][0]' is connected directly to output port 'codeword[4][0]'. (LINT-31)
Warning: In design 'ENCODER', output port 'parity[3][7]' is connected directly to output port 'codeword[3][7]'. (LINT-31)
Warning: In design 'ENCODER', output port 'parity[3][6]' is connected directly to output port 'codeword[3][6]'. (LINT-31)
Warning: In design 'ENCODER', output port 'parity[3][5]' is connected directly to output port 'codeword[3][5]'. (LINT-31)
Warning: In design 'ENCODER', output port 'parity[3][4]' is connected directly to output port 'codeword[3][4]'. (LINT-31)
Warning: In design 'ENCODER', output port 'parity[3][3]' is connected directly to output port 'codeword[3][3]'. (LINT-31)
Warning: In design 'ENCODER', output port 'parity[3][2]' is connected directly to output port 'codeword[3][2]'. (LINT-31)
Warning: In design 'ENCODER', output port 'parity[3][1]' is connected directly to output port 'codeword[3][1]'. (LINT-31)
Warning: In design 'ENCODER', output port 'parity[3][0]' is connected directly to output port 'codeword[3][0]'. (LINT-31)
Warning: In design 'ENCODER', output port 'parity[2][7]' is connected directly to output port 'codeword[2][7]'. (LINT-31)
Warning: In design 'ENCODER', output port 'parity[2][6]' is connected directly to output port 'codeword[2][6]'. (LINT-31)
Warning: In design 'ENCODER', output port 'parity[2][5]' is connected directly to output port 'codeword[2][5]'. (LINT-31)
Warning: In design 'ENCODER', output port 'parity[2][4]' is connected directly to output port 'codeword[2][4]'. (LINT-31)
Warning: In design 'ENCODER', output port 'parity[2][3]' is connected directly to output port 'codeword[2][3]'. (LINT-31)
Warning: In design 'ENCODER', output port 'parity[2][2]' is connected directly to output port 'codeword[2][2]'. (LINT-31)
Warning: In design 'ENCODER', output port 'parity[2][1]' is connected directly to output port 'codeword[2][1]'. (LINT-31)
Warning: In design 'ENCODER', output port 'parity[2][0]' is connected directly to output port 'codeword[2][0]'. (LINT-31)
Warning: In design 'ENCODER', output port 'parity[1][7]' is connected directly to output port 'codeword[1][7]'. (LINT-31)
Warning: In design 'ENCODER', output port 'parity[1][6]' is connected directly to output port 'codeword[1][6]'. (LINT-31)
Warning: In design 'ENCODER', output port 'parity[1][5]' is connected directly to output port 'codeword[1][5]'. (LINT-31)
Warning: In design 'ENCODER', output port 'parity[1][4]' is connected directly to output port 'codeword[1][4]'. (LINT-31)
Warning: In design 'ENCODER', output port 'parity[1][3]' is connected directly to output port 'codeword[1][3]'. (LINT-31)
Warning: In design 'ENCODER', output port 'parity[1][2]' is connected directly to output port 'codeword[1][2]'. (LINT-31)
Warning: In design 'ENCODER', output port 'parity[1][1]' is connected directly to output port 'codeword[1][1]'. (LINT-31)
Warning: In design 'ENCODER', output port 'parity[1][0]' is connected directly to output port 'codeword[1][0]'. (LINT-31)
Warning: In design 'ENCODER', output port 'parity[0][7]' is connected directly to output port 'codeword[0][7]'. (LINT-31)
Warning: In design 'ENCODER', output port 'parity[0][6]' is connected directly to output port 'codeword[0][6]'. (LINT-31)
Warning: In design 'ENCODER', output port 'parity[0][5]' is connected directly to output port 'codeword[0][5]'. (LINT-31)
Warning: In design 'ENCODER', output port 'parity[0][4]' is connected directly to output port 'codeword[0][4]'. (LINT-31)
Warning: In design 'ENCODER', output port 'parity[0][3]' is connected directly to output port 'codeword[0][3]'. (LINT-31)
Warning: In design 'ENCODER', output port 'parity[0][2]' is connected directly to output port 'codeword[0][2]'. (LINT-31)
Warning: In design 'ENCODER', output port 'parity[0][1]' is connected directly to output port 'codeword[0][1]'. (LINT-31)
Warning: In design 'ENCODER', output port 'parity[0][0]' is connected directly to output port 'codeword[0][0]'. (LINT-31)
1
