Information: Propagating switching activity (high effort zero delay simulation). (PWR-6)
Warning: Design has unannotated primary inputs. (PWR-414)
 
****************************************
Report : power
        -analysis_effort high
Design : SEC_DED_DECODER
Version: Q-2019.12-SP5-5
Date   : Wed Apr  1 15:45:59 2026
****************************************


Library(s) Used:

    um28nchllogl35hsl140f_ssgwc0p9v125c (File: /media/0/LogicLibraries/UMC/28nm/35hs/hsl/lvt/latest/liberty/logic_synth/um28nchllogl35hsl140f_ssgwc0p9v125c.db)


Operating Conditions: SSGWC0P9V125C   Library: um28nchllogl35hsl140f_ssgwc0p9v125c
Wire Load Model Mode: enclosed

Design        Wire Load Model            Library
------------------------------------------------
SEC_DED_DECODER        ZeroWLM           um28nchllogl35hsl140f_ssgwc0p9v125c


Global Operating Voltage = 0.9  
Power-specific unit information :
    Voltage Units = 1V
    Capacitance Units = 1.000000pf
    Time Units = 1ns
    Dynamic Power Units = 1mW    (derived from V,C,T units)
    Leakage Power Units = 1nW


  Cell Internal Power  =   7.8466 mW   (63%)
  Net Switching Power  =   4.6027 mW   (37%)
                         ---------
Total Dynamic Power    =  12.4493 mW  (100%)

Cell Leakage Power     = 855.8751 uW

Information: report_power power group summary does not include estimated clock tree power. (PWR-789)

                 Internal         Switching           Leakage            Total
Power Group      Power            Power               Power              Power   (   %    )  Attrs
--------------------------------------------------------------------------------------------------
io_pad             0.0000            0.0000            0.0000            0.0000  (   0.00%)
memory             0.0000            0.0000            0.0000            0.0000  (   0.00%)
black_box          0.0000            0.0000            0.0000            0.0000  (   0.00%)
clock_network      0.0000            0.0000            0.0000            0.0000  (   0.00%)
register           0.0000            0.0000            0.0000            0.0000  (   0.00%)
sequential         0.0000            0.0000            0.0000            0.0000  (   0.00%)
combinational      7.8465            4.6027        8.5588e+05           13.3051  ( 100.00%)
--------------------------------------------------------------------------------------------------
Total              7.8465 mW         4.6027 mW     8.5588e+05 nW        13.3051 mW
1
