 
****************************************
Report : reference
Design : SEC_DED_DECODER
Version: Q-2019.12-SP5-5
Date   : Wed Apr  1 15:45:58 2026
****************************************

Attributes:
    b - black box (unknown)
   bo - allows boundary optimization
    d - dont_touch
   mo - map_only
    h - hierarchical
    n - noncombinational
    r - removable
    s - synthetic operator
    u - contains unmapped logic

Reference          Library       Unit Area   Count    Total Area   Attributes
-----------------------------------------------------------------------------
STQ_AN2_1          um28nchllogl35hsl140f_ssgwc0p9v125c
                                  0.672000       6      4.032000  
STQ_AN2_2          um28nchllogl35hsl140f_ssgwc0p9v125c
                                  0.840000       3      2.520000  
STQ_AN2_3          um28nchllogl35hsl140f_ssgwc0p9v125c
                                  1.344000       1      1.344000  
STQ_AN2_4          um28nchllogl35hsl140f_ssgwc0p9v125c
                                  1.512000       1      1.512000  
STQ_AN2_6          um28nchllogl35hsl140f_ssgwc0p9v125c
                                  2.184000       1      2.184000  
STQ_AN2_7          um28nchllogl35hsl140f_ssgwc0p9v125c
                                  2.688000       1      2.688000  
STQ_AN2_12         um28nchllogl35hsl140f_ssgwc0p9v125c
                                  4.200000       3     12.599999  
STQ_AN2_16         um28nchllogl35hsl140f_ssgwc0p9v125c
                                  5.544000       1      5.544000  
STQ_AN2_24         um28nchllogl35hsl140f_ssgwc0p9v125c
                                  8.400000       1      8.400000  
STQ_AN3B_0P5       um28nchllogl35hsl140f_ssgwc0p9v125c
                                  0.840000       3      2.520000  
STQ_AN3B_1         um28nchllogl35hsl140f_ssgwc0p9v125c
                                  0.840000      13     10.920000  
STQ_AN3B_2         um28nchllogl35hsl140f_ssgwc0p9v125c
                                  1.176000       3      3.528000  
STQ_AN3B_4         um28nchllogl35hsl140f_ssgwc0p9v125c
                                  2.184000       1      2.184000  
STQ_AN3_0P5        um28nchllogl35hsl140f_ssgwc0p9v125c
                                  0.840000       1      0.840000  
STQ_AN3_1          um28nchllogl35hsl140f_ssgwc0p9v125c
                                  0.840000       2      1.680000  
STQ_AN4B_0P5       um28nchllogl35hsl140f_ssgwc0p9v125c
                                  1.008000       1      1.008000  
STQ_AN4B_1         um28nchllogl35hsl140f_ssgwc0p9v125c
                                  1.008000      16     16.128000  
STQ_AN4B_2         um28nchllogl35hsl140f_ssgwc0p9v125c
                                  1.344000       6      8.064000  
STQ_AN4B_8         um28nchllogl35hsl140f_ssgwc0p9v125c
                                  4.872000       1      4.872000  
STQ_AN6_4          um28nchllogl35hsl140f_ssgwc0p9v125c
                                  3.528000       1      3.528000  
STQ_AO2BB2_0P5     um28nchllogl35hsl140f_ssgwc0p9v125c
                                  1.008000       3      3.024000  
STQ_AO21B_4        um28nchllogl35hsl140f_ssgwc0p9v125c
                                  2.184000       1      2.184000  
STQ_AOAI211_0P75   um28nchllogl35hsl140f_ssgwc0p9v125c
                                  0.840000      22     18.479999  
STQ_AOAI211_1      um28nchllogl35hsl140f_ssgwc0p9v125c
                                  0.840000       3      2.520000  
STQ_AOAI211_2      um28nchllogl35hsl140f_ssgwc0p9v125c
                                  1.512000       2      3.024000  
STQ_AOI21B_4       um28nchllogl35hsl140f_ssgwc0p9v125c
                                  2.520000       1      2.520000  
STQ_AOI21_0P75     um28nchllogl35hsl140f_ssgwc0p9v125c
                                  0.672000      14      9.408000  
STQ_AOI21_1        um28nchllogl35hsl140f_ssgwc0p9v125c
                                  0.672000       2      1.344000  
STQ_AOI21_8        um28nchllogl35hsl140f_ssgwc0p9v125c
                                  4.032000       1      4.032000  
STQ_AOI22_1        um28nchllogl35hsl140f_ssgwc0p9v125c
                                  0.840000       1      0.840000  
STQ_AOI22_3        um28nchllogl35hsl140f_ssgwc0p9v125c
                                  2.184000       1      2.184000  
STQ_AOI22_5        um28nchllogl35hsl140f_ssgwc0p9v125c
                                  3.528000       1      3.528000  
STQ_AOI31_0P5      um28nchllogl35hsl140f_ssgwc0p9v125c
                                  0.840000       1      0.840000  
STQ_AOI211_3       um28nchllogl35hsl140f_ssgwc0p9v125c
                                  2.184000       2      4.368000  
STQ_BUF_1          um28nchllogl35hsl140f_ssgwc0p9v125c
                                  0.504000      14      7.056000  
STQ_BUF_1P5        um28nchllogl35hsl140f_ssgwc0p9v125c
                                  0.672000       7      4.704000  
STQ_BUF_2          um28nchllogl35hsl140f_ssgwc0p9v125c
                                  0.672000       5      3.360000  
STQ_BUF_3          um28nchllogl35hsl140f_ssgwc0p9v125c
                                  1.008000      12     12.096000  
STQ_BUF_5          um28nchllogl35hsl140f_ssgwc0p9v125c
                                  1.512000       7     10.584000  
STQ_BUF_D_2        um28nchllogl35hsl140f_ssgwc0p9v125c
                                  0.672000       1      0.672000  
STQ_BUF_S_2P5      um28nchllogl35hsl140f_ssgwc0p9v125c
                                  0.840000       1      0.840000  
STQ_BUF_S_3        um28nchllogl35hsl140f_ssgwc0p9v125c
                                  1.008000       4      4.032000  
STQ_BUF_S_4        um28nchllogl35hsl140f_ssgwc0p9v125c
                                  1.176000       2      2.352000  
STQ_BUF_S_5        um28nchllogl35hsl140f_ssgwc0p9v125c
                                  1.344000       1      1.344000  
STQ_BUF_S_6        um28nchllogl35hsl140f_ssgwc0p9v125c
                                  1.680000       3      5.040000  
STQ_BUF_S_8        um28nchllogl35hsl140f_ssgwc0p9v125c
                                  2.184000       3      6.552000  
STQ_BUF_S_10       um28nchllogl35hsl140f_ssgwc0p9v125c
                                  2.688000       2      5.376000  
STQ_BUF_S_12       um28nchllogl35hsl140f_ssgwc0p9v125c
                                  3.192000       1      3.192000  
STQ_BUF_S_18       um28nchllogl35hsl140f_ssgwc0p9v125c
                                  4.536000       2      9.072000  
STQ_BUF_S_20       um28nchllogl35hsl140f_ssgwc0p9v125c
                                  5.208000       3     15.624001  
STQ_BUF_U_1        um28nchllogl35hsl140f_ssgwc0p9v125c
                                  0.504000       4      2.016000  
STQ_EN2_3          um28nchllogl35hsl140f_ssgwc0p9v125c
                                  3.024000       1      3.024000  
STQ_EN2_4          um28nchllogl35hsl140f_ssgwc0p9v125c
                                  3.024000      41    123.983997  
STQ_EN2_6          um28nchllogl35hsl140f_ssgwc0p9v125c
                                  4.536000      29    131.543993  
STQ_EN2_8          um28nchllogl35hsl140f_ssgwc0p9v125c
                                  5.880000      54    317.520006  
STQ_EN2_S_1        um28nchllogl35hsl140f_ssgwc0p9v125c
                                  1.512000       8     12.096000  
STQ_EN2_S_2        um28nchllogl35hsl140f_ssgwc0p9v125c
                                  1.680000      35     58.799998  
STQ_EN2_S_6        um28nchllogl35hsl140f_ssgwc0p9v125c
                                  4.200000       5     20.999999  
STQ_EN3_1          um28nchllogl35hsl140f_ssgwc0p9v125c
                                  2.184000       7     15.288000  
STQ_EN3_2          um28nchllogl35hsl140f_ssgwc0p9v125c
                                  2.688000       2      5.376000  
STQ_EN3_3          um28nchllogl35hsl140f_ssgwc0p9v125c
                                  4.032000     167    673.344011  
STQ_EN3_6          um28nchllogl35hsl140f_ssgwc0p9v125c
                                  6.888000      33    227.304000  
STQ_EO2_1          um28nchllogl35hsl140f_ssgwc0p9v125c
                                  1.512000      10     15.120000  
STQ_EO2_2          um28nchllogl35hsl140f_ssgwc0p9v125c
                                  1.680000       8     13.440000  
STQ_EO2_3          um28nchllogl35hsl140f_ssgwc0p9v125c
                                  2.856000      55    157.079997  
STQ_EO2_4          um28nchllogl35hsl140f_ssgwc0p9v125c
                                  3.024000       8     24.191999  
STQ_EO2_6          um28nchllogl35hsl140f_ssgwc0p9v125c
                                  4.536000       9     40.823998  
STQ_EO2_S_2        um28nchllogl35hsl140f_ssgwc0p9v125c
                                  1.512000      40     60.479999  
STQ_EO2_S_4        um28nchllogl35hsl140f_ssgwc0p9v125c
                                  2.688000       4     10.752000  
STQ_EO2_S_6        um28nchllogl35hsl140f_ssgwc0p9v125c
                                  4.032000       2      8.064000  
STQ_EO3_1          um28nchllogl35hsl140f_ssgwc0p9v125c
                                  2.184000       6     13.104000  
STQ_EO3_2          um28nchllogl35hsl140f_ssgwc0p9v125c
                                  2.688000      50    134.399998  
STQ_EO3_3          um28nchllogl35hsl140f_ssgwc0p9v125c
                                  4.200000      91    382.199983  
STQ_INV_1P5        um28nchllogl35hsl140f_ssgwc0p9v125c
                                  0.504000      14      7.056000  
STQ_INV_2          um28nchllogl35hsl140f_ssgwc0p9v125c
                                  0.504000      64     32.256001  
STQ_INV_2P5        um28nchllogl35hsl140f_ssgwc0p9v125c
                                  0.672000      20     13.440000  
STQ_INV_3          um28nchllogl35hsl140f_ssgwc0p9v125c
                                  0.672000      28     18.816000  
STQ_INV_3P5        um28nchllogl35hsl140f_ssgwc0p9v125c
                                  0.840000      42     35.279999  
STQ_INV_4          um28nchllogl35hsl140f_ssgwc0p9v125c
                                  0.840000      37     31.079999  
STQ_INV_6          um28nchllogl35hsl140f_ssgwc0p9v125c
                                  1.176000      33     38.808000  
STQ_INV_6P5        um28nchllogl35hsl140f_ssgwc0p9v125c
                                  1.344000      14     18.816000  
STQ_INV_7P5        um28nchllogl35hsl140f_ssgwc0p9v125c
                                  1.512000      23     34.775999  
STQ_INV_11         um28nchllogl35hsl140f_ssgwc0p9v125c
                                  2.016000      11     22.176000  
STQ_INV_12         um28nchllogl35hsl140f_ssgwc0p9v125c
                                  2.184000       6     13.104000  
STQ_INV_15         um28nchllogl35hsl140f_ssgwc0p9v125c
                                  2.688000       4     10.752000  
STQ_INV_18         um28nchllogl35hsl140f_ssgwc0p9v125c
                                  3.192000      15     47.879999  
STQ_INV_S_0P65     um28nchllogl35hsl140f_ssgwc0p9v125c
                                  0.336000     143     48.047999  
STQ_INV_S_1        um28nchllogl35hsl140f_ssgwc0p9v125c
                                  0.336000     410    137.759998  
STQ_INV_S_1P25     um28nchllogl35hsl140f_ssgwc0p9v125c
                                  0.504000      15      7.560000  
STQ_INV_S_5        um28nchllogl35hsl140f_ssgwc0p9v125c
                                  1.008000      27     27.216000  
STQ_INV_S_9        um28nchllogl35hsl140f_ssgwc0p9v125c
                                  1.680000       1      1.680000  
STQ_INV_S_10       um28nchllogl35hsl140f_ssgwc0p9v125c
                                  1.848000       9     16.632000  
STQ_INV_S_14       um28nchllogl35hsl140f_ssgwc0p9v125c
                                  2.520000       2      5.040000  
STQ_INV_S_24       um28nchllogl35hsl140f_ssgwc0p9v125c
                                  4.368000      11     48.048000  
STQ_MUXI2_MG_0P75  um28nchllogl35hsl140f_ssgwc0p9v125c
                                  1.008000      13     13.104000  
STQ_ND2B_1         um28nchllogl35hsl140f_ssgwc0p9v125c
                                  0.672000     129     86.687999  
STQ_ND2B_2         um28nchllogl35hsl140f_ssgwc0p9v125c
                                  1.008000      15     15.120000  
STQ_ND2B_3         um28nchllogl35hsl140f_ssgwc0p9v125c
                                  1.512000       9     13.608000  
STQ_ND2B_4         um28nchllogl35hsl140f_ssgwc0p9v125c
                                  1.848000       9     16.632000  
STQ_ND2B_6         um28nchllogl35hsl140f_ssgwc0p9v125c
                                  2.688000       7     18.816000  
STQ_ND2B_8         um28nchllogl35hsl140f_ssgwc0p9v125c
                                  3.528000       3     10.584000  
STQ_ND2B_10        um28nchllogl35hsl140f_ssgwc0p9v125c
                                  4.368000       1      4.368000  
STQ_ND2B_16        um28nchllogl35hsl140f_ssgwc0p9v125c
                                  6.888000       1      6.888000  
STQ_ND2B_MM_1      um28nchllogl35hsl140f_ssgwc0p9v125c
                                  0.672000      15     10.080000  
STQ_ND2B_MM_4      um28nchllogl35hsl140f_ssgwc0p9v125c
                                  1.680000       1      1.680000  
STQ_ND2B_V1DG_1    um28nchllogl35hsl140f_ssgwc0p9v125c
                                  0.672000      34     22.848000  
STQ_ND2B_V1DG_2    um28nchllogl35hsl140f_ssgwc0p9v125c
                                  1.008000       3      3.024000  
STQ_ND2B_V1DG_4    um28nchllogl35hsl140f_ssgwc0p9v125c
                                  1.680000       3      5.040000  
STQ_ND2B_V1DG_8    um28nchllogl35hsl140f_ssgwc0p9v125c
                                  3.192000       3      9.576000  
STQ_ND2_1P5        um28nchllogl35hsl140f_ssgwc0p9v125c
                                  0.840000       6      5.040000  
STQ_ND2_5          um28nchllogl35hsl140f_ssgwc0p9v125c
                                  1.848000      26     48.048001  
STQ_ND2_6          um28nchllogl35hsl140f_ssgwc0p9v125c
                                  2.184000      13     28.392000  
STQ_ND2_7          um28nchllogl35hsl140f_ssgwc0p9v125c
                                  2.520000      10     25.200000  
STQ_ND2_8          um28nchllogl35hsl140f_ssgwc0p9v125c
                                  2.856000       5     14.280000  
STQ_ND2_9          um28nchllogl35hsl140f_ssgwc0p9v125c
                                  3.192000       4     12.768000  
STQ_ND2_10         um28nchllogl35hsl140f_ssgwc0p9v125c
                                  3.528000       8     28.224001  
STQ_ND2_12         um28nchllogl35hsl140f_ssgwc0p9v125c
                                  4.200000      16     67.199997  
STQ_ND2_16         um28nchllogl35hsl140f_ssgwc0p9v125c
                                  5.544000       9     49.896001  
STQ_ND2_24         um28nchllogl35hsl140f_ssgwc0p9v125c
                                  8.400000       2     16.799999  
STQ_ND2_G_1        um28nchllogl35hsl140f_ssgwc0p9v125c
                                  0.504000      67     33.768001  
STQ_ND2_G_2        um28nchllogl35hsl140f_ssgwc0p9v125c
                                  0.840000      34     28.559999  
STQ_ND2_G_3        um28nchllogl35hsl140f_ssgwc0p9v125c
                                  1.176000      41     48.216000  
STQ_ND2_G_4        um28nchllogl35hsl140f_ssgwc0p9v125c
                                  1.512000      20     30.239999  
STQ_ND2_S_0P8      um28nchllogl35hsl140f_ssgwc0p9v125c
                                  0.504000      51     25.704000  
STQ_ND2_S_1        um28nchllogl35hsl140f_ssgwc0p9v125c
                                  0.504000      34     17.136000  
STQ_ND2_S_2        um28nchllogl35hsl140f_ssgwc0p9v125c
                                  0.840000       9      7.560000  
STQ_ND2_S_3        um28nchllogl35hsl140f_ssgwc0p9v125c
                                  1.176000       3      3.528000  
STQ_ND2_S_5        um28nchllogl35hsl140f_ssgwc0p9v125c
                                  1.512000      32     48.383999  
STQ_ND2_S_6        um28nchllogl35hsl140f_ssgwc0p9v125c
                                  1.848000      15     27.720001  
STQ_ND2_S_7        um28nchllogl35hsl140f_ssgwc0p9v125c
                                  2.184000       6     13.104000  
STQ_ND2_S_10       um28nchllogl35hsl140f_ssgwc0p9v125c
                                  2.856000      15     42.839999  
STQ_ND2_S_16       um28nchllogl35hsl140f_ssgwc0p9v125c
                                  4.200000       2      8.400000  
STQ_ND2_S_24       um28nchllogl35hsl140f_ssgwc0p9v125c
                                  6.048000       2     12.096000  
STQ_ND3B_0P5       um28nchllogl35hsl140f_ssgwc0p9v125c
                                  0.840000       2      1.680000  
STQ_ND3B_1         um28nchllogl35hsl140f_ssgwc0p9v125c
                                  0.840000       2      1.680000  
STQ_ND3B_4         um28nchllogl35hsl140f_ssgwc0p9v125c
                                  2.520000       8     20.160000  
STQ_ND3B_V1DG_2    um28nchllogl35hsl140f_ssgwc0p9v125c
                                  1.344000       2      2.688000  
STQ_ND3_0P5        um28nchllogl35hsl140f_ssgwc0p9v125c
                                  0.672000      15     10.080000  
STQ_ND3_1          um28nchllogl35hsl140f_ssgwc0p9v125c
                                  0.672000      14      9.408000  
STQ_ND3_2          um28nchllogl35hsl140f_ssgwc0p9v125c
                                  1.176000      37     43.512000  
STQ_ND3_3          um28nchllogl35hsl140f_ssgwc0p9v125c
                                  1.680000       9     15.120000  
STQ_ND3_4          um28nchllogl35hsl140f_ssgwc0p9v125c
                                  2.184000      31     67.704000  
STQ_ND3_5          um28nchllogl35hsl140f_ssgwc0p9v125c
                                  2.688000      29     77.951999  
STQ_ND3_6          um28nchllogl35hsl140f_ssgwc0p9v125c
                                  3.192000       6     19.151999  
STQ_ND3_8          um28nchllogl35hsl140f_ssgwc0p9v125c
                                  4.200000      14     58.799997  
STQ_ND3_16         um28nchllogl35hsl140f_ssgwc0p9v125c
                                  7.728000       1      7.728000  
STQ_ND4B_1         um28nchllogl35hsl140f_ssgwc0p9v125c
                                  1.008000       1      1.008000  
STQ_ND4_0P5        um28nchllogl35hsl140f_ssgwc0p9v125c
                                  0.840000       7      5.880000  
STQ_ND4_1          um28nchllogl35hsl140f_ssgwc0p9v125c
                                  0.840000       6      5.040000  
STQ_ND4_2          um28nchllogl35hsl140f_ssgwc0p9v125c
                                  1.512000       3      4.536000  
STQ_ND4_4          um28nchllogl35hsl140f_ssgwc0p9v125c
                                  2.856000       2      5.712000  
STQ_ND4_8          um28nchllogl35hsl140f_ssgwc0p9v125c
                                  5.208000       1      5.208000  
STQ_ND4_MM_1       um28nchllogl35hsl140f_ssgwc0p9v125c
                                  0.840000       3      2.520000  
STQ_ND4_MM_1P5     um28nchllogl35hsl140f_ssgwc0p9v125c
                                  1.512000       1      1.512000  
STQ_ND4_MM_4       um28nchllogl35hsl140f_ssgwc0p9v125c
                                  2.520000       4     10.080000  
STQ_ND4_MM_8       um28nchllogl35hsl140f_ssgwc0p9v125c
                                  4.536000       7     31.751998  
STQ_NR2B_1         um28nchllogl35hsl140f_ssgwc0p9v125c
                                  0.672000      21     14.112000  
STQ_NR2B_1P5       um28nchllogl35hsl140f_ssgwc0p9v125c
                                  1.008000       2      2.016000  
STQ_NR2B_2         um28nchllogl35hsl140f_ssgwc0p9v125c
                                  1.008000       2      2.016000  
STQ_NR2B_3         um28nchllogl35hsl140f_ssgwc0p9v125c
                                  1.512000       5      7.560000  
STQ_NR2B_4         um28nchllogl35hsl140f_ssgwc0p9v125c
                                  1.848000       5      9.240000  
STQ_NR2B_6         um28nchllogl35hsl140f_ssgwc0p9v125c
                                  2.688000       3      8.064000  
STQ_NR2B_8         um28nchllogl35hsl140f_ssgwc0p9v125c
                                  3.528000       3     10.584000  
STQ_NR2B_16        um28nchllogl35hsl140f_ssgwc0p9v125c
                                  6.552000       3     19.656000  
STQ_NR2B_V1DG_1    um28nchllogl35hsl140f_ssgwc0p9v125c
                                  0.672000       5      3.360000  
STQ_NR2B_V1DG_4    um28nchllogl35hsl140f_ssgwc0p9v125c
                                  1.680000       1      1.680000  
STQ_NR2_1          um28nchllogl35hsl140f_ssgwc0p9v125c
                                  0.504000      90     45.360001  
STQ_NR2_1P5        um28nchllogl35hsl140f_ssgwc0p9v125c
                                  0.840000      22     18.479999  
STQ_NR2_2          um28nchllogl35hsl140f_ssgwc0p9v125c
                                  0.840000      64     53.759998  
STQ_NR2_3          um28nchllogl35hsl140f_ssgwc0p9v125c
                                  1.176000      33     38.808000  
STQ_NR2_6          um28nchllogl35hsl140f_ssgwc0p9v125c
                                  2.184000      21     45.864000  
STQ_NR2_8          um28nchllogl35hsl140f_ssgwc0p9v125c
                                  2.856000      16     45.695999  
STQ_NR2_G_0P5      um28nchllogl35hsl140f_ssgwc0p9v125c
                                  0.504000      61     30.744000  
STQ_NR2_G_0P8      um28nchllogl35hsl140f_ssgwc0p9v125c
                                  0.504000      83     41.832001  
STQ_NR2_G_2P5      um28nchllogl35hsl140f_ssgwc0p9v125c
                                  1.176000      10     11.760000  
STQ_NR2_G_3P5      um28nchllogl35hsl140f_ssgwc0p9v125c
                                  1.512000      17     25.703999  
STQ_NR2_G_4        um28nchllogl35hsl140f_ssgwc0p9v125c
                                  1.512000      44     66.527998  
STQ_NR2_G_5        um28nchllogl35hsl140f_ssgwc0p9v125c
                                  1.848000      23     42.504001  
STQ_NR2_G_6        um28nchllogl35hsl140f_ssgwc0p9v125c
                                  2.184000      17     37.128000  
STQ_NR2_G_12       um28nchllogl35hsl140f_ssgwc0p9v125c
                                  4.200000      33    138.599994  
STQ_NR2_G_16       um28nchllogl35hsl140f_ssgwc0p9v125c
                                  5.544000       2     11.088000  
STQ_NR2_S_1P5      um28nchllogl35hsl140f_ssgwc0p9v125c
                                  0.840000       6      5.040000  
STQ_NR2_S_20       um28nchllogl35hsl140f_ssgwc0p9v125c
                                  5.544000       3     16.632000  
STQ_NR3B_MG_0P75   um28nchllogl35hsl140f_ssgwc0p9v125c
                                  0.840000       1      0.840000  
STQ_NR3B_MG_1      um28nchllogl35hsl140f_ssgwc0p9v125c
                                  0.840000       4      3.360000  
STQ_NR3B_MG_2      um28nchllogl35hsl140f_ssgwc0p9v125c
                                  1.344000       1      1.344000  
STQ_NR3_G_0P8      um28nchllogl35hsl140f_ssgwc0p9v125c
                                  0.672000      12      8.064000  
STQ_NR3_G_0P65     um28nchllogl35hsl140f_ssgwc0p9v125c
                                  0.672000      18     12.096000  
STQ_NR3_G_1        um28nchllogl35hsl140f_ssgwc0p9v125c
                                  0.672000      53     35.616000  
STQ_NR3_G_1P5      um28nchllogl35hsl140f_ssgwc0p9v125c
                                  1.176000       6      7.056000  
STQ_NR3_G_2        um28nchllogl35hsl140f_ssgwc0p9v125c
                                  1.176000      23     27.048000  
STQ_NR3_G_3        um28nchllogl35hsl140f_ssgwc0p9v125c
                                  1.680000       8     13.440000  
STQ_NR3_G_4        um28nchllogl35hsl140f_ssgwc0p9v125c
                                  2.184000      38     82.992001  
STQ_NR3_G_5        um28nchllogl35hsl140f_ssgwc0p9v125c
                                  2.688000       8     21.504000  
STQ_NR3_G_8        um28nchllogl35hsl140f_ssgwc0p9v125c
                                  4.200000      11     46.199998  
STQ_NR3_G_12       um28nchllogl35hsl140f_ssgwc0p9v125c
                                  6.216000       1      6.216000  
STQ_NR3_G_16       um28nchllogl35hsl140f_ssgwc0p9v125c
                                  8.232000       1      8.232000  
STQ_NR4BB_0P75     um28nchllogl35hsl140f_ssgwc0p9v125c
                                  1.176000       1      1.176000  
STQ_NR4B_1         um28nchllogl35hsl140f_ssgwc0p9v125c
                                  1.008000       1      1.008000  
STQ_NR4_0P5        um28nchllogl35hsl140f_ssgwc0p9v125c
                                  0.840000       5      4.200000  
STQ_NR4_1          um28nchllogl35hsl140f_ssgwc0p9v125c
                                  0.840000      25     20.999999  
STQ_NR4_2          um28nchllogl35hsl140f_ssgwc0p9v125c
                                  1.512000       7     10.584000  
STQ_NR4_4          um28nchllogl35hsl140f_ssgwc0p9v125c
                                  2.856000       7     19.992000  
STQ_NR4_8          um28nchllogl35hsl140f_ssgwc0p9v125c
                                  5.208000       4     20.832001  
STQ_OA2BB2_1       um28nchllogl35hsl140f_ssgwc0p9v125c
                                  1.008000       5      5.040000  
STQ_OA21B_1        um28nchllogl35hsl140f_ssgwc0p9v125c
                                  0.840000       1      0.840000  
STQ_OA21B_2        um28nchllogl35hsl140f_ssgwc0p9v125c
                                  1.176000       2      2.352000  
STQ_OAI21B_0P5     um28nchllogl35hsl140f_ssgwc0p9v125c
                                  0.840000      19     15.960000  
STQ_OAI21B_1       um28nchllogl35hsl140f_ssgwc0p9v125c
                                  0.840000       7      5.880000  
STQ_OAI21_0P5      um28nchllogl35hsl140f_ssgwc0p9v125c
                                  0.672000     119     79.967999  
STQ_OAI21_0P75     um28nchllogl35hsl140f_ssgwc0p9v125c
                                  0.672000      23     15.456000  
STQ_OAI21_1        um28nchllogl35hsl140f_ssgwc0p9v125c
                                  0.672000      37     24.864000  
STQ_OAI21_1P5      um28nchllogl35hsl140f_ssgwc0p9v125c
                                  1.176000       2      2.352000  
STQ_OAI21_3        um28nchllogl35hsl140f_ssgwc0p9v125c
                                  1.680000       1      1.680000  
STQ_OAI21_4        um28nchllogl35hsl140f_ssgwc0p9v125c
                                  2.184000       4      8.736000  
STQ_OAI21_6        um28nchllogl35hsl140f_ssgwc0p9v125c
                                  3.192000       2      6.384000  
STQ_OAI211_4       um28nchllogl35hsl140f_ssgwc0p9v125c
                                  2.856000       1      2.856000  
STQ_OAI211_8       um28nchllogl35hsl140f_ssgwc0p9v125c
                                  5.544000       1      5.544000  
STQ_OAOI211_1      um28nchllogl35hsl140f_ssgwc0p9v125c
                                  0.840000       1      0.840000  
STQ_OAOI211_4      um28nchllogl35hsl140f_ssgwc0p9v125c
                                  2.856000       1      2.856000  
STQ_OR2_1          um28nchllogl35hsl140f_ssgwc0p9v125c
                                  0.672000     128     86.015999  
STQ_OR2_2          um28nchllogl35hsl140f_ssgwc0p9v125c
                                  0.840000      13     10.920000  
STQ_OR2_2P5        um28nchllogl35hsl140f_ssgwc0p9v125c
                                  1.344000       1      1.344000  
STQ_OR2_3          um28nchllogl35hsl140f_ssgwc0p9v125c
                                  1.344000       5      6.720000  
STQ_OR2_4          um28nchllogl35hsl140f_ssgwc0p9v125c
                                  1.512000      14     21.168000  
STQ_OR2_5          um28nchllogl35hsl140f_ssgwc0p9v125c
                                  2.016000       1      2.016000  
STQ_OR2_6          um28nchllogl35hsl140f_ssgwc0p9v125c
                                  2.184000       4      8.736000  
STQ_OR2_7          um28nchllogl35hsl140f_ssgwc0p9v125c
                                  2.688000       8     21.504000  
STQ_OR2_10         um28nchllogl35hsl140f_ssgwc0p9v125c
                                  3.528000       3     10.584000  
STQ_OR2_12         um28nchllogl35hsl140f_ssgwc0p9v125c
                                  4.200000       3     12.599999  
STQ_OR2_16         um28nchllogl35hsl140f_ssgwc0p9v125c
                                  5.544000       2     11.088000  
STQ_OR3B_1         um28nchllogl35hsl140f_ssgwc0p9v125c
                                  0.840000      17     14.280000  
STQ_OR3B_2         um28nchllogl35hsl140f_ssgwc0p9v125c
                                  1.176000       8      9.408000  
STQ_OR3B_4         um28nchllogl35hsl140f_ssgwc0p9v125c
                                  2.184000      11     24.024000  
STQ_OR3B_8         um28nchllogl35hsl140f_ssgwc0p9v125c
                                  4.200000       3     12.599999  
STQ_OR3_1          um28nchllogl35hsl140f_ssgwc0p9v125c
                                  0.840000       5      4.200000  
STQ_OR3_3          um28nchllogl35hsl140f_ssgwc0p9v125c
                                  1.680000       3      5.040000  
STQ_OR3_4          um28nchllogl35hsl140f_ssgwc0p9v125c
                                  1.848000       3      5.544000  
STQ_OR3_6          um28nchllogl35hsl140f_ssgwc0p9v125c
                                  2.688000       1      2.688000  
STQ_OR3_8          um28nchllogl35hsl140f_ssgwc0p9v125c
                                  3.528000       3     10.584000  
STQ_OR3_12         um28nchllogl35hsl140f_ssgwc0p9v125c
                                  5.208000       1      5.208000  
STQ_OR3_L_1        um28nchllogl35hsl140f_ssgwc0p9v125c
                                  0.840000       3      2.520000  
STQ_OR3_L_1P5      um28nchllogl35hsl140f_ssgwc0p9v125c
                                  1.008000       2      2.016000  
STQ_OR4B_1         um28nchllogl35hsl140f_ssgwc0p9v125c
                                  1.008000      12     12.096000  
STQ_OR4B_2         um28nchllogl35hsl140f_ssgwc0p9v125c
                                  1.344000       2      2.688000  
STQ_OR4B_4         um28nchllogl35hsl140f_ssgwc0p9v125c
                                  2.520000       1      2.520000  
-----------------------------------------------------------------------------
Total 246 references                                 6199.871944
1
