 
****************************************
Report : timing
        -path full
        -delay max
        -nworst 10
        -max_paths 10
Design : SEC_DED_DECODER
Version: Q-2019.12-SP5-5
Date   : Wed Apr  1 15:45:58 2026
****************************************

Operating Conditions: SSGWC0P9V125C   Library: um28nchllogl35hsl140f_ssgwc0p9v125c
Wire Load Model Mode: enclosed

  Startpoint: codeword_in[249]
              (input port clocked by vclk)
  Endpoint: data_out[157]
            (output port clocked by vclk)
  Path Group: vclk
  Path Type: max

  Des/Clust/Port     Wire Load Model       Library
  ------------------------------------------------
  SEC_DED_DECODER    ZeroWLM               um28nchllogl35hsl140f_ssgwc0p9v125c

  Point                                    Incr       Path
  -----------------------------------------------------------
  clock vclk (rise edge)                   0.00       0.00
  clock network delay (ideal)              0.00       0.00
  input external delay                     0.00       0.00 r
  codeword_in[249] (in)                    0.00       0.00 r
  U5795/X (STQ_EN2_8)                      0.04       0.04 f
  U5633/X (STQ_EN2_8)                      0.03       0.08 r
  U3194/X (STQ_EN2_4)                      0.03       0.11 f
  U5849/X (STQ_EN3_3)                      0.05       0.16 r
  U5805/X (STQ_EN3_3)                      0.03       0.19 f
  U4486/X (STQ_EN3_6)                      0.07       0.26 r
  U4491/X (STQ_NR2_6)                      0.02       0.28 f
  U4314/X (STQ_ND2_12)                     0.01       0.30 r
  U3521/X (STQ_INV_7P5)                    0.01       0.30 f
  U4272/X (STQ_ND2_12)                     0.01       0.31 r
  U3059/X (STQ_INV_18)                     0.01       0.32 f
  U2961/X (STQ_INV_2)                      0.01       0.33 r
  U3446/X (STQ_NR3_G_4)                    0.01       0.34 f
  U2871/X (STQ_ND2B_4)                     0.02       0.36 f
  U4175/X (STQ_NR3_G_5)                    0.02       0.38 r
  U3420/X (STQ_ND2_S_10)                   0.01       0.39 f
  U5473/X (STQ_INV_6)                      0.01       0.40 r
  U3416/X (STQ_ND2_S_10)                   0.01       0.41 f
  U2642/X (STQ_NR3_G_1)                    0.03       0.44 r
  U3883/X (STQ_ND2_S_6)                    0.01       0.45 f
  U3356/X (STQ_NR2_S_1P5)                  0.02       0.46 r
  U5379/X (STQ_OR3B_1)                     0.02       0.48 f
  U5121/X (STQ_NR3_G_1)                    0.02       0.50 r
  U5649/X (STQ_OAI21_0P5)                  0.01       0.51 f
  data_out[157] (out)                      0.00       0.51 f
  data arrival time                                   0.51

  clock vclk (rise edge)                   0.38       0.38
  clock network delay (ideal)              0.00       0.38
  output external delay                    0.00       0.38
  data required time                                  0.38
  -----------------------------------------------------------
  data required time                                  0.38
  data arrival time                                  -0.51
  -----------------------------------------------------------
  slack (VIOLATED)                                   -0.14


  Startpoint: codeword_in[31]
              (input port clocked by vclk)
  Endpoint: data_out[157]
            (output port clocked by vclk)
  Path Group: vclk
  Path Type: max

  Des/Clust/Port     Wire Load Model       Library
  ------------------------------------------------
  SEC_DED_DECODER    ZeroWLM               um28nchllogl35hsl140f_ssgwc0p9v125c

  Point                                    Incr       Path
  -----------------------------------------------------------
  clock vclk (rise edge)                   0.00       0.00
  clock network delay (ideal)              0.00       0.00
  input external delay                     0.00       0.00 r
  codeword_in[31] (in)                     0.00       0.00 r
  U5397/X (STQ_EN2_8)                      0.04       0.04 f
  U4797/X (STQ_EN3_6)                      0.06       0.10 f
  U5515/X (STQ_EN3_3)                      0.06       0.16 r
  U4398/X (STQ_EO3_3)                      0.03       0.19 f
  U5861/X (STQ_EO3_3)                      0.03       0.22 r
  U4487/X (STQ_EN3_6)                      0.05       0.27 f
  U4328/X (STQ_INV_7P5)                    0.01       0.28 r
  U3612/X (STQ_NR2_G_12)                   0.01       0.29 f
  U3110/X (STQ_ND2_10)                     0.01       0.30 r
  U3498/X (STQ_INV_S_14)                   0.01       0.31 f
  U4411/X (STQ_ND2_12)                     0.01       0.32 r
  U4608/X (STQ_INV_7P5)                    0.01       0.32 f
  U3305/X (STQ_ND3_5)                      0.01       0.33 r
  U4240/X (STQ_ND2_S_10)                   0.01       0.34 f
  U4816/X (STQ_NR4_8)                      0.03       0.37 r
  U3509/X (STQ_ND3_8)                      0.02       0.39 f
  U5272/X (STQ_OR2_4)                      0.02       0.42 f
  U5280/X (STQ_NR4_4)                      0.02       0.44 r
  U3883/X (STQ_ND2_S_6)                    0.01       0.45 f
  U3356/X (STQ_NR2_S_1P5)                  0.02       0.46 r
  U5379/X (STQ_OR3B_1)                     0.02       0.48 f
  U5121/X (STQ_NR3_G_1)                    0.02       0.50 r
  U5649/X (STQ_OAI21_0P5)                  0.01       0.51 f
  data_out[157] (out)                      0.00       0.51 f
  data arrival time                                   0.51

  clock vclk (rise edge)                   0.38       0.38
  clock network delay (ideal)              0.00       0.38
  output external delay                    0.00       0.38
  data required time                                  0.38
  -----------------------------------------------------------
  data required time                                  0.38
  data arrival time                                  -0.51
  -----------------------------------------------------------
  slack (VIOLATED)                                   -0.14


  Startpoint: codeword_in[31]
              (input port clocked by vclk)
  Endpoint: data_out[157]
            (output port clocked by vclk)
  Path Group: vclk
  Path Type: max

  Des/Clust/Port     Wire Load Model       Library
  ------------------------------------------------
  SEC_DED_DECODER    ZeroWLM               um28nchllogl35hsl140f_ssgwc0p9v125c

  Point                                    Incr       Path
  -----------------------------------------------------------
  clock vclk (rise edge)                   0.00       0.00
  clock network delay (ideal)              0.00       0.00
  input external delay                     0.00       0.00 r
  codeword_in[31] (in)                     0.00       0.00 r
  U5397/X (STQ_EN2_8)                      0.04       0.04 f
  U4797/X (STQ_EN3_6)                      0.06       0.10 f
  U5515/X (STQ_EN3_3)                      0.06       0.16 r
  U4398/X (STQ_EO3_3)                      0.03       0.19 f
  U5861/X (STQ_EO3_3)                      0.03       0.22 r
  U4487/X (STQ_EN3_6)                      0.05       0.27 f
  U4328/X (STQ_INV_7P5)                    0.01       0.28 r
  U3612/X (STQ_NR2_G_12)                   0.01       0.29 f
  U3110/X (STQ_ND2_10)                     0.01       0.30 r
  U3498/X (STQ_INV_S_14)                   0.01       0.31 f
  U4411/X (STQ_ND2_12)                     0.01       0.32 r
  U4608/X (STQ_INV_7P5)                    0.01       0.32 f
  U3305/X (STQ_ND3_5)                      0.01       0.33 r
  U4240/X (STQ_ND2_S_10)                   0.01       0.34 f
  U4816/X (STQ_NR4_8)                      0.03       0.37 r
  U3509/X (STQ_ND3_8)                      0.02       0.39 f
  U5272/X (STQ_OR2_4)                      0.02       0.42 f
  U5280/X (STQ_NR4_4)                      0.02       0.44 r
  U3883/X (STQ_ND2_S_6)                    0.01       0.45 f
  U3356/X (STQ_NR2_S_1P5)                  0.02       0.46 r
  U5379/X (STQ_OR3B_1)                     0.02       0.48 f
  U5121/X (STQ_NR3_G_1)                    0.02       0.50 r
  U5649/X (STQ_OAI21_0P5)                  0.01       0.51 f
  data_out[157] (out)                      0.00       0.51 f
  data arrival time                                   0.51

  clock vclk (rise edge)                   0.38       0.38
  clock network delay (ideal)              0.00       0.38
  output external delay                    0.00       0.38
  data required time                                  0.38
  -----------------------------------------------------------
  data required time                                  0.38
  data arrival time                                  -0.51
  -----------------------------------------------------------
  slack (VIOLATED)                                   -0.14


  Startpoint: codeword_in[249]
              (input port clocked by vclk)
  Endpoint: data_out[157]
            (output port clocked by vclk)
  Path Group: vclk
  Path Type: max

  Des/Clust/Port     Wire Load Model       Library
  ------------------------------------------------
  SEC_DED_DECODER    ZeroWLM               um28nchllogl35hsl140f_ssgwc0p9v125c

  Point                                    Incr       Path
  -----------------------------------------------------------
  clock vclk (rise edge)                   0.00       0.00
  clock network delay (ideal)              0.00       0.00
  input external delay                     0.00       0.00 r
  codeword_in[249] (in)                    0.00       0.00 r
  U5795/X (STQ_EN2_8)                      0.05       0.05 r
  U5633/X (STQ_EN2_8)                      0.03       0.08 r
  U3194/X (STQ_EN2_4)                      0.03       0.11 f
  U5849/X (STQ_EN3_3)                      0.05       0.16 r
  U5805/X (STQ_EN3_3)                      0.03       0.19 f
  U4486/X (STQ_EN3_6)                      0.07       0.26 r
  U4491/X (STQ_NR2_6)                      0.02       0.28 f
  U4314/X (STQ_ND2_12)                     0.01       0.30 r
  U3521/X (STQ_INV_7P5)                    0.01       0.30 f
  U4272/X (STQ_ND2_12)                     0.01       0.31 r
  U3059/X (STQ_INV_18)                     0.01       0.32 f
  U2961/X (STQ_INV_2)                      0.01       0.33 r
  U3446/X (STQ_NR3_G_4)                    0.01       0.34 f
  U2871/X (STQ_ND2B_4)                     0.02       0.36 f
  U4175/X (STQ_NR3_G_5)                    0.02       0.38 r
  U3420/X (STQ_ND2_S_10)                   0.01       0.39 f
  U5473/X (STQ_INV_6)                      0.01       0.40 r
  U3416/X (STQ_ND2_S_10)                   0.01       0.41 f
  U2642/X (STQ_NR3_G_1)                    0.03       0.44 r
  U3883/X (STQ_ND2_S_6)                    0.01       0.45 f
  U3356/X (STQ_NR2_S_1P5)                  0.02       0.46 r
  U5379/X (STQ_OR3B_1)                     0.02       0.48 f
  U5121/X (STQ_NR3_G_1)                    0.02       0.50 r
  U5649/X (STQ_OAI21_0P5)                  0.01       0.51 f
  data_out[157] (out)                      0.00       0.51 f
  data arrival time                                   0.51

  clock vclk (rise edge)                   0.38       0.38
  clock network delay (ideal)              0.00       0.38
  output external delay                    0.00       0.38
  data required time                                  0.38
  -----------------------------------------------------------
  data required time                                  0.38
  data arrival time                                  -0.51
  -----------------------------------------------------------
  slack (VIOLATED)                                   -0.14


  Startpoint: codeword_in[215]
              (input port clocked by vclk)
  Endpoint: data_out[157]
            (output port clocked by vclk)
  Path Group: vclk
  Path Type: max

  Des/Clust/Port     Wire Load Model       Library
  ------------------------------------------------
  SEC_DED_DECODER    ZeroWLM               um28nchllogl35hsl140f_ssgwc0p9v125c

  Point                                    Incr       Path
  -----------------------------------------------------------
  clock vclk (rise edge)                   0.00       0.00
  clock network delay (ideal)              0.00       0.00
  input external delay                     0.00       0.00 r
  codeword_in[215] (in)                    0.00       0.00 r
  U5795/X (STQ_EN2_8)                      0.04       0.04 f
  U5633/X (STQ_EN2_8)                      0.03       0.08 r
  U3194/X (STQ_EN2_4)                      0.03       0.11 f
  U5849/X (STQ_EN3_3)                      0.05       0.16 r
  U5805/X (STQ_EN3_3)                      0.03       0.19 f
  U4486/X (STQ_EN3_6)                      0.07       0.26 r
  U4491/X (STQ_NR2_6)                      0.02       0.28 f
  U4314/X (STQ_ND2_12)                     0.01       0.30 r
  U3521/X (STQ_INV_7P5)                    0.01       0.30 f
  U4272/X (STQ_ND2_12)                     0.01       0.31 r
  U3059/X (STQ_INV_18)                     0.01       0.32 f
  U2961/X (STQ_INV_2)                      0.01       0.33 r
  U3446/X (STQ_NR3_G_4)                    0.01       0.34 f
  U2871/X (STQ_ND2B_4)                     0.02       0.36 f
  U4175/X (STQ_NR3_G_5)                    0.02       0.38 r
  U3420/X (STQ_ND2_S_10)                   0.01       0.39 f
  U5473/X (STQ_INV_6)                      0.01       0.40 r
  U3416/X (STQ_ND2_S_10)                   0.01       0.41 f
  U2642/X (STQ_NR3_G_1)                    0.03       0.44 r
  U3883/X (STQ_ND2_S_6)                    0.01       0.45 f
  U3356/X (STQ_NR2_S_1P5)                  0.02       0.46 r
  U5379/X (STQ_OR3B_1)                     0.02       0.48 f
  U5121/X (STQ_NR3_G_1)                    0.02       0.50 r
  U5649/X (STQ_OAI21_0P5)                  0.01       0.51 f
  data_out[157] (out)                      0.00       0.51 f
  data arrival time                                   0.51

  clock vclk (rise edge)                   0.38       0.38
  clock network delay (ideal)              0.00       0.38
  output external delay                    0.00       0.38
  data required time                                  0.38
  -----------------------------------------------------------
  data required time                                  0.38
  data arrival time                                  -0.51
  -----------------------------------------------------------
  slack (VIOLATED)                                   -0.14


  Startpoint: codeword_in[91]
              (input port clocked by vclk)
  Endpoint: data_out[5]
            (output port clocked by vclk)
  Path Group: vclk
  Path Type: max

  Des/Clust/Port     Wire Load Model       Library
  ------------------------------------------------
  SEC_DED_DECODER    ZeroWLM               um28nchllogl35hsl140f_ssgwc0p9v125c

  Point                                    Incr       Path
  -----------------------------------------------------------
  clock vclk (rise edge)                   0.00       0.00
  clock network delay (ideal)              0.00       0.00
  input external delay                     0.00       0.00 r
  codeword_in[91] (in)                     0.00       0.00 r
  U5390/X (STQ_INV_S_24)                   0.01       0.01 f
  U5389/X (STQ_EN3_3)                      0.05       0.06 f
  U5664/X (STQ_EN3_3)                      0.06       0.12 f
  U5840/X (STQ_EN3_3)                      0.05       0.17 f
  U5839/X (STQ_EN3_3)                      0.05       0.22 f
  U5573/X (STQ_EO3_3)                      0.04       0.26 r
  U3685/X (STQ_INV_12)                     0.02       0.28 f
  U3444/X (STQ_INV_S_24)                   0.01       0.29 r
  U3566/X (STQ_INV_18)                     0.01       0.30 f
  U3565/X (STQ_NR2_6)                      0.02       0.32 r
  U3395/X (STQ_ND2_12)                     0.02       0.34 f
  U6064/X (STQ_ND2B_V1DG_1)                0.04       0.38 f
  U5679/X (STQ_ND2_G_2)                    0.01       0.39 r
  U2705/X (STQ_NR2_1)                      0.02       0.41 f
  U5661/X (STQ_ND2_S_10)                   0.02       0.43 r
  U4381/X (STQ_OR2_7)                      0.02       0.45 r
  U4516/X (STQ_NR2_8)                      0.01       0.46 f
  U4371/X (STQ_ND2_S_7)                    0.01       0.47 r
  U3363/X (STQ_NR3_G_4)                    0.01       0.48 f
  U3361/X (STQ_INV_6)                      0.01       0.49 r
  U3359/X (STQ_OAI21_1P5)                  0.01       0.50 f
  U3310/X (STQ_ND2_G_1)                    0.01       0.51 r
  data_out[5] (out)                        0.00       0.51 r
  data arrival time                                   0.51

  clock vclk (rise edge)                   0.38       0.38
  clock network delay (ideal)              0.00       0.38
  output external delay                    0.00       0.38
  data required time                                  0.38
  -----------------------------------------------------------
  data required time                                  0.38
  data arrival time                                  -0.51
  -----------------------------------------------------------
  slack (VIOLATED)                                   -0.14


  Startpoint: codeword_in[249]
              (input port clocked by vclk)
  Endpoint: data_out[148]
            (output port clocked by vclk)
  Path Group: vclk
  Path Type: max

  Des/Clust/Port     Wire Load Model       Library
  ------------------------------------------------
  SEC_DED_DECODER    ZeroWLM               um28nchllogl35hsl140f_ssgwc0p9v125c

  Point                                    Incr       Path
  -----------------------------------------------------------
  clock vclk (rise edge)                   0.00       0.00
  clock network delay (ideal)              0.00       0.00
  input external delay                     0.00       0.00 r
  codeword_in[249] (in)                    0.00       0.00 r
  U5795/X (STQ_EN2_8)                      0.04       0.04 f
  U5633/X (STQ_EN2_8)                      0.03       0.08 r
  U3194/X (STQ_EN2_4)                      0.03       0.11 f
  U5849/X (STQ_EN3_3)                      0.05       0.16 r
  U5805/X (STQ_EN3_3)                      0.03       0.19 f
  U4486/X (STQ_EN3_6)                      0.07       0.26 r
  U4345/X (STQ_INV_7P5)                    0.01       0.27 f
  U4392/X (STQ_NR2_G_12)                   0.02       0.29 r
  U4393/X (STQ_ND2_16)                     0.02       0.31 f
  U3079/X (STQ_INV_2)                      0.01       0.32 r
  U5256/X (STQ_ND2B_2)                     0.02       0.34 f
  U4648/X (STQ_NR3_G_4)                    0.02       0.36 r
  U3473/X (STQ_NR2_G_4)                    0.01       0.37 f
  U3472/X (STQ_ND2_G_3)                    0.01       0.38 r
  U4264/X (STQ_NR3_G_4)                    0.01       0.38 f
  U4646/X (STQ_ND2_S_10)                   0.02       0.40 r
  U3774/X (STQ_NR2_G_4)                    0.01       0.41 f
  U3887/X (STQ_ND2_G_4)                    0.01       0.42 r
  U4553/X (STQ_NR4_8)                      0.01       0.43 f
  U4552/X (STQ_OR3B_8)                     0.01       0.44 r
  U5438/X (STQ_NR2B_16)                    0.02       0.47 r
  U2529/X (STQ_ND2_S_3)                    0.02       0.48 f
  U5110/X (STQ_AN3B_0P5)                   0.02       0.50 r
  U6025/X (STQ_OAI21_0P5)                  0.01       0.51 f
  data_out[148] (out)                      0.00       0.51 f
  data arrival time                                   0.51

  clock vclk (rise edge)                   0.38       0.38
  clock network delay (ideal)              0.00       0.38
  output external delay                    0.00       0.38
  data required time                                  0.38
  -----------------------------------------------------------
  data required time                                  0.38
  data arrival time                                  -0.51
  -----------------------------------------------------------
  slack (VIOLATED)                                   -0.14


  Startpoint: codeword_in[31]
              (input port clocked by vclk)
  Endpoint: data_out[148]
            (output port clocked by vclk)
  Path Group: vclk
  Path Type: max

  Des/Clust/Port     Wire Load Model       Library
  ------------------------------------------------
  SEC_DED_DECODER    ZeroWLM               um28nchllogl35hsl140f_ssgwc0p9v125c

  Point                                    Incr       Path
  -----------------------------------------------------------
  clock vclk (rise edge)                   0.00       0.00
  clock network delay (ideal)              0.00       0.00
  input external delay                     0.00       0.00 r
  codeword_in[31] (in)                     0.00       0.00 r
  U5397/X (STQ_EN2_8)                      0.04       0.04 f
  U4797/X (STQ_EN3_6)                      0.06       0.10 f
  U5515/X (STQ_EN3_3)                      0.06       0.16 r
  U4398/X (STQ_EO3_3)                      0.03       0.19 f
  U5861/X (STQ_EO3_3)                      0.03       0.22 r
  U4487/X (STQ_EN3_6)                      0.05       0.27 f
  U4328/X (STQ_INV_7P5)                    0.01       0.28 r
  U3612/X (STQ_NR2_G_12)                   0.01       0.29 f
  U5376/X (STQ_ND2_16)                     0.01       0.30 r
  U5671/X (STQ_NR2_G_12)                   0.01       0.31 f
  U3624/X (STQ_INV_6)                      0.01       0.32 r
  U2937/X (STQ_NR3_G_3)                    0.01       0.33 f
  U3436/X (STQ_NR2_G_4)                    0.01       0.34 r
  U5559/X (STQ_ND2_S_5)                    0.01       0.35 f
  U3435/X (STQ_NR2_G_4)                    0.01       0.36 r
  U3419/X (STQ_ND3_5)                      0.02       0.38 f
  U4737/X (STQ_NR3_G_4)                    0.02       0.40 r
  U5404/X (STQ_ND4_MM_8)                   0.01       0.41 f
  U5439/X (STQ_OR3B_4)                     0.03       0.44 f
  U5438/X (STQ_NR2B_16)                    0.02       0.47 r
  U2529/X (STQ_ND2_S_3)                    0.02       0.48 f
  U5110/X (STQ_AN3B_0P5)                   0.02       0.50 r
  U6025/X (STQ_OAI21_0P5)                  0.01       0.51 f
  data_out[148] (out)                      0.00       0.51 f
  data arrival time                                   0.51

  clock vclk (rise edge)                   0.38       0.38
  clock network delay (ideal)              0.00       0.38
  output external delay                    0.00       0.38
  data required time                                  0.38
  -----------------------------------------------------------
  data required time                                  0.38
  data arrival time                                  -0.51
  -----------------------------------------------------------
  slack (VIOLATED)                                   -0.14


  Startpoint: codeword_in[31]
              (input port clocked by vclk)
  Endpoint: data_out[148]
            (output port clocked by vclk)
  Path Group: vclk
  Path Type: max

  Des/Clust/Port     Wire Load Model       Library
  ------------------------------------------------
  SEC_DED_DECODER    ZeroWLM               um28nchllogl35hsl140f_ssgwc0p9v125c

  Point                                    Incr       Path
  -----------------------------------------------------------
  clock vclk (rise edge)                   0.00       0.00
  clock network delay (ideal)              0.00       0.00
  input external delay                     0.00       0.00 r
  codeword_in[31] (in)                     0.00       0.00 r
  U5397/X (STQ_EN2_8)                      0.04       0.04 f
  U4797/X (STQ_EN3_6)                      0.06       0.10 f
  U5515/X (STQ_EN3_3)                      0.06       0.16 r
  U4398/X (STQ_EO3_3)                      0.03       0.19 f
  U5861/X (STQ_EO3_3)                      0.03       0.22 r
  U4487/X (STQ_EN3_6)                      0.05       0.27 f
  U4328/X (STQ_INV_7P5)                    0.01       0.28 r
  U3612/X (STQ_NR2_G_12)                   0.01       0.29 f
  U5376/X (STQ_ND2_16)                     0.01       0.30 r
  U5671/X (STQ_NR2_G_12)                   0.01       0.31 f
  U3624/X (STQ_INV_6)                      0.01       0.32 r
  U2937/X (STQ_NR3_G_3)                    0.01       0.33 f
  U3436/X (STQ_NR2_G_4)                    0.01       0.34 r
  U5559/X (STQ_ND2_S_5)                    0.01       0.35 f
  U3435/X (STQ_NR2_G_4)                    0.01       0.36 r
  U3419/X (STQ_ND3_5)                      0.02       0.38 f
  U4737/X (STQ_NR3_G_4)                    0.02       0.40 r
  U5404/X (STQ_ND4_MM_8)                   0.01       0.41 f
  U5439/X (STQ_OR3B_4)                     0.03       0.44 f
  U5438/X (STQ_NR2B_16)                    0.02       0.47 r
  U2529/X (STQ_ND2_S_3)                    0.02       0.48 f
  U5110/X (STQ_AN3B_0P5)                   0.02       0.50 r
  U6025/X (STQ_OAI21_0P5)                  0.01       0.51 f
  data_out[148] (out)                      0.00       0.51 f
  data arrival time                                   0.51

  clock vclk (rise edge)                   0.38       0.38
  clock network delay (ideal)              0.00       0.38
  output external delay                    0.00       0.38
  data required time                                  0.38
  -----------------------------------------------------------
  data required time                                  0.38
  data arrival time                                  -0.51
  -----------------------------------------------------------
  slack (VIOLATED)                                   -0.14


  Startpoint: codeword_in[144]
              (input port clocked by vclk)
  Endpoint: data_out[157]
            (output port clocked by vclk)
  Path Group: vclk
  Path Type: max

  Des/Clust/Port     Wire Load Model       Library
  ------------------------------------------------
  SEC_DED_DECODER    ZeroWLM               um28nchllogl35hsl140f_ssgwc0p9v125c

  Point                                    Incr       Path
  -----------------------------------------------------------
  clock vclk (rise edge)                   0.00       0.00
  clock network delay (ideal)              0.00       0.00
  input external delay                     0.00       0.00 r
  codeword_in[144] (in)                    0.00       0.00 r
  U5397/X (STQ_EN2_8)                      0.04       0.04 f
  U4797/X (STQ_EN3_6)                      0.06       0.10 f
  U5515/X (STQ_EN3_3)                      0.06       0.16 r
  U4398/X (STQ_EO3_3)                      0.03       0.19 f
  U5861/X (STQ_EO3_3)                      0.03       0.22 r
  U4487/X (STQ_EN3_6)                      0.05       0.26 f
  U4328/X (STQ_INV_7P5)                    0.01       0.28 r
  U3612/X (STQ_NR2_G_12)                   0.01       0.29 f
  U3110/X (STQ_ND2_10)                     0.01       0.30 r
  U3498/X (STQ_INV_S_14)                   0.01       0.31 f
  U4411/X (STQ_ND2_12)                     0.01       0.31 r
  U4608/X (STQ_INV_7P5)                    0.01       0.32 f
  U3305/X (STQ_ND3_5)                      0.01       0.33 r
  U4240/X (STQ_ND2_S_10)                   0.01       0.34 f
  U4816/X (STQ_NR4_8)                      0.03       0.37 r
  U3509/X (STQ_ND3_8)                      0.02       0.39 f
  U5272/X (STQ_OR2_4)                      0.02       0.42 f
  U5280/X (STQ_NR4_4)                      0.02       0.44 r
  U3883/X (STQ_ND2_S_6)                    0.01       0.45 f
  U3356/X (STQ_NR2_S_1P5)                  0.02       0.46 r
  U5379/X (STQ_OR3B_1)                     0.02       0.48 f
  U5121/X (STQ_NR3_G_1)                    0.02       0.50 r
  U5649/X (STQ_OAI21_0P5)                  0.01       0.51 f
  data_out[157] (out)                      0.00       0.51 f
  data arrival time                                   0.51

  clock vclk (rise edge)                   0.38       0.38
  clock network delay (ideal)              0.00       0.38
  output external delay                    0.00       0.38
  data required time                                  0.38
  -----------------------------------------------------------
  data required time                                  0.38
  data arrival time                                  -0.51
  -----------------------------------------------------------
  slack (VIOLATED)                                   -0.14


1
