 
****************************************
Report : qor
Design : SEC_DED_DECODER
Version: Q-2019.12-SP5-5
Date   : Wed Apr  1 15:45:58 2026
****************************************


  Timing Path Group 'vclk'
  -----------------------------------
  Levels of Logic:              24.00
  Critical Path Length:          0.51
  Critical Path Slack:          -0.14
  Critical Path Clk Period:      0.38
  Total Negative Slack:        -36.26
  No. of Violating Paths:      273.00
  Worst Hold Violation:          0.00
  Total Hold Violation:          0.00
  No. of Hold Violations:        0.00
  -----------------------------------


  Cell Count
  -----------------------------------
  Hierarchical Cell Count:          0
  Hierarchical Port Count:          0
  Leaf Cell Count:               3981
  Buf/Inv Cell Count:            1001
  Buf Cell Count:                  72
  Inv Cell Count:                 929
  CT Buf/Inv Cell Count:            0
  Combinational Cell Count:      3981
  Sequential Cell Count:            0
  Macro Count:                      0
  -----------------------------------


  Area
  -----------------------------------
  Combinational Area:     6199.871944
  Noncombinational Area:     0.000000
  Buf/Inv Area:            710.135995
  Total Buffer Area:            93.91
  Total Inverter Area:         616.22
  Macro/Black Box Area:      0.000000
  Net Area:                  0.000000
  -----------------------------------
  Cell Area:              6199.871944
  Design Area:            6199.871944


  Design Rules
  -----------------------------------
  Total Number of Nets:          4269
  Nets With Violations:             0
  Max Trans Violations:             0
  Max Cap Violations:               0
  -----------------------------------


  Hostname: SALserver01

  Compile CPU Statistics
  -----------------------------------------
  Resource Sharing:                   13.32
  Logic Optimization:                474.39
  Mapping Optimization:              359.88
  -----------------------------------------
  Overall Compile Time:              884.07
  Overall Compile Wall Clock Time:   885.75

  --------------------------------------------------------------------

  Design  WNS: 0.14  TNS: 36.26  Number of Violating Paths: 273


  Design (Hold)  WNS: 0.00  TNS: 0.00  Number of Violating Paths: 0

  --------------------------------------------------------------------


1
