 
****************************************
Report : qor
Design : ENCODER
Version: Q-2019.12-SP5-5
Date   : Wed Apr  1 14:23:52 2026
****************************************


  Timing Path Group 'vclk'
  -----------------------------------
  Levels of Logic:               6.00
  Critical Path Length:          0.37
  Critical Path Slack:           0.00
  Critical Path Clk Period:      0.38
  Total Negative Slack:          0.00
  No. of Violating Paths:        0.00
  Worst Hold Violation:          0.00
  Total Hold Violation:          0.00
  No. of Hold Violations:        0.00
  -----------------------------------


  Cell Count
  -----------------------------------
  Hierarchical Cell Count:          0
  Hierarchical Port Count:          0
  Leaf Cell Count:               1579
  Buf/Inv Cell Count:               0
  Buf Cell Count:                   0
  Inv Cell Count:                   0
  CT Buf/Inv Cell Count:            0
  Combinational Cell Count:      1579
  Sequential Cell Count:            0
  Macro Count:                      0
  -----------------------------------


  Area
  -----------------------------------
  Combinational Area:     2389.295944
  Noncombinational Area:     0.000000
  Buf/Inv Area:              0.000000
  Total Buffer Area:             0.00
  Total Inverter Area:           0.00
  Macro/Black Box Area:      0.000000
  Net Area:                  0.000000
  -----------------------------------
  Cell Area:              2389.295944
  Design Area:            2389.295944


  Design Rules
  -----------------------------------
  Total Number of Nets:          1835
  Nets With Violations:             0
  Max Trans Violations:             0
  Max Cap Violations:               0
  -----------------------------------


  Hostname: SALserver01

  Compile CPU Statistics
  -----------------------------------------
  Resource Sharing:                    0.17
  Logic Optimization:                  2.35
  Mapping Optimization:                2.76
  -----------------------------------------
  Overall Compile Time:               43.10
  Overall Compile Wall Clock Time:    43.52

  --------------------------------------------------------------------

  Design  WNS: 0.00  TNS: 0.00  Number of Violating Paths: 0


  Design (Hold)  WNS: 0.00  TNS: 0.00  Number of Violating Paths: 0

  --------------------------------------------------------------------


1
