 
****************************************
Report : qor
Design : Cerberus_32b
Version: Q-2019.12-SP5-5
Date   : Thu Apr  2 18:18:39 2026
****************************************


  Timing Path Group 'vclk'
  -----------------------------------
  Levels of Logic:              32.00
  Critical Path Length:          0.84
  Critical Path Slack:          -0.46
  Critical Path Clk Period:      0.38
  Total Negative Slack:       -118.38
  No. of Violating Paths:      257.00
  Worst Hold Violation:          0.00
  Total Hold Violation:          0.00
  No. of Hold Violations:        0.00
  -----------------------------------


  Cell Count
  -----------------------------------
  Hierarchical Cell Count:          1
  Hierarchical Port Count:        577
  Leaf Cell Count:              60692
  Buf/Inv Cell Count:           11204
  Buf Cell Count:                 728
  Inv Cell Count:               10476
  CT Buf/Inv Cell Count:            0
  Combinational Cell Count:     60692
  Sequential Cell Count:            0
  Macro Count:                      0
  -----------------------------------


  Area
  -----------------------------------
  Combinational Area:    90585.766870
  Noncombinational Area:     0.000000
  Buf/Inv Area:           6589.463956
  Total Buffer Area:          1027.15
  Total Inverter Area:        5562.31
  Macro/Black Box Area:      0.000000
  Net Area:                  0.000000
  -----------------------------------
  Cell Area:             90585.766870
  Design Area:           90585.766870


  Design Rules
  -----------------------------------
  Total Number of Nets:         60991
  Nets With Violations:             2
  Max Trans Violations:             0
  Max Cap Violations:               0
  Max Fanout Violations:            2
  -----------------------------------


  Hostname: SALserver01

  Compile CPU Statistics
  -----------------------------------------
  Resource Sharing:                   31.11
  Logic Optimization:               3719.29
  Mapping Optimization:             3775.54
  -----------------------------------------
  Overall Compile Time:             8622.81
  Overall Compile Wall Clock Time:  8682.50

  --------------------------------------------------------------------

  Design  WNS: 0.46  TNS: 118.38  Number of Violating Paths: 257


  Design (Hold)  WNS: 0.00  TNS: 0.00  Number of Violating Paths: 0

  --------------------------------------------------------------------


1
