 
****************************************
Report : threshold voltage group
Design : Cerberus_32b
Version: Q-2019.12-SP5-5
Date   : Thu Apr  2 18:18:48 2026
****************************************

********************************************************************************
                        Threshold Voltage Group Report                         

Vth Group                All                Blackbox           Non-blackbox
Name                    cells                cells                cells
********************************************************************************
LVT35               60692 (100.00%)          0   (0.00%)      60692 (100.00%)   
********************************************************************************

Vth Group                All                Blackbox           Non-blackbox
Name                  cell area            cell area            cell area
********************************************************************************
LVT35            90585.77 (100.00%)       0.00   (0.00%)   90585.77 (100.00%)   
********************************************************************************
1
