 
****************************************
Report : area
Design : Cerberus_32b
Version: Q-2019.12-SP5-5
Date   : Thu Apr  2 18:18:38 2026
****************************************

Library(s) Used:

    um28nchllogl35hsl140f_ssgwc0p9v125c (File: /media/0/LogicLibraries/UMC/28nm/35hs/hsl/lvt/latest/liberty/logic_synth/um28nchllogl35hsl140f_ssgwc0p9v125c.db)

Number of ports:                         1122
Number of nets:                         61568
Number of cells:                        60693
Number of combinational cells:          60692
Number of sequential cells:                 0
Number of macros/black boxes:               0
Number of buf/inv:                      11204
Number of references:                     360

Combinational area:              90585.766870
Buf/Inv area:                     6589.463956
Noncombinational area:               0.000000
Macro/Black Box area:                0.000000
Net Interconnect area:      undefined  (Wire load has zero net area)

Total cell area:                 90585.766870
Total area:                 undefined

The above information was reported from the logical library. The following are from the physical library:

Hierarchical area distribution
------------------------------

                                  Global cell area            Local cell area
                                  -------------------  ----------------------------- 
Hierarchical cell                 Absolute    Percent  Combi-      Noncombi-  Black-
                                  Total       Total    national    national   boxes   Design
--------------------------------  ----------  -------  ----------  ---------  ------  -------------
Cerberus_32b                      90585.7669    100.0  62871.8153     0.0000  0.0000  Cerberus_32b
sse_corrector                     27713.9515     30.6  27713.9515     0.0000  0.0000  SSE_CORRECTOR
--------------------------------  ----------  -------  ----------  ---------  ------  -------------
Total                                                  90585.7669     0.0000  0.0000

1
