/usr/synopsys/syn/Q-2019.12-SP5-5/auxx/gui/dv/dv_setup.tcl
/usr/synopsys/syn/Q-2019.12-SP5-5/auxx/gui/syn/snpsSynProcs.tcl
/usr/synopsys/syn/Q-2019.12-SP5-5/auxx/gui/syn/layout/pkgIndex.tcl
/usr/synopsys/syn/Q-2019.12-SP5-5/auxx/gui/common/dialogs/pkgIndex.tcl
/usr/synopsys/syn/Q-2019.12-SP5-5/auxx/gui/common/regressionToolkit/pkgIndex.tcl
/usr/synopsys/syn/Q-2019.12-SP5-5/auxx/gui/common/view/pkgIndex.tcl
/usr/synopsys/syn/Q-2019.12-SP5-5/auxx/gui/common/docBrowser/pkgIndex.tcl
/usr/synopsys/syn/Q-2019.12-SP5-5/auxx/gui/common/layout/pkgIndex.tcl
/usr/synopsys/syn/Q-2019.12-SP5-5/auxx/gui/common/tiledview/pkgIndex.tcl
/usr/synopsys/syn/Q-2019.12-SP5-5/auxx/gui/common/table/pkgIndex.tcl
/usr/synopsys/syn/Q-2019.12-SP5-5/auxx/gui/common/pathinspector/pkgIndex.tcl
/usr/synopsys/syn/Q-2019.12-SP5-5/auxx/gui/common/misc/pkgIndex.tcl
/usr/synopsys/syn/Q-2019.12-SP5-5/auxx/gui/common/commandform/pkgIndex.tcl
/usr/synopsys/syn/Q-2019.12-SP5-5/auxx/gui/common/strokes/pkgIndex.tcl
/usr/synopsys/syn/Q-2019.12-SP5-5/auxx/gui/common/acg/pkgIndex.tcl
/usr/synopsys/syn/Q-2019.12-SP5-5/auxx/gui/common/highlight/pkgIndex.tcl
/usr/synopsys/syn/Q-2019.12-SP5-5/auxx/gui/common/palettegroup/pkgIndex.tcl
/usr/synopsys/syn/Q-2019.12-SP5-5/auxx/gui/common/schematic/pkgIndex.tcl
/usr/synopsys/syn/Q-2019.12-SP5-5/auxx/gui/common/WindowFrameWork/pkgIndex.tcl
/usr/synopsys/syn/Q-2019.12-SP5-5/auxx/gui/common/select/pkgIndex.tcl
/usr/synopsys/syn/Q-2019.12-SP5-5/auxx/gui/common/mrupalette/pkgIndex.tcl
/usr/synopsys/syn/Q-2019.12-SP5-5/auxx/gui/common/qtcl/pkgIndex.tcl
/usr/synopsys/syn/Q-2019.12-SP5-5/auxx/gui/common/opdlg/pkgIndex.tcl
/usr/synopsys/syn/Q-2019.12-SP5-5/auxx/gui/common/profiler/pkgIndex.tcl
/usr/synopsys/syn/Q-2019.12-SP5-5/auxx/gui/common/tcl-dp/pkgIndex.tcl
/usr/synopsys/syn/Q-2019.12-SP5-5/auxx/gui/common/menus/pkgIndex.tcl
/usr/synopsys/syn/Q-2019.12-SP5-5/auxx/gui/common/timing/pkgIndex.tcl
/usr/synopsys/syn/Q-2019.12-SP5-5/auxx/gui/common/tq/pkgIndex.tcl
/usr/synopsys/syn/Q-2019.12-SP5-5/auxx/gui/common/hierarchy/pkgIndex.tcl
/usr/synopsys/syn/Q-2019.12-SP5-5/auxx/gui/common/setup/pkgIndex.tcl
/usr/synopsys/syn/Q-2019.12-SP5-5/auxx/gui/common/histogram/pkgIndex.tcl
/usr/synopsys/syn/Q-2019.12-SP5-5/auxx/gui/common/fanoutviewer/pkgIndex.tcl
/usr/synopsys/syn/Q-2019.12-SP5-5/auxx/gui/common/libviewer/pkgIndex.tcl
/usr/synopsys/syn/Q-2019.12-SP5-5/auxx/gui/dv/pkgIndex.tcl
/usr/synopsys/syn/Q-2019.12-SP5-5/auxx/syn/lib/pkgIndex.tcl
/usr/synopsys/syn/Q-2019.12-SP5-5/auxx/tcllib/lib/iwidgets4.1/pkgIndex.tcl
/usr/synopsys/syn/Q-2019.12-SP5-5/auxx/tcllib/snps_tcl/snpsTclPro/pkgIndex.tcl
/usr/synopsys/syn/Q-2019.12-SP5-5/auxx/tcllib/snps_tcl/snpsTest/pkgIndex.tcl
/usr/synopsys/syn/Q-2019.12-SP5-5/auxx/tcllib/snps_tcl/snpsUtils/pkgIndex.tcl
/usr/synopsys/syn/Q-2019.12-SP5-5/auxx/tcllib/snps_tcl/pkgIndex.tcl
/usr/synopsys/syn/Q-2019.12-SP5-5/auxx/tcllib/lib/tcl8.6/tcltest/pkgIndex.tcl
/usr/synopsys/syn/Q-2019.12-SP5-5/auxx/tcllib/lib/tcl8.6/msgcat/pkgIndex.tcl
/usr/synopsys/syn/Q-2019.12-SP5-5/auxx/tcllib/lib/tcl8.6/http1.0/pkgIndex.tcl
/usr/synopsys/syn/Q-2019.12-SP5-5/auxx/tcllib/lib/tcl8.6/dde/pkgIndex.tcl
/usr/synopsys/syn/Q-2019.12-SP5-5/auxx/tcllib/lib/tcl8.6/opt/pkgIndex.tcl
/usr/synopsys/syn/Q-2019.12-SP5-5/auxx/tcllib/lib/tcl8.6/http/pkgIndex.tcl
/usr/synopsys/syn/Q-2019.12-SP5-5/auxx/tcllib/lib/tcl8.6/platform/pkgIndex.tcl
/usr/synopsys/syn/Q-2019.12-SP5-5/auxx/tcllib/lib/tcl8.6/reg/pkgIndex.tcl
/usr/synopsys/syn/Q-2019.12-SP5-5/auxx/gui/common/setup/snpsCommonSetup.tcl
/usr/synopsys/syn/Q-2019.12-SP5-5/auxx/gui/common/setup/snpsCustomize.tcl
/usr/synopsys/syn/Q-2019.12-SP5-5/auxx/gui/common/setup/snpsProcheck.tcl
/usr/synopsys/syn/Q-2019.12-SP5-5/auxx/gui/common/qtcl/.synopsys_qtcl.tcl
/usr/synopsys/syn/Q-2019.12-SP5-5/auxx/gui/common/highlight/highlight.tcl
/usr/synopsys/syn/Q-2019.12-SP5-5/auxx/gui/common/misc/base.tcl
/usr/synopsys/syn/Q-2019.12-SP5-5/auxx/gui/common/misc/timing.tcl
/usr/synopsys/syn/Q-2019.12-SP5-5/auxx/gui/common/misc/setting.tcl
/usr/synopsys/syn/Q-2019.12-SP5-5/auxx/gui/common/misc/preset.tcl
/usr/synopsys/syn/Q-2019.12-SP5-5/auxx/gui/common/WindowFrameWork/windowFrameWork.tcl
/usr/synopsys/syn/Q-2019.12-SP5-5/auxx/gui/common/WindowFrameWork/skipBusyCursorCmdList.tcl
/usr/synopsys/syn/Q-2019.12-SP5-5/auxx/gui/common/docBrowser/docBrowser.tcl
/usr/synopsys/syn/Q-2019.12-SP5-5/auxx/tcllib/snps_tcl/snpsUtils/snpsUtils.tcl
/usr/synopsys/syn/Q-2019.12-SP5-5/auxx/gui/common/dialogs/ObjectChooser.tcl
/usr/synopsys/syn/Q-2019.12-SP5-5/auxx/gui/common/misc/DialogObjectChooser.tcl
/usr/synopsys/syn/Q-2019.12-SP5-5/auxx/gui/common/dialogs/HistBinInformation.tcl
/usr/synopsys/syn/Q-2019.12-SP5-5/auxx/gui/common/dialogs/HistBin1Information.tcl
/usr/synopsys/syn/Q-2019.12-SP5-5/auxx/gui/common/dialogs/BinsOnlyInformation.tcl
/usr/synopsys/syn/Q-2019.12-SP5-5/auxx/gui/common/dialogs/FileChooser.tcl
/usr/synopsys/syn/Q-2019.12-SP5-5/auxx/gui/common/dialogs/PathPinSimpleInfo.tcl
/usr/synopsys/syn/Q-2019.12-SP5-5/auxx/gui/common/dialogs/PathsBasicInfo.tcl
/usr/synopsys/syn/Q-2019.12-SP5-5/auxx/gui/common/dialogs/PathsBasicSimpleInfo.tcl
/usr/synopsys/syn/Q-2019.12-SP5-5/auxx/gui/common/dialogs/SlctOperationInfo.tcl
/usr/synopsys/syn/Q-2019.12-SP5-5/auxx/gui/common/dialogs/ObjectListInfo.tcl
/usr/synopsys/syn/Q-2019.12-SP5-5/auxx/gui/common/dialogs/FanInOutInfo.tcl
/usr/synopsys/syn/Q-2019.12-SP5-5/auxx/gui/common/dialogs/NumberOfLevelsChooser.tcl
/usr/synopsys/syn/Q-2019.12-SP5-5/auxx/gui/common/dialogs/WindowReuseInfo.tcl
/usr/synopsys/syn/Q-2019.12-SP5-5/auxx/gui/common/dialogs/ReportOutputOptionInfo.tcl
/usr/synopsys/syn/Q-2019.12-SP5-5/auxx/gui/common/setup/snpsCollections.tcl
/usr/synopsys/syn/Q-2019.12-SP5-5/auxx/gui/common/dialogs/CompileLinkDesign.tcl
/usr/synopsys/syn/Q-2019.12-SP5-5/auxx/gui/common/histogram/DialogEndpointSlack.tcl
/usr/synopsys/syn/Q-2019.12-SP5-5/auxx/gui/common/histogram/DialogPathsSlack.tcl
/usr/synopsys/syn/Q-2019.12-SP5-5/auxx/gui/common/histogram/DialogNetCapacitance.tcl
/usr/synopsys/syn/Q-2019.12-SP5-5/auxx/gui/common/schematic/DialogPathSchematicFanInOut.tcl
/usr/synopsys/syn/Q-2019.12-SP5-5/auxx/gui/common/schematic/DialogPathSchematicAddPaths.tcl
/home/99june18/Cerberus/Hardware_overhead/2.Cerberus_32b/S-ECC/syn/script.tcl
/home/99june18/Cerberus/Hardware_overhead/2.Cerberus_32b/S-ECC/rtl/DE_CORRECTOR.sv
/home/99june18/Cerberus/Hardware_overhead/2.Cerberus_32b/S-ECC/rtl/DECISION.sv
/home/99june18/Cerberus/Hardware_overhead/2.Cerberus_32b/S-ECC/rtl/SYNDROME_GENERATOR.sv
/home/99june18/Cerberus/Hardware_overhead/2.Cerberus_32b/S-ECC/rtl/SSE_CORRECTOR.sv
/home/99june18/Cerberus/Hardware_overhead/2.Cerberus_32b/S-ECC/rtl/Cerberus_32b.sv
/media/0/LogicLibraries/UMC/28nm/35hs/hsl/lvt/latest/liberty/logic_synth/um28nchllogl35hsl140f_ssgwc0p9v125c.db
/usr/synopsys/syn/Q-2019.12-SP5-5/libraries/syn/gtech.db
/usr/synopsys/syn/Q-2019.12-SP5-5/libraries/syn/standard.sldb
/usr/synopsys/syn/Q-2019.12-SP5-5/libraries/syn/dw_foundation.sldb
/media/0/LogicLibraries/UMC/28nm/35hs/hsl/lvt/latest/liberty/logic_synth/um28nchllogl35hsl140f_ssgwc0p9v125c.db
/home/99june18/Cerberus/Hardware_overhead/2.Cerberus_32b/S-ECC/syn/output/alib-52/um28nchllogl35hsl140f_ssgwc0p9v125c.db.alib
/home/99june18/Cerberus/Hardware_overhead/2.Cerberus_32b/S-ECC/syn/output/alib-52/alib_analyze_libs.tcl.e
/media/0/LogicLibraries/UMC/28nm/35hs/hsl/lvt/latest/liberty/logic_synth/um28nchllogl35hsl140f_ssgwc0p9v125c.db
/home/99june18/Cerberus/Hardware_overhead/2.Cerberus_32b/S-ECC/syn/output/alib-52/um28nchllogl35hsl140f_ssgwc0p9v125c.db.alib
/home/99june18/synopsys_cache_Q-2019.12-SP5-5/DW01/DW01_NAND2/str/um28nchllogl35hsl140f_ssgwc0p9v125c_993/element.ddc
