Information: Updating design information... (UID-85)
 
****************************************
Report : constraint
        -all_violators
        -verbose
Design : ENCODER
Version: Q-2019.12-SP5-5
Date   : Wed Apr  1 16:00:28 2026
****************************************


    Net: codeword_out[0]

    Capacitance        0.0000000000
  - min_capacitance    0.0000775500
  ------------------------------
    Slack              -0.0000775500  (VIOLATED)


    Net: codeword_out[1]

    Capacitance        0.0000000000
  - min_capacitance    0.0000775500
  ------------------------------
    Slack              -0.0000775500  (VIOLATED)


    Net: codeword_out[2]

    Capacitance        0.0000000000
  - min_capacitance    0.0000775500
  ------------------------------
    Slack              -0.0000775500  (VIOLATED)


    Net: codeword_out[3]

    Capacitance        0.0000000000
  - min_capacitance    0.0000775500
  ------------------------------
    Slack              -0.0000775500  (VIOLATED)


    Net: codeword_out[4]

    Capacitance        0.0000000000
  - min_capacitance    0.0000775500
  ------------------------------
    Slack              -0.0000775500  (VIOLATED)


    Net: codeword_out[5]

    Capacitance        0.0000000000
  - min_capacitance    0.0000775500
  ------------------------------
    Slack              -0.0000775500  (VIOLATED)


    Net: codeword_out[6]

    Capacitance        0.0000000000
  - min_capacitance    0.0000775500
  ------------------------------
    Slack              -0.0000775500  (VIOLATED)


    Net: codeword_out[7]

    Capacitance        0.0000000000
  - min_capacitance    0.0000775500
  ------------------------------
    Slack              -0.0000775500  (VIOLATED)


    Net: codeword_out[8]

    Capacitance        0.0000000000
  - min_capacitance    0.0000775500
  ------------------------------
    Slack              -0.0000775500  (VIOLATED)


    Net: codeword_out[9]

    Capacitance        0.0000000000
  - min_capacitance    0.0000775500
  ------------------------------
    Slack              -0.0000775500  (VIOLATED)


    Net: codeword_out[10]

    Capacitance        0.0000000000
  - min_capacitance    0.0000775500
  ------------------------------
    Slack              -0.0000775500  (VIOLATED)


    Net: codeword_out[11]

    Capacitance        0.0000000000
  - min_capacitance    0.0000775500
  ------------------------------
    Slack              -0.0000775500  (VIOLATED)


    Net: codeword_out[12]

    Capacitance        0.0000000000
  - min_capacitance    0.0000775500
  ------------------------------
    Slack              -0.0000775500  (VIOLATED)


    Net: codeword_out[13]

    Capacitance        0.0000000000
  - min_capacitance    0.0000775500
  ------------------------------
    Slack              -0.0000775500  (VIOLATED)


    Net: codeword_out[14]

    Capacitance        0.0000000000
  - min_capacitance    0.0000775500
  ------------------------------
    Slack              -0.0000775500  (VIOLATED)


    Net: codeword_out[15]

    Capacitance        0.0000000000
  - min_capacitance    0.0000775500
  ------------------------------
    Slack              -0.0000775500  (VIOLATED)


    Net: codeword_out[16]

    Capacitance        0.0000000000
  - min_capacitance    0.0000775500
  ------------------------------
    Slack              -0.0000775500  (VIOLATED)


    Net: codeword_out[17]

    Capacitance        0.0000000000
  - min_capacitance    0.0000775500
  ------------------------------
    Slack              -0.0000775500  (VIOLATED)


    Net: codeword_out[18]

    Capacitance        0.0000000000
  - min_capacitance    0.0000775500
  ------------------------------
    Slack              -0.0000775500  (VIOLATED)


    Net: codeword_out[19]

    Capacitance        0.0000000000
  - min_capacitance    0.0000775500
  ------------------------------
    Slack              -0.0000775500  (VIOLATED)


    Net: codeword_out[20]

    Capacitance        0.0000000000
  - min_capacitance    0.0000775500
  ------------------------------
    Slack              -0.0000775500  (VIOLATED)


    Net: codeword_out[21]

    Capacitance        0.0000000000
  - min_capacitance    0.0000775500
  ------------------------------
    Slack              -0.0000775500  (VIOLATED)


    Net: codeword_out[22]

    Capacitance        0.0000000000
  - min_capacitance    0.0000775500
  ------------------------------
    Slack              -0.0000775500  (VIOLATED)


    Net: codeword_out[23]

    Capacitance        0.0000000000
  - min_capacitance    0.0000775500
  ------------------------------
    Slack              -0.0000775500  (VIOLATED)


    Net: codeword_out[24]

    Capacitance        0.0000000000
  - min_capacitance    0.0000775500
  ------------------------------
    Slack              -0.0000775500  (VIOLATED)


    Net: codeword_out[25]

    Capacitance        0.0000000000
  - min_capacitance    0.0000775500
  ------------------------------
    Slack              -0.0000775500  (VIOLATED)


    Net: codeword_out[26]

    Capacitance        0.0000000000
  - min_capacitance    0.0000775500
  ------------------------------
    Slack              -0.0000775500  (VIOLATED)


    Net: codeword_out[27]

    Capacitance        0.0000000000
  - min_capacitance    0.0000775500
  ------------------------------
    Slack              -0.0000775500  (VIOLATED)


    Net: codeword_out[28]

    Capacitance        0.0000000000
  - min_capacitance    0.0000775500
  ------------------------------
    Slack              -0.0000775500  (VIOLATED)


    Net: codeword_out[29]

    Capacitance        0.0000000000
  - min_capacitance    0.0000775500
  ------------------------------
    Slack              -0.0000775500  (VIOLATED)


    Net: codeword_out[30]

    Capacitance        0.0000000000
  - min_capacitance    0.0000775500
  ------------------------------
    Slack              -0.0000775500  (VIOLATED)


    Net: codeword_out[31]

    Capacitance        0.0000000000
  - min_capacitance    0.0000775500
  ------------------------------
    Slack              -0.0000775500  (VIOLATED)


    Net: codeword_out[32]

    Capacitance        0.0000000000
  - min_capacitance    0.0000775500
  ------------------------------
    Slack              -0.0000775500  (VIOLATED)


    Net: codeword_out[33]

    Capacitance        0.0000000000
  - min_capacitance    0.0000775500
  ------------------------------
    Slack              -0.0000775500  (VIOLATED)


    Net: codeword_out[34]

    Capacitance        0.0000000000
  - min_capacitance    0.0000775500
  ------------------------------
    Slack              -0.0000775500  (VIOLATED)


    Net: codeword_out[35]

    Capacitance        0.0000000000
  - min_capacitance    0.0000775500
  ------------------------------
    Slack              -0.0000775500  (VIOLATED)


    Net: codeword_out[37]

    Capacitance        0.0000000000
  - min_capacitance    0.0000775500
  ------------------------------
    Slack              -0.0000775500  (VIOLATED)


    Net: codeword_out[38]

    Capacitance        0.0000000000
  - min_capacitance    0.0000775500
  ------------------------------
    Slack              -0.0000775500  (VIOLATED)


    Net: codeword_out[39]

    Capacitance        0.0000000000
  - min_capacitance    0.0000775500
  ------------------------------
    Slack              -0.0000775500  (VIOLATED)


    Net: codeword_out[49]

    Capacitance        0.0000000000
  - min_capacitance    0.0000775500
  ------------------------------
    Slack              -0.0000775500  (VIOLATED)


    Design: ENCODER

    max_area           0.0000000000
  - Current Area       2015.4959716797
  ------------------------------
    Slack              -2015.4959716797  (VIOLATED)


    Design: ENCODER

    max_leakage_power      0.0000000000
  - Current Leakage Power  257002.2031250000
  ----------------------------------
    Slack                  -257002.2031250000  (VIOLATED)


1
