 
****************************************
Report : area
Design : ENCODER
Version: Q-2019.12-SP5-5
Date   : Wed Apr  1 16:00:28 2026
****************************************

Library(s) Used:

    um28nchllogl35hsl140f_ssgwc0p9v125c (File: /media/0/LogicLibraries/UMC/28nm/35hs/hsl/lvt/latest/liberty/logic_synth/um28nchllogl35hsl140f_ssgwc0p9v125c.db)

Number of ports:                          552
Number of nets:                          1593
Number of cells:                         1337
Number of combinational cells:           1337
Number of sequential cells:                 0
Number of macros/black boxes:               0
Number of buf/inv:                          8
Number of references:                      10

Combinational area:               2015.495953
Buf/Inv area:                        2.688000
Noncombinational area:               0.000000
Macro/Black Box area:                0.000000
Net Interconnect area:      undefined  (Wire load has zero net area)

Total cell area:                  2015.495953
Total area:                 undefined

The above information was reported from the logical library. The following are from the physical library:

Hierarchical area distribution
------------------------------

                                  Global cell area          Local cell area
                                  ------------------  ---------------------------- 
Hierarchical cell                 Absolute   Percent  Combi-     Noncombi-  Black-
                                  Total      Total    national   national   boxes   Design
--------------------------------  ---------  -------  ---------  ---------  ------  ---------
ENCODER                           2015.4960    100.0  2015.4960     0.0000  0.0000  ENCODER
--------------------------------  ---------  -------  ---------  ---------  ------  ---------
Total                                                 2015.4960     0.0000  0.0000

1
