 
****************************************
Report : timing
        -path full
        -delay max
        -nworst 10
        -max_paths 10
Design : ENCODER
Version: Q-2019.12-SP5-5
Date   : Wed Apr  1 16:00:28 2026
****************************************

Operating Conditions: SSGWC0P9V125C   Library: um28nchllogl35hsl140f_ssgwc0p9v125c
Wire Load Model Mode: enclosed

  Startpoint: data_in[222]
              (input port clocked by vclk)
  Endpoint: codeword_out[12]
            (output port clocked by vclk)
  Path Group: vclk
  Path Type: max

  Des/Clust/Port     Wire Load Model       Library
  ------------------------------------------------
  ENCODER            ZeroWLM               um28nchllogl35hsl140f_ssgwc0p9v125c

  Point                                    Incr       Path
  -----------------------------------------------------------
  clock vclk (rise edge)                   0.00       0.00
  clock network delay (ideal)              0.00       0.00
  input external delay                     0.00       0.00 f
  data_in[222] (in)                        0.00       0.00 f
  U2043/X (STQ_EO2_S_0P5)                  0.07       0.07 r
  U2905/X (STQ_EO2_S_0P5)                  0.04       0.11 f
  U2906/X (STQ_EO3_0P5)                    0.04       0.15 r
  U2907/X (STQ_EO3_0P5)                    0.03       0.18 f
  U2908/X (STQ_EO3_0P5)                    0.08       0.26 f
  U2909/X (STQ_EO3_0P5)                    0.08       0.34 f
  U2915/X (STQ_EO3_0P5)                    0.04       0.37 r
  codeword_out[12] (out)                   0.00       0.37 r
  data arrival time                                   0.37

  clock vclk (rise edge)                   0.38       0.38
  clock network delay (ideal)              0.00       0.38
  output external delay                    0.00       0.38
  data required time                                  0.38
  -----------------------------------------------------------
  data required time                                  0.38
  data arrival time                                  -0.37
  -----------------------------------------------------------
  slack (MET)                                         0.00


  Startpoint: data_in[222]
              (input port clocked by vclk)
  Endpoint: codeword_out[12]
            (output port clocked by vclk)
  Path Group: vclk
  Path Type: max

  Des/Clust/Port     Wire Load Model       Library
  ------------------------------------------------
  ENCODER            ZeroWLM               um28nchllogl35hsl140f_ssgwc0p9v125c

  Point                                    Incr       Path
  -----------------------------------------------------------
  clock vclk (rise edge)                   0.00       0.00
  clock network delay (ideal)              0.00       0.00
  input external delay                     0.00       0.00 f
  data_in[222] (in)                        0.00       0.00 f
  U2043/X (STQ_EO2_S_0P5)                  0.07       0.07 r
  U2905/X (STQ_EO2_S_0P5)                  0.04       0.11 f
  U2906/X (STQ_EO3_0P5)                    0.04       0.15 r
  U2907/X (STQ_EO3_0P5)                    0.03       0.18 f
  U2908/X (STQ_EO3_0P5)                    0.08       0.26 f
  U2909/X (STQ_EO3_0P5)                    0.08       0.34 f
  U2915/X (STQ_EO3_0P5)                    0.04       0.37 r
  codeword_out[12] (out)                   0.00       0.37 r
  data arrival time                                   0.37

  clock vclk (rise edge)                   0.38       0.38
  clock network delay (ideal)              0.00       0.38
  output external delay                    0.00       0.38
  data required time                                  0.38
  -----------------------------------------------------------
  data required time                                  0.38
  data arrival time                                  -0.37
  -----------------------------------------------------------
  slack (MET)                                         0.00


  Startpoint: data_in[131]
              (input port clocked by vclk)
  Endpoint: codeword_out[49]
            (output port clocked by vclk)
  Path Group: vclk
  Path Type: max

  Des/Clust/Port     Wire Load Model       Library
  ------------------------------------------------
  ENCODER            ZeroWLM               um28nchllogl35hsl140f_ssgwc0p9v125c

  Point                                    Incr       Path
  -----------------------------------------------------------
  clock vclk (rise edge)                   0.00       0.00
  clock network delay (ideal)              0.00       0.00
  input external delay                     0.00       0.00 f
  data_in[131] (in)                        0.00       0.00 f
  U1741/X (STQ_EN2_S_1)                    0.07       0.07 r
  U2550/X (STQ_EO2_S_0P5)                  0.04       0.11 f
  U2551/X (STQ_EO3_0P5)                    0.04       0.15 r
  U2555/X (STQ_EO3_0P5)                    0.03       0.18 f
  U2557/X (STQ_EO3_0P5)                    0.07       0.26 f
  U2558/X (STQ_EO3_0P5)                    0.08       0.34 f
  U2572/X (STQ_EO2_S_0P5)                  0.04       0.37 r
  codeword_out[49] (out)                   0.00       0.37 r
  data arrival time                                   0.37

  clock vclk (rise edge)                   0.38       0.38
  clock network delay (ideal)              0.00       0.38
  output external delay                    0.00       0.38
  data required time                                  0.38
  -----------------------------------------------------------
  data required time                                  0.38
  data arrival time                                  -0.37
  -----------------------------------------------------------
  slack (MET)                                         0.00


  Startpoint: data_in[131]
              (input port clocked by vclk)
  Endpoint: codeword_out[49]
            (output port clocked by vclk)
  Path Group: vclk
  Path Type: max

  Des/Clust/Port     Wire Load Model       Library
  ------------------------------------------------
  ENCODER            ZeroWLM               um28nchllogl35hsl140f_ssgwc0p9v125c

  Point                                    Incr       Path
  -----------------------------------------------------------
  clock vclk (rise edge)                   0.00       0.00
  clock network delay (ideal)              0.00       0.00
  input external delay                     0.00       0.00 f
  data_in[131] (in)                        0.00       0.00 f
  U1741/X (STQ_EN2_S_1)                    0.07       0.07 r
  U2550/X (STQ_EO2_S_0P5)                  0.04       0.11 f
  U2551/X (STQ_EO3_0P5)                    0.04       0.15 r
  U2555/X (STQ_EO3_0P5)                    0.03       0.18 f
  U2557/X (STQ_EO3_0P5)                    0.07       0.26 f
  U2558/X (STQ_EO3_0P5)                    0.08       0.34 f
  U2572/X (STQ_EO2_S_0P5)                  0.04       0.37 r
  codeword_out[49] (out)                   0.00       0.37 r
  data arrival time                                   0.37

  clock vclk (rise edge)                   0.38       0.38
  clock network delay (ideal)              0.00       0.38
  output external delay                    0.00       0.38
  data required time                                  0.38
  -----------------------------------------------------------
  data required time                                  0.38
  data arrival time                                  -0.37
  -----------------------------------------------------------
  slack (MET)                                         0.00


  Startpoint: data_in[77]
              (input port clocked by vclk)
  Endpoint: codeword_out[49]
            (output port clocked by vclk)
  Path Group: vclk
  Path Type: max

  Des/Clust/Port     Wire Load Model       Library
  ------------------------------------------------
  ENCODER            ZeroWLM               um28nchllogl35hsl140f_ssgwc0p9v125c

  Point                                    Incr       Path
  -----------------------------------------------------------
  clock vclk (rise edge)                   0.00       0.00
  clock network delay (ideal)              0.00       0.00
  input external delay                     0.00       0.00 f
  data_in[77] (in)                         0.00       0.00 f
  U1741/X (STQ_EN2_S_1)                    0.07       0.07 r
  U2550/X (STQ_EO2_S_0P5)                  0.04       0.11 f
  U2551/X (STQ_EO3_0P5)                    0.04       0.15 r
  U2555/X (STQ_EO3_0P5)                    0.03       0.18 f
  U2557/X (STQ_EO3_0P5)                    0.07       0.26 f
  U2558/X (STQ_EO3_0P5)                    0.08       0.34 f
  U2572/X (STQ_EO2_S_0P5)                  0.04       0.37 r
  codeword_out[49] (out)                   0.00       0.37 r
  data arrival time                                   0.37

  clock vclk (rise edge)                   0.38       0.38
  clock network delay (ideal)              0.00       0.38
  output external delay                    0.00       0.38
  data required time                                  0.38
  -----------------------------------------------------------
  data required time                                  0.38
  data arrival time                                  -0.37
  -----------------------------------------------------------
  slack (MET)                                         0.00


  Startpoint: data_in[77]
              (input port clocked by vclk)
  Endpoint: codeword_out[49]
            (output port clocked by vclk)
  Path Group: vclk
  Path Type: max

  Des/Clust/Port     Wire Load Model       Library
  ------------------------------------------------
  ENCODER            ZeroWLM               um28nchllogl35hsl140f_ssgwc0p9v125c

  Point                                    Incr       Path
  -----------------------------------------------------------
  clock vclk (rise edge)                   0.00       0.00
  clock network delay (ideal)              0.00       0.00
  input external delay                     0.00       0.00 f
  data_in[77] (in)                         0.00       0.00 f
  U1741/X (STQ_EN2_S_1)                    0.07       0.07 r
  U2550/X (STQ_EO2_S_0P5)                  0.04       0.11 f
  U2551/X (STQ_EO3_0P5)                    0.04       0.15 r
  U2555/X (STQ_EO3_0P5)                    0.03       0.18 f
  U2557/X (STQ_EO3_0P5)                    0.07       0.26 f
  U2558/X (STQ_EO3_0P5)                    0.08       0.34 f
  U2572/X (STQ_EO2_S_0P5)                  0.04       0.37 r
  codeword_out[49] (out)                   0.00       0.37 r
  data arrival time                                   0.37

  clock vclk (rise edge)                   0.38       0.38
  clock network delay (ideal)              0.00       0.38
  output external delay                    0.00       0.38
  data required time                                  0.38
  -----------------------------------------------------------
  data required time                                  0.38
  data arrival time                                  -0.37
  -----------------------------------------------------------
  slack (MET)                                         0.00


  Startpoint: data_in[222]
              (input port clocked by vclk)
  Endpoint: codeword_out[12]
            (output port clocked by vclk)
  Path Group: vclk
  Path Type: max

  Des/Clust/Port     Wire Load Model       Library
  ------------------------------------------------
  ENCODER            ZeroWLM               um28nchllogl35hsl140f_ssgwc0p9v125c

  Point                                    Incr       Path
  -----------------------------------------------------------
  clock vclk (rise edge)                   0.00       0.00
  clock network delay (ideal)              0.00       0.00
  input external delay                     0.00       0.00 f
  data_in[222] (in)                        0.00       0.00 f
  U2043/X (STQ_EO2_S_0P5)                  0.07       0.07 r
  U2905/X (STQ_EO2_S_0P5)                  0.04       0.11 f
  U2906/X (STQ_EO3_0P5)                    0.04       0.15 r
  U2907/X (STQ_EO3_0P5)                    0.03       0.18 f
  U2908/X (STQ_EO3_0P5)                    0.08       0.26 f
  U2909/X (STQ_EO3_0P5)                    0.08       0.34 f
  U2915/X (STQ_EO3_0P5)                    0.04       0.37 r
  codeword_out[12] (out)                   0.00       0.37 r
  data arrival time                                   0.37

  clock vclk (rise edge)                   0.38       0.38
  clock network delay (ideal)              0.00       0.38
  output external delay                    0.00       0.38
  data required time                                  0.38
  -----------------------------------------------------------
  data required time                                  0.38
  data arrival time                                  -0.37
  -----------------------------------------------------------
  slack (MET)                                         0.00


  Startpoint: data_in[222]
              (input port clocked by vclk)
  Endpoint: codeword_out[12]
            (output port clocked by vclk)
  Path Group: vclk
  Path Type: max

  Des/Clust/Port     Wire Load Model       Library
  ------------------------------------------------
  ENCODER            ZeroWLM               um28nchllogl35hsl140f_ssgwc0p9v125c

  Point                                    Incr       Path
  -----------------------------------------------------------
  clock vclk (rise edge)                   0.00       0.00
  clock network delay (ideal)              0.00       0.00
  input external delay                     0.00       0.00 f
  data_in[222] (in)                        0.00       0.00 f
  U2043/X (STQ_EO2_S_0P5)                  0.07       0.07 r
  U2905/X (STQ_EO2_S_0P5)                  0.04       0.11 f
  U2906/X (STQ_EO3_0P5)                    0.04       0.15 r
  U2907/X (STQ_EO3_0P5)                    0.03       0.18 f
  U2908/X (STQ_EO3_0P5)                    0.08       0.26 f
  U2909/X (STQ_EO3_0P5)                    0.08       0.34 f
  U2915/X (STQ_EO3_0P5)                    0.04       0.37 r
  codeword_out[12] (out)                   0.00       0.37 r
  data arrival time                                   0.37

  clock vclk (rise edge)                   0.38       0.38
  clock network delay (ideal)              0.00       0.38
  output external delay                    0.00       0.38
  data required time                                  0.38
  -----------------------------------------------------------
  data required time                                  0.38
  data arrival time                                  -0.37
  -----------------------------------------------------------
  slack (MET)                                         0.00


  Startpoint: data_in[222]
              (input port clocked by vclk)
  Endpoint: codeword_out[12]
            (output port clocked by vclk)
  Path Group: vclk
  Path Type: max

  Des/Clust/Port     Wire Load Model       Library
  ------------------------------------------------
  ENCODER            ZeroWLM               um28nchllogl35hsl140f_ssgwc0p9v125c

  Point                                    Incr       Path
  -----------------------------------------------------------
  clock vclk (rise edge)                   0.00       0.00
  clock network delay (ideal)              0.00       0.00
  input external delay                     0.00       0.00 f
  data_in[222] (in)                        0.00       0.00 f
  U2043/X (STQ_EO2_S_0P5)                  0.07       0.07 r
  U2905/X (STQ_EO2_S_0P5)                  0.04       0.11 f
  U2906/X (STQ_EO3_0P5)                    0.04       0.15 r
  U2907/X (STQ_EO3_0P5)                    0.03       0.18 f
  U2908/X (STQ_EO3_0P5)                    0.08       0.26 f
  U2909/X (STQ_EO3_0P5)                    0.08       0.34 f
  U2915/X (STQ_EO3_0P5)                    0.04       0.37 r
  codeword_out[12] (out)                   0.00       0.37 r
  data arrival time                                   0.37

  clock vclk (rise edge)                   0.38       0.38
  clock network delay (ideal)              0.00       0.38
  output external delay                    0.00       0.38
  data required time                                  0.38
  -----------------------------------------------------------
  data required time                                  0.38
  data arrival time                                  -0.37
  -----------------------------------------------------------
  slack (MET)                                         0.00


  Startpoint: data_in[222]
              (input port clocked by vclk)
  Endpoint: codeword_out[12]
            (output port clocked by vclk)
  Path Group: vclk
  Path Type: max

  Des/Clust/Port     Wire Load Model       Library
  ------------------------------------------------
  ENCODER            ZeroWLM               um28nchllogl35hsl140f_ssgwc0p9v125c

  Point                                    Incr       Path
  -----------------------------------------------------------
  clock vclk (rise edge)                   0.00       0.00
  clock network delay (ideal)              0.00       0.00
  input external delay                     0.00       0.00 f
  data_in[222] (in)                        0.00       0.00 f
  U2043/X (STQ_EO2_S_0P5)                  0.07       0.07 r
  U2905/X (STQ_EO2_S_0P5)                  0.04       0.11 f
  U2906/X (STQ_EO3_0P5)                    0.04       0.15 r
  U2907/X (STQ_EO3_0P5)                    0.03       0.18 f
  U2908/X (STQ_EO3_0P5)                    0.08       0.26 f
  U2909/X (STQ_EO3_0P5)                    0.08       0.34 f
  U2915/X (STQ_EO3_0P5)                    0.04       0.37 r
  codeword_out[12] (out)                   0.00       0.37 r
  data arrival time                                   0.37

  clock vclk (rise edge)                   0.38       0.38
  clock network delay (ideal)              0.00       0.38
  output external delay                    0.00       0.38
  data required time                                  0.38
  -----------------------------------------------------------
  data required time                                  0.38
  data arrival time                                  -0.37
  -----------------------------------------------------------
  slack (MET)                                         0.00


1
