 
****************************************
Report : reference
Design : L_ECC_DECODER
Version: Q-2019.12-SP5-5
Date   : Wed Apr  1 15:21:28 2026
****************************************

Attributes:
    b - black box (unknown)
   bo - allows boundary optimization
    d - dont_touch
   mo - map_only
    h - hierarchical
    n - noncombinational
    r - removable
    s - synthetic operator
    u - contains unmapped logic

Reference          Library       Unit Area   Count    Total Area   Attributes
-----------------------------------------------------------------------------
STQ_AOI31_2        um28nchllogl35hsl140f_ssgwc0p9v125c
                                  1.512000       1      1.512000  
STQ_AOI211_1P5     um28nchllogl35hsl140f_ssgwc0p9v125c
                                  1.512000       1      1.512000  
STQ_AOI211_3       um28nchllogl35hsl140f_ssgwc0p9v125c
                                  2.184000       1      2.184000  
STQ_EN2_4          um28nchllogl35hsl140f_ssgwc0p9v125c
                                  3.024000       6     18.144000  
STQ_EN2_S_1        um28nchllogl35hsl140f_ssgwc0p9v125c
                                  1.512000      83    125.495997  
STQ_EN2_S_2        um28nchllogl35hsl140f_ssgwc0p9v125c
                                  1.680000      86    144.479995  
STQ_EN3_1          um28nchllogl35hsl140f_ssgwc0p9v125c
                                  2.184000       9     19.656000  
STQ_EN3_2          um28nchllogl35hsl140f_ssgwc0p9v125c
                                  2.688000       5     13.440000  
STQ_EN3_3          um28nchllogl35hsl140f_ssgwc0p9v125c
                                  4.032000      12     48.384001  
STQ_EO2_1          um28nchllogl35hsl140f_ssgwc0p9v125c
                                  1.512000      19     28.727999  
STQ_EO2_2          um28nchllogl35hsl140f_ssgwc0p9v125c
                                  1.680000       3      5.040000  
STQ_EO2_3          um28nchllogl35hsl140f_ssgwc0p9v125c
                                  2.856000       3      8.568000  
STQ_EO2_S_0P5      um28nchllogl35hsl140f_ssgwc0p9v125c
                                  1.512000      72    108.863997  
STQ_EO2_S_2        um28nchllogl35hsl140f_ssgwc0p9v125c
                                  1.512000      42     63.503999  
STQ_EO3_0P5        um28nchllogl35hsl140f_ssgwc0p9v125c
                                  1.512000     122    184.463996  
STQ_EO3_1          um28nchllogl35hsl140f_ssgwc0p9v125c
                                  2.184000      71    155.064001  
STQ_EO3_2          um28nchllogl35hsl140f_ssgwc0p9v125c
                                  2.688000      58    155.903998  
STQ_EO3_3          um28nchllogl35hsl140f_ssgwc0p9v125c
                                  4.200000      19     79.799996  
STQ_INV_1P5        um28nchllogl35hsl140f_ssgwc0p9v125c
                                  0.504000       1      0.504000  
STQ_INV_2          um28nchllogl35hsl140f_ssgwc0p9v125c
                                  0.504000       3      1.512000  
STQ_INV_S_0P65     um28nchllogl35hsl140f_ssgwc0p9v125c
                                  0.336000      56     18.816000  
STQ_INV_S_1        um28nchllogl35hsl140f_ssgwc0p9v125c
                                  0.336000      19      6.384000  
STQ_MUXI2_MG_1P5   um28nchllogl35hsl140f_ssgwc0p9v125c
                                  1.680000       1      1.680000  
STQ_MUXI2_S_2      um28nchllogl35hsl140f_ssgwc0p9v125c
                                  1.848000       1      1.848000  
STQ_ND2_S_2        um28nchllogl35hsl140f_ssgwc0p9v125c
                                  0.840000       1      0.840000  
STQ_ND3_0P5        um28nchllogl35hsl140f_ssgwc0p9v125c
                                  0.672000       1      0.672000  
STQ_ND3_2          um28nchllogl35hsl140f_ssgwc0p9v125c
                                  1.176000       1      1.176000  
STQ_ND4_MM_2       um28nchllogl35hsl140f_ssgwc0p9v125c
                                  1.512000       1      1.512000  
STQ_NR2_1P5        um28nchllogl35hsl140f_ssgwc0p9v125c
                                  0.840000       1      0.840000  
STQ_NR2_2          um28nchllogl35hsl140f_ssgwc0p9v125c
                                  0.840000       1      0.840000  
STQ_NR3_G_2        um28nchllogl35hsl140f_ssgwc0p9v125c
                                  1.176000       2      2.352000  
STQ_NR4_1          um28nchllogl35hsl140f_ssgwc0p9v125c
                                  0.840000       1      0.840000  
STQ_OAI31_G_1      um28nchllogl35hsl140f_ssgwc0p9v125c
                                  0.840000       1      0.840000  
-----------------------------------------------------------------------------
Total 33 references                                  1205.399978
1
