 
****************************************
check_design summary:
Version:     Q-2019.12-SP5-5
Date:        Wed Apr  1 16:07:58 2026
****************************************

                   Name                                            Total
--------------------------------------------------------------------------------
Inputs/Outputs                                                    280
    Feedthrough (LINT-29)                                         280
--------------------------------------------------------------------------------

Warning: In design 'L_ECC_DECODER', input port 'codeword_in[295]' is connected directly to output port 'data_out[279]'. (LINT-29)
Warning: In design 'L_ECC_DECODER', input port 'codeword_in[294]' is connected directly to output port 'data_out[278]'. (LINT-29)
Warning: In design 'L_ECC_DECODER', input port 'codeword_in[293]' is connected directly to output port 'data_out[277]'. (LINT-29)
Warning: In design 'L_ECC_DECODER', input port 'codeword_in[292]' is connected directly to output port 'data_out[276]'. (LINT-29)
Warning: In design 'L_ECC_DECODER', input port 'codeword_in[291]' is connected directly to output port 'data_out[275]'. (LINT-29)
Warning: In design 'L_ECC_DECODER', input port 'codeword_in[290]' is connected directly to output port 'data_out[274]'. (LINT-29)
Warning: In design 'L_ECC_DECODER', input port 'codeword_in[289]' is connected directly to output port 'data_out[273]'. (LINT-29)
Warning: In design 'L_ECC_DECODER', input port 'codeword_in[288]' is connected directly to output port 'data_out[272]'. (LINT-29)
Warning: In design 'L_ECC_DECODER', input port 'codeword_in[287]' is connected directly to output port 'data_out[271]'. (LINT-29)
Warning: In design 'L_ECC_DECODER', input port 'codeword_in[286]' is connected directly to output port 'data_out[270]'. (LINT-29)
Warning: In design 'L_ECC_DECODER', input port 'codeword_in[285]' is connected directly to output port 'data_out[269]'. (LINT-29)
Warning: In design 'L_ECC_DECODER', input port 'codeword_in[284]' is connected directly to output port 'data_out[268]'. (LINT-29)
Warning: In design 'L_ECC_DECODER', input port 'codeword_in[283]' is connected directly to output port 'data_out[267]'. (LINT-29)
Warning: In design 'L_ECC_DECODER', input port 'codeword_in[282]' is connected directly to output port 'data_out[266]'. (LINT-29)
Warning: In design 'L_ECC_DECODER', input port 'codeword_in[281]' is connected directly to output port 'data_out[265]'. (LINT-29)
Warning: In design 'L_ECC_DECODER', input port 'codeword_in[280]' is connected directly to output port 'data_out[264]'. (LINT-29)
Warning: In design 'L_ECC_DECODER', input port 'codeword_in[279]' is connected directly to output port 'data_out[263]'. (LINT-29)
Warning: In design 'L_ECC_DECODER', input port 'codeword_in[278]' is connected directly to output port 'data_out[262]'. (LINT-29)
Warning: In design 'L_ECC_DECODER', input port 'codeword_in[277]' is connected directly to output port 'data_out[261]'. (LINT-29)
Warning: In design 'L_ECC_DECODER', input port 'codeword_in[276]' is connected directly to output port 'data_out[260]'. (LINT-29)
Warning: In design 'L_ECC_DECODER', input port 'codeword_in[275]' is connected directly to output port 'data_out[259]'. (LINT-29)
Warning: In design 'L_ECC_DECODER', input port 'codeword_in[274]' is connected directly to output port 'data_out[258]'. (LINT-29)
Warning: In design 'L_ECC_DECODER', input port 'codeword_in[273]' is connected directly to output port 'data_out[257]'. (LINT-29)
Warning: In design 'L_ECC_DECODER', input port 'codeword_in[272]' is connected directly to output port 'data_out[256]'. (LINT-29)
Warning: In design 'L_ECC_DECODER', input port 'codeword_in[271]' is connected directly to output port 'data_out[255]'. (LINT-29)
Warning: In design 'L_ECC_DECODER', input port 'codeword_in[270]' is connected directly to output port 'data_out[254]'. (LINT-29)
Warning: In design 'L_ECC_DECODER', input port 'codeword_in[269]' is connected directly to output port 'data_out[253]'. (LINT-29)
Warning: In design 'L_ECC_DECODER', input port 'codeword_in[268]' is connected directly to output port 'data_out[252]'. (LINT-29)
Warning: In design 'L_ECC_DECODER', input port 'codeword_in[267]' is connected directly to output port 'data_out[251]'. (LINT-29)
Warning: In design 'L_ECC_DECODER', input port 'codeword_in[266]' is connected directly to output port 'data_out[250]'. (LINT-29)
Warning: In design 'L_ECC_DECODER', input port 'codeword_in[265]' is connected directly to output port 'data_out[249]'. (LINT-29)
Warning: In design 'L_ECC_DECODER', input port 'codeword_in[264]' is connected directly to output port 'data_out[248]'. (LINT-29)
Warning: In design 'L_ECC_DECODER', input port 'codeword_in[263]' is connected directly to output port 'data_out[247]'. (LINT-29)
Warning: In design 'L_ECC_DECODER', input port 'codeword_in[262]' is connected directly to output port 'data_out[246]'. (LINT-29)
Warning: In design 'L_ECC_DECODER', input port 'codeword_in[261]' is connected directly to output port 'data_out[245]'. (LINT-29)
Warning: In design 'L_ECC_DECODER', input port 'codeword_in[260]' is connected directly to output port 'data_out[244]'. (LINT-29)
Warning: In design 'L_ECC_DECODER', input port 'codeword_in[259]' is connected directly to output port 'data_out[243]'. (LINT-29)
Warning: In design 'L_ECC_DECODER', input port 'codeword_in[258]' is connected directly to output port 'data_out[242]'. (LINT-29)
Warning: In design 'L_ECC_DECODER', input port 'codeword_in[257]' is connected directly to output port 'data_out[241]'. (LINT-29)
Warning: In design 'L_ECC_DECODER', input port 'codeword_in[256]' is connected directly to output port 'data_out[240]'. (LINT-29)
Warning: In design 'L_ECC_DECODER', input port 'codeword_in[255]' is connected directly to output port 'data_out[239]'. (LINT-29)
Warning: In design 'L_ECC_DECODER', input port 'codeword_in[254]' is connected directly to output port 'data_out[238]'. (LINT-29)
Warning: In design 'L_ECC_DECODER', input port 'codeword_in[253]' is connected directly to output port 'data_out[237]'. (LINT-29)
Warning: In design 'L_ECC_DECODER', input port 'codeword_in[252]' is connected directly to output port 'data_out[236]'. (LINT-29)
Warning: In design 'L_ECC_DECODER', input port 'codeword_in[251]' is connected directly to output port 'data_out[235]'. (LINT-29)
Warning: In design 'L_ECC_DECODER', input port 'codeword_in[250]' is connected directly to output port 'data_out[234]'. (LINT-29)
Warning: In design 'L_ECC_DECODER', input port 'codeword_in[249]' is connected directly to output port 'data_out[233]'. (LINT-29)
Warning: In design 'L_ECC_DECODER', input port 'codeword_in[248]' is connected directly to output port 'data_out[232]'. (LINT-29)
Warning: In design 'L_ECC_DECODER', input port 'codeword_in[247]' is connected directly to output port 'data_out[231]'. (LINT-29)
Warning: In design 'L_ECC_DECODER', input port 'codeword_in[246]' is connected directly to output port 'data_out[230]'. (LINT-29)
Warning: In design 'L_ECC_DECODER', input port 'codeword_in[245]' is connected directly to output port 'data_out[229]'. (LINT-29)
Warning: In design 'L_ECC_DECODER', input port 'codeword_in[244]' is connected directly to output port 'data_out[228]'. (LINT-29)
Warning: In design 'L_ECC_DECODER', input port 'codeword_in[243]' is connected directly to output port 'data_out[227]'. (LINT-29)
Warning: In design 'L_ECC_DECODER', input port 'codeword_in[242]' is connected directly to output port 'data_out[226]'. (LINT-29)
Warning: In design 'L_ECC_DECODER', input port 'codeword_in[241]' is connected directly to output port 'data_out[225]'. (LINT-29)
Warning: In design 'L_ECC_DECODER', input port 'codeword_in[240]' is connected directly to output port 'data_out[224]'. (LINT-29)
Warning: In design 'L_ECC_DECODER', input port 'codeword_in[239]' is connected directly to output port 'data_out[223]'. (LINT-29)
Warning: In design 'L_ECC_DECODER', input port 'codeword_in[238]' is connected directly to output port 'data_out[222]'. (LINT-29)
Warning: In design 'L_ECC_DECODER', input port 'codeword_in[237]' is connected directly to output port 'data_out[221]'. (LINT-29)
Warning: In design 'L_ECC_DECODER', input port 'codeword_in[236]' is connected directly to output port 'data_out[220]'. (LINT-29)
Warning: In design 'L_ECC_DECODER', input port 'codeword_in[235]' is connected directly to output port 'data_out[219]'. (LINT-29)
Warning: In design 'L_ECC_DECODER', input port 'codeword_in[234]' is connected directly to output port 'data_out[218]'. (LINT-29)
Warning: In design 'L_ECC_DECODER', input port 'codeword_in[233]' is connected directly to output port 'data_out[217]'. (LINT-29)
Warning: In design 'L_ECC_DECODER', input port 'codeword_in[232]' is connected directly to output port 'data_out[216]'. (LINT-29)
Warning: In design 'L_ECC_DECODER', input port 'codeword_in[231]' is connected directly to output port 'data_out[215]'. (LINT-29)
Warning: In design 'L_ECC_DECODER', input port 'codeword_in[230]' is connected directly to output port 'data_out[214]'. (LINT-29)
Warning: In design 'L_ECC_DECODER', input port 'codeword_in[229]' is connected directly to output port 'data_out[213]'. (LINT-29)
Warning: In design 'L_ECC_DECODER', input port 'codeword_in[228]' is connected directly to output port 'data_out[212]'. (LINT-29)
Warning: In design 'L_ECC_DECODER', input port 'codeword_in[227]' is connected directly to output port 'data_out[211]'. (LINT-29)
Warning: In design 'L_ECC_DECODER', input port 'codeword_in[226]' is connected directly to output port 'data_out[210]'. (LINT-29)
Warning: In design 'L_ECC_DECODER', input port 'codeword_in[225]' is connected directly to output port 'data_out[209]'. (LINT-29)
Warning: In design 'L_ECC_DECODER', input port 'codeword_in[224]' is connected directly to output port 'data_out[208]'. (LINT-29)
Warning: In design 'L_ECC_DECODER', input port 'codeword_in[223]' is connected directly to output port 'data_out[207]'. (LINT-29)
Warning: In design 'L_ECC_DECODER', input port 'codeword_in[222]' is connected directly to output port 'data_out[206]'. (LINT-29)
Warning: In design 'L_ECC_DECODER', input port 'codeword_in[221]' is connected directly to output port 'data_out[205]'. (LINT-29)
Warning: In design 'L_ECC_DECODER', input port 'codeword_in[220]' is connected directly to output port 'data_out[204]'. (LINT-29)
Warning: In design 'L_ECC_DECODER', input port 'codeword_in[219]' is connected directly to output port 'data_out[203]'. (LINT-29)
Warning: In design 'L_ECC_DECODER', input port 'codeword_in[218]' is connected directly to output port 'data_out[202]'. (LINT-29)
Warning: In design 'L_ECC_DECODER', input port 'codeword_in[217]' is connected directly to output port 'data_out[201]'. (LINT-29)
Warning: In design 'L_ECC_DECODER', input port 'codeword_in[216]' is connected directly to output port 'data_out[200]'. (LINT-29)
Warning: In design 'L_ECC_DECODER', input port 'codeword_in[215]' is connected directly to output port 'data_out[199]'. (LINT-29)
Warning: In design 'L_ECC_DECODER', input port 'codeword_in[214]' is connected directly to output port 'data_out[198]'. (LINT-29)
Warning: In design 'L_ECC_DECODER', input port 'codeword_in[213]' is connected directly to output port 'data_out[197]'. (LINT-29)
Warning: In design 'L_ECC_DECODER', input port 'codeword_in[212]' is connected directly to output port 'data_out[196]'. (LINT-29)
Warning: In design 'L_ECC_DECODER', input port 'codeword_in[211]' is connected directly to output port 'data_out[195]'. (LINT-29)
Warning: In design 'L_ECC_DECODER', input port 'codeword_in[210]' is connected directly to output port 'data_out[194]'. (LINT-29)
Warning: In design 'L_ECC_DECODER', input port 'codeword_in[209]' is connected directly to output port 'data_out[193]'. (LINT-29)
Warning: In design 'L_ECC_DECODER', input port 'codeword_in[208]' is connected directly to output port 'data_out[192]'. (LINT-29)
Warning: In design 'L_ECC_DECODER', input port 'codeword_in[207]' is connected directly to output port 'data_out[191]'. (LINT-29)
Warning: In design 'L_ECC_DECODER', input port 'codeword_in[206]' is connected directly to output port 'data_out[190]'. (LINT-29)
Warning: In design 'L_ECC_DECODER', input port 'codeword_in[205]' is connected directly to output port 'data_out[189]'. (LINT-29)
Warning: In design 'L_ECC_DECODER', input port 'codeword_in[204]' is connected directly to output port 'data_out[188]'. (LINT-29)
Warning: In design 'L_ECC_DECODER', input port 'codeword_in[203]' is connected directly to output port 'data_out[187]'. (LINT-29)
Warning: In design 'L_ECC_DECODER', input port 'codeword_in[202]' is connected directly to output port 'data_out[186]'. (LINT-29)
Warning: In design 'L_ECC_DECODER', input port 'codeword_in[201]' is connected directly to output port 'data_out[185]'. (LINT-29)
Warning: In design 'L_ECC_DECODER', input port 'codeword_in[200]' is connected directly to output port 'data_out[184]'. (LINT-29)
Warning: In design 'L_ECC_DECODER', input port 'codeword_in[199]' is connected directly to output port 'data_out[183]'. (LINT-29)
Warning: In design 'L_ECC_DECODER', input port 'codeword_in[198]' is connected directly to output port 'data_out[182]'. (LINT-29)
Warning: In design 'L_ECC_DECODER', input port 'codeword_in[197]' is connected directly to output port 'data_out[181]'. (LINT-29)
Warning: In design 'L_ECC_DECODER', input port 'codeword_in[196]' is connected directly to output port 'data_out[180]'. (LINT-29)
Warning: In design 'L_ECC_DECODER', input port 'codeword_in[195]' is connected directly to output port 'data_out[179]'. (LINT-29)
Warning: In design 'L_ECC_DECODER', input port 'codeword_in[194]' is connected directly to output port 'data_out[178]'. (LINT-29)
Warning: In design 'L_ECC_DECODER', input port 'codeword_in[193]' is connected directly to output port 'data_out[177]'. (LINT-29)
Warning: In design 'L_ECC_DECODER', input port 'codeword_in[192]' is connected directly to output port 'data_out[176]'. (LINT-29)
Warning: In design 'L_ECC_DECODER', input port 'codeword_in[191]' is connected directly to output port 'data_out[175]'. (LINT-29)
Warning: In design 'L_ECC_DECODER', input port 'codeword_in[190]' is connected directly to output port 'data_out[174]'. (LINT-29)
Warning: In design 'L_ECC_DECODER', input port 'codeword_in[189]' is connected directly to output port 'data_out[173]'. (LINT-29)
Warning: In design 'L_ECC_DECODER', input port 'codeword_in[188]' is connected directly to output port 'data_out[172]'. (LINT-29)
Warning: In design 'L_ECC_DECODER', input port 'codeword_in[187]' is connected directly to output port 'data_out[171]'. (LINT-29)
Warning: In design 'L_ECC_DECODER', input port 'codeword_in[186]' is connected directly to output port 'data_out[170]'. (LINT-29)
Warning: In design 'L_ECC_DECODER', input port 'codeword_in[185]' is connected directly to output port 'data_out[169]'. (LINT-29)
Warning: In design 'L_ECC_DECODER', input port 'codeword_in[184]' is connected directly to output port 'data_out[168]'. (LINT-29)
Warning: In design 'L_ECC_DECODER', input port 'codeword_in[183]' is connected directly to output port 'data_out[167]'. (LINT-29)
Warning: In design 'L_ECC_DECODER', input port 'codeword_in[182]' is connected directly to output port 'data_out[166]'. (LINT-29)
Warning: In design 'L_ECC_DECODER', input port 'codeword_in[181]' is connected directly to output port 'data_out[165]'. (LINT-29)
Warning: In design 'L_ECC_DECODER', input port 'codeword_in[180]' is connected directly to output port 'data_out[164]'. (LINT-29)
Warning: In design 'L_ECC_DECODER', input port 'codeword_in[179]' is connected directly to output port 'data_out[163]'. (LINT-29)
Warning: In design 'L_ECC_DECODER', input port 'codeword_in[178]' is connected directly to output port 'data_out[162]'. (LINT-29)
Warning: In design 'L_ECC_DECODER', input port 'codeword_in[177]' is connected directly to output port 'data_out[161]'. (LINT-29)
Warning: In design 'L_ECC_DECODER', input port 'codeword_in[176]' is connected directly to output port 'data_out[160]'. (LINT-29)
Warning: In design 'L_ECC_DECODER', input port 'codeword_in[175]' is connected directly to output port 'data_out[159]'. (LINT-29)
Warning: In design 'L_ECC_DECODER', input port 'codeword_in[174]' is connected directly to output port 'data_out[158]'. (LINT-29)
Warning: In design 'L_ECC_DECODER', input port 'codeword_in[173]' is connected directly to output port 'data_out[157]'. (LINT-29)
Warning: In design 'L_ECC_DECODER', input port 'codeword_in[172]' is connected directly to output port 'data_out[156]'. (LINT-29)
Warning: In design 'L_ECC_DECODER', input port 'codeword_in[171]' is connected directly to output port 'data_out[155]'. (LINT-29)
Warning: In design 'L_ECC_DECODER', input port 'codeword_in[170]' is connected directly to output port 'data_out[154]'. (LINT-29)
Warning: In design 'L_ECC_DECODER', input port 'codeword_in[169]' is connected directly to output port 'data_out[153]'. (LINT-29)
Warning: In design 'L_ECC_DECODER', input port 'codeword_in[168]' is connected directly to output port 'data_out[152]'. (LINT-29)
Warning: In design 'L_ECC_DECODER', input port 'codeword_in[167]' is connected directly to output port 'data_out[151]'. (LINT-29)
Warning: In design 'L_ECC_DECODER', input port 'codeword_in[166]' is connected directly to output port 'data_out[150]'. (LINT-29)
Warning: In design 'L_ECC_DECODER', input port 'codeword_in[165]' is connected directly to output port 'data_out[149]'. (LINT-29)
Warning: In design 'L_ECC_DECODER', input port 'codeword_in[164]' is connected directly to output port 'data_out[148]'. (LINT-29)
Warning: In design 'L_ECC_DECODER', input port 'codeword_in[163]' is connected directly to output port 'data_out[147]'. (LINT-29)
Warning: In design 'L_ECC_DECODER', input port 'codeword_in[162]' is connected directly to output port 'data_out[146]'. (LINT-29)
Warning: In design 'L_ECC_DECODER', input port 'codeword_in[161]' is connected directly to output port 'data_out[145]'. (LINT-29)
Warning: In design 'L_ECC_DECODER', input port 'codeword_in[160]' is connected directly to output port 'data_out[144]'. (LINT-29)
Warning: In design 'L_ECC_DECODER', input port 'codeword_in[159]' is connected directly to output port 'data_out[143]'. (LINT-29)
Warning: In design 'L_ECC_DECODER', input port 'codeword_in[158]' is connected directly to output port 'data_out[142]'. (LINT-29)
Warning: In design 'L_ECC_DECODER', input port 'codeword_in[157]' is connected directly to output port 'data_out[141]'. (LINT-29)
Warning: In design 'L_ECC_DECODER', input port 'codeword_in[156]' is connected directly to output port 'data_out[140]'. (LINT-29)
Warning: In design 'L_ECC_DECODER', input port 'codeword_in[155]' is connected directly to output port 'data_out[139]'. (LINT-29)
Warning: In design 'L_ECC_DECODER', input port 'codeword_in[154]' is connected directly to output port 'data_out[138]'. (LINT-29)
Warning: In design 'L_ECC_DECODER', input port 'codeword_in[153]' is connected directly to output port 'data_out[137]'. (LINT-29)
Warning: In design 'L_ECC_DECODER', input port 'codeword_in[152]' is connected directly to output port 'data_out[136]'. (LINT-29)
Warning: In design 'L_ECC_DECODER', input port 'codeword_in[151]' is connected directly to output port 'data_out[135]'. (LINT-29)
Warning: In design 'L_ECC_DECODER', input port 'codeword_in[150]' is connected directly to output port 'data_out[134]'. (LINT-29)
Warning: In design 'L_ECC_DECODER', input port 'codeword_in[149]' is connected directly to output port 'data_out[133]'. (LINT-29)
Warning: In design 'L_ECC_DECODER', input port 'codeword_in[148]' is connected directly to output port 'data_out[132]'. (LINT-29)
Warning: In design 'L_ECC_DECODER', input port 'codeword_in[147]' is connected directly to output port 'data_out[131]'. (LINT-29)
Warning: In design 'L_ECC_DECODER', input port 'codeword_in[146]' is connected directly to output port 'data_out[130]'. (LINT-29)
Warning: In design 'L_ECC_DECODER', input port 'codeword_in[145]' is connected directly to output port 'data_out[129]'. (LINT-29)
Warning: In design 'L_ECC_DECODER', input port 'codeword_in[144]' is connected directly to output port 'data_out[128]'. (LINT-29)
Warning: In design 'L_ECC_DECODER', input port 'codeword_in[143]' is connected directly to output port 'data_out[127]'. (LINT-29)
Warning: In design 'L_ECC_DECODER', input port 'codeword_in[142]' is connected directly to output port 'data_out[126]'. (LINT-29)
Warning: In design 'L_ECC_DECODER', input port 'codeword_in[141]' is connected directly to output port 'data_out[125]'. (LINT-29)
Warning: In design 'L_ECC_DECODER', input port 'codeword_in[140]' is connected directly to output port 'data_out[124]'. (LINT-29)
Warning: In design 'L_ECC_DECODER', input port 'codeword_in[139]' is connected directly to output port 'data_out[123]'. (LINT-29)
Warning: In design 'L_ECC_DECODER', input port 'codeword_in[138]' is connected directly to output port 'data_out[122]'. (LINT-29)
Warning: In design 'L_ECC_DECODER', input port 'codeword_in[137]' is connected directly to output port 'data_out[121]'. (LINT-29)
Warning: In design 'L_ECC_DECODER', input port 'codeword_in[136]' is connected directly to output port 'data_out[120]'. (LINT-29)
Warning: In design 'L_ECC_DECODER', input port 'codeword_in[135]' is connected directly to output port 'data_out[119]'. (LINT-29)
Warning: In design 'L_ECC_DECODER', input port 'codeword_in[134]' is connected directly to output port 'data_out[118]'. (LINT-29)
Warning: In design 'L_ECC_DECODER', input port 'codeword_in[133]' is connected directly to output port 'data_out[117]'. (LINT-29)
Warning: In design 'L_ECC_DECODER', input port 'codeword_in[132]' is connected directly to output port 'data_out[116]'. (LINT-29)
Warning: In design 'L_ECC_DECODER', input port 'codeword_in[131]' is connected directly to output port 'data_out[115]'. (LINT-29)
Warning: In design 'L_ECC_DECODER', input port 'codeword_in[130]' is connected directly to output port 'data_out[114]'. (LINT-29)
Warning: In design 'L_ECC_DECODER', input port 'codeword_in[129]' is connected directly to output port 'data_out[113]'. (LINT-29)
Warning: In design 'L_ECC_DECODER', input port 'codeword_in[128]' is connected directly to output port 'data_out[112]'. (LINT-29)
Warning: In design 'L_ECC_DECODER', input port 'codeword_in[127]' is connected directly to output port 'data_out[111]'. (LINT-29)
Warning: In design 'L_ECC_DECODER', input port 'codeword_in[126]' is connected directly to output port 'data_out[110]'. (LINT-29)
Warning: In design 'L_ECC_DECODER', input port 'codeword_in[125]' is connected directly to output port 'data_out[109]'. (LINT-29)
Warning: In design 'L_ECC_DECODER', input port 'codeword_in[124]' is connected directly to output port 'data_out[108]'. (LINT-29)
Warning: In design 'L_ECC_DECODER', input port 'codeword_in[123]' is connected directly to output port 'data_out[107]'. (LINT-29)
Warning: In design 'L_ECC_DECODER', input port 'codeword_in[122]' is connected directly to output port 'data_out[106]'. (LINT-29)
Warning: In design 'L_ECC_DECODER', input port 'codeword_in[121]' is connected directly to output port 'data_out[105]'. (LINT-29)
Warning: In design 'L_ECC_DECODER', input port 'codeword_in[120]' is connected directly to output port 'data_out[104]'. (LINT-29)
Warning: In design 'L_ECC_DECODER', input port 'codeword_in[119]' is connected directly to output port 'data_out[103]'. (LINT-29)
Warning: In design 'L_ECC_DECODER', input port 'codeword_in[118]' is connected directly to output port 'data_out[102]'. (LINT-29)
Warning: In design 'L_ECC_DECODER', input port 'codeword_in[117]' is connected directly to output port 'data_out[101]'. (LINT-29)
Warning: In design 'L_ECC_DECODER', input port 'codeword_in[116]' is connected directly to output port 'data_out[100]'. (LINT-29)
Warning: In design 'L_ECC_DECODER', input port 'codeword_in[115]' is connected directly to output port 'data_out[99]'. (LINT-29)
Warning: In design 'L_ECC_DECODER', input port 'codeword_in[114]' is connected directly to output port 'data_out[98]'. (LINT-29)
Warning: In design 'L_ECC_DECODER', input port 'codeword_in[113]' is connected directly to output port 'data_out[97]'. (LINT-29)
Warning: In design 'L_ECC_DECODER', input port 'codeword_in[112]' is connected directly to output port 'data_out[96]'. (LINT-29)
Warning: In design 'L_ECC_DECODER', input port 'codeword_in[111]' is connected directly to output port 'data_out[95]'. (LINT-29)
Warning: In design 'L_ECC_DECODER', input port 'codeword_in[110]' is connected directly to output port 'data_out[94]'. (LINT-29)
Warning: In design 'L_ECC_DECODER', input port 'codeword_in[109]' is connected directly to output port 'data_out[93]'. (LINT-29)
Warning: In design 'L_ECC_DECODER', input port 'codeword_in[108]' is connected directly to output port 'data_out[92]'. (LINT-29)
Warning: In design 'L_ECC_DECODER', input port 'codeword_in[107]' is connected directly to output port 'data_out[91]'. (LINT-29)
Warning: In design 'L_ECC_DECODER', input port 'codeword_in[106]' is connected directly to output port 'data_out[90]'. (LINT-29)
Warning: In design 'L_ECC_DECODER', input port 'codeword_in[105]' is connected directly to output port 'data_out[89]'. (LINT-29)
Warning: In design 'L_ECC_DECODER', input port 'codeword_in[104]' is connected directly to output port 'data_out[88]'. (LINT-29)
Warning: In design 'L_ECC_DECODER', input port 'codeword_in[103]' is connected directly to output port 'data_out[87]'. (LINT-29)
Warning: In design 'L_ECC_DECODER', input port 'codeword_in[102]' is connected directly to output port 'data_out[86]'. (LINT-29)
Warning: In design 'L_ECC_DECODER', input port 'codeword_in[101]' is connected directly to output port 'data_out[85]'. (LINT-29)
Warning: In design 'L_ECC_DECODER', input port 'codeword_in[100]' is connected directly to output port 'data_out[84]'. (LINT-29)
Warning: In design 'L_ECC_DECODER', input port 'codeword_in[99]' is connected directly to output port 'data_out[83]'. (LINT-29)
Warning: In design 'L_ECC_DECODER', input port 'codeword_in[98]' is connected directly to output port 'data_out[82]'. (LINT-29)
Warning: In design 'L_ECC_DECODER', input port 'codeword_in[97]' is connected directly to output port 'data_out[81]'. (LINT-29)
Warning: In design 'L_ECC_DECODER', input port 'codeword_in[96]' is connected directly to output port 'data_out[80]'. (LINT-29)
Warning: In design 'L_ECC_DECODER', input port 'codeword_in[95]' is connected directly to output port 'data_out[79]'. (LINT-29)
Warning: In design 'L_ECC_DECODER', input port 'codeword_in[94]' is connected directly to output port 'data_out[78]'. (LINT-29)
Warning: In design 'L_ECC_DECODER', input port 'codeword_in[93]' is connected directly to output port 'data_out[77]'. (LINT-29)
Warning: In design 'L_ECC_DECODER', input port 'codeword_in[92]' is connected directly to output port 'data_out[76]'. (LINT-29)
Warning: In design 'L_ECC_DECODER', input port 'codeword_in[91]' is connected directly to output port 'data_out[75]'. (LINT-29)
Warning: In design 'L_ECC_DECODER', input port 'codeword_in[90]' is connected directly to output port 'data_out[74]'. (LINT-29)
Warning: In design 'L_ECC_DECODER', input port 'codeword_in[89]' is connected directly to output port 'data_out[73]'. (LINT-29)
Warning: In design 'L_ECC_DECODER', input port 'codeword_in[88]' is connected directly to output port 'data_out[72]'. (LINT-29)
Warning: In design 'L_ECC_DECODER', input port 'codeword_in[87]' is connected directly to output port 'data_out[71]'. (LINT-29)
Warning: In design 'L_ECC_DECODER', input port 'codeword_in[86]' is connected directly to output port 'data_out[70]'. (LINT-29)
Warning: In design 'L_ECC_DECODER', input port 'codeword_in[85]' is connected directly to output port 'data_out[69]'. (LINT-29)
Warning: In design 'L_ECC_DECODER', input port 'codeword_in[84]' is connected directly to output port 'data_out[68]'. (LINT-29)
Warning: In design 'L_ECC_DECODER', input port 'codeword_in[83]' is connected directly to output port 'data_out[67]'. (LINT-29)
Warning: In design 'L_ECC_DECODER', input port 'codeword_in[82]' is connected directly to output port 'data_out[66]'. (LINT-29)
Warning: In design 'L_ECC_DECODER', input port 'codeword_in[81]' is connected directly to output port 'data_out[65]'. (LINT-29)
Warning: In design 'L_ECC_DECODER', input port 'codeword_in[80]' is connected directly to output port 'data_out[64]'. (LINT-29)
Warning: In design 'L_ECC_DECODER', input port 'codeword_in[79]' is connected directly to output port 'data_out[63]'. (LINT-29)
Warning: In design 'L_ECC_DECODER', input port 'codeword_in[78]' is connected directly to output port 'data_out[62]'. (LINT-29)
Warning: In design 'L_ECC_DECODER', input port 'codeword_in[77]' is connected directly to output port 'data_out[61]'. (LINT-29)
Warning: In design 'L_ECC_DECODER', input port 'codeword_in[76]' is connected directly to output port 'data_out[60]'. (LINT-29)
Warning: In design 'L_ECC_DECODER', input port 'codeword_in[75]' is connected directly to output port 'data_out[59]'. (LINT-29)
Warning: In design 'L_ECC_DECODER', input port 'codeword_in[74]' is connected directly to output port 'data_out[58]'. (LINT-29)
Warning: In design 'L_ECC_DECODER', input port 'codeword_in[73]' is connected directly to output port 'data_out[57]'. (LINT-29)
Warning: In design 'L_ECC_DECODER', input port 'codeword_in[72]' is connected directly to output port 'data_out[56]'. (LINT-29)
Warning: In design 'L_ECC_DECODER', input port 'codeword_in[71]' is connected directly to output port 'data_out[55]'. (LINT-29)
Warning: In design 'L_ECC_DECODER', input port 'codeword_in[70]' is connected directly to output port 'data_out[54]'. (LINT-29)
Warning: In design 'L_ECC_DECODER', input port 'codeword_in[69]' is connected directly to output port 'data_out[53]'. (LINT-29)
Warning: In design 'L_ECC_DECODER', input port 'codeword_in[68]' is connected directly to output port 'data_out[52]'. (LINT-29)
Warning: In design 'L_ECC_DECODER', input port 'codeword_in[67]' is connected directly to output port 'data_out[51]'. (LINT-29)
Warning: In design 'L_ECC_DECODER', input port 'codeword_in[66]' is connected directly to output port 'data_out[50]'. (LINT-29)
Warning: In design 'L_ECC_DECODER', input port 'codeword_in[65]' is connected directly to output port 'data_out[49]'. (LINT-29)
Warning: In design 'L_ECC_DECODER', input port 'codeword_in[64]' is connected directly to output port 'data_out[48]'. (LINT-29)
Warning: In design 'L_ECC_DECODER', input port 'codeword_in[63]' is connected directly to output port 'data_out[47]'. (LINT-29)
Warning: In design 'L_ECC_DECODER', input port 'codeword_in[62]' is connected directly to output port 'data_out[46]'. (LINT-29)
Warning: In design 'L_ECC_DECODER', input port 'codeword_in[61]' is connected directly to output port 'data_out[45]'. (LINT-29)
Warning: In design 'L_ECC_DECODER', input port 'codeword_in[60]' is connected directly to output port 'data_out[44]'. (LINT-29)
Warning: In design 'L_ECC_DECODER', input port 'codeword_in[59]' is connected directly to output port 'data_out[43]'. (LINT-29)
Warning: In design 'L_ECC_DECODER', input port 'codeword_in[58]' is connected directly to output port 'data_out[42]'. (LINT-29)
Warning: In design 'L_ECC_DECODER', input port 'codeword_in[57]' is connected directly to output port 'data_out[41]'. (LINT-29)
Warning: In design 'L_ECC_DECODER', input port 'codeword_in[56]' is connected directly to output port 'data_out[40]'. (LINT-29)
Warning: In design 'L_ECC_DECODER', input port 'codeword_in[55]' is connected directly to output port 'data_out[39]'. (LINT-29)
Warning: In design 'L_ECC_DECODER', input port 'codeword_in[54]' is connected directly to output port 'data_out[38]'. (LINT-29)
Warning: In design 'L_ECC_DECODER', input port 'codeword_in[53]' is connected directly to output port 'data_out[37]'. (LINT-29)
Warning: In design 'L_ECC_DECODER', input port 'codeword_in[52]' is connected directly to output port 'data_out[36]'. (LINT-29)
Warning: In design 'L_ECC_DECODER', input port 'codeword_in[51]' is connected directly to output port 'data_out[35]'. (LINT-29)
Warning: In design 'L_ECC_DECODER', input port 'codeword_in[50]' is connected directly to output port 'data_out[34]'. (LINT-29)
Warning: In design 'L_ECC_DECODER', input port 'codeword_in[49]' is connected directly to output port 'data_out[33]'. (LINT-29)
Warning: In design 'L_ECC_DECODER', input port 'codeword_in[48]' is connected directly to output port 'data_out[32]'. (LINT-29)
Warning: In design 'L_ECC_DECODER', input port 'codeword_in[47]' is connected directly to output port 'data_out[31]'. (LINT-29)
Warning: In design 'L_ECC_DECODER', input port 'codeword_in[46]' is connected directly to output port 'data_out[30]'. (LINT-29)
Warning: In design 'L_ECC_DECODER', input port 'codeword_in[45]' is connected directly to output port 'data_out[29]'. (LINT-29)
Warning: In design 'L_ECC_DECODER', input port 'codeword_in[44]' is connected directly to output port 'data_out[28]'. (LINT-29)
Warning: In design 'L_ECC_DECODER', input port 'codeword_in[43]' is connected directly to output port 'data_out[27]'. (LINT-29)
Warning: In design 'L_ECC_DECODER', input port 'codeword_in[42]' is connected directly to output port 'data_out[26]'. (LINT-29)
Warning: In design 'L_ECC_DECODER', input port 'codeword_in[41]' is connected directly to output port 'data_out[25]'. (LINT-29)
Warning: In design 'L_ECC_DECODER', input port 'codeword_in[40]' is connected directly to output port 'data_out[24]'. (LINT-29)
Warning: In design 'L_ECC_DECODER', input port 'codeword_in[39]' is connected directly to output port 'data_out[23]'. (LINT-29)
Warning: In design 'L_ECC_DECODER', input port 'codeword_in[38]' is connected directly to output port 'data_out[22]'. (LINT-29)
Warning: In design 'L_ECC_DECODER', input port 'codeword_in[37]' is connected directly to output port 'data_out[21]'. (LINT-29)
Warning: In design 'L_ECC_DECODER', input port 'codeword_in[36]' is connected directly to output port 'data_out[20]'. (LINT-29)
Warning: In design 'L_ECC_DECODER', input port 'codeword_in[35]' is connected directly to output port 'data_out[19]'. (LINT-29)
Warning: In design 'L_ECC_DECODER', input port 'codeword_in[34]' is connected directly to output port 'data_out[18]'. (LINT-29)
Warning: In design 'L_ECC_DECODER', input port 'codeword_in[33]' is connected directly to output port 'data_out[17]'. (LINT-29)
Warning: In design 'L_ECC_DECODER', input port 'codeword_in[32]' is connected directly to output port 'data_out[16]'. (LINT-29)
Warning: In design 'L_ECC_DECODER', input port 'codeword_in[31]' is connected directly to output port 'data_out[15]'. (LINT-29)
Warning: In design 'L_ECC_DECODER', input port 'codeword_in[30]' is connected directly to output port 'data_out[14]'. (LINT-29)
Warning: In design 'L_ECC_DECODER', input port 'codeword_in[29]' is connected directly to output port 'data_out[13]'. (LINT-29)
Warning: In design 'L_ECC_DECODER', input port 'codeword_in[28]' is connected directly to output port 'data_out[12]'. (LINT-29)
Warning: In design 'L_ECC_DECODER', input port 'codeword_in[27]' is connected directly to output port 'data_out[11]'. (LINT-29)
Warning: In design 'L_ECC_DECODER', input port 'codeword_in[26]' is connected directly to output port 'data_out[10]'. (LINT-29)
Warning: In design 'L_ECC_DECODER', input port 'codeword_in[25]' is connected directly to output port 'data_out[9]'. (LINT-29)
Warning: In design 'L_ECC_DECODER', input port 'codeword_in[24]' is connected directly to output port 'data_out[8]'. (LINT-29)
Warning: In design 'L_ECC_DECODER', input port 'codeword_in[23]' is connected directly to output port 'data_out[7]'. (LINT-29)
Warning: In design 'L_ECC_DECODER', input port 'codeword_in[22]' is connected directly to output port 'data_out[6]'. (LINT-29)
Warning: In design 'L_ECC_DECODER', input port 'codeword_in[21]' is connected directly to output port 'data_out[5]'. (LINT-29)
Warning: In design 'L_ECC_DECODER', input port 'codeword_in[20]' is connected directly to output port 'data_out[4]'. (LINT-29)
Warning: In design 'L_ECC_DECODER', input port 'codeword_in[19]' is connected directly to output port 'data_out[3]'. (LINT-29)
Warning: In design 'L_ECC_DECODER', input port 'codeword_in[18]' is connected directly to output port 'data_out[2]'. (LINT-29)
Warning: In design 'L_ECC_DECODER', input port 'codeword_in[17]' is connected directly to output port 'data_out[1]'. (LINT-29)
Warning: In design 'L_ECC_DECODER', input port 'codeword_in[16]' is connected directly to output port 'data_out[0]'. (LINT-29)
1
