 
****************************************
Report : area
Design : L_ECC_DECODER
Version: Q-2019.12-SP5-5
Date   : Wed Apr  1 16:07:58 2026
****************************************

Library(s) Used:

    um28nchllogl35hsl140f_ssgwc0p9v125c (File: /media/0/LogicLibraries/UMC/28nm/35hs/hsl/lvt/latest/liberty/logic_synth/um28nchllogl35hsl140f_ssgwc0p9v125c.db)

Number of ports:                          577
Number of nets:                          1072
Number of cells:                          776
Number of combinational cells:            776
Number of sequential cells:                 0
Number of macros/black boxes:               0
Number of buf/inv:                        114
Number of references:                      45

Combinational area:               1398.431977
Buf/Inv area:                       42.000000
Noncombinational area:               0.000000
Macro/Black Box area:                0.000000
Net Interconnect area:      undefined  (Wire load has zero net area)

Total cell area:                  1398.431977
Total area:                 undefined

The above information was reported from the logical library. The following are from the physical library:

Hierarchical area distribution
------------------------------

                                  Global cell area          Local cell area
                                  ------------------  ---------------------------- 
Hierarchical cell                 Absolute   Percent  Combi-     Noncombi-  Black-
                                  Total      Total    national   national   boxes   Design
--------------------------------  ---------  -------  ---------  ---------  ------  ---------
L_ECC_DECODER                     1398.4320    100.0  1398.4320     0.0000  0.0000  L_ECC_DECODER
--------------------------------  ---------  -------  ---------  ---------  ------  ---------
Total                                                 1398.4320     0.0000  0.0000

1
