 
****************************************
Report : hierarchy
        -full
Design : L_ECC_DECODER
Version: Q-2019.12-SP5-5
Date   : Wed Apr  1 16:07:58 2026
****************************************

L_ECC_DECODER
    STQ_AO2BB2_V3_1           um28nchllogl35hsl140f_ssgwc0p9v125c
    STQ_AO211_1               um28nchllogl35hsl140f_ssgwc0p9v125c
    STQ_AOI21_0P75            um28nchllogl35hsl140f_ssgwc0p9v125c
    STQ_AOI21_1               um28nchllogl35hsl140f_ssgwc0p9v125c
    STQ_BUF_2                 um28nchllogl35hsl140f_ssgwc0p9v125c
    STQ_EN2_3                 um28nchllogl35hsl140f_ssgwc0p9v125c
    STQ_EN2_4                 um28nchllogl35hsl140f_ssgwc0p9v125c
    STQ_EN2_S_1               um28nchllogl35hsl140f_ssgwc0p9v125c
    STQ_EN2_S_2               um28nchllogl35hsl140f_ssgwc0p9v125c
    STQ_EN3_1                 um28nchllogl35hsl140f_ssgwc0p9v125c
    STQ_EN3_2                 um28nchllogl35hsl140f_ssgwc0p9v125c
    STQ_EN3_3                 um28nchllogl35hsl140f_ssgwc0p9v125c
    STQ_EO2_1                 um28nchllogl35hsl140f_ssgwc0p9v125c
    STQ_EO2_2                 um28nchllogl35hsl140f_ssgwc0p9v125c
    STQ_EO2_3                 um28nchllogl35hsl140f_ssgwc0p9v125c
    STQ_EO2_S_0P5             um28nchllogl35hsl140f_ssgwc0p9v125c
    STQ_EO2_S_2               um28nchllogl35hsl140f_ssgwc0p9v125c
    STQ_EO2_S_4               um28nchllogl35hsl140f_ssgwc0p9v125c
    STQ_EO3_0P5               um28nchllogl35hsl140f_ssgwc0p9v125c
    STQ_EO3_1                 um28nchllogl35hsl140f_ssgwc0p9v125c
    STQ_EO3_2                 um28nchllogl35hsl140f_ssgwc0p9v125c
    STQ_EO3_3                 um28nchllogl35hsl140f_ssgwc0p9v125c
    STQ_INV_1P5               um28nchllogl35hsl140f_ssgwc0p9v125c
    STQ_INV_2                 um28nchllogl35hsl140f_ssgwc0p9v125c
    STQ_INV_3                 um28nchllogl35hsl140f_ssgwc0p9v125c
    STQ_INV_S_0P65            um28nchllogl35hsl140f_ssgwc0p9v125c
    STQ_INV_S_1               um28nchllogl35hsl140f_ssgwc0p9v125c
    STQ_INV_S_1P25            um28nchllogl35hsl140f_ssgwc0p9v125c
    STQ_MUX2_1P5              um28nchllogl35hsl140f_ssgwc0p9v125c
    STQ_MUXI2_MG_0P75         um28nchllogl35hsl140f_ssgwc0p9v125c
    STQ_MUXI2_S_2             um28nchllogl35hsl140f_ssgwc0p9v125c
    STQ_ND2_1P5               um28nchllogl35hsl140f_ssgwc0p9v125c
    STQ_ND2_G_1               um28nchllogl35hsl140f_ssgwc0p9v125c
    STQ_ND2_G_2               um28nchllogl35hsl140f_ssgwc0p9v125c
    STQ_ND4_MM_1P5            um28nchllogl35hsl140f_ssgwc0p9v125c
    STQ_ND4_MM_2              um28nchllogl35hsl140f_ssgwc0p9v125c
    STQ_NR2_2                 um28nchllogl35hsl140f_ssgwc0p9v125c
    STQ_NR4_2                 um28nchllogl35hsl140f_ssgwc0p9v125c
    STQ_OA21B_1               um28nchllogl35hsl140f_ssgwc0p9v125c
    STQ_OAI211_0P5            um28nchllogl35hsl140f_ssgwc0p9v125c
    STQ_OAI211_1              um28nchllogl35hsl140f_ssgwc0p9v125c
    STQ_OAI211_1P5            um28nchllogl35hsl140f_ssgwc0p9v125c
    STQ_OAI211_2              um28nchllogl35hsl140f_ssgwc0p9v125c
    STQ_OAOI211_2             um28nchllogl35hsl140f_ssgwc0p9v125c
    STQ_OR3B_2                um28nchllogl35hsl140f_ssgwc0p9v125c
1
