Information: Updating design information... (UID-85)
 
****************************************
Report : constraint
        -all_violators
        -verbose
Design : L_ECC_DECODER
Version: Q-2019.12-SP5-5
Date   : Wed Apr  1 16:07:58 2026
****************************************


    Net: decode_result_out

    Capacitance        0.0000000000
  - min_capacitance    0.0000775500
  ------------------------------
    Slack              -0.0000775500  (VIOLATED)


    Design: L_ECC_DECODER

    max_area           0.0000000000
  - Current Area       1398.4320068359
  ------------------------------
    Slack              -1398.4320068359  (VIOLATED)


    Design: L_ECC_DECODER

    max_leakage_power      0.0000000000
  - Current Leakage Power  188691.9218750000
  ----------------------------------
    Slack                  -188691.9218750000  (VIOLATED)


1
