 
****************************************
Report : timing
        -path full
        -delay max
        -nworst 10
        -max_paths 10
Design : Cerberus_32b
Version: Q-2019.12-SP5-5
Date   : Thu Apr  2 17:45:13 2026
****************************************

Operating Conditions: SSGWC0P9V125C   Library: um28nchllogl35hsl140f_ssgwc0p9v125c
Wire Load Model Mode: enclosed

  Startpoint: codeword_in[153]
              (input port clocked by vclk)
  Endpoint: data_out[17]
            (output port clocked by vclk)
  Path Group: vclk
  Path Type: max

  Des/Clust/Port     Wire Load Model       Library
  ------------------------------------------------
  Cerberus_32b       ZeroWLM               um28nchllogl35hsl140f_ssgwc0p9v125c

  Point                                    Incr       Path
  -----------------------------------------------------------
  clock vclk (rise edge)                   0.00       0.00
  clock network delay (ideal)              0.00       0.00
  input external delay                     0.00       0.00 r
  codeword_in[153] (in)                    0.00       0.00 r
  U34059/X (STQ_EN2_8)                     0.05       0.05 r
  U5832/X (STQ_INV_S_1)                    0.01       0.06 f
  U7351/X (STQ_EN3_3)                      0.05       0.11 f
  U34007/X (STQ_EN3_3)                     0.05       0.16 r
  U38681/X (STQ_EN3_3)                     0.03       0.19 f
  U29996/X (STQ_EN3_3)                     0.06       0.25 r
  U29995/X (STQ_INV_7P5)                   0.01       0.27 f
  U8304/X (STQ_EN2_8)                      0.04       0.30 r
  U10013/X (STQ_INV_S_24)                  0.01       0.32 f
  U37586/X (STQ_INV_S_24)                  0.01       0.33 r
  U5539/X (STQ_INV_S_9)                    0.01       0.34 f
  U9558/X (STQ_EN2_8)                      0.04       0.38 r
  U4966/X (STQ_EN2_8)                      0.04       0.42 f
  U30401/X (STQ_EN3_3)                     0.05       0.47 f
  U14932/X (STQ_NR2_2)                     0.02       0.49 r
  U13503/X (STQ_ND2_S_6)                   0.01       0.50 f
  U6554/X (STQ_NR2_G_5)                    0.01       0.51 r
  U15778/X (STQ_ND2_S_10)                  0.01       0.52 f
  U30403/X (STQ_NR2_2)                     0.01       0.53 r
  U30456/X (STQ_NR2_1P5)                   0.01       0.54 f
  U23131/X (STQ_OAI211_2)                  0.02       0.56 r
  U6187/X (STQ_NR3_G_3)                    0.01       0.57 f
  U24318/X (STQ_ND2_G_4)                   0.01       0.58 r
  U22048/X (STQ_ND2_G_3)                   0.01       0.59 f
  U6336/X (STQ_NR4_4)                      0.02       0.62 r
  U10814/X (STQ_ND3_5)                     0.02       0.64 f
  U29987/X (STQ_NR4_8)                     0.02       0.66 r
  U6374/X (STQ_ND2_9)                      0.02       0.67 f
  U6377/X (STQ_NR2_G_12)                   0.02       0.69 r
  U10862/X (STQ_INV_S_24)                  0.01       0.70 f
  U10863/X (STQ_INV_S_24)                  0.01       0.71 r
  U2309/X (STQ_ND2_G_2)                    0.01       0.72 f
  U2257/X (STQ_INV_3)                      0.01       0.73 r
  U8000/X (STQ_ND3_8)                      0.02       0.75 f
  U7999/X (STQ_NR2_6)                      0.02       0.76 r
  U21035/X (STQ_BUF_D_16)                  0.03       0.79 r
  U1929/X (STQ_INV_S_9)                    0.02       0.81 f
  U6798/X (STQ_INV_15)                     0.01       0.82 r
  U14090/X (STQ_INV_1P5)                   0.01       0.83 f
  U25426/X (STQ_AOI22_1)                   0.01       0.84 r
  U26608/X (STQ_ND2_G_1)                   0.01       0.85 f
  data_out[17] (out)                       0.00       0.85 f
  data arrival time                                   0.85

  clock vclk (rise edge)                   0.38       0.38
  clock network delay (ideal)              0.00       0.38
  output external delay                    0.00       0.38
  data required time                                  0.38
  -----------------------------------------------------------
  data required time                                  0.38
  data arrival time                                  -0.85
  -----------------------------------------------------------
  slack (VIOLATED)                                   -0.48


  Startpoint: codeword_in[153]
              (input port clocked by vclk)
  Endpoint: data_out[2]
            (output port clocked by vclk)
  Path Group: vclk
  Path Type: max

  Des/Clust/Port     Wire Load Model       Library
  ------------------------------------------------
  Cerberus_32b       ZeroWLM               um28nchllogl35hsl140f_ssgwc0p9v125c

  Point                                    Incr       Path
  -----------------------------------------------------------
  clock vclk (rise edge)                   0.00       0.00
  clock network delay (ideal)              0.00       0.00
  input external delay                     0.00       0.00 r
  codeword_in[153] (in)                    0.00       0.00 r
  U34059/X (STQ_EN2_8)                     0.05       0.05 r
  U5832/X (STQ_INV_S_1)                    0.01       0.06 f
  U7351/X (STQ_EN3_3)                      0.05       0.11 f
  U34007/X (STQ_EN3_3)                     0.05       0.16 r
  U38681/X (STQ_EN3_3)                     0.03       0.19 f
  U29996/X (STQ_EN3_3)                     0.06       0.25 r
  U29995/X (STQ_INV_7P5)                   0.01       0.27 f
  U8304/X (STQ_EN2_8)                      0.04       0.30 r
  U10013/X (STQ_INV_S_24)                  0.01       0.32 f
  U37586/X (STQ_INV_S_24)                  0.01       0.33 r
  U5073/X (STQ_EN2_S_6)                    0.05       0.38 f
  U40813/X (STQ_EO2_S_2)                   0.04       0.42 r
  U4285/X (STQ_EO3_2)                      0.06       0.48 f
  U3905/X (STQ_NR2_2)                      0.01       0.50 r
  U13542/X (STQ_ND2_S_2)                   0.02       0.51 f
  U7033/X (STQ_NR2_G_5)                    0.02       0.53 r
  U6582/X (STQ_AOI21_2)                    0.01       0.55 f
  U25719/X (STQ_NR4_2)                     0.02       0.57 r
  U28546/X (STQ_ND3_2)                     0.02       0.59 f
  U6326/X (STQ_NR3_G_3)                    0.02       0.61 r
  U28488/X (STQ_OR2_7)                     0.02       0.62 r
  U30418/X (STQ_NR3_G_4)                   0.01       0.63 f
  U10814/X (STQ_ND3_5)                     0.01       0.64 r
  U29987/X (STQ_NR4_8)                     0.01       0.65 f
  U6374/X (STQ_ND2_9)                      0.01       0.66 r
  U6377/X (STQ_NR2_G_12)                   0.01       0.67 f
  U10862/X (STQ_INV_S_24)                  0.01       0.68 r
  U10863/X (STQ_INV_S_24)                  0.01       0.69 f
  U2379/X (STQ_NR2B_3)                     0.02       0.71 f
  U7286/X (STQ_ND3_5)                      0.01       0.72 r
  U8250/X (STQ_ND2_G_3)                    0.01       0.73 f
  U8762/X (STQ_OR4B_4)                     0.03       0.76 f
  U30330/X (STQ_NR2_G_4)                   0.01       0.77 r
  U30328/X (STQ_ND3_5)                     0.02       0.79 f
  U30712/X (STQ_OR2_12)                    0.02       0.81 f
  U33597/X (STQ_NR4_2)                     0.01       0.82 r
  U39260/X (STQ_OA21B_2)                   0.02       0.84 r
  U6362/X (STQ_OAI21_0P5)                  0.01       0.85 f
  data_out[2] (out)                        0.00       0.85 f
  data arrival time                                   0.85

  clock vclk (rise edge)                   0.38       0.38
  clock network delay (ideal)              0.00       0.38
  output external delay                    0.00       0.38
  data required time                                  0.38
  -----------------------------------------------------------
  data required time                                  0.38
  data arrival time                                  -0.85
  -----------------------------------------------------------
  slack (VIOLATED)                                   -0.48


  Startpoint: codeword_in[153]
              (input port clocked by vclk)
  Endpoint: data_out[10]
            (output port clocked by vclk)
  Path Group: vclk
  Path Type: max

  Des/Clust/Port     Wire Load Model       Library
  ------------------------------------------------
  Cerberus_32b       ZeroWLM               um28nchllogl35hsl140f_ssgwc0p9v125c

  Point                                    Incr       Path
  -----------------------------------------------------------
  clock vclk (rise edge)                   0.00       0.00
  clock network delay (ideal)              0.00       0.00
  input external delay                     0.00       0.00 r
  codeword_in[153] (in)                    0.00       0.00 r
  U34059/X (STQ_EN2_8)                     0.05       0.05 r
  U5832/X (STQ_INV_S_1)                    0.01       0.06 f
  U7351/X (STQ_EN3_3)                      0.05       0.11 f
  U34007/X (STQ_EN3_3)                     0.05       0.16 r
  U38681/X (STQ_EN3_3)                     0.03       0.19 f
  U29996/X (STQ_EN3_3)                     0.06       0.25 r
  U29995/X (STQ_INV_7P5)                   0.01       0.27 f
  U8304/X (STQ_EN2_8)                      0.04       0.30 r
  U10013/X (STQ_INV_S_24)                  0.01       0.32 f
  U37586/X (STQ_INV_S_24)                  0.01       0.33 r
  U5073/X (STQ_EN2_S_6)                    0.05       0.38 f
  U40813/X (STQ_EO2_S_2)                   0.04       0.42 r
  U4285/X (STQ_EO3_2)                      0.06       0.48 f
  U3905/X (STQ_NR2_2)                      0.01       0.50 r
  U13542/X (STQ_ND2_S_2)                   0.02       0.51 f
  U7033/X (STQ_NR2_G_5)                    0.02       0.53 r
  U6582/X (STQ_AOI21_2)                    0.01       0.55 f
  U25719/X (STQ_NR4_2)                     0.02       0.57 r
  U28546/X (STQ_ND3_2)                     0.02       0.59 f
  U6326/X (STQ_NR3_G_3)                    0.02       0.61 r
  U28488/X (STQ_OR2_7)                     0.02       0.62 r
  U30418/X (STQ_NR3_G_4)                   0.01       0.63 f
  U10814/X (STQ_ND3_5)                     0.01       0.64 r
  U29987/X (STQ_NR4_8)                     0.01       0.65 f
  U6374/X (STQ_ND2_9)                      0.01       0.66 r
  U6377/X (STQ_NR2_G_12)                   0.01       0.67 f
  U10862/X (STQ_INV_S_24)                  0.01       0.68 r
  U10863/X (STQ_INV_S_24)                  0.01       0.69 f
  U2379/X (STQ_NR2B_3)                     0.02       0.71 f
  U7286/X (STQ_ND3_5)                      0.01       0.72 r
  U8250/X (STQ_ND2_G_3)                    0.01       0.73 f
  U8762/X (STQ_OR4B_4)                     0.03       0.76 f
  U30330/X (STQ_NR2_G_4)                   0.01       0.77 r
  U30328/X (STQ_ND3_5)                     0.02       0.79 f
  U30712/X (STQ_OR2_12)                    0.02       0.81 f
  U33572/X (STQ_NR4_2)                     0.01       0.82 r
  U32826/X (STQ_OA21B_2)                   0.02       0.84 r
  U6356/X (STQ_OAI21_0P5)                  0.01       0.85 f
  data_out[10] (out)                       0.00       0.85 f
  data arrival time                                   0.85

  clock vclk (rise edge)                   0.38       0.38
  clock network delay (ideal)              0.00       0.38
  output external delay                    0.00       0.38
  data required time                                  0.38
  -----------------------------------------------------------
  data required time                                  0.38
  data arrival time                                  -0.85
  -----------------------------------------------------------
  slack (VIOLATED)                                   -0.48


  Startpoint: codeword_in[44]
              (input port clocked by vclk)
  Endpoint: data_out[2]
            (output port clocked by vclk)
  Path Group: vclk
  Path Type: max

  Des/Clust/Port     Wire Load Model       Library
  ------------------------------------------------
  Cerberus_32b       ZeroWLM               um28nchllogl35hsl140f_ssgwc0p9v125c

  Point                                    Incr       Path
  -----------------------------------------------------------
  clock vclk (rise edge)                   0.00       0.00
  clock network delay (ideal)              0.00       0.00
  input external delay                     0.00       0.00 r
  codeword_in[44] (in)                     0.00       0.00 r
  U33852/X (STQ_EN2_8)                     0.05       0.05 r
  U5859/X (STQ_EN2_4)                      0.03       0.08 f
  U33956/X (STQ_EN3_3)                     0.05       0.13 f
  U7181/X (STQ_EN3_3)                      0.05       0.19 f
  U7180/X (STQ_EN3_3)                      0.06       0.25 r
  U5721/X (STQ_INV_6P5)                    0.01       0.26 f
  U8199/X (STQ_INV_7P5)                    0.01       0.27 r
  U8310/X (STQ_INV_7P5)                    0.01       0.28 f
  U31992/X (STQ_EN2_8)                     0.04       0.32 r
  U25371/X (STQ_INV_18)                    0.02       0.33 f
  U39152/X (STQ_EN2_S_2)                   0.05       0.38 r
  U22815/X (STQ_EN2_S_2)                   0.04       0.42 f
  U30166/X (STQ_EN3_3)                     0.06       0.48 r
  U23684/X (STQ_INV_1P5)                   0.01       0.49 f
  U3792/X (STQ_OR4B_2)                     0.03       0.52 f
  U22388/X (STQ_NR2_G_0P8)                 0.01       0.54 r
  U21263/X (STQ_AOI21_1)                   0.01       0.55 f
  U18175/X (STQ_NR3_G_1)                   0.02       0.57 r
  U9768/X (STQ_ND2_G_2)                    0.02       0.58 f
  U6326/X (STQ_NR3_G_3)                    0.02       0.61 r
  U28488/X (STQ_OR2_7)                     0.02       0.62 r
  U30418/X (STQ_NR3_G_4)                   0.01       0.63 f
  U10814/X (STQ_ND3_5)                     0.01       0.64 r
  U29987/X (STQ_NR4_8)                     0.01       0.65 f
  U6374/X (STQ_ND2_9)                      0.01       0.66 r
  U6377/X (STQ_NR2_G_12)                   0.01       0.67 f
  U10862/X (STQ_INV_S_24)                  0.01       0.68 r
  U10863/X (STQ_INV_S_24)                  0.01       0.69 f
  U2379/X (STQ_NR2B_3)                     0.02       0.71 f
  U7286/X (STQ_ND3_5)                      0.01       0.72 r
  U8250/X (STQ_ND2_G_3)                    0.01       0.73 f
  U8762/X (STQ_OR4B_4)                     0.03       0.76 f
  U30330/X (STQ_NR2_G_4)                   0.01       0.77 r
  U30328/X (STQ_ND3_5)                     0.02       0.79 f
  U30712/X (STQ_OR2_12)                    0.02       0.81 f
  U33597/X (STQ_NR4_2)                     0.01       0.82 r
  U39260/X (STQ_OA21B_2)                   0.02       0.84 r
  U6362/X (STQ_OAI21_0P5)                  0.01       0.85 f
  data_out[2] (out)                        0.00       0.85 f
  data arrival time                                   0.85

  clock vclk (rise edge)                   0.38       0.38
  clock network delay (ideal)              0.00       0.38
  output external delay                    0.00       0.38
  data required time                                  0.38
  -----------------------------------------------------------
  data required time                                  0.38
  data arrival time                                  -0.85
  -----------------------------------------------------------
  slack (VIOLATED)                                   -0.48


  Startpoint: codeword_in[44]
              (input port clocked by vclk)
  Endpoint: data_out[10]
            (output port clocked by vclk)
  Path Group: vclk
  Path Type: max

  Des/Clust/Port     Wire Load Model       Library
  ------------------------------------------------
  Cerberus_32b       ZeroWLM               um28nchllogl35hsl140f_ssgwc0p9v125c

  Point                                    Incr       Path
  -----------------------------------------------------------
  clock vclk (rise edge)                   0.00       0.00
  clock network delay (ideal)              0.00       0.00
  input external delay                     0.00       0.00 r
  codeword_in[44] (in)                     0.00       0.00 r
  U33852/X (STQ_EN2_8)                     0.05       0.05 r
  U5859/X (STQ_EN2_4)                      0.03       0.08 f
  U33956/X (STQ_EN3_3)                     0.05       0.13 f
  U7181/X (STQ_EN3_3)                      0.05       0.19 f
  U7180/X (STQ_EN3_3)                      0.06       0.25 r
  U5721/X (STQ_INV_6P5)                    0.01       0.26 f
  U8199/X (STQ_INV_7P5)                    0.01       0.27 r
  U8310/X (STQ_INV_7P5)                    0.01       0.28 f
  U31992/X (STQ_EN2_8)                     0.04       0.32 r
  U25371/X (STQ_INV_18)                    0.02       0.33 f
  U39152/X (STQ_EN2_S_2)                   0.05       0.38 r
  U22815/X (STQ_EN2_S_2)                   0.04       0.42 f
  U30166/X (STQ_EN3_3)                     0.06       0.48 r
  U23684/X (STQ_INV_1P5)                   0.01       0.49 f
  U3792/X (STQ_OR4B_2)                     0.03       0.52 f
  U22388/X (STQ_NR2_G_0P8)                 0.01       0.54 r
  U21263/X (STQ_AOI21_1)                   0.01       0.55 f
  U18175/X (STQ_NR3_G_1)                   0.02       0.57 r
  U9768/X (STQ_ND2_G_2)                    0.02       0.58 f
  U6326/X (STQ_NR3_G_3)                    0.02       0.61 r
  U28488/X (STQ_OR2_7)                     0.02       0.62 r
  U30418/X (STQ_NR3_G_4)                   0.01       0.63 f
  U10814/X (STQ_ND3_5)                     0.01       0.64 r
  U29987/X (STQ_NR4_8)                     0.01       0.65 f
  U6374/X (STQ_ND2_9)                      0.01       0.66 r
  U6377/X (STQ_NR2_G_12)                   0.01       0.67 f
  U10862/X (STQ_INV_S_24)                  0.01       0.68 r
  U10863/X (STQ_INV_S_24)                  0.01       0.69 f
  U2379/X (STQ_NR2B_3)                     0.02       0.71 f
  U7286/X (STQ_ND3_5)                      0.01       0.72 r
  U8250/X (STQ_ND2_G_3)                    0.01       0.73 f
  U8762/X (STQ_OR4B_4)                     0.03       0.76 f
  U30330/X (STQ_NR2_G_4)                   0.01       0.77 r
  U30328/X (STQ_ND3_5)                     0.02       0.79 f
  U30712/X (STQ_OR2_12)                    0.02       0.81 f
  U33572/X (STQ_NR4_2)                     0.01       0.82 r
  U32826/X (STQ_OA21B_2)                   0.02       0.84 r
  U6356/X (STQ_OAI21_0P5)                  0.01       0.85 f
  data_out[10] (out)                       0.00       0.85 f
  data arrival time                                   0.85

  clock vclk (rise edge)                   0.38       0.38
  clock network delay (ideal)              0.00       0.38
  output external delay                    0.00       0.38
  data required time                                  0.38
  -----------------------------------------------------------
  data required time                                  0.38
  data arrival time                                  -0.85
  -----------------------------------------------------------
  slack (VIOLATED)                                   -0.48


  Startpoint: codeword_in[198]
              (input port clocked by vclk)
  Endpoint: data_out[17]
            (output port clocked by vclk)
  Path Group: vclk
  Path Type: max

  Des/Clust/Port     Wire Load Model       Library
  ------------------------------------------------
  Cerberus_32b       ZeroWLM               um28nchllogl35hsl140f_ssgwc0p9v125c

  Point                                    Incr       Path
  -----------------------------------------------------------
  clock vclk (rise edge)                   0.00       0.00
  clock network delay (ideal)              0.00       0.00
  input external delay                     0.00       0.00 r
  codeword_in[198] (in)                    0.00       0.00 r
  U32338/X (STQ_EN2_8)                     0.05       0.05 r
  U31750/X (STQ_EN2_8)                     0.03       0.08 f
  U32337/X (STQ_EN2_6)                     0.03       0.12 r
  U34007/X (STQ_EN3_3)                     0.05       0.16 r
  U38681/X (STQ_EN3_3)                     0.03       0.19 f
  U29996/X (STQ_EN3_3)                     0.06       0.25 r
  U29995/X (STQ_INV_7P5)                   0.01       0.27 f
  U8304/X (STQ_EN2_8)                      0.04       0.30 r
  U10013/X (STQ_INV_S_24)                  0.01       0.32 f
  U37586/X (STQ_INV_S_24)                  0.01       0.33 r
  U5539/X (STQ_INV_S_9)                    0.01       0.34 f
  U9558/X (STQ_EN2_8)                      0.04       0.38 r
  U4966/X (STQ_EN2_8)                      0.04       0.42 f
  U30401/X (STQ_EN3_3)                     0.05       0.47 f
  U14932/X (STQ_NR2_2)                     0.02       0.49 r
  U13503/X (STQ_ND2_S_6)                   0.01       0.50 f
  U6554/X (STQ_NR2_G_5)                    0.01       0.51 r
  U15778/X (STQ_ND2_S_10)                  0.01       0.52 f
  U30403/X (STQ_NR2_2)                     0.01       0.53 r
  U30456/X (STQ_NR2_1P5)                   0.01       0.54 f
  U23131/X (STQ_OAI211_2)                  0.02       0.56 r
  U6187/X (STQ_NR3_G_3)                    0.01       0.57 f
  U24318/X (STQ_ND2_G_4)                   0.01       0.58 r
  U22048/X (STQ_ND2_G_3)                   0.01       0.59 f
  U6336/X (STQ_NR4_4)                      0.02       0.62 r
  U10814/X (STQ_ND3_5)                     0.02       0.64 f
  U29987/X (STQ_NR4_8)                     0.02       0.65 r
  U6374/X (STQ_ND2_9)                      0.02       0.67 f
  U6377/X (STQ_NR2_G_12)                   0.02       0.69 r
  U10862/X (STQ_INV_S_24)                  0.01       0.70 f
  U10863/X (STQ_INV_S_24)                  0.01       0.71 r
  U2309/X (STQ_ND2_G_2)                    0.01       0.72 f
  U2257/X (STQ_INV_3)                      0.01       0.73 r
  U8000/X (STQ_ND3_8)                      0.02       0.75 f
  U7999/X (STQ_NR2_6)                      0.02       0.76 r
  U21035/X (STQ_BUF_D_16)                  0.03       0.79 r
  U1929/X (STQ_INV_S_9)                    0.02       0.81 f
  U6798/X (STQ_INV_15)                     0.01       0.82 r
  U14090/X (STQ_INV_1P5)                   0.01       0.83 f
  U25426/X (STQ_AOI22_1)                   0.01       0.84 r
  U26608/X (STQ_ND2_G_1)                   0.01       0.85 f
  data_out[17] (out)                       0.00       0.85 f
  data arrival time                                   0.85

  clock vclk (rise edge)                   0.38       0.38
  clock network delay (ideal)              0.00       0.38
  output external delay                    0.00       0.38
  data required time                                  0.38
  -----------------------------------------------------------
  data required time                                  0.38
  data arrival time                                  -0.85
  -----------------------------------------------------------
  slack (VIOLATED)                                   -0.48


  Startpoint: codeword_in[198]
              (input port clocked by vclk)
  Endpoint: data_out[2]
            (output port clocked by vclk)
  Path Group: vclk
  Path Type: max

  Des/Clust/Port     Wire Load Model       Library
  ------------------------------------------------
  Cerberus_32b       ZeroWLM               um28nchllogl35hsl140f_ssgwc0p9v125c

  Point                                    Incr       Path
  -----------------------------------------------------------
  clock vclk (rise edge)                   0.00       0.00
  clock network delay (ideal)              0.00       0.00
  input external delay                     0.00       0.00 r
  codeword_in[198] (in)                    0.00       0.00 r
  U32338/X (STQ_EN2_8)                     0.05       0.05 r
  U31750/X (STQ_EN2_8)                     0.03       0.08 f
  U32337/X (STQ_EN2_6)                     0.03       0.12 r
  U34007/X (STQ_EN3_3)                     0.05       0.16 r
  U38681/X (STQ_EN3_3)                     0.03       0.19 f
  U29996/X (STQ_EN3_3)                     0.06       0.25 r
  U29995/X (STQ_INV_7P5)                   0.01       0.27 f
  U8304/X (STQ_EN2_8)                      0.04       0.30 r
  U10013/X (STQ_INV_S_24)                  0.01       0.32 f
  U37586/X (STQ_INV_S_24)                  0.01       0.33 r
  U5073/X (STQ_EN2_S_6)                    0.05       0.38 f
  U40813/X (STQ_EO2_S_2)                   0.04       0.42 r
  U4285/X (STQ_EO3_2)                      0.06       0.48 f
  U3905/X (STQ_NR2_2)                      0.01       0.50 r
  U13542/X (STQ_ND2_S_2)                   0.02       0.51 f
  U7033/X (STQ_NR2_G_5)                    0.02       0.53 r
  U6582/X (STQ_AOI21_2)                    0.01       0.55 f
  U25719/X (STQ_NR4_2)                     0.02       0.57 r
  U28546/X (STQ_ND3_2)                     0.02       0.59 f
  U6326/X (STQ_NR3_G_3)                    0.02       0.61 r
  U28488/X (STQ_OR2_7)                     0.02       0.62 r
  U30418/X (STQ_NR3_G_4)                   0.01       0.63 f
  U10814/X (STQ_ND3_5)                     0.01       0.64 r
  U29987/X (STQ_NR4_8)                     0.01       0.65 f
  U6374/X (STQ_ND2_9)                      0.01       0.66 r
  U6377/X (STQ_NR2_G_12)                   0.01       0.67 f
  U10862/X (STQ_INV_S_24)                  0.01       0.68 r
  U10863/X (STQ_INV_S_24)                  0.01       0.69 f
  U2379/X (STQ_NR2B_3)                     0.02       0.71 f
  U7286/X (STQ_ND3_5)                      0.01       0.72 r
  U8250/X (STQ_ND2_G_3)                    0.01       0.73 f
  U8762/X (STQ_OR4B_4)                     0.03       0.76 f
  U30330/X (STQ_NR2_G_4)                   0.01       0.77 r
  U30328/X (STQ_ND3_5)                     0.02       0.78 f
  U30712/X (STQ_OR2_12)                    0.02       0.81 f
  U33597/X (STQ_NR4_2)                     0.01       0.82 r
  U39260/X (STQ_OA21B_2)                   0.02       0.84 r
  U6362/X (STQ_OAI21_0P5)                  0.01       0.85 f
  data_out[2] (out)                        0.00       0.85 f
  data arrival time                                   0.85

  clock vclk (rise edge)                   0.38       0.38
  clock network delay (ideal)              0.00       0.38
  output external delay                    0.00       0.38
  data required time                                  0.38
  -----------------------------------------------------------
  data required time                                  0.38
  data arrival time                                  -0.85
  -----------------------------------------------------------
  slack (VIOLATED)                                   -0.48


  Startpoint: codeword_in[198]
              (input port clocked by vclk)
  Endpoint: data_out[10]
            (output port clocked by vclk)
  Path Group: vclk
  Path Type: max

  Des/Clust/Port     Wire Load Model       Library
  ------------------------------------------------
  Cerberus_32b       ZeroWLM               um28nchllogl35hsl140f_ssgwc0p9v125c

  Point                                    Incr       Path
  -----------------------------------------------------------
  clock vclk (rise edge)                   0.00       0.00
  clock network delay (ideal)              0.00       0.00
  input external delay                     0.00       0.00 r
  codeword_in[198] (in)                    0.00       0.00 r
  U32338/X (STQ_EN2_8)                     0.05       0.05 r
  U31750/X (STQ_EN2_8)                     0.03       0.08 f
  U32337/X (STQ_EN2_6)                     0.03       0.12 r
  U34007/X (STQ_EN3_3)                     0.05       0.16 r
  U38681/X (STQ_EN3_3)                     0.03       0.19 f
  U29996/X (STQ_EN3_3)                     0.06       0.25 r
  U29995/X (STQ_INV_7P5)                   0.01       0.27 f
  U8304/X (STQ_EN2_8)                      0.04       0.30 r
  U10013/X (STQ_INV_S_24)                  0.01       0.32 f
  U37586/X (STQ_INV_S_24)                  0.01       0.33 r
  U5073/X (STQ_EN2_S_6)                    0.05       0.38 f
  U40813/X (STQ_EO2_S_2)                   0.04       0.42 r
  U4285/X (STQ_EO3_2)                      0.06       0.48 f
  U3905/X (STQ_NR2_2)                      0.01       0.50 r
  U13542/X (STQ_ND2_S_2)                   0.02       0.51 f
  U7033/X (STQ_NR2_G_5)                    0.02       0.53 r
  U6582/X (STQ_AOI21_2)                    0.01       0.55 f
  U25719/X (STQ_NR4_2)                     0.02       0.57 r
  U28546/X (STQ_ND3_2)                     0.02       0.59 f
  U6326/X (STQ_NR3_G_3)                    0.02       0.61 r
  U28488/X (STQ_OR2_7)                     0.02       0.62 r
  U30418/X (STQ_NR3_G_4)                   0.01       0.63 f
  U10814/X (STQ_ND3_5)                     0.01       0.64 r
  U29987/X (STQ_NR4_8)                     0.01       0.65 f
  U6374/X (STQ_ND2_9)                      0.01       0.66 r
  U6377/X (STQ_NR2_G_12)                   0.01       0.67 f
  U10862/X (STQ_INV_S_24)                  0.01       0.68 r
  U10863/X (STQ_INV_S_24)                  0.01       0.69 f
  U2379/X (STQ_NR2B_3)                     0.02       0.71 f
  U7286/X (STQ_ND3_5)                      0.01       0.72 r
  U8250/X (STQ_ND2_G_3)                    0.01       0.73 f
  U8762/X (STQ_OR4B_4)                     0.03       0.76 f
  U30330/X (STQ_NR2_G_4)                   0.01       0.77 r
  U30328/X (STQ_ND3_5)                     0.02       0.78 f
  U30712/X (STQ_OR2_12)                    0.02       0.81 f
  U33572/X (STQ_NR4_2)                     0.01       0.82 r
  U32826/X (STQ_OA21B_2)                   0.02       0.84 r
  U6356/X (STQ_OAI21_0P5)                  0.01       0.85 f
  data_out[10] (out)                       0.00       0.85 f
  data arrival time                                   0.85

  clock vclk (rise edge)                   0.38       0.38
  clock network delay (ideal)              0.00       0.38
  output external delay                    0.00       0.38
  data required time                                  0.38
  -----------------------------------------------------------
  data required time                                  0.38
  data arrival time                                  -0.85
  -----------------------------------------------------------
  slack (VIOLATED)                                   -0.48


  Startpoint: codeword_in[244]
              (input port clocked by vclk)
  Endpoint: data_out[2]
            (output port clocked by vclk)
  Path Group: vclk
  Path Type: max

  Des/Clust/Port     Wire Load Model       Library
  ------------------------------------------------
  Cerberus_32b       ZeroWLM               um28nchllogl35hsl140f_ssgwc0p9v125c

  Point                                    Incr       Path
  -----------------------------------------------------------
  clock vclk (rise edge)                   0.00       0.00
  clock network delay (ideal)              0.00       0.00
  input external delay                     0.00       0.00 r
  codeword_in[244] (in)                    0.00       0.00 r
  U32358/X (STQ_EN2_8)                     0.05       0.05 r
  U5859/X (STQ_EN2_4)                      0.03       0.08 f
  U33956/X (STQ_EN3_3)                     0.05       0.13 f
  U7181/X (STQ_EN3_3)                      0.05       0.19 f
  U7180/X (STQ_EN3_3)                      0.06       0.25 r
  U5721/X (STQ_INV_6P5)                    0.01       0.26 f
  U8199/X (STQ_INV_7P5)                    0.01       0.27 r
  U8310/X (STQ_INV_7P5)                    0.01       0.28 f
  U31992/X (STQ_EN2_8)                     0.04       0.32 r
  U25371/X (STQ_INV_18)                    0.02       0.33 f
  U39152/X (STQ_EN2_S_2)                   0.05       0.38 r
  U22815/X (STQ_EN2_S_2)                   0.04       0.42 f
  U30166/X (STQ_EN3_3)                     0.06       0.48 r
  U23684/X (STQ_INV_1P5)                   0.01       0.49 f
  U3792/X (STQ_OR4B_2)                     0.03       0.52 f
  U22388/X (STQ_NR2_G_0P8)                 0.01       0.54 r
  U21263/X (STQ_AOI21_1)                   0.01       0.55 f
  U18175/X (STQ_NR3_G_1)                   0.02       0.57 r
  U9768/X (STQ_ND2_G_2)                    0.02       0.58 f
  U6326/X (STQ_NR3_G_3)                    0.02       0.61 r
  U28488/X (STQ_OR2_7)                     0.02       0.62 r
  U30418/X (STQ_NR3_G_4)                   0.01       0.63 f
  U10814/X (STQ_ND3_5)                     0.01       0.64 r
  U29987/X (STQ_NR4_8)                     0.01       0.65 f
  U6374/X (STQ_ND2_9)                      0.01       0.66 r
  U6377/X (STQ_NR2_G_12)                   0.01       0.67 f
  U10862/X (STQ_INV_S_24)                  0.01       0.68 r
  U10863/X (STQ_INV_S_24)                  0.01       0.69 f
  U2379/X (STQ_NR2B_3)                     0.02       0.71 f
  U7286/X (STQ_ND3_5)                      0.01       0.72 r
  U8250/X (STQ_ND2_G_3)                    0.01       0.73 f
  U8762/X (STQ_OR4B_4)                     0.03       0.76 f
  U30330/X (STQ_NR2_G_4)                   0.01       0.77 r
  U30328/X (STQ_ND3_5)                     0.02       0.78 f
  U30712/X (STQ_OR2_12)                    0.02       0.81 f
  U33597/X (STQ_NR4_2)                     0.01       0.82 r
  U39260/X (STQ_OA21B_2)                   0.02       0.84 r
  U6362/X (STQ_OAI21_0P5)                  0.01       0.85 f
  data_out[2] (out)                        0.00       0.85 f
  data arrival time                                   0.85

  clock vclk (rise edge)                   0.38       0.38
  clock network delay (ideal)              0.00       0.38
  output external delay                    0.00       0.38
  data required time                                  0.38
  -----------------------------------------------------------
  data required time                                  0.38
  data arrival time                                  -0.85
  -----------------------------------------------------------
  slack (VIOLATED)                                   -0.48


  Startpoint: codeword_in[244]
              (input port clocked by vclk)
  Endpoint: data_out[10]
            (output port clocked by vclk)
  Path Group: vclk
  Path Type: max

  Des/Clust/Port     Wire Load Model       Library
  ------------------------------------------------
  Cerberus_32b       ZeroWLM               um28nchllogl35hsl140f_ssgwc0p9v125c

  Point                                    Incr       Path
  -----------------------------------------------------------
  clock vclk (rise edge)                   0.00       0.00
  clock network delay (ideal)              0.00       0.00
  input external delay                     0.00       0.00 r
  codeword_in[244] (in)                    0.00       0.00 r
  U32358/X (STQ_EN2_8)                     0.05       0.05 r
  U5859/X (STQ_EN2_4)                      0.03       0.08 f
  U33956/X (STQ_EN3_3)                     0.05       0.13 f
  U7181/X (STQ_EN3_3)                      0.05       0.19 f
  U7180/X (STQ_EN3_3)                      0.06       0.25 r
  U5721/X (STQ_INV_6P5)                    0.01       0.26 f
  U8199/X (STQ_INV_7P5)                    0.01       0.27 r
  U8310/X (STQ_INV_7P5)                    0.01       0.28 f
  U31992/X (STQ_EN2_8)                     0.04       0.32 r
  U25371/X (STQ_INV_18)                    0.02       0.33 f
  U39152/X (STQ_EN2_S_2)                   0.05       0.38 r
  U22815/X (STQ_EN2_S_2)                   0.04       0.42 f
  U30166/X (STQ_EN3_3)                     0.06       0.48 r
  U23684/X (STQ_INV_1P5)                   0.01       0.49 f
  U3792/X (STQ_OR4B_2)                     0.03       0.52 f
  U22388/X (STQ_NR2_G_0P8)                 0.01       0.54 r
  U21263/X (STQ_AOI21_1)                   0.01       0.55 f
  U18175/X (STQ_NR3_G_1)                   0.02       0.57 r
  U9768/X (STQ_ND2_G_2)                    0.02       0.58 f
  U6326/X (STQ_NR3_G_3)                    0.02       0.61 r
  U28488/X (STQ_OR2_7)                     0.02       0.62 r
  U30418/X (STQ_NR3_G_4)                   0.01       0.63 f
  U10814/X (STQ_ND3_5)                     0.01       0.64 r
  U29987/X (STQ_NR4_8)                     0.01       0.65 f
  U6374/X (STQ_ND2_9)                      0.01       0.66 r
  U6377/X (STQ_NR2_G_12)                   0.01       0.67 f
  U10862/X (STQ_INV_S_24)                  0.01       0.68 r
  U10863/X (STQ_INV_S_24)                  0.01       0.69 f
  U2379/X (STQ_NR2B_3)                     0.02       0.71 f
  U7286/X (STQ_ND3_5)                      0.01       0.72 r
  U8250/X (STQ_ND2_G_3)                    0.01       0.73 f
  U8762/X (STQ_OR4B_4)                     0.03       0.76 f
  U30330/X (STQ_NR2_G_4)                   0.01       0.77 r
  U30328/X (STQ_ND3_5)                     0.02       0.78 f
  U30712/X (STQ_OR2_12)                    0.02       0.81 f
  U33572/X (STQ_NR4_2)                     0.01       0.82 r
  U32826/X (STQ_OA21B_2)                   0.02       0.84 r
  U6356/X (STQ_OAI21_0P5)                  0.01       0.85 f
  data_out[10] (out)                       0.00       0.85 f
  data arrival time                                   0.85

  clock vclk (rise edge)                   0.38       0.38
  clock network delay (ideal)              0.00       0.38
  output external delay                    0.00       0.38
  data required time                                  0.38
  -----------------------------------------------------------
  data required time                                  0.38
  data arrival time                                  -0.85
  -----------------------------------------------------------
  slack (VIOLATED)                                   -0.48


1
