 
****************************************
Report : qor
Design : Cerberus_32b
Version: Q-2019.12-SP5-5
Date   : Thu Apr  2 17:45:12 2026
****************************************


  Timing Path Group 'vclk'
  -----------------------------------
  Levels of Logic:              41.00
  Critical Path Length:          0.85
  Critical Path Slack:          -0.48
  Critical Path Clk Period:      0.38
  Total Negative Slack:       -121.20
  No. of Violating Paths:      257.00
  Worst Hold Violation:          0.00
  Total Hold Violation:          0.00
  No. of Hold Violations:        0.00
  -----------------------------------


  Cell Count
  -----------------------------------
  Hierarchical Cell Count:          1
  Hierarchical Port Count:        577
  Leaf Cell Count:              61526
  Buf/Inv Cell Count:           11653
  Buf Cell Count:                 537
  Inv Cell Count:               11116
  CT Buf/Inv Cell Count:            0
  Combinational Cell Count:     61526
  Sequential Cell Count:            0
  Macro Count:                      0
  -----------------------------------


  Area
  -----------------------------------
  Combinational Area:    85608.262895
  Noncombinational Area:     0.000000
  Buf/Inv Area:           6139.727953
  Total Buffer Area:           783.89
  Total Inverter Area:        5355.84
  Macro/Black Box Area:      0.000000
  Net Area:                  0.000000
  -----------------------------------
  Cell Area:             85608.262895
  Design Area:           85608.262895


  Design Rules
  -----------------------------------
  Total Number of Nets:         61814
  Nets With Violations:             2
  Max Trans Violations:             0
  Max Cap Violations:               0
  Max Fanout Violations:            2
  -----------------------------------


  Hostname: SALserver01

  Compile CPU Statistics
  -----------------------------------------
  Resource Sharing:                   30.75
  Logic Optimization:               3957.56
  Mapping Optimization:             3548.58
  -----------------------------------------
  Overall Compile Time:             8821.79
  Overall Compile Wall Clock Time:  8853.23

  --------------------------------------------------------------------

  Design  WNS: 0.48  TNS: 121.20  Number of Violating Paths: 257


  Design (Hold)  WNS: 0.00  TNS: 0.00  Number of Violating Paths: 0

  --------------------------------------------------------------------


1
