 
****************************************
Report : area
Design : Cerberus_32b
Version: Q-2019.12-SP5-5
Date   : Thu Apr  2 17:45:11 2026
****************************************

Library(s) Used:

    um28nchllogl35hsl140f_ssgwc0p9v125c (File: /media/0/LogicLibraries/UMC/28nm/35hs/hsl/lvt/latest/liberty/logic_synth/um28nchllogl35hsl140f_ssgwc0p9v125c.db)

Number of ports:                         1122
Number of nets:                         62391
Number of cells:                        61527
Number of combinational cells:          61526
Number of sequential cells:                 0
Number of macros/black boxes:               0
Number of buf/inv:                      11653
Number of references:                     354

Combinational area:              85608.262895
Buf/Inv area:                     6139.727953
Noncombinational area:               0.000000
Macro/Black Box area:                0.000000
Net Interconnect area:      undefined  (Wire load has zero net area)

Total cell area:                 85608.262895
Total area:                 undefined

The above information was reported from the logical library. The following are from the physical library:

Hierarchical area distribution
------------------------------

                                  Global cell area            Local cell area
                                  -------------------  ----------------------------- 
Hierarchical cell                 Absolute    Percent  Combi-      Noncombi-  Black-
                                  Total       Total    national    national   boxes   Design
--------------------------------  ----------  -------  ----------  ---------  ------  -------------
Cerberus_32b                      85608.2629    100.0  58748.5914     0.0000  0.0000  Cerberus_32b
sse_corrector                     26859.6715     31.4  26859.6715     0.0000  0.0000  SSE_CORRECTOR
--------------------------------  ----------  -------  ----------  ---------  ------  -------------
Total                                                  85608.2629     0.0000  0.0000

1
