
                           Design Compiler Graphical 
                                 DC Ultra (TM)
                                  DFTMAX (TM)
                              Power Compiler (TM)
                                 DesignWare (R)
                                 DC Expert (TM)
                               Design Vision (TM)
                               HDL Compiler (TM)
                               VHDL Compiler (TM)
                                  DFT Compiler
                               Design Compiler(R)

              Version Q-2019.12-SP5-5 for linux64 - Mar 21, 2021 

                    Copyright (c) 1988 - 2021 Synopsys, Inc.
   This software and the associated documentation are proprietary to Synopsys,
 Inc. This software may only be used in accordance with the terms and conditions
 of a written license agreement with Synopsys, Inc. All other use, reproduction,
            or distribution of this software is strictly prohibited.
Initializing...
Initializing gui preferences from file  /home/99june18/.synopsys_dv_prefs.tcl
# ---------------------------------------
# DESIGN PROFILE
# ---------------------------------------
set topmodule_name      Cerberus_32b
Cerberus_32b
set clk_port_name       clk
clk
set clk_freq            1600
1600
# ---------------------------------------
# Read Libraries
# ---------------------------------------
#set LIBLIST_PATH        $env(LIBLIST_PATH)
#source $LIBLIST_PATH
set link_library [list /media/0/LogicLibraries/UMC/28nm/35hs/hsl/lvt/latest/liberty/logic_synth/um28nchllogl35hsl140f_ssgwc0p9v125c.db]
/media/0/LogicLibraries/UMC/28nm/35hs/hsl/lvt/latest/liberty/logic_synth/um28nchllogl35hsl140f_ssgwc0p9v125c.db
set target_library [list /media/0/LogicLibraries/UMC/28nm/35hs/hsl/lvt/latest/liberty/logic_synth/um28nchllogl35hsl140f_ssgwc0p9v125c.db]
/media/0/LogicLibraries/UMC/28nm/35hs/hsl/lvt/latest/liberty/logic_synth/um28nchllogl35hsl140f_ssgwc0p9v125c.db
# ---------------------------------------
# Read Source Codes
# ---------------------------------------
set RTL_PATH            $env(RTL_PATH)
/home/99june18/Cerberus/Hardware_overhead/2.Cerberus_32b/S-ECC_copy/syn/..//rtl/
read_file $RTL_PATH -autoread -recursive -format sverilog -top $topmodule_name
== READ_FILE autoread for top design 'Cerberus_32b' ==

Starting READ_FILE autoread mode...
Information: Adding '/home/99june18/Cerberus/Hardware_overhead/2.Cerberus_32b/S-ECC_copy/rtl/'.  (AUTOREAD-100)
Warning: Adding missing directory to search_path - '/home/99june18/Cerberus/Hardware_overhead/2.Cerberus_32b/S-ECC_copy/rtl/'. (AUTOREAD-105)
Information: Adding '/home/99june18/Cerberus/Hardware_overhead/2.Cerberus_32b/S-ECC_copy/rtl/DECISION.sv'.  (AUTOREAD-100)
Information: Adding '/home/99june18/Cerberus/Hardware_overhead/2.Cerberus_32b/S-ECC_copy/rtl/DE_CORRECTOR.sv'.  (AUTOREAD-100)
Information: Adding '/home/99june18/Cerberus/Hardware_overhead/2.Cerberus_32b/S-ECC_copy/rtl/Cerberus_32b.sv'.  (AUTOREAD-100)
Information: Adding '/home/99june18/Cerberus/Hardware_overhead/2.Cerberus_32b/S-ECC_copy/rtl/SSE_CORRECTOR.sv'.  (AUTOREAD-100)
Information: Adding '/home/99june18/Cerberus/Hardware_overhead/2.Cerberus_32b/S-ECC_copy/rtl/SYNDROME_GENERATOR.sv'.  (AUTOREAD-100)
Information: Source filelist.f ignored by autoread due to filtering.  (AUTOREAD-102)
Information: Scanning file { DECISION.sv }. (AUTOREAD-303)
Information: Scanning file { DE_CORRECTOR.sv }. (AUTOREAD-303)
Information: Scanning file { Cerberus_32b.sv }. (AUTOREAD-303)
Information: Scanning file { SSE_CORRECTOR.sv }. (AUTOREAD-303)
Information: Scanning file { SYNDROME_GENERATOR.sv }. (AUTOREAD-303)
Compiling source file /home/99june18/Cerberus/Hardware_overhead/2.Cerberus_32b/S-ECC_copy/rtl/DE_CORRECTOR.sv
Presto compilation completed successfully.
Compiling source file /home/99june18/Cerberus/Hardware_overhead/2.Cerberus_32b/S-ECC_copy/rtl/DECISION.sv
Presto compilation completed successfully.
Compiling source file /home/99june18/Cerberus/Hardware_overhead/2.Cerberus_32b/S-ECC_copy/rtl/SYNDROME_GENERATOR.sv
Presto compilation completed successfully.
Compiling source file /home/99june18/Cerberus/Hardware_overhead/2.Cerberus_32b/S-ECC_copy/rtl/SSE_CORRECTOR.sv
Presto compilation completed successfully.
Compiling source file /home/99june18/Cerberus/Hardware_overhead/2.Cerberus_32b/S-ECC_copy/rtl/Cerberus_32b.sv
Presto compilation completed successfully.
Elaborating top design Cerberus_32b
Loading db file '/media/0/LogicLibraries/UMC/28nm/35hs/hsl/lvt/latest/liberty/logic_synth/um28nchllogl35hsl140f_ssgwc0p9v125c.db'
Loading db file '/usr/synopsys/syn/Q-2019.12-SP5-5/libraries/syn/gtech.db'
Loading db file '/usr/synopsys/syn/Q-2019.12-SP5-5/libraries/syn/standard.sldb'
  Loading link library 'um28nchllogl35hsl140f_ssgwc0p9v125c'
  Loading link library 'gtech'
Running PRESTO HDLC
Presto compilation completed successfully. (Cerberus_32b)
Elaborated 1 design.
Current design is now 'Cerberus_32b'.
Information: Building the design 'SYNDROME_GENERATOR'. (HDL-193)
Presto compilation completed successfully. (SYNDROME_GENERATOR)
Information: Building the design 'SSE_CORRECTOR'. (HDL-193)
Warning:  /home/99june18/Cerberus/Hardware_overhead/2.Cerberus_32b/S-ECC_copy/rtl/SSE_CORRECTOR.sv:146: signed to unsigned part selection occurs. (VER-318)

Statistics for case statements in always block at line 161 in file
	'/home/99june18/Cerberus/Hardware_overhead/2.Cerberus_32b/S-ECC_copy/rtl/SSE_CORRECTOR.sv'
===============================================
|           Line           |  full/ parallel  |
===============================================
|           163            |    user/user     |
===============================================
Presto compilation completed successfully. (SSE_CORRECTOR)
Information: Building the design 'DE_CORRECTOR'. (HDL-193)
Presto compilation completed successfully. (DE_CORRECTOR)
Information: Building the design 'DECISION'. (HDL-193)
Presto compilation completed successfully. (DECISION)
Autoread command completed successfully.
# ---------------------------------------
# 1. Environments Setting
# ---------------------------------------
link

  Linking design 'Cerberus_32b'
  Using the following designs and libraries:
  --------------------------------------------------------------------------
  um28nchllogl35hsl140f_ssgwc0p9v125c (library) /media/0/LogicLibraries/UMC/28nm/35hs/hsl/lvt/latest/liberty/logic_synth/um28nchllogl35hsl140f_ssgwc0p9v125c.db

1
uniquify
1
# ---------------------------------------
# 2. Constraints Setting
# ---------------------------------------
# Clock
# Reduce clock period to model wire delay (60% of original period)
set delay_percentage 0.6
0.6
set clk_period [expr 1000 / double($clk_freq)]
0.625
set clk_period [expr $clk_period * $delay_percentage]
0.375
if {[sizeof_collection [get_ports $clk_port_name]] > 0} {
  # Create real clock if clock port is found
  set clk_name $clk_port_name
  create_clock -period $clk_period -name $clk_name [get_port {clk}]
  # If real clock, set infinite drive strength
  set_drive 0 $clk_name
} elseif {[sizeof_collection [get_ports $clk_port_name]] == 0} {
  # Create virtual clock if clock port is not found
  set clk_name vclk
  create_clock -period $clk_period -name $clk_name
}
Warning: Can't find port 'clk' in design 'Cerberus_32b'. (UID-95)
Warning: Can't find port 'clk' in design 'Cerberus_32b'. (UID-95)
Warning: Creating virtual clock named 'vclk' with no sources. (UID-348)
1
# Apply default timing constraints for modules
set_input_delay  [expr 2/3 * $clk_period] [all_inputs] -clock $clk_name
1
set_output_delay [expr 2/3 * $clk_period] [all_outputs] -clock $clk_name
1
# Transition time of a slope that drives the port,
# such that a higher transition value means longer delays
# This prevents the hold time violations that we don't have to care about
set_input_transition 0.1 [all_inputs]
1
# Area
# If max_area is set 0, DesignCompiler will minimize the design as small as possible
set_max_area 0 
1
# ---------------------------------------
# 3. Compilation
# ---------------------------------------
compile_ultra
Loading db file '/usr/synopsys/syn/Q-2019.12-SP5-5/libraries/syn/dw_foundation.sldb'
Warning: DesignWare synthetic library dw_foundation.sldb is added to the synthetic_library in the current command. (UISN-40)
Information: Performing power optimization. (PWR-850)
Analyzing: "/media/0/LogicLibraries/UMC/28nm/35hs/hsl/lvt/latest/liberty/logic_synth/um28nchllogl35hsl140f_ssgwc0p9v125c.db"
Library analysis succeeded.
Information: Evaluating DesignWare library utilization. (UISN-27)

============================================================================
| DesignWare Building Block Library  |         Version         | Available |
============================================================================
| Basic DW Building Blocks           | Q-2019.12-DWBB_201912.5 |     *     |
| Licensed DW Building Blocks        | Q-2019.12-DWBB_201912.5 |     *     |
============================================================================

Information: Sequential output inversion is enabled.  SVF file must be used for formal verification. (OPT-1208)

Information: There are 32 potential problems in your design. Please run 'check_design' for more information. (LINT-99)

  Simplifying Design 'Cerberus_32b'

Loaded alib file './alib-52/um28nchllogl35hsl140f_ssgwc0p9v125c.db.alib'
  Building model 'DW01_NAND2'
Information: Ungrouping hierarchy syndrome_generator before Pass 1 (OPT-776)
Information: Ungrouping hierarchy decision before Pass 1 (OPT-776)
Information: Ungrouping 2 of 5 hierarchies before Pass 1 (OPT-775)
Information: State dependent leakage is now switched from on to off.

  Beginning Pass 1 Mapping
  ------------------------
  Processing 'DE_CORRECTOR'
 Implement Synthetic for 'DE_CORRECTOR'.
  Processing 'SSE_CORRECTOR'
  Processing 'Cerberus_32b'

  Updating timing information
Information: Updating design information... (UID-85)
Information: The library cell 'STQ_TIE1_1' in the library 'um28nchllogl35hsl140f_ssgwc0p9v125c' is not characterized for internal power. (PWR-536)
Information: The library cell 'STQ_TIE0_1' in the library 'um28nchllogl35hsl140f_ssgwc0p9v125c' is not characterized for internal power. (PWR-536)
Information: The target library(s) contains cell(s), other than black boxes, that are not characterized for internal power. (PWR-24)

Threshold voltage group cell usage:
>> LVT35 100.00%

  Beginning Mapping Optimizations  (Ultra High effort)
  -------------------------------
Information: Ungrouping hierarchy de_corrector 'DE_CORRECTOR' #insts = 29134. (OPT-777)
  Mapping Optimization (Phase 1)
Information: Added key list 'DesignWare' to design 'Cerberus_32b'. (DDB-72)
  Mapping Optimization (Phase 2)
  Mapping Optimization (Phase 3)
  Mapping Optimization (Phase 4)
  Mapping Optimization (Phase 5)
  Mapping Optimization (Phase 6)
  Mapping Optimization (Phase 7)
  Mapping Optimization (Phase 8)
  Mapping Optimization (Phase 9)
  Mapping Optimization (Phase 10)
  Mapping Optimization (Phase 11)
  Mapping Optimization (Phase 12)
  Mapping Optimization (Phase 13)

                                  TOTAL                                                
   ELAPSED            WORST NEG   SETUP    DESIGN                              LEAKAGE 
    TIME      AREA      SLACK     COST    RULE COST         ENDPOINT            POWER  
  --------- --------- --------- --------- --------- ------------------------- ---------
    1:20:54  213909.7      0.77     194.6       0.0                           34191216.0000
    1:21:06  212575.1      0.95     222.3       0.0                           33961708.0000

Threshold voltage group cell usage:
>> LVT35 100.00%

  Beginning Constant Register Removal
  -----------------------------------
    1:21:08  213699.4      0.90     211.0       0.0                           34280340.0000
    1:21:17  213611.7      0.90     212.1       0.0                           34264988.0000

Threshold voltage group cell usage:
>> LVT35 100.00%

  Beginning Global Optimizations
  ------------------------------
  Numerical Synthesis (Phase 1)
  Numerical Synthesis (Phase 2)
  Global Optimization (Phase 1)
  Global Optimization (Phase 2)
  Global Optimization (Phase 3)
  Global Optimization (Phase 4)
  Global Optimization (Phase 5)
  Global Optimization (Phase 6)
  Global Optimization (Phase 7)
  Global Optimization (Phase 8)
  Global Optimization (Phase 9)
  Global Optimization (Phase 10)
  Global Optimization (Phase 11)
  Global Optimization (Phase 12)
  Global Optimization (Phase 13)
  Global Optimization (Phase 14)
  Global Optimization (Phase 15)
  Global Optimization (Phase 16)
  Global Optimization (Phase 17)
  Global Optimization (Phase 18)
  Global Optimization (Phase 19)
  Global Optimization (Phase 20)
  Global Optimization (Phase 21)
  Global Optimization (Phase 22)
  Global Optimization (Phase 23)
  Global Optimization (Phase 24)
  Global Optimization (Phase 25)
  Global Optimization (Phase 26)
  Global Optimization (Phase 27)
  Global Optimization (Phase 28)
  Global Optimization (Phase 29)
  Global Optimization (Phase 30)

Threshold voltage group cell usage:
>> LVT35 100.00%

  Beginning Isolate Ports
  -----------------------

Threshold voltage group cell usage:
>> LVT35 100.00%

  Beginning Delay Optimization
  ----------------------------
    1:22:00   68515.1      1.27     298.1       0.0                           6379591.0000
    1:23:02   69715.3      0.78     198.1      84.0                           6616731.5000
    1:23:02   69715.3      0.78     198.1      84.0                           6616731.5000
    1:23:03   69715.3      0.78     198.1      84.0                           6616731.5000

Threshold voltage group cell usage:
>> LVT35 100.00%
    1:24:14   64360.0      0.78     198.8      84.0                           6094276.0000
    1:24:22   64339.8      0.82     201.4      84.0                           6092109.5000

  Beginning WLM Backend Optimization
  --------------------------------------
    1:25:19   63852.3      0.82     201.4      84.0                           6063015.5000
    1:25:22   63765.6      0.81     202.6      84.0                           6049570.0000
    1:25:23   63689.0      0.81     202.6      83.0                           6038233.5000
    1:25:25   63608.8      0.81     202.5      79.0                           6028616.0000
    1:25:25   63597.1      0.81     202.6      79.0                           6026483.5000
    1:25:53   67311.0      0.74     188.2      79.0                           6911503.5000
    1:26:07   67486.1      0.74     185.6      79.0                           6956264.5000
    1:26:11   67463.9      0.74     184.9      79.0                           6954981.0000
    1:26:11   67463.9      0.74     184.9      79.0                           6954981.0000
    1:26:14   67464.1      0.74     184.8      79.0                           6927254.0000
    1:26:14   67464.1      0.74     184.8      79.0                           6927254.0000
    1:27:30   70838.0      0.71     180.3      63.0                           7516822.5000
    1:27:30   70838.0      0.71     180.3      63.0                           7516822.5000
    1:28:20   73055.6      0.64     164.2      63.0                           7986479.0000
    1:28:20   73055.6      0.64     164.2      63.0                           7986479.0000
    1:30:44   76732.7      0.63     160.6      63.0                           8635927.0000
    1:30:44   76732.7      0.63     160.6      63.0                           8635927.0000
    1:36:41   84216.4      0.55     138.5     174.0                           10202634.0000
    1:36:41   84216.4      0.55     138.5     174.0                           10202634.0000
    1:41:07   87527.8      0.55     138.6     150.0                           10773153.0000
    1:41:07   87527.8      0.55     138.6     150.0                           10773153.0000
    1:42:08   88552.0      0.55     137.9     150.0                           10987237.0000
    1:42:08   88552.0      0.55     137.9     150.0                           10987237.0000
    1:45:06   91242.8      0.54     138.4     140.0                           11440826.0000
    1:45:06   91242.8      0.54     138.4     140.0                           11440826.0000
    1:47:27   93498.6      0.53     132.5     149.0                           11923606.0000
    1:47:27   93498.6      0.53     132.5     149.0                           11923606.0000
    1:50:30   95562.4      0.53     133.8     150.0                           12268109.0000


  Beginning Design Rule Fixing  (min_capacitance)  (max_fanout)
  ----------------------------

                                  TOTAL                                                
   ELAPSED            WORST NEG   SETUP    DESIGN                              LEAKAGE 
    TIME      AREA      SLACK     COST    RULE COST         ENDPOINT            POWER  
  --------- --------- --------- --------- --------- ------------------------- ---------
    1:50:30   95562.4      0.53     133.8     150.0                           12268109.0000
  Global Optimization (Phase 31)
  Global Optimization (Phase 32)
  Global Optimization (Phase 33)
    1:50:42   95738.0      0.52     131.9      32.0 data_out[11]              12303049.0000
    1:50:48   95750.3      0.52     131.6      32.0 data_out[11]              12304726.0000
    1:50:52   95766.2      0.52     131.6       0.0                           12308381.0000
    1:54:16   97677.2      0.52     131.8       1.0                           12630655.0000

Threshold voltage group cell usage:
>> LVT35 100.00%


  Beginning Leakage Power Optimization  (max_leakage_power 0)
  ------------------------------------

                                  TOTAL                                                
   ELAPSED            WORST NEG   SETUP    DESIGN                              LEAKAGE 
    TIME      AREA      SLACK     COST    RULE COST         ENDPOINT            POWER  
  --------- --------- --------- --------- --------- ------------------------- ---------
    1:54:16   97677.2      0.52     131.8       1.0                           12630655.0000
  Global Optimization (Phase 34)
  Global Optimization (Phase 35)
  Global Optimization (Phase 36)
  Global Optimization (Phase 37)
  Global Optimization (Phase 38)
  Global Optimization (Phase 39)
  Global Optimization (Phase 40)
  Global Optimization (Phase 41)
  Global Optimization (Phase 42)
  Global Optimization (Phase 43)
  Global Optimization (Phase 44)
  Global Optimization (Phase 45)
  Global Optimization (Phase 46)
  Global Optimization (Phase 47)
  Global Optimization (Phase 48)
  Global Optimization (Phase 49)
  Global Optimization (Phase 50)
    1:55:10   87187.5      0.55     138.7       0.0                           10705916.0000
    1:59:21   90952.2      0.54     135.4       0.0                           11360135.0000
    1:59:21   90952.2      0.54     135.4       0.0                           11360135.0000
    1:59:24   90944.1      0.54     135.4       0.0                           11357715.0000
    1:59:25   90944.1      0.54     135.4       0.0                           11357715.0000
    2:01:47   93582.0      0.54     137.6      30.0                           11825315.0000
    2:01:47   93582.0      0.54     137.6      30.0                           11825315.0000
    2:02:05   94133.9      0.53     134.6      30.0                           11941229.0000
    2:02:05   94133.9      0.53     134.6      30.0                           11941229.0000
    2:05:08   96612.3      0.53     135.0      41.0                           12355242.0000
    2:05:08   96612.3      0.53     135.0      41.0                           12355242.0000
    2:07:23   98627.6      0.51     129.3      39.0                           12804874.0000
    2:07:23   98627.6      0.51     129.3      39.0                           12804874.0000
    2:11:03  100221.9      0.51     128.9      41.0                           13086869.0000
    2:11:03  100221.9      0.51     128.9      41.0                           13086869.0000
    2:12:28  101279.8      0.51     127.0      40.0                           13314695.0000
    2:12:28  101279.8      0.51     127.0      40.0                           13314695.0000
    2:15:59  103075.9      0.50     127.6      44.0                           13608861.0000
    2:15:59  103075.9      0.50     127.6      44.0                           13608861.0000
    2:17:24  104187.6      0.49     125.7      42.0                           13848224.0000
    2:17:24  104187.6      0.49     125.7      42.0                           13848224.0000
    2:21:03  105779.7      0.50     127.2      53.0                           14097519.0000

                                  TOTAL                                                
   ELAPSED            WORST NEG   SETUP    DESIGN                              LEAKAGE 
    TIME      AREA      SLACK     COST    RULE COST         ENDPOINT            POWER  
  --------- --------- --------- --------- --------- ------------------------- ---------
    2:21:04  105779.7      0.50     127.2      53.0                           14097519.0000
    2:22:27   87211.7      0.50     126.3      38.0                           10501304.0000
    2:22:39   87589.7      0.49     125.1      38.0 data_out[11]              10587274.0000
    2:22:44   87621.1      0.49     125.0      37.0                           10592791.0000
    2:22:46   87607.5      0.49     125.0      37.0                           10589758.0000
    2:22:47   87594.0      0.49     125.0      37.0                           10587996.0000
    2:22:48   87581.1      0.49     125.0      37.0                           10586512.0000
    2:22:49   87555.7      0.49     125.0      37.0                           10583189.0000
    2:22:51   87534.6      0.49     125.0      37.0                           10580203.0000
    2:22:52   87505.5      0.49     125.0      37.0                           10575155.0000
    2:22:54   87457.1      0.49     125.0      37.0                           10565389.0000
    2:22:59   87382.8      0.49     125.0      37.0                           10551911.0000
    2:23:00   87377.3      0.49     125.0      37.0                           10551333.0000
    2:23:00   87377.3      0.49     125.0      37.0                           10551333.0000
    2:23:04   87376.5      0.49     125.0      37.0                           10551096.0000
    2:23:07   87262.6      0.49     125.0      37.0                           10533969.0000
    2:23:09   87165.5      0.49     125.0      37.0                           10520740.0000
    2:23:11   87108.3      0.49     125.0      37.0                           10513924.0000
    2:23:13   86952.4      0.49     125.0      37.0                           10480141.0000
    2:23:16   86865.1      0.49     125.0       0.0 data_out[2]               10463076.0000
    2:23:22   86935.5      0.49     124.8       0.0 data_out[56]              10475439.0000
    2:23:26   86966.7      0.49     124.6       0.0 data_out[111]             10482702.0000
    2:23:29   87019.8      0.49     124.5       0.0 data_out[56]              10491627.0000
    2:23:33   87038.4      0.49     124.4       0.0 data_out[95]              10495201.0000
    2:23:38   87102.0      0.49     124.3       0.0 data_out[11]              10508116.0000
    2:23:43   87105.0      0.49     124.2       0.0 data_out[48]              10508361.0000
    2:23:47   87147.8      0.49     124.1       0.0 data_out[50]              10514545.0000
    2:23:50   87209.0      0.49     124.1       0.0 data_out[144]             10527508.0000
    2:23:53   87226.3      0.49     124.0       0.0 data_out[48]              10530717.0000
    2:23:56   87251.6      0.49     123.9       0.0 data_out[28]              10534658.0000
    2:23:59   87283.2      0.48     123.9       0.0 data_out[2]               10541077.0000
    2:24:01   87294.0      0.48     123.9       0.0 data_out[48]              10541825.0000
    2:24:05   87303.2      0.48     123.8       0.0 data_out[8]               10542692.0000
    2:24:08   87322.0      0.48     123.7       0.0 data_out[42]              10546314.0000
    2:24:11   87404.2      0.48     123.6       0.0 data_out[56]              10562575.0000
    2:24:15   87437.6      0.48     123.5       0.0 data_out[42]              10569164.0000
    2:24:18   87476.8      0.48     123.4       0.0 data_out[2]               10576809.0000
    2:24:21   87528.8      0.48     123.4       0.0 data_out[42]              10586284.0000
    2:24:24   87615.2      0.48     123.3       0.0 data_out[56]              10606227.0000
    2:24:26   87649.0      0.48     123.2       0.0 data_out[205]             10613633.0000
    2:24:29   87668.3      0.48     123.2       0.0 data_out[2]               10616771.0000
    2:24:31   87680.2      0.48     123.2       0.0 data_out[26]              10620521.0000
    2:24:33   87831.2      0.48     123.1       0.0 data_out[26]              10653045.0000
    2:24:36   87850.7      0.48     123.0       0.0 data_out[47]              10657397.0000
    2:24:39   87855.4      0.48     123.0       0.0 data_out[2]               10658011.0000
    2:24:39   87855.4      0.48     123.0       0.0                           10658011.0000
    2:26:03   89640.4      0.48     121.8       5.0                           11018420.0000
    2:26:03   89640.4      0.48     121.8       5.0                           11018420.0000
    2:26:09   89666.0      0.48     121.4       5.0                           11024788.0000
    2:26:13   89665.5      0.48     121.2       5.0                           11026767.0000
    2:26:14   89668.2      0.48     121.2       5.0                           11028037.0000
    2:26:14   89668.2      0.48     121.2       5.0                           11028037.0000
    2:26:33   90285.2      0.48     121.5       5.0                           11156863.0000
    2:27:10   85980.0      0.48     121.1       5.0                           10201961.0000
    2:27:21   85608.3      0.48     121.2       5.0                           10134290.0000
Loading db file '/media/0/LogicLibraries/UMC/28nm/35hs/hsl/lvt/latest/liberty/logic_synth/um28nchllogl35hsl140f_ssgwc0p9v125c.db'


Note: Symbol # after min delay cost means estimated hold TNS across all active scenarios 


  Optimization Complete
  ---------------------
Information: State dependent leakage is now switched from off to on.
Information: Propagating switching activity (low effort zero delay simulation). (PWR-6)
1
# ---------------------------------------
# 4. Design Reports
# ---------------------------------------
check_design  > $topmodule_name.check_design.rpt
report_constraint -all_violators -verbose -sig 10 > $topmodule_name.all_viol.rpt
report_design > $topmodule_name.design.rpt
report_area -physical -hierarchy > $topmodule_name.area.rpt
report_cell > $topmodule_name.cell.rpt
report_qor > $topmodule_name.qor.rpt
report_reference > $topmodule_name.reference.rpt
report_resources > $topmodule_name.resources.rpt
report_hierarchy -full > $topmodule_name.hierarchy.rpt
report_timing -nworst 10 -max_paths 10 > $topmodule_name.timing.rpt
report_power -analysis_effort high > $topmodule_name.power.rpt
report_threshold_voltage_group > $topmodule_name.vth.rpt
# Dump out the constraints in an SDC file
write_sdc $topmodule_name.constraints.sdc
1
# Dump out the synthesized database and gate-level-netlist
write -hierarchy -format ddc -output      $topmodule_name.ddc
Writing ddc file 'Cerberus_32b.ddc'.
1
write -hierarchy -format verilog -output  $topmodule_name.netlist.v
Writing verilog file '/home/99june18/Cerberus/Hardware_overhead/2.Cerberus_32b/S-ECC_copy/syn/output/Cerberus_32b.netlist.v'.
1
exit
Memory usage for this session 1007 Mbytes.
Memory usage for this session including child processes 1347 Mbytes.
CPU usage for this session 8933 seconds ( 2.48 hours ).
Elapsed time for this session 8966 seconds ( 2.49 hours ).

Thank you...
