 
****************************************
check_design summary:
Version:     Q-2019.12-SP5-5
Date:        Sat Nov 15 18:12:37 2025
****************************************

                   Name                                            Total
--------------------------------------------------------------------------------
Inputs/Outputs                                                     32
    Unconnected ports (LINT-28)                                    32

Cells                                                               1
    Nets connected to multiple pins on same cell (LINT-33)          1
--------------------------------------------------------------------------------

Warning: In design 'DE_CORRECTOR', port 'codeword_in[31]' is not connected to any nets. (LINT-28)
Warning: In design 'DE_CORRECTOR', port 'codeword_in[30]' is not connected to any nets. (LINT-28)
Warning: In design 'DE_CORRECTOR', port 'codeword_in[29]' is not connected to any nets. (LINT-28)
Warning: In design 'DE_CORRECTOR', port 'codeword_in[28]' is not connected to any nets. (LINT-28)
Warning: In design 'DE_CORRECTOR', port 'codeword_in[27]' is not connected to any nets. (LINT-28)
Warning: In design 'DE_CORRECTOR', port 'codeword_in[26]' is not connected to any nets. (LINT-28)
Warning: In design 'DE_CORRECTOR', port 'codeword_in[25]' is not connected to any nets. (LINT-28)
Warning: In design 'DE_CORRECTOR', port 'codeword_in[24]' is not connected to any nets. (LINT-28)
Warning: In design 'DE_CORRECTOR', port 'codeword_in[23]' is not connected to any nets. (LINT-28)
Warning: In design 'DE_CORRECTOR', port 'codeword_in[22]' is not connected to any nets. (LINT-28)
Warning: In design 'DE_CORRECTOR', port 'codeword_in[21]' is not connected to any nets. (LINT-28)
Warning: In design 'DE_CORRECTOR', port 'codeword_in[20]' is not connected to any nets. (LINT-28)
Warning: In design 'DE_CORRECTOR', port 'codeword_in[19]' is not connected to any nets. (LINT-28)
Warning: In design 'DE_CORRECTOR', port 'codeword_in[18]' is not connected to any nets. (LINT-28)
Warning: In design 'DE_CORRECTOR', port 'codeword_in[17]' is not connected to any nets. (LINT-28)
Warning: In design 'DE_CORRECTOR', port 'codeword_in[16]' is not connected to any nets. (LINT-28)
Warning: In design 'DE_CORRECTOR', port 'codeword_in[15]' is not connected to any nets. (LINT-28)
Warning: In design 'DE_CORRECTOR', port 'codeword_in[14]' is not connected to any nets. (LINT-28)
Warning: In design 'DE_CORRECTOR', port 'codeword_in[13]' is not connected to any nets. (LINT-28)
Warning: In design 'DE_CORRECTOR', port 'codeword_in[12]' is not connected to any nets. (LINT-28)
Warning: In design 'DE_CORRECTOR', port 'codeword_in[11]' is not connected to any nets. (LINT-28)
Warning: In design 'DE_CORRECTOR', port 'codeword_in[10]' is not connected to any nets. (LINT-28)
Warning: In design 'DE_CORRECTOR', port 'codeword_in[9]' is not connected to any nets. (LINT-28)
Warning: In design 'DE_CORRECTOR', port 'codeword_in[8]' is not connected to any nets. (LINT-28)
Warning: In design 'DE_CORRECTOR', port 'codeword_in[7]' is not connected to any nets. (LINT-28)
Warning: In design 'DE_CORRECTOR', port 'codeword_in[6]' is not connected to any nets. (LINT-28)
Warning: In design 'DE_CORRECTOR', port 'codeword_in[5]' is not connected to any nets. (LINT-28)
Warning: In design 'DE_CORRECTOR', port 'codeword_in[4]' is not connected to any nets. (LINT-28)
Warning: In design 'DE_CORRECTOR', port 'codeword_in[3]' is not connected to any nets. (LINT-28)
Warning: In design 'DE_CORRECTOR', port 'codeword_in[2]' is not connected to any nets. (LINT-28)
Warning: In design 'DE_CORRECTOR', port 'codeword_in[1]' is not connected to any nets. (LINT-28)
Warning: In design 'DE_CORRECTOR', port 'codeword_in[0]' is not connected to any nets. (LINT-28)
Warning: In design 'UNITY_DECODER', the same net is connected to more than one pin on submodule 'de_corrector'. (LINT-33)
   Net 'n64' is connected to pins 'codeword_in[31]', 'codeword_in[30]'', 'codeword_in[29]', 'codeword_in[28]', 'codeword_in[27]', 'codeword_in[26]', 'codeword_in[25]', 'codeword_in[24]', 'codeword_in[23]', 'codeword_in[22]', 'codeword_in[21]', 'codeword_in[20]', 'codeword_in[19]', 'codeword_in[18]', 'codeword_in[17]', 'codeword_in[16]', 'codeword_in[15]', 'codeword_in[14]', 'codeword_in[13]', 'codeword_in[12]', 'codeword_in[11]', 'codeword_in[10]', 'codeword_in[9]', 'codeword_in[8]', 'codeword_in[7]', 'codeword_in[6]', 'codeword_in[5]', 'codeword_in[4]', 'codeword_in[3]', 'codeword_in[2]', 'codeword_in[1]', 'codeword_in[0]'.
1
