 
****************************************
Report : resources
Design : UNITY_DECODER
Version: Q-2019.12-SP5-5
Date   : Sat Nov 15 18:14:39 2025
****************************************


Resource Report for this hierarchy
=============================================================================
| Cell           | Module         | Parameters | Contained Operations       |
=============================================================================
| DP_OP_36J5_122_3641             |            |                            |
|                | DP_OP_36J5_122_3641 |       |                            |
=============================================================================

Datapath Report for DP_OP_36J5_122_3641
==============================================================================
| Cell                 | Contained Operations                                |
==============================================================================
| DP_OP_36J5_122_3641  | error_location/sub_8 (ERROR_LOCATION.sv:8)          |
|                      | error_location/sub_8_2 (ERROR_LOCATION.sv:8)        |
==============================================================================

==============================================================================
|       |      | Data     |       |                                          |
| Var   | Type | Class    | Width | Expression                               |
==============================================================================
| I1    | PI   | Signed   | 16    |                                          |
| I2    | PI   | Signed   | 16    |                                          |
| O1    | PO   | Signed   | 16    | I1 - I2 (ERROR_LOCATION.sv:8)            |
==============================================================================


Resource Report for Ungrouped Hierarchy sse_corrector in file
        /home/99june18/X-ECC/3_Hardware_overhead/2.Unity_ECC/Decoder/rtl/SSE_CORRECTOR.sv
=============================================================================
| Cell           | Module         | Parameters | Contained Operations       |
=============================================================================
| gt_x_45        | DW_cmp         | width=16   | error_location/gt_8 (ERROR_LOCATION.sv:8) |
=============================================================================


Implementation Report
===============================================================================
|                    |                  | Current            | Set            |
| Cell               | Module           | Implementation     | Implementation |
===============================================================================
| gt_x_45            | DW_cmp           | apparch (area)     |                |
| DP_OP_36J5_122_3641                   |                    |                |
|                    | DP_OP_36J5_122_3641 | str (area)      |                |
===============================================================================

1
