Information: Propagating switching activity (high effort zero delay simulation). (PWR-6)
Warning: Design has unannotated primary inputs. (PWR-414)
Warning: Design has unannotated sequential cell outputs. (PWR-415)
 
****************************************
Report : power
        -analysis_effort high
Design : UNITY_DECODER
Version: Q-2019.12-SP5-5
Date   : Sat Nov 15 18:19:59 2025
****************************************


Library(s) Used:

    um28nchhlogl35udl140f_tt1p0v85c (File: /media/0/LogicLibraries/UMC/28nm/35uhd/udl/hvt/latest/liberty/logic_synth/um28nchhlogl35udl140f_tt1p0v85c.db)


Operating Conditions: TT1P0V85C   Library: um28nchhlogl35udl140f_tt1p0v85c
Wire Load Model Mode: enclosed

Design        Wire Load Model            Library
------------------------------------------------
UNITY_DECODER          ZeroWLM           um28nchhlogl35udl140f_tt1p0v85c
DE_CORRECTOR           ZeroWLM           um28nchhlogl35udl140f_tt1p0v85c
GFEXP_1                ZeroWLM           um28nchhlogl35udl140f_tt1p0v85c
GFDIV_0                ZeroWLM           um28nchhlogl35udl140f_tt1p0v85c
GFEXP_0                ZeroWLM           um28nchhlogl35udl140f_tt1p0v85c


Global Operating Voltage = 1    
Power-specific unit information :
    Voltage Units = 1V
    Capacitance Units = 1.000000pf
    Time Units = 1ns
    Dynamic Power Units = 1mW    (derived from V,C,T units)
    Leakage Power Units = 1nW


  Cell Internal Power  =  33.2348 mW   (39%)
  Net Switching Power  =  52.6041 mW   (61%)
                         ---------
Total Dynamic Power    =  85.8389 mW  (100%)

Cell Leakage Power     =   1.5129 mW

Information: report_power power group summary does not include estimated clock tree power. (PWR-789)

                 Internal         Switching           Leakage            Total
Power Group      Power            Power               Power              Power   (   %    )  Attrs
--------------------------------------------------------------------------------------------------
io_pad             0.0000            0.0000            0.0000            0.0000  (   0.00%)
memory             0.0000            0.0000            0.0000            0.0000  (   0.00%)
black_box          0.0000            0.0000            0.0000            0.0000  (   0.00%)
clock_network      0.0000            0.0000            0.0000            0.0000  (   0.00%)
register           0.0000            0.0000            0.0000            0.0000  (   0.00%)
sequential         0.1430        6.8111e-02           75.3457            0.2112  (   0.24%)
combinational     32.9990           52.4423        1.5128e+06           86.7506  (  99.76%)
--------------------------------------------------------------------------------------------------
Total             33.1419 mW        52.5105 mW     1.5129e+06 nW        86.9617 mW
1
