 
****************************************
Report : hierarchy
        -full
Design : UNITY_DECODER
Version: Q-2019.12-SP5-5
Date   : Sat Nov 15 18:14:39 2025
****************************************

Attributes:
    r - licensed design

UNITY_DECODER      r
    DE_CORRECTOR
        SVM_AN2_0P5              um28nchhlogl35udl140f_tt1p0v85c
        SVM_AN2_1                um28nchhlogl35udl140f_tt1p0v85c
        SVM_AN2_2                um28nchhlogl35udl140f_tt1p0v85c
        SVM_AN2_3                um28nchhlogl35udl140f_tt1p0v85c
        SVM_AN2_MG_3             um28nchhlogl35udl140f_tt1p0v85c
        SVM_AN2_MG_6             um28nchhlogl35udl140f_tt1p0v85c
        SVM_AN2_S_1              um28nchhlogl35udl140f_tt1p0v85c
        SVM_AN2_S_2              um28nchhlogl35udl140f_tt1p0v85c
        SVM_AN2_S_4              um28nchhlogl35udl140f_tt1p0v85c
        SVM_AN3B_1               um28nchhlogl35udl140f_tt1p0v85c
        SVM_AN4B_1               um28nchhlogl35udl140f_tt1p0v85c
        SVM_AN4_1                um28nchhlogl35udl140f_tt1p0v85c
        SVM_AN4_L_1              um28nchhlogl35udl140f_tt1p0v85c
        SVM_AN4_S_1              um28nchhlogl35udl140f_tt1p0v85c
        SVM_AO2BB2_0P75          um28nchhlogl35udl140f_tt1p0v85c
        SVM_AO2BB2_1             um28nchhlogl35udl140f_tt1p0v85c
        SVM_AO21B_1              um28nchhlogl35udl140f_tt1p0v85c
        SVM_AO21_1               um28nchhlogl35udl140f_tt1p0v85c
        SVM_AO21_U_1             um28nchhlogl35udl140f_tt1p0v85c
        SVM_AOAI211_0P5          um28nchhlogl35udl140f_tt1p0v85c
        SVM_AOAI211_1            um28nchhlogl35udl140f_tt1p0v85c
        SVM_AOI21B_0P5           um28nchhlogl35udl140f_tt1p0v85c
        SVM_AOI21_0P5            um28nchhlogl35udl140f_tt1p0v85c
        SVM_AOI21_1              um28nchhlogl35udl140f_tt1p0v85c
        SVM_AOI21_S_0P5          um28nchhlogl35udl140f_tt1p0v85c
        SVM_AOI22_0P75           um28nchhlogl35udl140f_tt1p0v85c
        SVM_AOI22_T_0P5          um28nchhlogl35udl140f_tt1p0v85c
        SVM_AOI31_1              um28nchhlogl35udl140f_tt1p0v85c
        SVM_AOI211_1             um28nchhlogl35udl140f_tt1p0v85c
        SVM_BUF_1                um28nchhlogl35udl140f_tt1p0v85c
        SVM_BUF_4                um28nchhlogl35udl140f_tt1p0v85c
        SVM_BUF_6                um28nchhlogl35udl140f_tt1p0v85c
        SVM_BUF_M_1              um28nchhlogl35udl140f_tt1p0v85c
        SVM_BUF_M_3              um28nchhlogl35udl140f_tt1p0v85c
        SVM_BUF_M_6              um28nchhlogl35udl140f_tt1p0v85c
        SVM_BUF_S_2              um28nchhlogl35udl140f_tt1p0v85c
        SVM_INV_1                um28nchhlogl35udl140f_tt1p0v85c
        SVM_INV_2                um28nchhlogl35udl140f_tt1p0v85c
        SVM_INV_3                um28nchhlogl35udl140f_tt1p0v85c
        SVM_INV_4                um28nchhlogl35udl140f_tt1p0v85c
        SVM_INV_6                um28nchhlogl35udl140f_tt1p0v85c
        SVM_INV_8                um28nchhlogl35udl140f_tt1p0v85c
        SVM_INV_12               um28nchhlogl35udl140f_tt1p0v85c
        SVM_MUXI2_MG_0P5         um28nchhlogl35udl140f_tt1p0v85c
        SVM_ND2B_2               um28nchhlogl35udl140f_tt1p0v85c
        SVM_ND2B_4               um28nchhlogl35udl140f_tt1p0v85c
        SVM_ND2B_6               um28nchhlogl35udl140f_tt1p0v85c
        SVM_ND2B_V1_1            um28nchhlogl35udl140f_tt1p0v85c
        SVM_ND2B_V1_2            um28nchhlogl35udl140f_tt1p0v85c
        SVM_ND2_1                um28nchhlogl35udl140f_tt1p0v85c
        SVM_ND2_2                um28nchhlogl35udl140f_tt1p0v85c
        SVM_ND2_3                um28nchhlogl35udl140f_tt1p0v85c
        SVM_ND2_4                um28nchhlogl35udl140f_tt1p0v85c
        SVM_ND2_6                um28nchhlogl35udl140f_tt1p0v85c
        SVM_ND2_S_1              um28nchhlogl35udl140f_tt1p0v85c
        SVM_ND2_S_1P5            um28nchhlogl35udl140f_tt1p0v85c
        SVM_ND2_S_3              um28nchhlogl35udl140f_tt1p0v85c
        SVM_ND2_T_1              um28nchhlogl35udl140f_tt1p0v85c
        SVM_ND2_T_1P5            um28nchhlogl35udl140f_tt1p0v85c
        SVM_ND2_T_2              um28nchhlogl35udl140f_tt1p0v85c
        SVM_ND2_T_3              um28nchhlogl35udl140f_tt1p0v85c
        SVM_ND3_1                um28nchhlogl35udl140f_tt1p0v85c
        SVM_ND3_2                um28nchhlogl35udl140f_tt1p0v85c
        SVM_ND3_S_1              um28nchhlogl35udl140f_tt1p0v85c
        SVM_ND3_T_1              um28nchhlogl35udl140f_tt1p0v85c
        SVM_ND3_T_2              um28nchhlogl35udl140f_tt1p0v85c
        SVM_ND4_1                um28nchhlogl35udl140f_tt1p0v85c
        SVM_ND4_2                um28nchhlogl35udl140f_tt1p0v85c
        SVM_NR2B_2               um28nchhlogl35udl140f_tt1p0v85c
        SVM_NR2B_4               um28nchhlogl35udl140f_tt1p0v85c
        SVM_NR2B_V1_1            um28nchhlogl35udl140f_tt1p0v85c
        SVM_NR2B_V1_2            um28nchhlogl35udl140f_tt1p0v85c
        SVM_NR2_0P5              um28nchhlogl35udl140f_tt1p0v85c
        SVM_NR2_1                um28nchhlogl35udl140f_tt1p0v85c
        SVM_NR2_2                um28nchhlogl35udl140f_tt1p0v85c
        SVM_NR2_3                um28nchhlogl35udl140f_tt1p0v85c
        SVM_NR2_4                um28nchhlogl35udl140f_tt1p0v85c
        SVM_NR2_6                um28nchhlogl35udl140f_tt1p0v85c
        SVM_NR2_T_1              um28nchhlogl35udl140f_tt1p0v85c
        SVM_NR2_T_2              um28nchhlogl35udl140f_tt1p0v85c
        SVM_NR2_T_3              um28nchhlogl35udl140f_tt1p0v85c
        SVM_NR3_G_1              um28nchhlogl35udl140f_tt1p0v85c
        SVM_NR3_G_2              um28nchhlogl35udl140f_tt1p0v85c
        SVM_NR3_T_1              um28nchhlogl35udl140f_tt1p0v85c
        SVM_NR3_T_2              um28nchhlogl35udl140f_tt1p0v85c
        SVM_NR3_T_3              um28nchhlogl35udl140f_tt1p0v85c
        SVM_NR4_1                um28nchhlogl35udl140f_tt1p0v85c
        SVM_NR4_2                um28nchhlogl35udl140f_tt1p0v85c
        SVM_OA2BB2_1             um28nchhlogl35udl140f_tt1p0v85c
        SVM_OA21B_1              um28nchhlogl35udl140f_tt1p0v85c
        SVM_OA21_1               um28nchhlogl35udl140f_tt1p0v85c
        SVM_OAI21_1              um28nchhlogl35udl140f_tt1p0v85c
        SVM_OAI21_S_1            um28nchhlogl35udl140f_tt1p0v85c
        SVM_OAI21_T_0P5          um28nchhlogl35udl140f_tt1p0v85c
        SVM_OAI22_0P75           um28nchhlogl35udl140f_tt1p0v85c
        SVM_OAI31_G_1            um28nchhlogl35udl140f_tt1p0v85c
        SVM_OAI211_0P5           um28nchhlogl35udl140f_tt1p0v85c
        SVM_OAI211_1             um28nchhlogl35udl140f_tt1p0v85c
        SVM_OAO211_DG_1          um28nchhlogl35udl140f_tt1p0v85c
        SVM_OAOI211_1            um28nchhlogl35udl140f_tt1p0v85c
        SVM_OR2_1                um28nchhlogl35udl140f_tt1p0v85c
        SVM_OR2_2                um28nchhlogl35udl140f_tt1p0v85c
        SVM_OR2_3                um28nchhlogl35udl140f_tt1p0v85c
        SVM_OR2_4                um28nchhlogl35udl140f_tt1p0v85c
        SVM_OR2_6                um28nchhlogl35udl140f_tt1p0v85c
        SVM_OR3B_1               um28nchhlogl35udl140f_tt1p0v85c
        SVM_OR3B_2               um28nchhlogl35udl140f_tt1p0v85c
    GFDIV_0
        SVM_AN2_0P5              um28nchhlogl35udl140f_tt1p0v85c
        SVM_AN2_1                um28nchhlogl35udl140f_tt1p0v85c
        SVM_AN2_2                um28nchhlogl35udl140f_tt1p0v85c
        SVM_AN2_3                um28nchhlogl35udl140f_tt1p0v85c
        SVM_AN2_4                um28nchhlogl35udl140f_tt1p0v85c
        SVM_AN2_6                um28nchhlogl35udl140f_tt1p0v85c
        SVM_AN2_8                um28nchhlogl35udl140f_tt1p0v85c
        SVM_AN2_MG_3             um28nchhlogl35udl140f_tt1p0v85c
        SVM_AN2_MG_6             um28nchhlogl35udl140f_tt1p0v85c
        SVM_AN2_S_1              um28nchhlogl35udl140f_tt1p0v85c
        SVM_AN2_S_2              um28nchhlogl35udl140f_tt1p0v85c
        SVM_AN2_S_4              um28nchhlogl35udl140f_tt1p0v85c
        SVM_AN3B_1               um28nchhlogl35udl140f_tt1p0v85c
        SVM_AN3B_2               um28nchhlogl35udl140f_tt1p0v85c
        SVM_AN3B_4               um28nchhlogl35udl140f_tt1p0v85c
        SVM_AN4B_1               um28nchhlogl35udl140f_tt1p0v85c
        SVM_AN4_1                um28nchhlogl35udl140f_tt1p0v85c
        SVM_AN4_L_1              um28nchhlogl35udl140f_tt1p0v85c
        SVM_AN4_S_1              um28nchhlogl35udl140f_tt1p0v85c
        SVM_AN4_S_4              um28nchhlogl35udl140f_tt1p0v85c
        SVM_AO2BB2_0P75          um28nchhlogl35udl140f_tt1p0v85c
        SVM_AO2BB2_2             um28nchhlogl35udl140f_tt1p0v85c
        SVM_AO2BB2_3             um28nchhlogl35udl140f_tt1p0v85c
        SVM_AO2BB2_MG_1          um28nchhlogl35udl140f_tt1p0v85c
        SVM_AO21B_1              um28nchhlogl35udl140f_tt1p0v85c
        SVM_AO21B_1P7            um28nchhlogl35udl140f_tt1p0v85c
        SVM_AO21_U_1             um28nchhlogl35udl140f_tt1p0v85c
        SVM_AO22_1               um28nchhlogl35udl140f_tt1p0v85c
        SVM_AO222_1              um28nchhlogl35udl140f_tt1p0v85c
        SVM_AO222_2              um28nchhlogl35udl140f_tt1p0v85c
        SVM_AOAI211_0P5          um28nchhlogl35udl140f_tt1p0v85c
        SVM_AOAI211_1            um28nchhlogl35udl140f_tt1p0v85c
        SVM_AOI21B_0P5           um28nchhlogl35udl140f_tt1p0v85c
        SVM_AOI21B_1             um28nchhlogl35udl140f_tt1p0v85c
        SVM_AOI21B_2             um28nchhlogl35udl140f_tt1p0v85c
        SVM_AOI21_0P5            um28nchhlogl35udl140f_tt1p0v85c
        SVM_AOI21_1              um28nchhlogl35udl140f_tt1p0v85c
        SVM_AOI21_2              um28nchhlogl35udl140f_tt1p0v85c
        SVM_AOI21_S_0P5          um28nchhlogl35udl140f_tt1p0v85c
        SVM_AOI21_T_1            um28nchhlogl35udl140f_tt1p0v85c
        SVM_AOI21_T_2            um28nchhlogl35udl140f_tt1p0v85c
        SVM_AOI22_0P75           um28nchhlogl35udl140f_tt1p0v85c
        SVM_AOI22_1              um28nchhlogl35udl140f_tt1p0v85c
        SVM_AOI22_S_2            um28nchhlogl35udl140f_tt1p0v85c
        SVM_AOI22_T_0P5          um28nchhlogl35udl140f_tt1p0v85c
        SVM_AOI22_T_1            um28nchhlogl35udl140f_tt1p0v85c
        SVM_AOI31_1              um28nchhlogl35udl140f_tt1p0v85c
        SVM_AOI211_1             um28nchhlogl35udl140f_tt1p0v85c
        SVM_AOI211_2             um28nchhlogl35udl140f_tt1p0v85c
        SVM_AOI211_3             um28nchhlogl35udl140f_tt1p0v85c
        SVM_AOI222_1             um28nchhlogl35udl140f_tt1p0v85c
        SVM_AOI222_2             um28nchhlogl35udl140f_tt1p0v85c
        SVM_BUF_1                um28nchhlogl35udl140f_tt1p0v85c
        SVM_BUF_4                um28nchhlogl35udl140f_tt1p0v85c
        SVM_BUF_6                um28nchhlogl35udl140f_tt1p0v85c
        SVM_BUF_8                um28nchhlogl35udl140f_tt1p0v85c
        SVM_BUF_10               um28nchhlogl35udl140f_tt1p0v85c
        SVM_BUF_12               um28nchhlogl35udl140f_tt1p0v85c
        SVM_BUF_M_1              um28nchhlogl35udl140f_tt1p0v85c
        SVM_BUF_M_3              um28nchhlogl35udl140f_tt1p0v85c
        SVM_BUF_M_6              um28nchhlogl35udl140f_tt1p0v85c
        SVM_BUF_M_9              um28nchhlogl35udl140f_tt1p0v85c
        SVM_BUF_S_2              um28nchhlogl35udl140f_tt1p0v85c
        SVM_BUF_S_3              um28nchhlogl35udl140f_tt1p0v85c
        SVM_BUF_S_16             um28nchhlogl35udl140f_tt1p0v85c
        SVM_BUF_S_20             um28nchhlogl35udl140f_tt1p0v85c
        SVM_EN2_1                um28nchhlogl35udl140f_tt1p0v85c
        SVM_EN2_D_2              um28nchhlogl35udl140f_tt1p0v85c
        SVM_EN2_F_4              um28nchhlogl35udl140f_tt1p0v85c
        SVM_EN2_V2_0P5           um28nchhlogl35udl140f_tt1p0v85c
        SVM_EN2_V2_1             um28nchhlogl35udl140f_tt1p0v85c
        SVM_EN2_V2_2             um28nchhlogl35udl140f_tt1p0v85c
        SVM_EN2_V2_3             um28nchhlogl35udl140f_tt1p0v85c
        SVM_EN2_V2_4             um28nchhlogl35udl140f_tt1p0v85c
        SVM_EO2_1                um28nchhlogl35udl140f_tt1p0v85c
        SVM_EO2_2                um28nchhlogl35udl140f_tt1p0v85c
        SVM_EO2_F_1              um28nchhlogl35udl140f_tt1p0v85c
        SVM_EO2_V2_1             um28nchhlogl35udl140f_tt1p0v85c
        SVM_EO2_V2_2             um28nchhlogl35udl140f_tt1p0v85c
        SVM_EO2_V2_3             um28nchhlogl35udl140f_tt1p0v85c
        SVM_EO2_V2_4             um28nchhlogl35udl140f_tt1p0v85c
        SVM_EO2_V2_6             um28nchhlogl35udl140f_tt1p0v85c
        SVM_EO2_V2_8             um28nchhlogl35udl140f_tt1p0v85c
        SVM_INV_1                um28nchhlogl35udl140f_tt1p0v85c
        SVM_INV_2                um28nchhlogl35udl140f_tt1p0v85c
        SVM_INV_3                um28nchhlogl35udl140f_tt1p0v85c
        SVM_INV_4                um28nchhlogl35udl140f_tt1p0v85c
        SVM_INV_6                um28nchhlogl35udl140f_tt1p0v85c
        SVM_INV_8                um28nchhlogl35udl140f_tt1p0v85c
        SVM_INV_10               um28nchhlogl35udl140f_tt1p0v85c
        SVM_INV_12               um28nchhlogl35udl140f_tt1p0v85c
        SVM_INV_16               um28nchhlogl35udl140f_tt1p0v85c
        SVM_INV_S_20             um28nchhlogl35udl140f_tt1p0v85c
        SVM_ND2B_2               um28nchhlogl35udl140f_tt1p0v85c
        SVM_ND2B_4               um28nchhlogl35udl140f_tt1p0v85c
        SVM_ND2B_6               um28nchhlogl35udl140f_tt1p0v85c
        SVM_ND2B_8               um28nchhlogl35udl140f_tt1p0v85c
        SVM_ND2B_V1_1            um28nchhlogl35udl140f_tt1p0v85c
        SVM_ND2B_V1_2            um28nchhlogl35udl140f_tt1p0v85c
        SVM_ND2_1                um28nchhlogl35udl140f_tt1p0v85c
        SVM_ND2_2                um28nchhlogl35udl140f_tt1p0v85c
        SVM_ND2_3                um28nchhlogl35udl140f_tt1p0v85c
        SVM_ND2_4                um28nchhlogl35udl140f_tt1p0v85c
        SVM_ND2_6                um28nchhlogl35udl140f_tt1p0v85c
        SVM_ND2_8                um28nchhlogl35udl140f_tt1p0v85c
        SVM_ND2_10               um28nchhlogl35udl140f_tt1p0v85c
        SVM_ND2_12               um28nchhlogl35udl140f_tt1p0v85c
        SVM_ND2_16               um28nchhlogl35udl140f_tt1p0v85c
        SVM_ND2_S_1              um28nchhlogl35udl140f_tt1p0v85c
        SVM_ND2_S_1P5            um28nchhlogl35udl140f_tt1p0v85c
        SVM_ND2_S_3              um28nchhlogl35udl140f_tt1p0v85c
        SVM_ND2_S_4              um28nchhlogl35udl140f_tt1p0v85c
        SVM_ND2_S_8              um28nchhlogl35udl140f_tt1p0v85c
        SVM_ND2_T_1              um28nchhlogl35udl140f_tt1p0v85c
        SVM_ND2_T_1P5            um28nchhlogl35udl140f_tt1p0v85c
        SVM_ND2_T_2              um28nchhlogl35udl140f_tt1p0v85c
        SVM_ND2_T_3              um28nchhlogl35udl140f_tt1p0v85c
        SVM_ND2_T_4              um28nchhlogl35udl140f_tt1p0v85c
        SVM_ND2_T_6              um28nchhlogl35udl140f_tt1p0v85c
        SVM_ND3_1                um28nchhlogl35udl140f_tt1p0v85c
        SVM_ND3_2                um28nchhlogl35udl140f_tt1p0v85c
        SVM_ND3_4                um28nchhlogl35udl140f_tt1p0v85c
        SVM_ND3_8                um28nchhlogl35udl140f_tt1p0v85c
        SVM_ND3_S_1              um28nchhlogl35udl140f_tt1p0v85c
        SVM_ND3_S_4              um28nchhlogl35udl140f_tt1p0v85c
        SVM_ND3_T_1              um28nchhlogl35udl140f_tt1p0v85c
        SVM_ND3_T_2              um28nchhlogl35udl140f_tt1p0v85c
        SVM_ND3_T_3              um28nchhlogl35udl140f_tt1p0v85c
        SVM_ND3_T_4              um28nchhlogl35udl140f_tt1p0v85c
        SVM_ND4_1                um28nchhlogl35udl140f_tt1p0v85c
        SVM_ND4_2                um28nchhlogl35udl140f_tt1p0v85c
        SVM_ND4_3                um28nchhlogl35udl140f_tt1p0v85c
        SVM_NR2B_2               um28nchhlogl35udl140f_tt1p0v85c
        SVM_NR2B_4               um28nchhlogl35udl140f_tt1p0v85c
        SVM_NR2B_8               um28nchhlogl35udl140f_tt1p0v85c
        SVM_NR2B_V1_1            um28nchhlogl35udl140f_tt1p0v85c
        SVM_NR2B_V1_2            um28nchhlogl35udl140f_tt1p0v85c
        SVM_NR2_0P5              um28nchhlogl35udl140f_tt1p0v85c
        SVM_NR2_1                um28nchhlogl35udl140f_tt1p0v85c
        SVM_NR2_2                um28nchhlogl35udl140f_tt1p0v85c
        SVM_NR2_3                um28nchhlogl35udl140f_tt1p0v85c
        SVM_NR2_4                um28nchhlogl35udl140f_tt1p0v85c
        SVM_NR2_6                um28nchhlogl35udl140f_tt1p0v85c
        SVM_NR2_8                um28nchhlogl35udl140f_tt1p0v85c
        SVM_NR2_12               um28nchhlogl35udl140f_tt1p0v85c
        SVM_NR2_16               um28nchhlogl35udl140f_tt1p0v85c
        SVM_NR2_S_2              um28nchhlogl35udl140f_tt1p0v85c
        SVM_NR2_T_1              um28nchhlogl35udl140f_tt1p0v85c
        SVM_NR2_T_2              um28nchhlogl35udl140f_tt1p0v85c
        SVM_NR2_T_3              um28nchhlogl35udl140f_tt1p0v85c
        SVM_NR2_T_4              um28nchhlogl35udl140f_tt1p0v85c
        SVM_NR2_T_8              um28nchhlogl35udl140f_tt1p0v85c
        SVM_NR3_G_1              um28nchhlogl35udl140f_tt1p0v85c
        SVM_NR3_G_2              um28nchhlogl35udl140f_tt1p0v85c
        SVM_NR3_G_4              um28nchhlogl35udl140f_tt1p0v85c
        SVM_NR3_G_8              um28nchhlogl35udl140f_tt1p0v85c
        SVM_NR3_G_12             um28nchhlogl35udl140f_tt1p0v85c
        SVM_NR3_T_1              um28nchhlogl35udl140f_tt1p0v85c
        SVM_NR3_T_2              um28nchhlogl35udl140f_tt1p0v85c
        SVM_NR3_T_3              um28nchhlogl35udl140f_tt1p0v85c
        SVM_NR3_T_4              um28nchhlogl35udl140f_tt1p0v85c
        SVM_NR3_T_8              um28nchhlogl35udl140f_tt1p0v85c
        SVM_NR4_1                um28nchhlogl35udl140f_tt1p0v85c
        SVM_NR4_2                um28nchhlogl35udl140f_tt1p0v85c
        SVM_OA2BB2_1             um28nchhlogl35udl140f_tt1p0v85c
        SVM_OA21B_1              um28nchhlogl35udl140f_tt1p0v85c
        SVM_OA21B_2              um28nchhlogl35udl140f_tt1p0v85c
        SVM_OA21_1               um28nchhlogl35udl140f_tt1p0v85c
        SVM_OA22_1               um28nchhlogl35udl140f_tt1p0v85c
        SVM_OAI21_1              um28nchhlogl35udl140f_tt1p0v85c
        SVM_OAI21_3              um28nchhlogl35udl140f_tt1p0v85c
        SVM_OAI21_S_1            um28nchhlogl35udl140f_tt1p0v85c
        SVM_OAI21_T_0P5          um28nchhlogl35udl140f_tt1p0v85c
        SVM_OAI21_T_1            um28nchhlogl35udl140f_tt1p0v85c
        SVM_OAI21_T_2            um28nchhlogl35udl140f_tt1p0v85c
        SVM_OAI21_V1T_1          um28nchhlogl35udl140f_tt1p0v85c
        SVM_OAI22_0P75           um28nchhlogl35udl140f_tt1p0v85c
        SVM_OAI22_1              um28nchhlogl35udl140f_tt1p0v85c
        SVM_OAI22_S_2            um28nchhlogl35udl140f_tt1p0v85c
        SVM_OAI22_T_1            um28nchhlogl35udl140f_tt1p0v85c
        SVM_OAI31_G_1            um28nchhlogl35udl140f_tt1p0v85c
        SVM_OAI211_0P5           um28nchhlogl35udl140f_tt1p0v85c
        SVM_OAI211_1             um28nchhlogl35udl140f_tt1p0v85c
        SVM_OAI211_2             um28nchhlogl35udl140f_tt1p0v85c
        SVM_OAO211_DG_1          um28nchhlogl35udl140f_tt1p0v85c
        SVM_OAOI211_1            um28nchhlogl35udl140f_tt1p0v85c
        SVM_OAOI211_2            um28nchhlogl35udl140f_tt1p0v85c
        SVM_OR2_1                um28nchhlogl35udl140f_tt1p0v85c
        SVM_OR2_2                um28nchhlogl35udl140f_tt1p0v85c
        SVM_OR2_3                um28nchhlogl35udl140f_tt1p0v85c
        SVM_OR2_4                um28nchhlogl35udl140f_tt1p0v85c
        SVM_OR2_6                um28nchhlogl35udl140f_tt1p0v85c
        SVM_OR2_8                um28nchhlogl35udl140f_tt1p0v85c
        SVM_OR2_12               um28nchhlogl35udl140f_tt1p0v85c
        SVM_OR3B_1               um28nchhlogl35udl140f_tt1p0v85c
        SVM_OR3B_2               um28nchhlogl35udl140f_tt1p0v85c
        SVM_OR3B_4               um28nchhlogl35udl140f_tt1p0v85c
    GFEXP_0
        SVM_AN2_0P5              um28nchhlogl35udl140f_tt1p0v85c
        SVM_AN3B_1               um28nchhlogl35udl140f_tt1p0v85c
        SVM_AN4B_1               um28nchhlogl35udl140f_tt1p0v85c
        SVM_AN4_S_1              um28nchhlogl35udl140f_tt1p0v85c
        SVM_AO21_1               um28nchhlogl35udl140f_tt1p0v85c
        SVM_AOAI211_0P5          um28nchhlogl35udl140f_tt1p0v85c
        SVM_AOI21B_0P5           um28nchhlogl35udl140f_tt1p0v85c
        SVM_AOI21_0P5            um28nchhlogl35udl140f_tt1p0v85c
        SVM_AOI22_0P75           um28nchhlogl35udl140f_tt1p0v85c
        SVM_AOI31_1              um28nchhlogl35udl140f_tt1p0v85c
        SVM_AOI211_1             um28nchhlogl35udl140f_tt1p0v85c
        SVM_BUF_M_1              um28nchhlogl35udl140f_tt1p0v85c
        SVM_INV_1                um28nchhlogl35udl140f_tt1p0v85c
        SVM_LDPRBQ_1             um28nchhlogl35udl140f_tt1p0v85c
        SVM_ND2B_V1_1            um28nchhlogl35udl140f_tt1p0v85c
        SVM_ND2_S_1              um28nchhlogl35udl140f_tt1p0v85c
        SVM_ND3_S_1              um28nchhlogl35udl140f_tt1p0v85c
        SVM_ND4_1                um28nchhlogl35udl140f_tt1p0v85c
        SVM_NR2B_V1_1            um28nchhlogl35udl140f_tt1p0v85c
        SVM_NR2_0P5              um28nchhlogl35udl140f_tt1p0v85c
        SVM_NR3_G_1              um28nchhlogl35udl140f_tt1p0v85c
        SVM_NR4_1                um28nchhlogl35udl140f_tt1p0v85c
        SVM_OA21_1               um28nchhlogl35udl140f_tt1p0v85c
        SVM_OAI21_T_0P5          um28nchhlogl35udl140f_tt1p0v85c
        SVM_OAI22_0P75           um28nchhlogl35udl140f_tt1p0v85c
        SVM_OAI31_G_1            um28nchhlogl35udl140f_tt1p0v85c
        SVM_OAI211_0P5           um28nchhlogl35udl140f_tt1p0v85c
        SVM_OAO211_DG_1          um28nchhlogl35udl140f_tt1p0v85c
        SVM_OAOI211_1            um28nchhlogl35udl140f_tt1p0v85c
        SVM_OR2_1                um28nchhlogl35udl140f_tt1p0v85c
        SVM_OR3B_1               um28nchhlogl35udl140f_tt1p0v85c
        SVM_TIE1_1               um28nchhlogl35udl140f_tt1p0v85c
    GFEXP_1
        SVM_AN2_0P5              um28nchhlogl35udl140f_tt1p0v85c
        SVM_AN3B_1               um28nchhlogl35udl140f_tt1p0v85c
        SVM_AN4B_1               um28nchhlogl35udl140f_tt1p0v85c
        SVM_AN4_S_1              um28nchhlogl35udl140f_tt1p0v85c
        SVM_AO21_1               um28nchhlogl35udl140f_tt1p0v85c
        SVM_AOAI211_0P5          um28nchhlogl35udl140f_tt1p0v85c
        SVM_AOI21B_0P5           um28nchhlogl35udl140f_tt1p0v85c
        SVM_AOI21_0P5            um28nchhlogl35udl140f_tt1p0v85c
        SVM_AOI22_0P75           um28nchhlogl35udl140f_tt1p0v85c
        SVM_AOI31_1              um28nchhlogl35udl140f_tt1p0v85c
        SVM_AOI211_1             um28nchhlogl35udl140f_tt1p0v85c
        SVM_BUF_M_1              um28nchhlogl35udl140f_tt1p0v85c
        SVM_INV_1                um28nchhlogl35udl140f_tt1p0v85c
        SVM_LDPRBQ_1             um28nchhlogl35udl140f_tt1p0v85c
        SVM_ND2B_V1_1            um28nchhlogl35udl140f_tt1p0v85c
        SVM_ND2_S_1              um28nchhlogl35udl140f_tt1p0v85c
        SVM_ND3_S_1              um28nchhlogl35udl140f_tt1p0v85c
        SVM_ND4_1                um28nchhlogl35udl140f_tt1p0v85c
        SVM_NR2B_V1_1            um28nchhlogl35udl140f_tt1p0v85c
        SVM_NR2_0P5              um28nchhlogl35udl140f_tt1p0v85c
        SVM_NR3_G_1              um28nchhlogl35udl140f_tt1p0v85c
        SVM_NR4_1                um28nchhlogl35udl140f_tt1p0v85c
        SVM_OA21_1               um28nchhlogl35udl140f_tt1p0v85c
        SVM_OAI21_T_0P5          um28nchhlogl35udl140f_tt1p0v85c
        SVM_OAI22_0P75           um28nchhlogl35udl140f_tt1p0v85c
        SVM_OAI31_G_1            um28nchhlogl35udl140f_tt1p0v85c
        SVM_OAI211_0P5           um28nchhlogl35udl140f_tt1p0v85c
        SVM_OAO211_DG_1          um28nchhlogl35udl140f_tt1p0v85c
        SVM_OAOI211_1            um28nchhlogl35udl140f_tt1p0v85c
        SVM_OR2_1                um28nchhlogl35udl140f_tt1p0v85c
        SVM_OR3B_1               um28nchhlogl35udl140f_tt1p0v85c
        SVM_TIE1_1               um28nchhlogl35udl140f_tt1p0v85c
    SVM_ADDF_V1_0P5              um28nchhlogl35udl140f_tt1p0v85c
    SVM_AN2_0P5                  um28nchhlogl35udl140f_tt1p0v85c
    SVM_AN2_1                    um28nchhlogl35udl140f_tt1p0v85c
    SVM_AN2_2                    um28nchhlogl35udl140f_tt1p0v85c
    SVM_AN2_3                    um28nchhlogl35udl140f_tt1p0v85c
    SVM_AN2_4                    um28nchhlogl35udl140f_tt1p0v85c
    SVM_AN2_6                    um28nchhlogl35udl140f_tt1p0v85c
    SVM_AN2_8                    um28nchhlogl35udl140f_tt1p0v85c
    SVM_AN2_MG_3                 um28nchhlogl35udl140f_tt1p0v85c
    SVM_AN2_MG_6                 um28nchhlogl35udl140f_tt1p0v85c
    SVM_AN2_S_1                  um28nchhlogl35udl140f_tt1p0v85c
    SVM_AN2_S_2                  um28nchhlogl35udl140f_tt1p0v85c
    SVM_AN2_S_4                  um28nchhlogl35udl140f_tt1p0v85c
    SVM_AN3B_1                   um28nchhlogl35udl140f_tt1p0v85c
    SVM_AN3B_2                   um28nchhlogl35udl140f_tt1p0v85c
    SVM_AN3B_4                   um28nchhlogl35udl140f_tt1p0v85c
    SVM_AN4B_1                   um28nchhlogl35udl140f_tt1p0v85c
    SVM_AN4_1                    um28nchhlogl35udl140f_tt1p0v85c
    SVM_AN4_L_1                  um28nchhlogl35udl140f_tt1p0v85c
    SVM_AN4_S_1                  um28nchhlogl35udl140f_tt1p0v85c
    SVM_AN4_S_4                  um28nchhlogl35udl140f_tt1p0v85c
    SVM_AO2BB2_0P75              um28nchhlogl35udl140f_tt1p0v85c
    SVM_AO2BB2_1                 um28nchhlogl35udl140f_tt1p0v85c
    SVM_AO2BB2_MG_1              um28nchhlogl35udl140f_tt1p0v85c
    SVM_AO2BB2_MG_3              um28nchhlogl35udl140f_tt1p0v85c
    SVM_AO21B_1                  um28nchhlogl35udl140f_tt1p0v85c
    SVM_AO21B_2                  um28nchhlogl35udl140f_tt1p0v85c
    SVM_AO21_U_1                 um28nchhlogl35udl140f_tt1p0v85c
    SVM_AO222_1                  um28nchhlogl35udl140f_tt1p0v85c
    SVM_AOAI211_0P5              um28nchhlogl35udl140f_tt1p0v85c
    SVM_AOAI211_1                um28nchhlogl35udl140f_tt1p0v85c
    SVM_AOAI211_2                um28nchhlogl35udl140f_tt1p0v85c
    SVM_AOI21B_0P5               um28nchhlogl35udl140f_tt1p0v85c
    SVM_AOI21B_1                 um28nchhlogl35udl140f_tt1p0v85c
    SVM_AOI21B_2                 um28nchhlogl35udl140f_tt1p0v85c
    SVM_AOI21B_4                 um28nchhlogl35udl140f_tt1p0v85c
    SVM_AOI21_0P5                um28nchhlogl35udl140f_tt1p0v85c
    SVM_AOI21_1                  um28nchhlogl35udl140f_tt1p0v85c
    SVM_AOI21_2                  um28nchhlogl35udl140f_tt1p0v85c
    SVM_AOI21_3                  um28nchhlogl35udl140f_tt1p0v85c
    SVM_AOI21_S_0P5              um28nchhlogl35udl140f_tt1p0v85c
    SVM_AOI21_T_1                um28nchhlogl35udl140f_tt1p0v85c
    SVM_AOI22_0P75               um28nchhlogl35udl140f_tt1p0v85c
    SVM_AOI22_1                  um28nchhlogl35udl140f_tt1p0v85c
    SVM_AOI22_S_2                um28nchhlogl35udl140f_tt1p0v85c
    SVM_AOI22_T_0P5              um28nchhlogl35udl140f_tt1p0v85c
    SVM_AOI22_T_1                um28nchhlogl35udl140f_tt1p0v85c
    SVM_AOI31_1                  um28nchhlogl35udl140f_tt1p0v85c
    SVM_AOI31_2                  um28nchhlogl35udl140f_tt1p0v85c
    SVM_AOI211_1                 um28nchhlogl35udl140f_tt1p0v85c
    SVM_AOI211_2                 um28nchhlogl35udl140f_tt1p0v85c
    SVM_AOI211_3                 um28nchhlogl35udl140f_tt1p0v85c
    SVM_AOI222_1                 um28nchhlogl35udl140f_tt1p0v85c
    SVM_AOI222_2                 um28nchhlogl35udl140f_tt1p0v85c
    SVM_AOI222_4                 um28nchhlogl35udl140f_tt1p0v85c
    SVM_BUF_1                    um28nchhlogl35udl140f_tt1p0v85c
    SVM_BUF_4                    um28nchhlogl35udl140f_tt1p0v85c
    SVM_BUF_6                    um28nchhlogl35udl140f_tt1p0v85c
    SVM_BUF_8                    um28nchhlogl35udl140f_tt1p0v85c
    SVM_BUF_10                   um28nchhlogl35udl140f_tt1p0v85c
    SVM_BUF_12                   um28nchhlogl35udl140f_tt1p0v85c
    SVM_BUF_M_1                  um28nchhlogl35udl140f_tt1p0v85c
    SVM_BUF_M_3                  um28nchhlogl35udl140f_tt1p0v85c
    SVM_BUF_M_6                  um28nchhlogl35udl140f_tt1p0v85c
    SVM_BUF_M_9                  um28nchhlogl35udl140f_tt1p0v85c
    SVM_BUF_S_2                  um28nchhlogl35udl140f_tt1p0v85c
    SVM_BUF_S_3                  um28nchhlogl35udl140f_tt1p0v85c
    SVM_BUF_S_16                 um28nchhlogl35udl140f_tt1p0v85c
    SVM_BUF_S_20                 um28nchhlogl35udl140f_tt1p0v85c
    SVM_EN2_4                    um28nchhlogl35udl140f_tt1p0v85c
    SVM_EN2_D_2                  um28nchhlogl35udl140f_tt1p0v85c
    SVM_EN2_F_0P7                um28nchhlogl35udl140f_tt1p0v85c
    SVM_EN2_F_1                  um28nchhlogl35udl140f_tt1p0v85c
    SVM_EN2_F_2                  um28nchhlogl35udl140f_tt1p0v85c
    SVM_EN2_F_4                  um28nchhlogl35udl140f_tt1p0v85c
    SVM_EN2_S_8                  um28nchhlogl35udl140f_tt1p0v85c
    SVM_EN2_V2_0P5               um28nchhlogl35udl140f_tt1p0v85c
    SVM_EN2_V2_1                 um28nchhlogl35udl140f_tt1p0v85c
    SVM_EN2_V2_2                 um28nchhlogl35udl140f_tt1p0v85c
    SVM_EN2_V2_3                 um28nchhlogl35udl140f_tt1p0v85c
    SVM_EN2_V2_4                 um28nchhlogl35udl140f_tt1p0v85c
    SVM_EN2_V2_6                 um28nchhlogl35udl140f_tt1p0v85c
    SVM_EN2_V2_8                 um28nchhlogl35udl140f_tt1p0v85c
    SVM_EO2_1                    um28nchhlogl35udl140f_tt1p0v85c
    SVM_EO2_2                    um28nchhlogl35udl140f_tt1p0v85c
    SVM_EO2_F_0P7                um28nchhlogl35udl140f_tt1p0v85c
    SVM_EO2_F_1                  um28nchhlogl35udl140f_tt1p0v85c
    SVM_EO2_F_2                  um28nchhlogl35udl140f_tt1p0v85c
    SVM_EO2_V2_1                 um28nchhlogl35udl140f_tt1p0v85c
    SVM_EO2_V2_2                 um28nchhlogl35udl140f_tt1p0v85c
    SVM_EO2_V2_3                 um28nchhlogl35udl140f_tt1p0v85c
    SVM_EO2_V2_4                 um28nchhlogl35udl140f_tt1p0v85c
    SVM_EO2_V2_6                 um28nchhlogl35udl140f_tt1p0v85c
    SVM_EO2_V2_8                 um28nchhlogl35udl140f_tt1p0v85c
    SVM_EO3_1                    um28nchhlogl35udl140f_tt1p0v85c
    SVM_INV_1                    um28nchhlogl35udl140f_tt1p0v85c
    SVM_INV_2                    um28nchhlogl35udl140f_tt1p0v85c
    SVM_INV_3                    um28nchhlogl35udl140f_tt1p0v85c
    SVM_INV_4                    um28nchhlogl35udl140f_tt1p0v85c
    SVM_INV_6                    um28nchhlogl35udl140f_tt1p0v85c
    SVM_INV_8                    um28nchhlogl35udl140f_tt1p0v85c
    SVM_INV_10                   um28nchhlogl35udl140f_tt1p0v85c
    SVM_INV_12                   um28nchhlogl35udl140f_tt1p0v85c
    SVM_INV_16                   um28nchhlogl35udl140f_tt1p0v85c
    SVM_INV_S_20                 um28nchhlogl35udl140f_tt1p0v85c
    SVM_MAJ3_1                   um28nchhlogl35udl140f_tt1p0v85c
    SVM_MAJI3_1                  um28nchhlogl35udl140f_tt1p0v85c
    SVM_MUX2_1                   um28nchhlogl35udl140f_tt1p0v85c
    SVM_MUXI2_MG_0P5             um28nchhlogl35udl140f_tt1p0v85c
    SVM_MUXI2_V2_2               um28nchhlogl35udl140f_tt1p0v85c
    SVM_MUXI2_V2_3               um28nchhlogl35udl140f_tt1p0v85c
    SVM_ND2B_2                   um28nchhlogl35udl140f_tt1p0v85c
    SVM_ND2B_4                   um28nchhlogl35udl140f_tt1p0v85c
    SVM_ND2B_6                   um28nchhlogl35udl140f_tt1p0v85c
    SVM_ND2B_8                   um28nchhlogl35udl140f_tt1p0v85c
    SVM_ND2B_V1_1                um28nchhlogl35udl140f_tt1p0v85c
    SVM_ND2B_V1_2                um28nchhlogl35udl140f_tt1p0v85c
    SVM_ND2_1                    um28nchhlogl35udl140f_tt1p0v85c
    SVM_ND2_2                    um28nchhlogl35udl140f_tt1p0v85c
    SVM_ND2_3                    um28nchhlogl35udl140f_tt1p0v85c
    SVM_ND2_4                    um28nchhlogl35udl140f_tt1p0v85c
    SVM_ND2_6                    um28nchhlogl35udl140f_tt1p0v85c
    SVM_ND2_8                    um28nchhlogl35udl140f_tt1p0v85c
    SVM_ND2_10                   um28nchhlogl35udl140f_tt1p0v85c
    SVM_ND2_12                   um28nchhlogl35udl140f_tt1p0v85c
    SVM_ND2_16                   um28nchhlogl35udl140f_tt1p0v85c
    SVM_ND2_S_1                  um28nchhlogl35udl140f_tt1p0v85c
    SVM_ND2_S_1P5                um28nchhlogl35udl140f_tt1p0v85c
    SVM_ND2_S_3                  um28nchhlogl35udl140f_tt1p0v85c
    SVM_ND2_S_4                  um28nchhlogl35udl140f_tt1p0v85c
    SVM_ND2_S_8                  um28nchhlogl35udl140f_tt1p0v85c
    SVM_ND2_T_1                  um28nchhlogl35udl140f_tt1p0v85c
    SVM_ND2_T_1P5                um28nchhlogl35udl140f_tt1p0v85c
    SVM_ND2_T_2                  um28nchhlogl35udl140f_tt1p0v85c
    SVM_ND2_T_3                  um28nchhlogl35udl140f_tt1p0v85c
    SVM_ND2_T_4                  um28nchhlogl35udl140f_tt1p0v85c
    SVM_ND3_1                    um28nchhlogl35udl140f_tt1p0v85c
    SVM_ND3_2                    um28nchhlogl35udl140f_tt1p0v85c
    SVM_ND3_4                    um28nchhlogl35udl140f_tt1p0v85c
    SVM_ND3_8                    um28nchhlogl35udl140f_tt1p0v85c
    SVM_ND3_S_1                  um28nchhlogl35udl140f_tt1p0v85c
    SVM_ND3_S_4                  um28nchhlogl35udl140f_tt1p0v85c
    SVM_ND3_T_1                  um28nchhlogl35udl140f_tt1p0v85c
    SVM_ND3_T_2                  um28nchhlogl35udl140f_tt1p0v85c
    SVM_ND3_T_3                  um28nchhlogl35udl140f_tt1p0v85c
    SVM_ND3_T_4                  um28nchhlogl35udl140f_tt1p0v85c
    SVM_ND4_1                    um28nchhlogl35udl140f_tt1p0v85c
    SVM_ND4_2                    um28nchhlogl35udl140f_tt1p0v85c
    SVM_ND4_3                    um28nchhlogl35udl140f_tt1p0v85c
    SVM_NR2B_2                   um28nchhlogl35udl140f_tt1p0v85c
    SVM_NR2B_4                   um28nchhlogl35udl140f_tt1p0v85c
    SVM_NR2B_8                   um28nchhlogl35udl140f_tt1p0v85c
    SVM_NR2B_V1_1                um28nchhlogl35udl140f_tt1p0v85c
    SVM_NR2B_V1_2                um28nchhlogl35udl140f_tt1p0v85c
    SVM_NR2_0P5                  um28nchhlogl35udl140f_tt1p0v85c
    SVM_NR2_1                    um28nchhlogl35udl140f_tt1p0v85c
    SVM_NR2_2                    um28nchhlogl35udl140f_tt1p0v85c
    SVM_NR2_3                    um28nchhlogl35udl140f_tt1p0v85c
    SVM_NR2_4                    um28nchhlogl35udl140f_tt1p0v85c
    SVM_NR2_6                    um28nchhlogl35udl140f_tt1p0v85c
    SVM_NR2_8                    um28nchhlogl35udl140f_tt1p0v85c
    SVM_NR2_12                   um28nchhlogl35udl140f_tt1p0v85c
    SVM_NR2_16                   um28nchhlogl35udl140f_tt1p0v85c
    SVM_NR2_S_2                  um28nchhlogl35udl140f_tt1p0v85c
    SVM_NR2_T_1                  um28nchhlogl35udl140f_tt1p0v85c
    SVM_NR2_T_2                  um28nchhlogl35udl140f_tt1p0v85c
    SVM_NR2_T_3                  um28nchhlogl35udl140f_tt1p0v85c
    SVM_NR2_T_4                  um28nchhlogl35udl140f_tt1p0v85c
    SVM_NR2_T_8                  um28nchhlogl35udl140f_tt1p0v85c
    SVM_NR3_G_1                  um28nchhlogl35udl140f_tt1p0v85c
    SVM_NR3_G_2                  um28nchhlogl35udl140f_tt1p0v85c
    SVM_NR3_G_4                  um28nchhlogl35udl140f_tt1p0v85c
    SVM_NR3_G_8                  um28nchhlogl35udl140f_tt1p0v85c
    SVM_NR3_G_12                 um28nchhlogl35udl140f_tt1p0v85c
    SVM_NR3_T_1                  um28nchhlogl35udl140f_tt1p0v85c
    SVM_NR3_T_2                  um28nchhlogl35udl140f_tt1p0v85c
    SVM_NR3_T_3                  um28nchhlogl35udl140f_tt1p0v85c
    SVM_NR3_T_4                  um28nchhlogl35udl140f_tt1p0v85c
    SVM_NR3_T_8                  um28nchhlogl35udl140f_tt1p0v85c
    SVM_NR4_1                    um28nchhlogl35udl140f_tt1p0v85c
    SVM_NR4_2                    um28nchhlogl35udl140f_tt1p0v85c
    SVM_OA2BB2_1                 um28nchhlogl35udl140f_tt1p0v85c
    SVM_OA2BB2_2                 um28nchhlogl35udl140f_tt1p0v85c
    SVM_OA2BB2_4                 um28nchhlogl35udl140f_tt1p0v85c
    SVM_OA21B_1                  um28nchhlogl35udl140f_tt1p0v85c
    SVM_OA21B_2                  um28nchhlogl35udl140f_tt1p0v85c
    SVM_OA21B_4                  um28nchhlogl35udl140f_tt1p0v85c
    SVM_OA21_1                   um28nchhlogl35udl140f_tt1p0v85c
    SVM_OA21_2                   um28nchhlogl35udl140f_tt1p0v85c
    SVM_OA22_1                   um28nchhlogl35udl140f_tt1p0v85c
    SVM_OAI21_1                  um28nchhlogl35udl140f_tt1p0v85c
    SVM_OAI21_2                  um28nchhlogl35udl140f_tt1p0v85c
    SVM_OAI21_3                  um28nchhlogl35udl140f_tt1p0v85c
    SVM_OAI21_S_1                um28nchhlogl35udl140f_tt1p0v85c
    SVM_OAI21_T_0P5              um28nchhlogl35udl140f_tt1p0v85c
    SVM_OAI21_T_1                um28nchhlogl35udl140f_tt1p0v85c
    SVM_OAI21_T_2                um28nchhlogl35udl140f_tt1p0v85c
    SVM_OAI21_T_3                um28nchhlogl35udl140f_tt1p0v85c
    SVM_OAI21_V1T_1              um28nchhlogl35udl140f_tt1p0v85c
    SVM_OAI22_0P75               um28nchhlogl35udl140f_tt1p0v85c
    SVM_OAI22_1                  um28nchhlogl35udl140f_tt1p0v85c
    SVM_OAI22_6                  um28nchhlogl35udl140f_tt1p0v85c
    SVM_OAI22_S_2                um28nchhlogl35udl140f_tt1p0v85c
    SVM_OAI22_S_4                um28nchhlogl35udl140f_tt1p0v85c
    SVM_OAI22_T_1                um28nchhlogl35udl140f_tt1p0v85c
    SVM_OAI22_T_2                um28nchhlogl35udl140f_tt1p0v85c
    SVM_OAI22_T_3                um28nchhlogl35udl140f_tt1p0v85c
    SVM_OAI31_G_1                um28nchhlogl35udl140f_tt1p0v85c
    SVM_OAI211_0P5               um28nchhlogl35udl140f_tt1p0v85c
    SVM_OAI211_1                 um28nchhlogl35udl140f_tt1p0v85c
    SVM_OAI211_2                 um28nchhlogl35udl140f_tt1p0v85c
    SVM_OAO211_DG_1              um28nchhlogl35udl140f_tt1p0v85c
    SVM_OAOI211_1                um28nchhlogl35udl140f_tt1p0v85c
    SVM_OAOI211_V2_2             um28nchhlogl35udl140f_tt1p0v85c
    SVM_OR2_1                    um28nchhlogl35udl140f_tt1p0v85c
    SVM_OR2_2                    um28nchhlogl35udl140f_tt1p0v85c
    SVM_OR2_3                    um28nchhlogl35udl140f_tt1p0v85c
    SVM_OR2_4                    um28nchhlogl35udl140f_tt1p0v85c
    SVM_OR2_6                    um28nchhlogl35udl140f_tt1p0v85c
    SVM_OR2_8                    um28nchhlogl35udl140f_tt1p0v85c
    SVM_OR2_12                   um28nchhlogl35udl140f_tt1p0v85c
    SVM_OR3B_1                   um28nchhlogl35udl140f_tt1p0v85c
    SVM_OR3B_2                   um28nchhlogl35udl140f_tt1p0v85c
    SVM_OR3B_4                   um28nchhlogl35udl140f_tt1p0v85c
    SVM_TIE0_1                   um28nchhlogl35udl140f_tt1p0v85c
1
