 
****************************************
Report : area
Design : UNITY_DECODER
Version: Q-2019.12-SP5-5
Date   : Sat Nov 15 18:14:10 2025
****************************************

Library(s) Used:

    um28nchhlogl35udl140f_tt1p0v85c (File: /media/0/LogicLibraries/UMC/28nm/35uhd/udl/hvt/latest/liberty/logic_synth/um28nchhlogl35udl140f_tt1p0v85c.db)

Number of ports:                         1234
Number of nets:                       1195419
Number of cells:                      1194464
Number of combinational cells:        1194428
Number of sequential cells:                32
Number of macros/black boxes:               0
Number of buf/inv:                     210231
Number of references:                     229

Combinational area:             426844.780751
Buf/Inv area:                    46551.175032
Noncombinational area:              34.495998
Macro/Black Box area:                0.000000
Net Interconnect area:      undefined  (Wire load has zero net area)

Total cell area:                426879.276750
Total area:                 undefined

The above information was reported from the logical library. The following are from the physical library:

Hierarchical area distribution
------------------------------

                                  Global cell area             Local cell area
                                  --------------------  ------------------------------ 
Hierarchical cell                 Absolute     Percent  Combi-       Noncombi-  Black-
                                  Total        Total    national     national   boxes   Design
--------------------------------  -----------  -------  -----------  ---------  ------  ------------
UNITY_DECODER                     426879.2767    100.0   89204.8916     0.0000  0.0000  UNITY_DECODER
de_corrector                      162291.2330     38.0  162291.2330     0.0000  0.0000  DE_CORRECTOR
sse_corrector/error_value01        84162.8895     19.7   84162.8895     0.0000  0.0000  GFDIV_0
sse_corrector/gfexp_00             45610.0823     10.7   45592.8343    17.2480  0.0000  GFEXP_1
sse_corrector/gfexp_01             45610.1803     10.7   45592.9323    17.2480  0.0000  GFEXP_0
--------------------------------  -----------  -------  -----------  ---------  ------  ------------
Total                                                   426844.7808    34.4960  0.0000

1
